<?xml version="1.0" encoding="utf-8"?>
<TestRun id="2b3b517b-5af3-4718-92c1-ebf21a4dbdfb" name="@Einsteins-MacBook-Air 2026-06-30 12:26:47" xmlns="http://microsoft.com/schemas/VisualStudio/TeamTest/2010">
  <Times creation="2026-06-30T12:26:47.8610740-05:00" queuing="2026-06-30T12:26:47.8610740-05:00" start="2026-06-30T12:26:47.5390760-05:00" finish="2026-06-30T12:26:47.9115890-05:00" />
  <TestSettings name="default" id="98059192-73bc-4d02-8677-ee0f57d013e1">
    <Deployment runDeploymentRoot="_Einsteins-MacBook-Air_2026-06-30_12_26_47" />
  </TestSettings>
  <Results>
    <UnitTestResult executionId="3dfe9b03-4abc-4ade-a56a-6e76a94ae104" testId="3d9782c1-edd3-d9db-1128-d89702c0597d" testName="HPD.RAG.Providers.Tests.RerankerProviders.OnnxRuntimeRerankerProviderTests.CreateReranker_WithValidConfig_DoesNotThrow" computerName="Einsteins-MacBook-Air" duration="00:00:00.0010000" startTime="2026-06-30T12:26:47.8463080-05:00" endTime="2026-06-30T12:26:47.8464750-05:00" testType="13cdc9d9-ddb5-4fa4-a97d-d965ccfc6d4b" outcome="NotExecuted" testListId="8c84fa94-04c1-424b-9868-57a2d4851a1d" relativeResultsDirectory="3dfe9b03-4abc-4ade-a56a-6e76a94ae104">
      <Output>
        <ErrorInfo>
          <Message>OnnxRuntime reranker validates and loads model files at construction — no fake paths possible</Message>
        </ErrorInfo>
      </Output>
    </UnitTestResult>
    <UnitTestResult executionId="dd46b1fd-9463-4b46-9b6a-35143f9f4b47" testId="13e01f96-cbf9-d9c5-160f-c613f8ab1b0c" testName="HPD.RAG.Providers.Tests.RerankerProviders.FakeRerankerTests.RerankAsync_TrimsToTopN" computerName="Einsteins-MacBook-Air" duration="00:00:00.0132669" startTime="2026-06-30T12:26:47.8186540-05:00" endTime="2026-06-30T12:26:47.8482750-05:00" testType="13cdc9d9-ddb5-4fa4-a97d-d965ccfc6d4b" outcome="Passed" testListId="8c84fa94-04c1-424b-9868-57a2d4851a1d" relativeResultsDirectory="dd46b1fd-9463-4b46-9b6a-35143f9f4b47" />
    <UnitTestResult executionId="b62ec843-f96f-4c12-85f0-e34bdceee506" testId="2b77b0e1-6e89-a09d-6ae8-5b5ddf4f6cc3" testName="HPD.RAG.Providers.Tests.EmbeddingProviders.HuggingFaceEmbeddingProviderTests.CreateEmbeddingGenerator_WithValidConfig_DoesNotThrow" computerName="Einsteins-MacBook-Air" duration="00:00:00.0262096" startTime="2026-06-30T12:26:47.8485160-05:00" endTime="2026-06-30T12:26:47.8653140-05:00" testType="13cdc9d9-ddb5-4fa4-a97d-d965ccfc6d4b" outcome="Passed" testListId="8c84fa94-04c1-424b-9868-57a2d4851a1d" relativeResultsDirectory="b62ec843-f96f-4c12-85f0-e34bdceee506" />
    <UnitTestResult executionId="47e15fd6-c4f0-4a42-8ef5-ed9b2992cffa" testId="ac3a6c98-592b-08b7-c1a9-cad3e43a905b" testName="HPD.RAG.Providers.Tests.GraphStoreProviders.Neo4jGraphStoreProviderTests.ModuleInitializer_RegistersProvider" computerName="Einsteins-MacBook-Air" duration="00:00:00.0000132" startTime="2026-06-30T12:26:47.8786960-05:00" endTime="2026-06-30T12:26:47.8787120-05:00" testType="13cdc9d9-ddb5-4fa4-a97d-d965ccfc6d4b" outcome="Passed" testListId="8c84fa94-04c1-424b-9868-57a2d4851a1d" relativeResultsDirectory="47e15fd6-c4f0-4a42-8ef5-ed9b2992cffa" />
    <UnitTestResult executionId="59760694-fc6c-4d97-9213-f9c159cda056" testId="53ee4a3d-81b6-652d-0abd-fb389175293f" testName="HPD.RAG.Providers.Tests.EmbeddingProviders.OpenAIEmbeddingProviderTests.CreateEmbeddingGenerator_WithValidConfig_DoesNotThrow" computerName="Einsteins-MacBook-Air" duration="00:00:00.0248840" startTime="2026-06-30T12:26:47.8503410-05:00" endTime="2026-06-30T12:26:47.8750540-05:00" testType="13cdc9d9-ddb5-4fa4-a97d-d965ccfc6d4b" outcome="Passed" testListId="8c84fa94-04c1-424b-9868-57a2d4851a1d" relativeResultsDirectory="59760694-fc6c-4d97-9213-f9c159cda056" />
    <UnitTestResult executionId="8b08e0b1-aea3-4b1e-8b79-39fdbfc6a5e3" testId="093bc13a-2918-935a-1397-bc349c189fc4" testName="HPD.RAG.Providers.Tests.GraphStoreProviders.MemgraphGraphStoreProviderTests.ModuleInitializer_RegistersProvider" computerName="Einsteins-MacBook-Air" duration="00:00:00.0000212" startTime="2026-06-30T12:26:47.8781910-05:00" endTime="2026-06-30T12:26:47.8782170-05:00" testType="13cdc9d9-ddb5-4fa4-a97d-d965ccfc6d4b" outcome="Passed" testListId="8c84fa94-04c1-424b-9868-57a2d4851a1d" relativeResultsDirectory="8b08e0b1-aea3-4b1e-8b79-39fdbfc6a5e3" />
    <UnitTestResult executionId="4a58ff21-c312-46aa-ab21-57a2efed9af5" testId="d2c710c6-8dd5-ed7a-7bf2-0a50a554ec02" testName="HPD.RAG.Providers.Tests.EmbeddingProviders.OllamaEmbeddingProviderTests.CreateEmbeddingGenerator_MissingModelName_Throws" computerName="Einsteins-MacBook-Air" duration="00:00:00.0082732" startTime="2026-06-30T12:26:47.8463220-05:00" endTime="2026-06-30T12:26:47.8485350-05:00" testType="13cdc9d9-ddb5-4fa4-a97d-d965ccfc6d4b" outcome="Passed" testListId="8c84fa94-04c1-424b-9868-57a2d4851a1d" relativeResultsDirectory="4a58ff21-c312-46aa-ab21-57a2efed9af5" />
    <UnitTestResult executionId="cdb44873-fd49-43c9-91a6-8ee98632a2f5" testId="202e1c06-e344-cba2-13d6-6c20da56f85a" testName="HPD.RAG.Providers.Tests.RerankerProviders.FakeRerankerTests.RerankAsync_ReturnsSortedByScoreDescending" computerName="Einsteins-MacBook-Air" duration="00:00:00.0048681" startTime="2026-06-30T12:26:47.8483390-05:00" endTime="2026-06-30T12:26:47.8483600-05:00" testType="13cdc9d9-ddb5-4fa4-a97d-d965ccfc6d4b" outcome="Passed" testListId="8c84fa94-04c1-424b-9868-57a2d4851a1d" relativeResultsDirectory="cdb44873-fd49-43c9-91a6-8ee98632a2f5" />
    <UnitTestResult executionId="9abf07f8-2c85-49ec-8e45-b68d8aa924a7" testId="a75280f6-4269-f338-704b-2af8bda1fc63" testName="HPD.RAG.Providers.Tests.EmbeddingProviders.AzureAIEmbeddingProviderTests.CreateEmbeddingGenerator_MissingEndpoint_Throws" computerName="Einsteins-MacBook-Air" duration="00:00:00.0002393" startTime="2026-06-30T12:26:47.8757310-05:00" endTime="2026-06-30T12:26:47.8757520-05:00" testType="13cdc9d9-ddb5-4fa4-a97d-d965ccfc6d4b" outcome="Passed" testListId="8c84fa94-04c1-424b-9868-57a2d4851a1d" relativeResultsDirectory="9abf07f8-2c85-49ec-8e45-b68d8aa924a7" />
    <UnitTestResult executionId="1a419c10-b688-4661-83d2-c56adb1c2d1b" testId="e333dfea-16b0-83a2-4ef1-4584cfa4bbdc" testName="HPD.RAG.Providers.Tests.GraphStoreProviders.Neo4jGraphStoreProviderTests.ProviderKey_IsCorrectString" computerName="Einsteins-MacBook-Air" duration="00:00:00.0000203" startTime="2026-06-30T12:26:47.8786290-05:00" endTime="2026-06-30T12:26:47.8786490-05:00" testType="13cdc9d9-ddb5-4fa4-a97d-d965ccfc6d4b" outcome="Passed" testListId="8c84fa94-04c1-424b-9868-57a2d4851a1d" relativeResultsDirectory="1a419c10-b688-4661-83d2-c56adb1c2d1b" />
    <UnitTestResult executionId="e80c8894-64ea-4640-98e4-02b2677c55c1" testId="c9517cb1-aa46-7bf7-aa0f-82d2bb65cbe3" testName="HPD.RAG.Providers.Tests.EmbeddingProviders.BedrockEmbeddingProviderTests.ProviderKey_IsCorrectString" computerName="Einsteins-MacBook-Air" duration="00:00:00.0000227" startTime="2026-06-30T12:26:47.8915610-05:00" endTime="2026-06-30T12:26:47.8915790-05:00" testType="13cdc9d9-ddb5-4fa4-a97d-d965ccfc6d4b" outcome="Passed" testListId="8c84fa94-04c1-424b-9868-57a2d4851a1d" relativeResultsDirectory="e80c8894-64ea-4640-98e4-02b2677c55c1" />
    <UnitTestResult executionId="dd9d7680-97f4-4179-a346-0f8bd875d0fb" testId="e5e2447d-a4f3-b563-09de-358d78e1cf3f" testName="HPD.RAG.Providers.Tests.RerankerProviders.OnnxRuntimeRerankerProviderTests.ProviderKey_IsCorrectString" computerName="Einsteins-MacBook-Air" duration="00:00:00.0111448" startTime="2026-06-30T12:26:47.8179840-05:00" endTime="2026-06-30T12:26:47.8307450-05:00" testType="13cdc9d9-ddb5-4fa4-a97d-d965ccfc6d4b" outcome="Passed" testListId="8c84fa94-04c1-424b-9868-57a2d4851a1d" relativeResultsDirectory="dd9d7680-97f4-4179-a346-0f8bd875d0fb" />
    <UnitTestResult executionId="267589e9-b47f-4f30-a679-282d1e735ffe" testId="e6964c07-a503-68ed-4bd8-0403ff4151ca" testName="HPD.RAG.Providers.Tests.RerankerProviders.JinaRerankerProviderTests.CreateReranker_WithValidConfig_DoesNotThrow" computerName="Einsteins-MacBook-Air" duration="00:00:00.0337521" startTime="2026-06-30T12:26:47.8463320-05:00" endTime="2026-06-30T12:26:47.8647780-05:00" testType="13cdc9d9-ddb5-4fa4-a97d-d965ccfc6d4b" outcome="Passed" testListId="8c84fa94-04c1-424b-9868-57a2d4851a1d" relativeResultsDirectory="267589e9-b47f-4f30-a679-282d1e735ffe" />
    <UnitTestResult executionId="e3185dab-21ee-4276-b446-357ae61b6a3f" testId="cc4b5a68-2670-8978-a0fa-b9585ad548eb" testName="HPD.RAG.Providers.Tests.EmbeddingProviders.BedrockEmbeddingProviderTests.ModuleInitializer_RegistersProvider" computerName="Einsteins-MacBook-Air" duration="00:00:00.0000140" startTime="2026-06-30T12:26:47.8916200-05:00" endTime="2026-06-30T12:26:47.8916370-05:00" testType="13cdc9d9-ddb5-4fa4-a97d-d965ccfc6d4b" outcome="Passed" testListId="8c84fa94-04c1-424b-9868-57a2d4851a1d" relativeResultsDirectory="e3185dab-21ee-4276-b446-357ae61b6a3f" />
    <UnitTestResult executionId="db6396db-bab0-43a4-a92b-06d4f0bd277b" testId="2f00bd36-7773-636c-eb3c-3842bde356f7" testName="HPD.RAG.Providers.Tests.EmbeddingProviders.AzureAIEmbeddingProviderTests.ProviderKey_IsCorrectString" computerName="Einsteins-MacBook-Air" duration="00:00:00.0000247" startTime="2026-06-30T12:26:47.8757940-05:00" endTime="2026-06-30T12:26:47.8758100-05:00" testType="13cdc9d9-ddb5-4fa4-a97d-d965ccfc6d4b" outcome="Passed" testListId="8c84fa94-04c1-424b-9868-57a2d4851a1d" relativeResultsDirectory="db6396db-bab0-43a4-a92b-06d4f0bd277b" />
    <UnitTestResult executionId="0f9bb5dd-c436-4bc0-b519-0314c92f5aa4" testId="1959f2be-c940-ef2f-97c3-b6542463e433" testName="HPD.RAG.Providers.Tests.GraphStoreProviders.MemgraphGraphStoreProviderTests.CreateGraphStore_WithValidConfig_DoesNotThrow" computerName="Einsteins-MacBook-Air" duration="00:00:00.0075885" startTime="2026-06-30T12:26:47.8708070-05:00" endTime="2026-06-30T12:26:47.8781020-05:00" testType="13cdc9d9-ddb5-4fa4-a97d-d965ccfc6d4b" outcome="Passed" testListId="8c84fa94-04c1-424b-9868-57a2d4851a1d" relativeResultsDirectory="0f9bb5dd-c436-4bc0-b519-0314c92f5aa4" />
    <UnitTestResult executionId="b80a419a-7c3c-4a7d-8055-adf0f9282c71" testId="fbc5f589-239e-89f0-a9b8-f852892f4007" testName="HPD.RAG.Providers.Tests.RerankerProviders.JinaRerankerProviderTests.ModuleInitializer_RegistersProvider" computerName="Einsteins-MacBook-Air" duration="00:00:00.0001426" startTime="2026-06-30T12:26:47.8650990-05:00" endTime="2026-06-30T12:26:47.8652520-05:00" testType="13cdc9d9-ddb5-4fa4-a97d-d965ccfc6d4b" outcome="Passed" testListId="8c84fa94-04c1-424b-9868-57a2d4851a1d" relativeResultsDirectory="b80a419a-7c3c-4a7d-8055-adf0f9282c71" />
    <UnitTestResult executionId="b1f8570c-2a0a-4a9d-8f24-47bb228effdc" testId="09cb5c20-ecc0-a63a-8bb0-9cd3e0f6ff7d" testName="HPD.RAG.Providers.Tests.EmbeddingProviders.OpenAIEmbeddingProviderTests.ProviderKey_IsCorrectString" computerName="Einsteins-MacBook-Air" duration="00:00:00.0000713" startTime="2026-06-30T12:26:47.8754750-05:00" endTime="2026-06-30T12:26:47.8755230-05:00" testType="13cdc9d9-ddb5-4fa4-a97d-d965ccfc6d4b" outcome="Passed" testListId="8c84fa94-04c1-424b-9868-57a2d4851a1d" relativeResultsDirectory="b1f8570c-2a0a-4a9d-8f24-47bb228effdc" />
    <UnitTestResult executionId="f9608c9b-6455-494a-907d-599abc9c8cd1" testId="10dbf49d-3df6-7f32-2129-a0e608d79d2e" testName="HPD.RAG.Providers.Tests.EmbeddingProviders.BedrockEmbeddingProviderTests.CreateEmbeddingGenerator_WithValidConfig_DoesNotThrow" computerName="Einsteins-MacBook-Air" duration="00:00:00.0724332" startTime="2026-06-30T12:26:47.8186230-05:00" endTime="2026-06-30T12:26:47.8913340-05:00" testType="13cdc9d9-ddb5-4fa4-a97d-d965ccfc6d4b" outcome="Passed" testListId="8c84fa94-04c1-424b-9868-57a2d4851a1d" relativeResultsDirectory="f9608c9b-6455-494a-907d-599abc9c8cd1" />
    <UnitTestResult executionId="67fca52b-cd83-4dc2-9a39-23dbc6a8eefa" testId="52789af8-17c1-a01c-9978-7866f7aec6fa" testName="HPD.RAG.Providers.Tests.GraphStoreProviders.Neo4jGraphStoreProviderTests.CreateGraphStore_WithValidConfig_DoesNotThrow" computerName="Einsteins-MacBook-Air" duration="00:00:00.0591972" startTime="2026-06-30T12:26:47.8186620-05:00" endTime="2026-06-30T12:26:47.8781210-05:00" testType="13cdc9d9-ddb5-4fa4-a97d-d965ccfc6d4b" outcome="Passed" testListId="8c84fa94-04c1-424b-9868-57a2d4851a1d" relativeResultsDirectory="67fca52b-cd83-4dc2-9a39-23dbc6a8eefa" />
    <UnitTestResult executionId="c81095bd-f84a-4856-802e-039ffb134349" testId="57ceabfe-88a2-0302-f770-66f4b552f5da" testName="HPD.RAG.Providers.Tests.EmbeddingProviders.BedrockEmbeddingProviderTests.CreateEmbeddingGenerator_MissingRegion_Throws" computerName="Einsteins-MacBook-Air" duration="00:00:00.0001740" startTime="2026-06-30T12:26:47.8914180-05:00" endTime="2026-06-30T12:26:47.8915150-05:00" testType="13cdc9d9-ddb5-4fa4-a97d-d965ccfc6d4b" outcome="Passed" testListId="8c84fa94-04c1-424b-9868-57a2d4851a1d" relativeResultsDirectory="c81095bd-f84a-4856-802e-039ffb134349" />
    <UnitTestResult executionId="fe5529d2-371e-4659-b7a3-2b80294a4487" testId="f1ed4464-29a2-5696-8e51-a01e7179cc78" testName="HPD.RAG.Providers.Tests.GraphStoreProviders.Neo4jGraphStoreProviderTests.CreateGraphStore_MissingUri_Throws" computerName="Einsteins-MacBook-Air" duration="00:00:00.0001477" startTime="2026-06-30T12:26:47.8782890-05:00" endTime="2026-06-30T12:26:47.8783410-05:00" testType="13cdc9d9-ddb5-4fa4-a97d-d965ccfc6d4b" outcome="Passed" testListId="8c84fa94-04c1-424b-9868-57a2d4851a1d" relativeResultsDirectory="fe5529d2-371e-4659-b7a3-2b80294a4487" />
    <UnitTestResult executionId="85024b46-1b12-4323-bbcd-03d7c3c28311" testId="9e9b2b65-597c-1180-33a6-cf797f5796c0" testName="HPD.RAG.Providers.Tests.EmbeddingProviders.OpenAIEmbeddingProviderTests.ModuleInitializer_RegistersProvider" computerName="Einsteins-MacBook-Air" duration="00:00:00.0000254" startTime="2026-06-30T12:26:47.8501860-05:00" endTime="2026-06-30T12:26:47.8502080-05:00" testType="13cdc9d9-ddb5-4fa4-a97d-d965ccfc6d4b" outcome="Passed" testListId="8c84fa94-04c1-424b-9868-57a2d4851a1d" relativeResultsDirectory="85024b46-1b12-4323-bbcd-03d7c3c28311" />
    <UnitTestResult executionId="bb0a7859-43f8-4abb-ba26-3758568d83fb" testId="18b5995a-a7d8-69a7-9dd4-bd0fd84ae8a7" testName="HPD.RAG.Providers.Tests.EmbeddingProviders.HuggingFaceEmbeddingProviderTests.ProviderKey_IsCorrectString" computerName="Einsteins-MacBook-Air" duration="00:00:00.0000260" startTime="2026-06-30T12:26:47.8658090-05:00" endTime="2026-06-30T12:26:47.8658410-05:00" testType="13cdc9d9-ddb5-4fa4-a97d-d965ccfc6d4b" outcome="Passed" testListId="8c84fa94-04c1-424b-9868-57a2d4851a1d" relativeResultsDirectory="bb0a7859-43f8-4abb-ba26-3758568d83fb" />
    <UnitTestResult executionId="b31e905b-088e-45b9-941e-029ff1b407b3" testId="0ab599b1-0523-215b-4fc3-a215cdde6535" testName="HPD.RAG.Providers.Tests.RerankerProviders.OnnxRuntimeRerankerProviderTests.ModuleInitializer_RegistersProvider" computerName="Einsteins-MacBook-Air" duration="00:00:00.0000537" startTime="2026-06-30T12:26:47.8474840-05:00" endTime="2026-06-30T12:26:47.8475790-05:00" testType="13cdc9d9-ddb5-4fa4-a97d-d965ccfc6d4b" outcome="Passed" testListId="8c84fa94-04c1-424b-9868-57a2d4851a1d" relativeResultsDirectory="b31e905b-088e-45b9-941e-029ff1b407b3" />
    <UnitTestResult executionId="8f2cdaa6-897e-48be-a92b-66e06fdee620" testId="bdccb273-772d-2419-8906-9c6fcb5ee7ef" testName="HPD.RAG.Providers.Tests.EmbeddingProviders.OllamaEmbeddingProviderTests.ProviderKey_IsCorrectString" computerName="Einsteins-MacBook-Air" duration="00:00:00.0000397" startTime="2026-06-30T12:26:47.8496950-05:00" endTime="2026-06-30T12:26:47.8497140-05:00" testType="13cdc9d9-ddb5-4fa4-a97d-d965ccfc6d4b" outcome="Passed" testListId="8c84fa94-04c1-424b-9868-57a2d4851a1d" relativeResultsDirectory="8f2cdaa6-897e-48be-a92b-66e06fdee620" />
    <UnitTestResult executionId="f96d98cb-e44f-49af-add9-a479cfad9077" testId="4c1ffc26-c00f-0e1b-7d48-cb4e30bb81a8" testName="HPD.RAG.Providers.Tests.RerankerProviders.HuggingFaceRerankerProviderTests.ProviderKey_IsCorrectString" computerName="Einsteins-MacBook-Air" duration="00:00:00.0024131" startTime="2026-06-30T12:26:47.8498300-05:00" endTime="2026-06-30T12:26:47.8521450-05:00" testType="13cdc9d9-ddb5-4fa4-a97d-d965ccfc6d4b" outcome="Passed" testListId="8c84fa94-04c1-424b-9868-57a2d4851a1d" relativeResultsDirectory="f96d98cb-e44f-49af-add9-a479cfad9077" />
    <UnitTestResult executionId="a8d44317-2f96-42dc-ba20-0d78298f5e2e" testId="fa7fece0-14f1-cd4b-7c7a-6120da66d709" testName="HPD.RAG.Providers.Tests.EmbeddingProviders.HuggingFaceEmbeddingProviderTests.CreateEmbeddingGenerator_MissingRequiredFields_Throws" computerName="Einsteins-MacBook-Air" duration="00:00:00.0001248" startTime="2026-06-30T12:26:47.8653600-05:00" endTime="2026-06-30T12:26:47.8653780-05:00" testType="13cdc9d9-ddb5-4fa4-a97d-d965ccfc6d4b" outcome="Passed" testListId="8c84fa94-04c1-424b-9868-57a2d4851a1d" relativeResultsDirectory="a8d44317-2f96-42dc-ba20-0d78298f5e2e" />
    <UnitTestResult executionId="e080109e-610e-4640-b497-f83cc372acba" testId="73cad5f1-d418-a5e3-d513-8a658b0a2e70" testName="HPD.RAG.Providers.Tests.RerankerProviders.HuggingFaceRerankerProviderTests.CreateReranker_WithValidConfig_DoesNotThrow" computerName="Einsteins-MacBook-Air" duration="00:00:00.0123649" startTime="2026-06-30T12:26:47.8532610-05:00" endTime="2026-06-30T12:26:47.8648390-05:00" testType="13cdc9d9-ddb5-4fa4-a97d-d965ccfc6d4b" outcome="Passed" testListId="8c84fa94-04c1-424b-9868-57a2d4851a1d" relativeResultsDirectory="e080109e-610e-4640-b497-f83cc372acba" />
    <UnitTestResult executionId="ddca5f6e-193f-4898-9678-ade194ea02e5" testId="e6ba3521-9f4a-9d2a-ba4a-f09996618f7c" testName="HPD.RAG.Providers.Tests.EmbeddingProviders.OnnxRuntimeEmbeddingProviderTests.CreateEmbeddingGenerator_MissingModelPath_Throws" computerName="Einsteins-MacBook-Air" duration="00:00:00.0005107" startTime="2026-06-30T12:26:47.8709700-05:00" endTime="2026-06-30T12:26:47.8715130-05:00" testType="13cdc9d9-ddb5-4fa4-a97d-d965ccfc6d4b" outcome="Passed" testListId="8c84fa94-04c1-424b-9868-57a2d4851a1d" relativeResultsDirectory="ddca5f6e-193f-4898-9678-ade194ea02e5" />
    <UnitTestResult executionId="c5150da2-489e-430b-93c3-3a09c6c04ce3" testId="f4aa0c9a-a9f5-2f0b-cb9f-7c35ba89780f" testName="HPD.RAG.Providers.Tests.EmbeddingProviders.OllamaEmbeddingProviderTests.CreateEmbeddingGenerator_WithValidConfig_DoesNotThrow" computerName="Einsteins-MacBook-Air" duration="00:00:00.0102229" startTime="2026-06-30T12:26:47.8489970-05:00" endTime="2026-06-30T12:26:47.8495400-05:00" testType="13cdc9d9-ddb5-4fa4-a97d-d965ccfc6d4b" outcome="Passed" testListId="8c84fa94-04c1-424b-9868-57a2d4851a1d" relativeResultsDirectory="c5150da2-489e-430b-93c3-3a09c6c04ce3" />
    <UnitTestResult executionId="b609313e-d987-4ff8-90f1-9f5c43fa839e" testId="d439e4ae-9ec0-943d-1161-b359eb62a3a6" testName="HPD.RAG.Providers.Tests.GraphStoreProviders.MemgraphGraphStoreProviderTests.ProviderKey_IsCorrectString" computerName="Einsteins-MacBook-Air" duration="00:00:00.0000251" startTime="2026-06-30T12:26:47.8782640-05:00" endTime="2026-06-30T12:26:47.8782950-05:00" testType="13cdc9d9-ddb5-4fa4-a97d-d965ccfc6d4b" outcome="Passed" testListId="8c84fa94-04c1-424b-9868-57a2d4851a1d" relativeResultsDirectory="b609313e-d987-4ff8-90f1-9f5c43fa839e" />
    <UnitTestResult executionId="9d9226f2-8a73-415e-ba3a-81cc27e7d0c7" testId="4bba191b-8379-f623-0be8-d1c439d464eb" testName="HPD.RAG.Providers.Tests.EmbeddingProviders.OllamaEmbeddingProviderTests.ModuleInitializer_RegistersProvider" computerName="Einsteins-MacBook-Air" duration="00:00:00.0108584" startTime="2026-06-30T12:26:47.8186440-05:00" endTime="2026-06-30T12:26:47.8322380-05:00" testType="13cdc9d9-ddb5-4fa4-a97d-d965ccfc6d4b" outcome="Passed" testListId="8c84fa94-04c1-424b-9868-57a2d4851a1d" relativeResultsDirectory="9d9226f2-8a73-415e-ba3a-81cc27e7d0c7" />
    <UnitTestResult executionId="55c02925-854f-45b4-a6fb-1f0b034882c5" testId="d8e91819-142a-a0d3-d499-9c7cdf4ae3f4" testName="HPD.RAG.Providers.Tests.RerankerProviders.CohereRerankerProviderTests.ModuleInitializer_RegistersProvider" computerName="Einsteins-MacBook-Air" duration="00:00:00.0027256" startTime="2026-06-30T12:26:47.8484470-05:00" endTime="2026-06-30T12:26:47.8490260-05:00" testType="13cdc9d9-ddb5-4fa4-a97d-d965ccfc6d4b" outcome="Passed" testListId="8c84fa94-04c1-424b-9868-57a2d4851a1d" relativeResultsDirectory="55c02925-854f-45b4-a6fb-1f0b034882c5" />
    <UnitTestResult executionId="ec5fbb82-8beb-43e5-97ef-20b1aa265dfc" testId="29ea76df-33e8-9e00-4ff2-27bad9bfe13d" testName="HPD.RAG.Providers.Tests.EmbeddingProviders.OnnxRuntimeEmbeddingProviderTests.ProviderKey_IsCorrectString" computerName="Einsteins-MacBook-Air" duration="00:00:00.0000252" startTime="2026-06-30T12:26:47.8660830-05:00" endTime="2026-06-30T12:26:47.8661020-05:00" testType="13cdc9d9-ddb5-4fa4-a97d-d965ccfc6d4b" outcome="Passed" testListId="8c84fa94-04c1-424b-9868-57a2d4851a1d" relativeResultsDirectory="ec5fbb82-8beb-43e5-97ef-20b1aa265dfc" />
    <UnitTestResult executionId="7a0e3876-66e1-4338-a973-fb1e2d917744" testId="9fb5d8c2-c78e-34b5-4a29-cf4017e7a11c" testName="HPD.RAG.Providers.Tests.EmbeddingProviders.AzureAIEmbeddingProviderTests.CreateEmbeddingGenerator_WithValidConfig_DoesNotThrow" computerName="Einsteins-MacBook-Air" duration="00:00:00.0561379" startTime="2026-06-30T12:26:47.8186010-05:00" endTime="2026-06-30T12:26:47.8751110-05:00" testType="13cdc9d9-ddb5-4fa4-a97d-d965ccfc6d4b" outcome="Passed" testListId="8c84fa94-04c1-424b-9868-57a2d4851a1d" relativeResultsDirectory="7a0e3876-66e1-4338-a973-fb1e2d917744" />
    <UnitTestResult executionId="477f11e7-8085-4d08-8f7f-0a6b596a5a10" testId="9b831109-b886-94c5-399e-f45d893a0975" testName="HPD.RAG.Providers.Tests.RerankerProviders.HuggingFaceRerankerProviderTests.ModuleInitializer_RegistersProvider" computerName="Einsteins-MacBook-Air" duration="00:00:00.0000911" startTime="2026-06-30T12:26:47.8531230-05:00" endTime="2026-06-30T12:26:47.8531590-05:00" testType="13cdc9d9-ddb5-4fa4-a97d-d965ccfc6d4b" outcome="Passed" testListId="8c84fa94-04c1-424b-9868-57a2d4851a1d" relativeResultsDirectory="477f11e7-8085-4d08-8f7f-0a6b596a5a10" />
    <UnitTestResult executionId="46b461a0-044d-41fb-99fe-87c5632ceca1" testId="5a81c797-89ab-ef4b-894a-bf97caec293a" testName="HPD.RAG.Providers.Tests.EmbeddingProviders.OpenAIEmbeddingProviderTests.CreateEmbeddingGenerator_MissingApiKey_Throws" computerName="Einsteins-MacBook-Air" duration="00:00:00.0311711" startTime="2026-06-30T12:26:47.8186710-05:00" endTime="2026-06-30T12:26:47.8501050-05:00" testType="13cdc9d9-ddb5-4fa4-a97d-d965ccfc6d4b" outcome="Passed" testListId="8c84fa94-04c1-424b-9868-57a2d4851a1d" relativeResultsDirectory="46b461a0-044d-41fb-99fe-87c5632ceca1" />
    <UnitTestResult executionId="1c0fb5b7-3f4a-44b9-8241-6f24173bead3" testId="63883243-38fc-8491-397a-439fc3b0ab39" testName="HPD.RAG.Providers.Tests.RerankerProviders.CohereRerankerProviderTests.ProviderKey_IsCorrectString" computerName="Einsteins-MacBook-Air" duration="00:00:00.0000246" startTime="2026-06-30T12:26:47.8490750-05:00" endTime="2026-06-30T12:26:47.8490940-05:00" testType="13cdc9d9-ddb5-4fa4-a97d-d965ccfc6d4b" outcome="Passed" testListId="8c84fa94-04c1-424b-9868-57a2d4851a1d" relativeResultsDirectory="1c0fb5b7-3f4a-44b9-8241-6f24173bead3" />
    <UnitTestResult executionId="96b2cf90-adb4-4adc-b38f-ad75ed9438dd" testId="0afc0d67-9148-8caf-0f27-171f2b962f40" testName="HPD.RAG.Providers.Tests.RerankerProviders.CohereRerankerProviderTests.CreateReranker_WithValidConfig_DoesNotThrow" computerName="Einsteins-MacBook-Air" duration="00:00:00.0239335" startTime="2026-06-30T12:26:47.8491390-05:00" endTime="2026-06-30T12:26:47.8651370-05:00" testType="13cdc9d9-ddb5-4fa4-a97d-d965ccfc6d4b" outcome="Passed" testListId="8c84fa94-04c1-424b-9868-57a2d4851a1d" relativeResultsDirectory="96b2cf90-adb4-4adc-b38f-ad75ed9438dd" />
    <UnitTestResult executionId="31e2b0fd-9228-4aa7-b604-b8209026db5d" testId="eb38e5d6-85bd-1a50-ed4f-5739b0ea0735" testName="HPD.RAG.Providers.Tests.EmbeddingProviders.HuggingFaceEmbeddingProviderTests.ModuleInitializer_RegistersProvider" computerName="Einsteins-MacBook-Air" duration="00:00:00.0071425" startTime="2026-06-30T12:26:47.8482560-05:00" endTime="2026-06-30T12:26:47.8484670-05:00" testType="13cdc9d9-ddb5-4fa4-a97d-d965ccfc6d4b" outcome="Passed" testListId="8c84fa94-04c1-424b-9868-57a2d4851a1d" relativeResultsDirectory="31e2b0fd-9228-4aa7-b604-b8209026db5d" />
    <UnitTestResult executionId="4a02a8a6-3ca6-4d5c-bed8-593d3f1fdb17" testId="2acba128-0703-917e-2247-c109da3c9c2c" testName="HPD.RAG.Providers.Tests.EmbeddingProviders.OnnxRuntimeEmbeddingProviderTests.ModuleInitializer_RegistersProvider" computerName="Einsteins-MacBook-Air" duration="00:00:00.0010739" startTime="2026-06-30T12:26:47.8652070-05:00" endTime="2026-06-30T12:26:47.8659020-05:00" testType="13cdc9d9-ddb5-4fa4-a97d-d965ccfc6d4b" outcome="Passed" testListId="8c84fa94-04c1-424b-9868-57a2d4851a1d" relativeResultsDirectory="4a02a8a6-3ca6-4d5c-bed8-593d3f1fdb17" />
    <UnitTestResult executionId="fae9a681-7952-4eb2-beb6-4debac9ebc70" testId="b1804c97-af93-f283-f65b-0483521f7ddf" testName="HPD.RAG.Providers.Tests.RerankerProviders.JinaRerankerProviderTests.ProviderKey_IsCorrectString" computerName="Einsteins-MacBook-Air" duration="00:00:00.0111254" startTime="2026-06-30T12:26:47.8186330-05:00" endTime="2026-06-30T12:26:47.8322080-05:00" testType="13cdc9d9-ddb5-4fa4-a97d-d965ccfc6d4b" outcome="Passed" testListId="8c84fa94-04c1-424b-9868-57a2d4851a1d" relativeResultsDirectory="fae9a681-7952-4eb2-beb6-4debac9ebc70" />
    <UnitTestResult executionId="317ef811-5a33-4b65-b88e-58d231e36bbf" testId="c321d301-1a11-9b88-9327-83a49d53f893" testName="HPD.RAG.Providers.Tests.EmbeddingProviders.OnnxRuntimeEmbeddingProviderTests.GetTypedConfig_Roundtrip_ModelPath" computerName="Einsteins-MacBook-Air" duration="00:00:00.0048979" startTime="2026-06-30T12:26:47.8661460-05:00" endTime="2026-06-30T12:26:47.8708890-05:00" testType="13cdc9d9-ddb5-4fa4-a97d-d965ccfc6d4b" outcome="Passed" testListId="8c84fa94-04c1-424b-9868-57a2d4851a1d" relativeResultsDirectory="317ef811-5a33-4b65-b88e-58d231e36bbf" />
    <UnitTestResult executionId="6a9b72f6-f493-4cd7-b603-5985e8cefca1" testId="b1199523-8584-8599-68e6-e190b4b78bec" testName="HPD.RAG.Providers.Tests.EmbeddingProviders.OnnxRuntimeEmbeddingProviderTests.CreateEmbeddingGenerator_WithValidConfig_DoesNotThrow" computerName="Einsteins-MacBook-Air" duration="00:00:00.0010000" startTime="2026-06-30T12:26:47.8659550-05:00" endTime="2026-06-30T12:26:47.8659740-05:00" testType="13cdc9d9-ddb5-4fa4-a97d-d965ccfc6d4b" outcome="NotExecuted" testListId="8c84fa94-04c1-424b-9868-57a2d4851a1d" relativeResultsDirectory="6a9b72f6-f493-4cd7-b603-5985e8cefca1">
      <Output>
        <ErrorInfo>
          <Message>OnnxRuntime provider validates that ModelPath and VocabPath exist on disk at construction time — no fake paths possible</Message>
        </ErrorInfo>
      </Output>
    </UnitTestResult>
    <UnitTestResult executionId="0bce6d65-6aa1-4749-ac50-6fadf5ee4efe" testId="9e151b79-9c44-baef-75df-96e92244e7e1" testName="HPD.RAG.Providers.Tests.GraphStoreProviders.MemgraphGraphStoreProviderTests.CreateGraphStore_MissingUri_Throws" computerName="Einsteins-MacBook-Air" duration="00:00:00.0055400" startTime="2026-06-30T12:26:47.8652650-05:00" endTime="2026-06-30T12:26:47.8706060-05:00" testType="13cdc9d9-ddb5-4fa4-a97d-d965ccfc6d4b" outcome="Passed" testListId="8c84fa94-04c1-424b-9868-57a2d4851a1d" relativeResultsDirectory="0bce6d65-6aa1-4749-ac50-6fadf5ee4efe" />
    <UnitTestResult executionId="d7e08cd0-ee07-4a3c-85a9-1fd9115c5349" testId="619853fa-b8f3-0ef8-d723-18bbe9c05d68" testName="HPD.RAG.Providers.Tests.EmbeddingProviders.AzureAIEmbeddingProviderTests.ModuleInitializer_RegistersProvider" computerName="Einsteins-MacBook-Air" duration="00:00:00.0000533" startTime="2026-06-30T12:26:47.8755060-05:00" endTime="2026-06-30T12:26:47.8756740-05:00" testType="13cdc9d9-ddb5-4fa4-a97d-d965ccfc6d4b" outcome="Passed" testListId="8c84fa94-04c1-424b-9868-57a2d4851a1d" relativeResultsDirectory="d7e08cd0-ee07-4a3c-85a9-1fd9115c5349" />
  </Results>
  <TestDefinitions>
    <UnitTest name="HPD.RAG.Providers.Tests.RerankerProviders.JinaRerankerProviderTests.ModuleInitializer_RegistersProvider" storage="/users/ewoof/desktop/hpd-os/dotnet/hpd-rag.framework/test/hpd-rag.providers.tests/bin/debug/net9.0/hpd-rag.providers.tests.dll" id="fbc5f589-239e-89f0-a9b8-f852892f4007">
      <Execution id="b80a419a-7c3c-4a7d-8055-adf0f9282c71" />
      <TestMethod codeBase="/Users/ewoof/Desktop/HPD-OS/dotnet/HPD-RAG.Framework/test/HPD-RAG.Providers.Tests/bin/Debug/net9.0/HPD-RAG.Providers.Tests.dll" adapterTypeName="executor://xunit/VsTestRunner3/netcore/" className="HPD.RAG.Providers.Tests.RerankerProviders.JinaRerankerProviderTests" name="ModuleInitializer_RegistersProvider" />
    </UnitTest>
    <UnitTest name="HPD.RAG.Providers.Tests.EmbeddingProviders.AzureAIEmbeddingProviderTests.CreateEmbeddingGenerator_WithValidConfig_DoesNotThrow" storage="/users/ewoof/desktop/hpd-os/dotnet/hpd-rag.framework/test/hpd-rag.providers.tests/bin/debug/net9.0/hpd-rag.providers.tests.dll" id="9fb5d8c2-c78e-34b5-4a29-cf4017e7a11c">
      <Execution id="7a0e3876-66e1-4338-a973-fb1e2d917744" />
      <TestMethod codeBase="/Users/ewoof/Desktop/HPD-OS/dotnet/HPD-RAG.Framework/test/HPD-RAG.Providers.Tests/bin/Debug/net9.0/HPD-RAG.Providers.Tests.dll" adapterTypeName="executor://xunit/VsTestRunner3/netcore/" className="HPD.RAG.Providers.Tests.EmbeddingProviders.AzureAIEmbeddingProviderTests" name="CreateEmbeddingGenerator_WithValidConfig_DoesNotThrow" />
    </UnitTest>
    <UnitTest name="HPD.RAG.Providers.Tests.RerankerProviders.OnnxRuntimeRerankerProviderTests.ModuleInitializer_RegistersProvider" storage="/users/ewoof/desktop/hpd-os/dotnet/hpd-rag.framework/test/hpd-rag.providers.tests/bin/debug/net9.0/hpd-rag.providers.tests.dll" id="0ab599b1-0523-215b-4fc3-a215cdde6535">
      <Execution id="b31e905b-088e-45b9-941e-029ff1b407b3" />
      <TestMethod codeBase="/Users/ewoof/Desktop/HPD-OS/dotnet/HPD-RAG.Framework/test/HPD-RAG.Providers.Tests/bin/Debug/net9.0/HPD-RAG.Providers.Tests.dll" adapterTypeName="executor://xunit/VsTestRunner3/netcore/" className="HPD.RAG.Providers.Tests.RerankerProviders.OnnxRuntimeRerankerProviderTests" name="ModuleInitializer_RegistersProvider" />
    </UnitTest>
    <UnitTest name="HPD.RAG.Providers.Tests.GraphStoreProviders.Neo4jGraphStoreProviderTests.ProviderKey_IsCorrectString" storage="/users/ewoof/desktop/hpd-os/dotnet/hpd-rag.framework/test/hpd-rag.providers.tests/bin/debug/net9.0/hpd-rag.providers.tests.dll" id="e333dfea-16b0-83a2-4ef1-4584cfa4bbdc">
      <Execution id="1a419c10-b688-4661-83d2-c56adb1c2d1b" />
      <TestMethod codeBase="/Users/ewoof/Desktop/HPD-OS/dotnet/HPD-RAG.Framework/test/HPD-RAG.Providers.Tests/bin/Debug/net9.0/HPD-RAG.Providers.Tests.dll" adapterTypeName="executor://xunit/VsTestRunner3/netcore/" className="HPD.RAG.Providers.Tests.GraphStoreProviders.Neo4jGraphStoreProviderTests" name="ProviderKey_IsCorrectString" />
    </UnitTest>
    <UnitTest name="HPD.RAG.Providers.Tests.EmbeddingProviders.OllamaEmbeddingProviderTests.ProviderKey_IsCorrectString" storage="/users/ewoof/desktop/hpd-os/dotnet/hpd-rag.framework/test/hpd-rag.providers.tests/bin/debug/net9.0/hpd-rag.providers.tests.dll" id="bdccb273-772d-2419-8906-9c6fcb5ee7ef">
      <Execution id="8f2cdaa6-897e-48be-a92b-66e06fdee620" />
      <TestMethod codeBase="/Users/ewoof/Desktop/HPD-OS/dotnet/HPD-RAG.Framework/test/HPD-RAG.Providers.Tests/bin/Debug/net9.0/HPD-RAG.Providers.Tests.dll" adapterTypeName="executor://xunit/VsTestRunner3/netcore/" className="HPD.RAG.Providers.Tests.EmbeddingProviders.OllamaEmbeddingProviderTests" name="ProviderKey_IsCorrectString" />
    </UnitTest>
    <UnitTest name="HPD.RAG.Providers.Tests.RerankerProviders.JinaRerankerProviderTests.ProviderKey_IsCorrectString" storage="/users/ewoof/desktop/hpd-os/dotnet/hpd-rag.framework/test/hpd-rag.providers.tests/bin/debug/net9.0/hpd-rag.providers.tests.dll" id="b1804c97-af93-f283-f65b-0483521f7ddf">
      <Execution id="fae9a681-7952-4eb2-beb6-4debac9ebc70" />
      <TestMethod codeBase="/Users/ewoof/Desktop/HPD-OS/dotnet/HPD-RAG.Framework/test/HPD-RAG.Providers.Tests/bin/Debug/net9.0/HPD-RAG.Providers.Tests.dll" adapterTypeName="executor://xunit/VsTestRunner3/netcore/" className="HPD.RAG.Providers.Tests.RerankerProviders.JinaRerankerProviderTests" name="ProviderKey_IsCorrectString" />
    </UnitTest>
    <UnitTest name="HPD.RAG.Providers.Tests.RerankerProviders.JinaRerankerProviderTests.CreateReranker_WithValidConfig_DoesNotThrow" storage="/users/ewoof/desktop/hpd-os/dotnet/hpd-rag.framework/test/hpd-rag.providers.tests/bin/debug/net9.0/hpd-rag.providers.tests.dll" id="e6964c07-a503-68ed-4bd8-0403ff4151ca">
      <Execution id="267589e9-b47f-4f30-a679-282d1e735ffe" />
      <TestMethod codeBase="/Users/ewoof/Desktop/HPD-OS/dotnet/HPD-RAG.Framework/test/HPD-RAG.Providers.Tests/bin/Debug/net9.0/HPD-RAG.Providers.Tests.dll" adapterTypeName="executor://xunit/VsTestRunner3/netcore/" className="HPD.RAG.Providers.Tests.RerankerProviders.JinaRerankerProviderTests" name="CreateReranker_WithValidConfig_DoesNotThrow" />
    </UnitTest>
    <UnitTest name="HPD.RAG.Providers.Tests.RerankerProviders.FakeRerankerTests.RerankAsync_ReturnsSortedByScoreDescending" storage="/users/ewoof/desktop/hpd-os/dotnet/hpd-rag.framework/test/hpd-rag.providers.tests/bin/debug/net9.0/hpd-rag.providers.tests.dll" id="202e1c06-e344-cba2-13d6-6c20da56f85a">
      <Execution id="cdb44873-fd49-43c9-91a6-8ee98632a2f5" />
      <TestMethod codeBase="/Users/ewoof/Desktop/HPD-OS/dotnet/HPD-RAG.Framework/test/HPD-RAG.Providers.Tests/bin/Debug/net9.0/HPD-RAG.Providers.Tests.dll" adapterTypeName="executor://xunit/VsTestRunner3/netcore/" className="HPD.RAG.Providers.Tests.RerankerProviders.FakeRerankerTests" name="RerankAsync_ReturnsSortedByScoreDescending" />
    </UnitTest>
    <UnitTest name="HPD.RAG.Providers.Tests.EmbeddingProviders.BedrockEmbeddingProviderTests.ModuleInitializer_RegistersProvider" storage="/users/ewoof/desktop/hpd-os/dotnet/hpd-rag.framework/test/hpd-rag.providers.tests/bin/debug/net9.0/hpd-rag.providers.tests.dll" id="cc4b5a68-2670-8978-a0fa-b9585ad548eb">
      <Execution id="e3185dab-21ee-4276-b446-357ae61b6a3f" />
      <TestMethod codeBase="/Users/ewoof/Desktop/HPD-OS/dotnet/HPD-RAG.Framework/test/HPD-RAG.Providers.Tests/bin/Debug/net9.0/HPD-RAG.Providers.Tests.dll" adapterTypeName="executor://xunit/VsTestRunner3/netcore/" className="HPD.RAG.Providers.Tests.EmbeddingProviders.BedrockEmbeddingProviderTests" name="ModuleInitializer_RegistersProvider" />
    </UnitTest>
    <UnitTest name="HPD.RAG.Providers.Tests.EmbeddingProviders.BedrockEmbeddingProviderTests.CreateEmbeddingGenerator_MissingRegion_Throws" storage="/users/ewoof/desktop/hpd-os/dotnet/hpd-rag.framework/test/hpd-rag.providers.tests/bin/debug/net9.0/hpd-rag.providers.tests.dll" id="57ceabfe-88a2-0302-f770-66f4b552f5da">
      <Execution id="c81095bd-f84a-4856-802e-039ffb134349" />
      <TestMethod codeBase="/Users/ewoof/Desktop/HPD-OS/dotnet/HPD-RAG.Framework/test/HPD-RAG.Providers.Tests/bin/Debug/net9.0/HPD-RAG.Providers.Tests.dll" adapterTypeName="executor://xunit/VsTestRunner3/netcore/" className="HPD.RAG.Providers.Tests.EmbeddingProviders.BedrockEmbeddingProviderTests" name="CreateEmbeddingGenerator_MissingRegion_Throws" />
    </UnitTest>
    <UnitTest name="HPD.RAG.Providers.Tests.EmbeddingProviders.HuggingFaceEmbeddingProviderTests.ProviderKey_IsCorrectString" storage="/users/ewoof/desktop/hpd-os/dotnet/hpd-rag.framework/test/hpd-rag.providers.tests/bin/debug/net9.0/hpd-rag.providers.tests.dll" id="18b5995a-a7d8-69a7-9dd4-bd0fd84ae8a7">
      <Execution id="bb0a7859-43f8-4abb-ba26-3758568d83fb" />
      <TestMethod codeBase="/Users/ewoof/Desktop/HPD-OS/dotnet/HPD-RAG.Framework/test/HPD-RAG.Providers.Tests/bin/Debug/net9.0/HPD-RAG.Providers.Tests.dll" adapterTypeName="executor://xunit/VsTestRunner3/netcore/" className="HPD.RAG.Providers.Tests.EmbeddingProviders.HuggingFaceEmbeddingProviderTests" name="ProviderKey_IsCorrectString" />
    </UnitTest>
    <UnitTest name="HPD.RAG.Providers.Tests.RerankerProviders.HuggingFaceRerankerProviderTests.ProviderKey_IsCorrectString" storage="/users/ewoof/desktop/hpd-os/dotnet/hpd-rag.framework/test/hpd-rag.providers.tests/bin/debug/net9.0/hpd-rag.providers.tests.dll" id="4c1ffc26-c00f-0e1b-7d48-cb4e30bb81a8">
      <Execution id="f96d98cb-e44f-49af-add9-a479cfad9077" />
      <TestMethod codeBase="/Users/ewoof/Desktop/HPD-OS/dotnet/HPD-RAG.Framework/test/HPD-RAG.Providers.Tests/bin/Debug/net9.0/HPD-RAG.Providers.Tests.dll" adapterTypeName="executor://xunit/VsTestRunner3/netcore/" className="HPD.RAG.Providers.Tests.RerankerProviders.HuggingFaceRerankerProviderTests" name="ProviderKey_IsCorrectString" />
    </UnitTest>
    <UnitTest name="HPD.RAG.Providers.Tests.GraphStoreProviders.MemgraphGraphStoreProviderTests.ProviderKey_IsCorrectString" storage="/users/ewoof/desktop/hpd-os/dotnet/hpd-rag.framework/test/hpd-rag.providers.tests/bin/debug/net9.0/hpd-rag.providers.tests.dll" id="d439e4ae-9ec0-943d-1161-b359eb62a3a6">
      <Execution id="b609313e-d987-4ff8-90f1-9f5c43fa839e" />
      <TestMethod codeBase="/Users/ewoof/Desktop/HPD-OS/dotnet/HPD-RAG.Framework/test/HPD-RAG.Providers.Tests/bin/Debug/net9.0/HPD-RAG.Providers.Tests.dll" adapterTypeName="executor://xunit/VsTestRunner3/netcore/" className="HPD.RAG.Providers.Tests.GraphStoreProviders.MemgraphGraphStoreProviderTests" name="ProviderKey_IsCorrectString" />
    </UnitTest>
    <UnitTest name="HPD.RAG.Providers.Tests.GraphStoreProviders.MemgraphGraphStoreProviderTests.CreateGraphStore_WithValidConfig_DoesNotThrow" storage="/users/ewoof/desktop/hpd-os/dotnet/hpd-rag.framework/test/hpd-rag.providers.tests/bin/debug/net9.0/hpd-rag.providers.tests.dll" id="1959f2be-c940-ef2f-97c3-b6542463e433">
      <Execution id="0f9bb5dd-c436-4bc0-b519-0314c92f5aa4" />
      <TestMethod codeBase="/Users/ewoof/Desktop/HPD-OS/dotnet/HPD-RAG.Framework/test/HPD-RAG.Providers.Tests/bin/Debug/net9.0/HPD-RAG.Providers.Tests.dll" adapterTypeName="executor://xunit/VsTestRunner3/netcore/" className="HPD.RAG.Providers.Tests.GraphStoreProviders.MemgraphGraphStoreProviderTests" name="CreateGraphStore_WithValidConfig_DoesNotThrow" />
    </UnitTest>
    <UnitTest name="HPD.RAG.Providers.Tests.RerankerProviders.CohereRerankerProviderTests.ModuleInitializer_RegistersProvider" storage="/users/ewoof/desktop/hpd-os/dotnet/hpd-rag.framework/test/hpd-rag.providers.tests/bin/debug/net9.0/hpd-rag.providers.tests.dll" id="d8e91819-142a-a0d3-d499-9c7cdf4ae3f4">
      <Execution id="55c02925-854f-45b4-a6fb-1f0b034882c5" />
      <TestMethod codeBase="/Users/ewoof/Desktop/HPD-OS/dotnet/HPD-RAG.Framework/test/HPD-RAG.Providers.Tests/bin/Debug/net9.0/HPD-RAG.Providers.Tests.dll" adapterTypeName="executor://xunit/VsTestRunner3/netcore/" className="HPD.RAG.Providers.Tests.RerankerProviders.CohereRerankerProviderTests" name="ModuleInitializer_RegistersProvider" />
    </UnitTest>
    <UnitTest name="HPD.RAG.Providers.Tests.GraphStoreProviders.Neo4jGraphStoreProviderTests.CreateGraphStore_MissingUri_Throws" storage="/users/ewoof/desktop/hpd-os/dotnet/hpd-rag.framework/test/hpd-rag.providers.tests/bin/debug/net9.0/hpd-rag.providers.tests.dll" id="f1ed4464-29a2-5696-8e51-a01e7179cc78">
      <Execution id="fe5529d2-371e-4659-b7a3-2b80294a4487" />
      <TestMethod codeBase="/Users/ewoof/Desktop/HPD-OS/dotnet/HPD-RAG.Framework/test/HPD-RAG.Providers.Tests/bin/Debug/net9.0/HPD-RAG.Providers.Tests.dll" adapterTypeName="executor://xunit/VsTestRunner3/netcore/" className="HPD.RAG.Providers.Tests.GraphStoreProviders.Neo4jGraphStoreProviderTests" name="CreateGraphStore_MissingUri_Throws" />
    </UnitTest>
    <UnitTest name="HPD.RAG.Providers.Tests.EmbeddingProviders.OllamaEmbeddingProviderTests.CreateEmbeddingGenerator_WithValidConfig_DoesNotThrow" storage="/users/ewoof/desktop/hpd-os/dotnet/hpd-rag.framework/test/hpd-rag.providers.tests/bin/debug/net9.0/hpd-rag.providers.tests.dll" id="f4aa0c9a-a9f5-2f0b-cb9f-7c35ba89780f">
      <Execution id="c5150da2-489e-430b-93c3-3a09c6c04ce3" />
      <TestMethod codeBase="/Users/ewoof/Desktop/HPD-OS/dotnet/HPD-RAG.Framework/test/HPD-RAG.Providers.Tests/bin/Debug/net9.0/HPD-RAG.Providers.Tests.dll" adapterTypeName="executor://xunit/VsTestRunner3/netcore/" className="HPD.RAG.Providers.Tests.EmbeddingProviders.OllamaEmbeddingProviderTests" name="CreateEmbeddingGenerator_WithValidConfig_DoesNotThrow" />
    </UnitTest>
    <UnitTest name="HPD.RAG.Providers.Tests.EmbeddingProviders.OnnxRuntimeEmbeddingProviderTests.CreateEmbeddingGenerator_WithValidConfig_DoesNotThrow" storage="/users/ewoof/desktop/hpd-os/dotnet/hpd-rag.framework/test/hpd-rag.providers.tests/bin/debug/net9.0/hpd-rag.providers.tests.dll" id="b1199523-8584-8599-68e6-e190b4b78bec">
      <Execution id="6a9b72f6-f493-4cd7-b603-5985e8cefca1" />
      <TestMethod codeBase="/Users/ewoof/Desktop/HPD-OS/dotnet/HPD-RAG.Framework/test/HPD-RAG.Providers.Tests/bin/Debug/net9.0/HPD-RAG.Providers.Tests.dll" adapterTypeName="executor://xunit/VsTestRunner3/netcore/" className="HPD.RAG.Providers.Tests.EmbeddingProviders.OnnxRuntimeEmbeddingProviderTests" name="CreateEmbeddingGenerator_WithValidConfig_DoesNotThrow" />
    </UnitTest>
    <UnitTest name="HPD.RAG.Providers.Tests.RerankerProviders.OnnxRuntimeRerankerProviderTests.CreateReranker_WithValidConfig_DoesNotThrow" storage="/users/ewoof/desktop/hpd-os/dotnet/hpd-rag.framework/test/hpd-rag.providers.tests/bin/debug/net9.0/hpd-rag.providers.tests.dll" id="3d9782c1-edd3-d9db-1128-d89702c0597d">
      <Execution id="3dfe9b03-4abc-4ade-a56a-6e76a94ae104" />
      <TestMethod codeBase="/Users/ewoof/Desktop/HPD-OS/dotnet/HPD-RAG.Framework/test/HPD-RAG.Providers.Tests/bin/Debug/net9.0/HPD-RAG.Providers.Tests.dll" adapterTypeName="executor://xunit/VsTestRunner3/netcore/" className="HPD.RAG.Providers.Tests.RerankerProviders.OnnxRuntimeRerankerProviderTests" name="CreateReranker_WithValidConfig_DoesNotThrow" />
    </UnitTest>
    <UnitTest name="HPD.RAG.Providers.Tests.EmbeddingProviders.OnnxRuntimeEmbeddingProviderTests.ProviderKey_IsCorrectString" storage="/users/ewoof/desktop/hpd-os/dotnet/hpd-rag.framework/test/hpd-rag.providers.tests/bin/debug/net9.0/hpd-rag.providers.tests.dll" id="29ea76df-33e8-9e00-4ff2-27bad9bfe13d">
      <Execution id="ec5fbb82-8beb-43e5-97ef-20b1aa265dfc" />
      <TestMethod codeBase="/Users/ewoof/Desktop/HPD-OS/dotnet/HPD-RAG.Framework/test/HPD-RAG.Providers.Tests/bin/Debug/net9.0/HPD-RAG.Providers.Tests.dll" adapterTypeName="executor://xunit/VsTestRunner3/netcore/" className="HPD.RAG.Providers.Tests.EmbeddingProviders.OnnxRuntimeEmbeddingProviderTests" name="ProviderKey_IsCorrectString" />
    </UnitTest>
    <UnitTest name="HPD.RAG.Providers.Tests.RerankerProviders.HuggingFaceRerankerProviderTests.ModuleInitializer_RegistersProvider" storage="/users/ewoof/desktop/hpd-os/dotnet/hpd-rag.framework/test/hpd-rag.providers.tests/bin/debug/net9.0/hpd-rag.providers.tests.dll" id="9b831109-b886-94c5-399e-f45d893a0975">
      <Execution id="477f11e7-8085-4d08-8f7f-0a6b596a5a10" />
      <TestMethod codeBase="/Users/ewoof/Desktop/HPD-OS/dotnet/HPD-RAG.Framework/test/HPD-RAG.Providers.Tests/bin/Debug/net9.0/HPD-RAG.Providers.Tests.dll" adapterTypeName="executor://xunit/VsTestRunner3/netcore/" className="HPD.RAG.Providers.Tests.RerankerProviders.HuggingFaceRerankerProviderTests" name="ModuleInitializer_RegistersProvider" />
    </UnitTest>
    <UnitTest name="HPD.RAG.Providers.Tests.EmbeddingProviders.HuggingFaceEmbeddingProviderTests.CreateEmbeddingGenerator_MissingRequiredFields_Throws" storage="/users/ewoof/desktop/hpd-os/dotnet/hpd-rag.framework/test/hpd-rag.providers.tests/bin/debug/net9.0/hpd-rag.providers.tests.dll" id="fa7fece0-14f1-cd4b-7c7a-6120da66d709">
      <Execution id="a8d44317-2f96-42dc-ba20-0d78298f5e2e" />
      <TestMethod codeBase="/Users/ewoof/Desktop/HPD-OS/dotnet/HPD-RAG.Framework/test/HPD-RAG.Providers.Tests/bin/Debug/net9.0/HPD-RAG.Providers.Tests.dll" adapterTypeName="executor://xunit/VsTestRunner3/netcore/" className="HPD.RAG.Providers.Tests.EmbeddingProviders.HuggingFaceEmbeddingProviderTests" name="CreateEmbeddingGenerator_MissingRequiredFields_Throws" />
    </UnitTest>
    <UnitTest name="HPD.RAG.Providers.Tests.EmbeddingProviders.OnnxRuntimeEmbeddingProviderTests.CreateEmbeddingGenerator_MissingModelPath_Throws" storage="/users/ewoof/desktop/hpd-os/dotnet/hpd-rag.framework/test/hpd-rag.providers.tests/bin/debug/net9.0/hpd-rag.providers.tests.dll" id="e6ba3521-9f4a-9d2a-ba4a-f09996618f7c">
      <Execution id="ddca5f6e-193f-4898-9678-ade194ea02e5" />
      <TestMethod codeBase="/Users/ewoof/Desktop/HPD-OS/dotnet/HPD-RAG.Framework/test/HPD-RAG.Providers.Tests/bin/Debug/net9.0/HPD-RAG.Providers.Tests.dll" adapterTypeName="executor://xunit/VsTestRunner3/netcore/" className="HPD.RAG.Providers.Tests.EmbeddingProviders.OnnxRuntimeEmbeddingProviderTests" name="CreateEmbeddingGenerator_MissingModelPath_Throws" />
    </UnitTest>
    <UnitTest name="HPD.RAG.Providers.Tests.GraphStoreProviders.Neo4jGraphStoreProviderTests.CreateGraphStore_WithValidConfig_DoesNotThrow" storage="/users/ewoof/desktop/hpd-os/dotnet/hpd-rag.framework/test/hpd-rag.providers.tests/bin/debug/net9.0/hpd-rag.providers.tests.dll" id="52789af8-17c1-a01c-9978-7866f7aec6fa">
      <Execution id="67fca52b-cd83-4dc2-9a39-23dbc6a8eefa" />
      <TestMethod codeBase="/Users/ewoof/Desktop/HPD-OS/dotnet/HPD-RAG.Framework/test/HPD-RAG.Providers.Tests/bin/Debug/net9.0/HPD-RAG.Providers.Tests.dll" adapterTypeName="executor://xunit/VsTestRunner3/netcore/" className="HPD.RAG.Providers.Tests.GraphStoreProviders.Neo4jGraphStoreProviderTests" name="CreateGraphStore_WithValidConfig_DoesNotThrow" />
    </UnitTest>
    <UnitTest name="HPD.RAG.Providers.Tests.EmbeddingProviders.OllamaEmbeddingProviderTests.ModuleInitializer_RegistersProvider" storage="/users/ewoof/desktop/hpd-os/dotnet/hpd-rag.framework/test/hpd-rag.providers.tests/bin/debug/net9.0/hpd-rag.providers.tests.dll" id="4bba191b-8379-f623-0be8-d1c439d464eb">
      <Execution id="9d9226f2-8a73-415e-ba3a-81cc27e7d0c7" />
      <TestMethod codeBase="/Users/ewoof/Desktop/HPD-OS/dotnet/HPD-RAG.Framework/test/HPD-RAG.Providers.Tests/bin/Debug/net9.0/HPD-RAG.Providers.Tests.dll" adapterTypeName="executor://xunit/VsTestRunner3/netcore/" className="HPD.RAG.Providers.Tests.EmbeddingProviders.OllamaEmbeddingProviderTests" name="ModuleInitializer_RegistersProvider" />
    </UnitTest>
    <UnitTest name="HPD.RAG.Providers.Tests.EmbeddingProviders.BedrockEmbeddingProviderTests.ProviderKey_IsCorrectString" storage="/users/ewoof/desktop/hpd-os/dotnet/hpd-rag.framework/test/hpd-rag.providers.tests/bin/debug/net9.0/hpd-rag.providers.tests.dll" id="c9517cb1-aa46-7bf7-aa0f-82d2bb65cbe3">
      <Execution id="e80c8894-64ea-4640-98e4-02b2677c55c1" />
      <TestMethod codeBase="/Users/ewoof/Desktop/HPD-OS/dotnet/HPD-RAG.Framework/test/HPD-RAG.Providers.Tests/bin/Debug/net9.0/HPD-RAG.Providers.Tests.dll" adapterTypeName="executor://xunit/VsTestRunner3/netcore/" className="HPD.RAG.Providers.Tests.EmbeddingProviders.BedrockEmbeddingProviderTests" name="ProviderKey_IsCorrectString" />
    </UnitTest>
    <UnitTest name="HPD.RAG.Providers.Tests.EmbeddingProviders.AzureAIEmbeddingProviderTests.ProviderKey_IsCorrectString" storage="/users/ewoof/desktop/hpd-os/dotnet/hpd-rag.framework/test/hpd-rag.providers.tests/bin/debug/net9.0/hpd-rag.providers.tests.dll" id="2f00bd36-7773-636c-eb3c-3842bde356f7">
      <Execution id="db6396db-bab0-43a4-a92b-06d4f0bd277b" />
      <TestMethod codeBase="/Users/ewoof/Desktop/HPD-OS/dotnet/HPD-RAG.Framework/test/HPD-RAG.Providers.Tests/bin/Debug/net9.0/HPD-RAG.Providers.Tests.dll" adapterTypeName="executor://xunit/VsTestRunner3/netcore/" className="HPD.RAG.Providers.Tests.EmbeddingProviders.AzureAIEmbeddingProviderTests" name="ProviderKey_IsCorrectString" />
    </UnitTest>
    <UnitTest name="HPD.RAG.Providers.Tests.GraphStoreProviders.MemgraphGraphStoreProviderTests.ModuleInitializer_RegistersProvider" storage="/users/ewoof/desktop/hpd-os/dotnet/hpd-rag.framework/test/hpd-rag.providers.tests/bin/debug/net9.0/hpd-rag.providers.tests.dll" id="093bc13a-2918-935a-1397-bc349c189fc4">
      <Execution id="8b08e0b1-aea3-4b1e-8b79-39fdbfc6a5e3" />
      <TestMethod codeBase="/Users/ewoof/Desktop/HPD-OS/dotnet/HPD-RAG.Framework/test/HPD-RAG.Providers.Tests/bin/Debug/net9.0/HPD-RAG.Providers.Tests.dll" adapterTypeName="executor://xunit/VsTestRunner3/netcore/" className="HPD.RAG.Providers.Tests.GraphStoreProviders.MemgraphGraphStoreProviderTests" name="ModuleInitializer_RegistersProvider" />
    </UnitTest>
    <UnitTest name="HPD.RAG.Providers.Tests.EmbeddingProviders.OpenAIEmbeddingProviderTests.CreateEmbeddingGenerator_WithValidConfig_DoesNotThrow" storage="/users/ewoof/desktop/hpd-os/dotnet/hpd-rag.framework/test/hpd-rag.providers.tests/bin/debug/net9.0/hpd-rag.providers.tests.dll" id="53ee4a3d-81b6-652d-0abd-fb389175293f">
      <Execution id="59760694-fc6c-4d97-9213-f9c159cda056" />
      <TestMethod codeBase="/Users/ewoof/Desktop/HPD-OS/dotnet/HPD-RAG.Framework/test/HPD-RAG.Providers.Tests/bin/Debug/net9.0/HPD-RAG.Providers.Tests.dll" adapterTypeName="executor://xunit/VsTestRunner3/netcore/" className="HPD.RAG.Providers.Tests.EmbeddingProviders.OpenAIEmbeddingProviderTests" name="CreateEmbeddingGenerator_WithValidConfig_DoesNotThrow" />
    </UnitTest>
    <UnitTest name="HPD.RAG.Providers.Tests.GraphStoreProviders.MemgraphGraphStoreProviderTests.CreateGraphStore_MissingUri_Throws" storage="/users/ewoof/desktop/hpd-os/dotnet/hpd-rag.framework/test/hpd-rag.providers.tests/bin/debug/net9.0/hpd-rag.providers.tests.dll" id="9e151b79-9c44-baef-75df-96e92244e7e1">
      <Execution id="0bce6d65-6aa1-4749-ac50-6fadf5ee4efe" />
      <TestMethod codeBase="/Users/ewoof/Desktop/HPD-OS/dotnet/HPD-RAG.Framework/test/HPD-RAG.Providers.Tests/bin/Debug/net9.0/HPD-RAG.Providers.Tests.dll" adapterTypeName="executor://xunit/VsTestRunner3/netcore/" className="HPD.RAG.Providers.Tests.GraphStoreProviders.MemgraphGraphStoreProviderTests" name="CreateGraphStore_MissingUri_Throws" />
    </UnitTest>
    <UnitTest name="HPD.RAG.Providers.Tests.RerankerProviders.HuggingFaceRerankerProviderTests.CreateReranker_WithValidConfig_DoesNotThrow" storage="/users/ewoof/desktop/hpd-os/dotnet/hpd-rag.framework/test/hpd-rag.providers.tests/bin/debug/net9.0/hpd-rag.providers.tests.dll" id="73cad5f1-d418-a5e3-d513-8a658b0a2e70">
      <Execution id="e080109e-610e-4640-b497-f83cc372acba" />
      <TestMethod codeBase="/Users/ewoof/Desktop/HPD-OS/dotnet/HPD-RAG.Framework/test/HPD-RAG.Providers.Tests/bin/Debug/net9.0/HPD-RAG.Providers.Tests.dll" adapterTypeName="executor://xunit/VsTestRunner3/netcore/" className="HPD.RAG.Providers.Tests.RerankerProviders.HuggingFaceRerankerProviderTests" name="CreateReranker_WithValidConfig_DoesNotThrow" />
    </UnitTest>
    <UnitTest name="HPD.RAG.Providers.Tests.EmbeddingProviders.OpenAIEmbeddingProviderTests.CreateEmbeddingGenerator_MissingApiKey_Throws" storage="/users/ewoof/desktop/hpd-os/dotnet/hpd-rag.framework/test/hpd-rag.providers.tests/bin/debug/net9.0/hpd-rag.providers.tests.dll" id="5a81c797-89ab-ef4b-894a-bf97caec293a">
      <Execution id="46b461a0-044d-41fb-99fe-87c5632ceca1" />
      <TestMethod codeBase="/Users/ewoof/Desktop/HPD-OS/dotnet/HPD-RAG.Framework/test/HPD-RAG.Providers.Tests/bin/Debug/net9.0/HPD-RAG.Providers.Tests.dll" adapterTypeName="executor://xunit/VsTestRunner3/netcore/" className="HPD.RAG.Providers.Tests.EmbeddingProviders.OpenAIEmbeddingProviderTests" name="CreateEmbeddingGenerator_MissingApiKey_Throws" />
    </UnitTest>
    <UnitTest name="HPD.RAG.Providers.Tests.EmbeddingProviders.OnnxRuntimeEmbeddingProviderTests.GetTypedConfig_Roundtrip_ModelPath" storage="/users/ewoof/desktop/hpd-os/dotnet/hpd-rag.framework/test/hpd-rag.providers.tests/bin/debug/net9.0/hpd-rag.providers.tests.dll" id="c321d301-1a11-9b88-9327-83a49d53f893">
      <Execution id="317ef811-5a33-4b65-b88e-58d231e36bbf" />
      <TestMethod codeBase="/Users/ewoof/Desktop/HPD-OS/dotnet/HPD-RAG.Framework/test/HPD-RAG.Providers.Tests/bin/Debug/net9.0/HPD-RAG.Providers.Tests.dll" adapterTypeName="executor://xunit/VsTestRunner3/netcore/" className="HPD.RAG.Providers.Tests.EmbeddingProviders.OnnxRuntimeEmbeddingProviderTests" name="GetTypedConfig_Roundtrip_ModelPath" />
    </UnitTest>
    <UnitTest name="HPD.RAG.Providers.Tests.EmbeddingProviders.HuggingFaceEmbeddingProviderTests.CreateEmbeddingGenerator_WithValidConfig_DoesNotThrow" storage="/users/ewoof/desktop/hpd-os/dotnet/hpd-rag.framework/test/hpd-rag.providers.tests/bin/debug/net9.0/hpd-rag.providers.tests.dll" id="2b77b0e1-6e89-a09d-6ae8-5b5ddf4f6cc3">
      <Execution id="b62ec843-f96f-4c12-85f0-e34bdceee506" />
      <TestMethod codeBase="/Users/ewoof/Desktop/HPD-OS/dotnet/HPD-RAG.Framework/test/HPD-RAG.Providers.Tests/bin/Debug/net9.0/HPD-RAG.Providers.Tests.dll" adapterTypeName="executor://xunit/VsTestRunner3/netcore/" className="HPD.RAG.Providers.Tests.EmbeddingProviders.HuggingFaceEmbeddingProviderTests" name="CreateEmbeddingGenerator_WithValidConfig_DoesNotThrow" />
    </UnitTest>
    <UnitTest name="HPD.RAG.Providers.Tests.EmbeddingProviders.HuggingFaceEmbeddingProviderTests.ModuleInitializer_RegistersProvider" storage="/users/ewoof/desktop/hpd-os/dotnet/hpd-rag.framework/test/hpd-rag.providers.tests/bin/debug/net9.0/hpd-rag.providers.tests.dll" id="eb38e5d6-85bd-1a50-ed4f-5739b0ea0735">
      <Execution id="31e2b0fd-9228-4aa7-b604-b8209026db5d" />
      <TestMethod codeBase="/Users/ewoof/Desktop/HPD-OS/dotnet/HPD-RAG.Framework/test/HPD-RAG.Providers.Tests/bin/Debug/net9.0/HPD-RAG.Providers.Tests.dll" adapterTypeName="executor://xunit/VsTestRunner3/netcore/" className="HPD.RAG.Providers.Tests.EmbeddingProviders.HuggingFaceEmbeddingProviderTests" name="ModuleInitializer_RegistersProvider" />
    </UnitTest>
    <UnitTest name="HPD.RAG.Providers.Tests.EmbeddingProviders.AzureAIEmbeddingProviderTests.ModuleInitializer_RegistersProvider" storage="/users/ewoof/desktop/hpd-os/dotnet/hpd-rag.framework/test/hpd-rag.providers.tests/bin/debug/net9.0/hpd-rag.providers.tests.dll" id="619853fa-b8f3-0ef8-d723-18bbe9c05d68">
      <Execution id="d7e08cd0-ee07-4a3c-85a9-1fd9115c5349" />
      <TestMethod codeBase="/Users/ewoof/Desktop/HPD-OS/dotnet/HPD-RAG.Framework/test/HPD-RAG.Providers.Tests/bin/Debug/net9.0/HPD-RAG.Providers.Tests.dll" adapterTypeName="executor://xunit/VsTestRunner3/netcore/" className="HPD.RAG.Providers.Tests.EmbeddingProviders.AzureAIEmbeddingProviderTests" name="ModuleInitializer_RegistersProvider" />
    </UnitTest>
    <UnitTest name="HPD.RAG.Providers.Tests.EmbeddingProviders.OpenAIEmbeddingProviderTests.ModuleInitializer_RegistersProvider" storage="/users/ewoof/desktop/hpd-os/dotnet/hpd-rag.framework/test/hpd-rag.providers.tests/bin/debug/net9.0/hpd-rag.providers.tests.dll" id="9e9b2b65-597c-1180-33a6-cf797f5796c0">
      <Execution id="85024b46-1b12-4323-bbcd-03d7c3c28311" />
      <TestMethod codeBase="/Users/ewoof/Desktop/HPD-OS/dotnet/HPD-RAG.Framework/test/HPD-RAG.Providers.Tests/bin/Debug/net9.0/HPD-RAG.Providers.Tests.dll" adapterTypeName="executor://xunit/VsTestRunner3/netcore/" className="HPD.RAG.Providers.Tests.EmbeddingProviders.OpenAIEmbeddingProviderTests" name="ModuleInitializer_RegistersProvider" />
    </UnitTest>
    <UnitTest name="HPD.RAG.Providers.Tests.EmbeddingProviders.AzureAIEmbeddingProviderTests.CreateEmbeddingGenerator_MissingEndpoint_Throws" storage="/users/ewoof/desktop/hpd-os/dotnet/hpd-rag.framework/test/hpd-rag.providers.tests/bin/debug/net9.0/hpd-rag.providers.tests.dll" id="a75280f6-4269-f338-704b-2af8bda1fc63">
      <Execution id="9abf07f8-2c85-49ec-8e45-b68d8aa924a7" />
      <TestMethod codeBase="/Users/ewoof/Desktop/HPD-OS/dotnet/HPD-RAG.Framework/test/HPD-RAG.Providers.Tests/bin/Debug/net9.0/HPD-RAG.Providers.Tests.dll" adapterTypeName="executor://xunit/VsTestRunner3/netcore/" className="HPD.RAG.Providers.Tests.EmbeddingProviders.AzureAIEmbeddingProviderTests" name="CreateEmbeddingGenerator_MissingEndpoint_Throws" />
    </UnitTest>
    <UnitTest name="HPD.RAG.Providers.Tests.EmbeddingProviders.OpenAIEmbeddingProviderTests.ProviderKey_IsCorrectString" storage="/users/ewoof/desktop/hpd-os/dotnet/hpd-rag.framework/test/hpd-rag.providers.tests/bin/debug/net9.0/hpd-rag.providers.tests.dll" id="09cb5c20-ecc0-a63a-8bb0-9cd3e0f6ff7d">
      <Execution id="b1f8570c-2a0a-4a9d-8f24-47bb228effdc" />
      <TestMethod codeBase="/Users/ewoof/Desktop/HPD-OS/dotnet/HPD-RAG.Framework/test/HPD-RAG.Providers.Tests/bin/Debug/net9.0/HPD-RAG.Providers.Tests.dll" adapterTypeName="executor://xunit/VsTestRunner3/netcore/" className="HPD.RAG.Providers.Tests.EmbeddingProviders.OpenAIEmbeddingProviderTests" name="ProviderKey_IsCorrectString" />
    </UnitTest>
    <UnitTest name="HPD.RAG.Providers.Tests.EmbeddingProviders.OllamaEmbeddingProviderTests.CreateEmbeddingGenerator_MissingModelName_Throws" storage="/users/ewoof/desktop/hpd-os/dotnet/hpd-rag.framework/test/hpd-rag.providers.tests/bin/debug/net9.0/hpd-rag.providers.tests.dll" id="d2c710c6-8dd5-ed7a-7bf2-0a50a554ec02">
      <Execution id="4a58ff21-c312-46aa-ab21-57a2efed9af5" />
      <TestMethod codeBase="/Users/ewoof/Desktop/HPD-OS/dotnet/HPD-RAG.Framework/test/HPD-RAG.Providers.Tests/bin/Debug/net9.0/HPD-RAG.Providers.Tests.dll" adapterTypeName="executor://xunit/VsTestRunner3/netcore/" className="HPD.RAG.Providers.Tests.EmbeddingProviders.OllamaEmbeddingProviderTests" name="CreateEmbeddingGenerator_MissingModelName_Throws" />
    </UnitTest>
    <UnitTest name="HPD.RAG.Providers.Tests.EmbeddingProviders.BedrockEmbeddingProviderTests.CreateEmbeddingGenerator_WithValidConfig_DoesNotThrow" storage="/users/ewoof/desktop/hpd-os/dotnet/hpd-rag.framework/test/hpd-rag.providers.tests/bin/debug/net9.0/hpd-rag.providers.tests.dll" id="10dbf49d-3df6-7f32-2129-a0e608d79d2e">
      <Execution id="f9608c9b-6455-494a-907d-599abc9c8cd1" />
      <TestMethod codeBase="/Users/ewoof/Desktop/HPD-OS/dotnet/HPD-RAG.Framework/test/HPD-RAG.Providers.Tests/bin/Debug/net9.0/HPD-RAG.Providers.Tests.dll" adapterTypeName="executor://xunit/VsTestRunner3/netcore/" className="HPD.RAG.Providers.Tests.EmbeddingProviders.BedrockEmbeddingProviderTests" name="CreateEmbeddingGenerator_WithValidConfig_DoesNotThrow" />
    </UnitTest>
    <UnitTest name="HPD.RAG.Providers.Tests.RerankerProviders.CohereRerankerProviderTests.CreateReranker_WithValidConfig_DoesNotThrow" storage="/users/ewoof/desktop/hpd-os/dotnet/hpd-rag.framework/test/hpd-rag.providers.tests/bin/debug/net9.0/hpd-rag.providers.tests.dll" id="0afc0d67-9148-8caf-0f27-171f2b962f40">
      <Execution id="96b2cf90-adb4-4adc-b38f-ad75ed9438dd" />
      <TestMethod codeBase="/Users/ewoof/Desktop/HPD-OS/dotnet/HPD-RAG.Framework/test/HPD-RAG.Providers.Tests/bin/Debug/net9.0/HPD-RAG.Providers.Tests.dll" adapterTypeName="executor://xunit/VsTestRunner3/netcore/" className="HPD.RAG.Providers.Tests.RerankerProviders.CohereRerankerProviderTests" name="CreateReranker_WithValidConfig_DoesNotThrow" />
    </UnitTest>
    <UnitTest name="HPD.RAG.Providers.Tests.RerankerProviders.FakeRerankerTests.RerankAsync_TrimsToTopN" storage="/users/ewoof/desktop/hpd-os/dotnet/hpd-rag.framework/test/hpd-rag.providers.tests/bin/debug/net9.0/hpd-rag.providers.tests.dll" id="13e01f96-cbf9-d9c5-160f-c613f8ab1b0c">
      <Execution id="dd46b1fd-9463-4b46-9b6a-35143f9f4b47" />
      <TestMethod codeBase="/Users/ewoof/Desktop/HPD-OS/dotnet/HPD-RAG.Framework/test/HPD-RAG.Providers.Tests/bin/Debug/net9.0/HPD-RAG.Providers.Tests.dll" adapterTypeName="executor://xunit/VsTestRunner3/netcore/" className="HPD.RAG.Providers.Tests.RerankerProviders.FakeRerankerTests" name="RerankAsync_TrimsToTopN" />
    </UnitTest>
    <UnitTest name="HPD.RAG.Providers.Tests.EmbeddingProviders.OnnxRuntimeEmbeddingProviderTests.ModuleInitializer_RegistersProvider" storage="/users/ewoof/desktop/hpd-os/dotnet/hpd-rag.framework/test/hpd-rag.providers.tests/bin/debug/net9.0/hpd-rag.providers.tests.dll" id="2acba128-0703-917e-2247-c109da3c9c2c">
      <Execution id="4a02a8a6-3ca6-4d5c-bed8-593d3f1fdb17" />
      <TestMethod codeBase="/Users/ewoof/Desktop/HPD-OS/dotnet/HPD-RAG.Framework/test/HPD-RAG.Providers.Tests/bin/Debug/net9.0/HPD-RAG.Providers.Tests.dll" adapterTypeName="executor://xunit/VsTestRunner3/netcore/" className="HPD.RAG.Providers.Tests.EmbeddingProviders.OnnxRuntimeEmbeddingProviderTests" name="ModuleInitializer_RegistersProvider" />
    </UnitTest>
    <UnitTest name="HPD.RAG.Providers.Tests.RerankerProviders.OnnxRuntimeRerankerProviderTests.ProviderKey_IsCorrectString" storage="/users/ewoof/desktop/hpd-os/dotnet/hpd-rag.framework/test/hpd-rag.providers.tests/bin/debug/net9.0/hpd-rag.providers.tests.dll" id="e5e2447d-a4f3-b563-09de-358d78e1cf3f">
      <Execution id="dd9d7680-97f4-4179-a346-0f8bd875d0fb" />
      <TestMethod codeBase="/Users/ewoof/Desktop/HPD-OS/dotnet/HPD-RAG.Framework/test/HPD-RAG.Providers.Tests/bin/Debug/net9.0/HPD-RAG.Providers.Tests.dll" adapterTypeName="executor://xunit/VsTestRunner3/netcore/" className="HPD.RAG.Providers.Tests.RerankerProviders.OnnxRuntimeRerankerProviderTests" name="ProviderKey_IsCorrectString" />
    </UnitTest>
    <UnitTest name="HPD.RAG.Providers.Tests.RerankerProviders.CohereRerankerProviderTests.ProviderKey_IsCorrectString" storage="/users/ewoof/desktop/hpd-os/dotnet/hpd-rag.framework/test/hpd-rag.providers.tests/bin/debug/net9.0/hpd-rag.providers.tests.dll" id="63883243-38fc-8491-397a-439fc3b0ab39">
      <Execution id="1c0fb5b7-3f4a-44b9-8241-6f24173bead3" />
      <TestMethod codeBase="/Users/ewoof/Desktop/HPD-OS/dotnet/HPD-RAG.Framework/test/HPD-RAG.Providers.Tests/bin/Debug/net9.0/HPD-RAG.Providers.Tests.dll" adapterTypeName="executor://xunit/VsTestRunner3/netcore/" className="HPD.RAG.Providers.Tests.RerankerProviders.CohereRerankerProviderTests" name="ProviderKey_IsCorrectString" />
    </UnitTest>
    <UnitTest name="HPD.RAG.Providers.Tests.GraphStoreProviders.Neo4jGraphStoreProviderTests.ModuleInitializer_RegistersProvider" storage="/users/ewoof/desktop/hpd-os/dotnet/hpd-rag.framework/test/hpd-rag.providers.tests/bin/debug/net9.0/hpd-rag.providers.tests.dll" id="ac3a6c98-592b-08b7-c1a9-cad3e43a905b">
      <Execution id="47e15fd6-c4f0-4a42-8ef5-ed9b2992cffa" />
      <TestMethod codeBase="/Users/ewoof/Desktop/HPD-OS/dotnet/HPD-RAG.Framework/test/HPD-RAG.Providers.Tests/bin/Debug/net9.0/HPD-RAG.Providers.Tests.dll" adapterTypeName="executor://xunit/VsTestRunner3/netcore/" className="HPD.RAG.Providers.Tests.GraphStoreProviders.Neo4jGraphStoreProviderTests" name="ModuleInitializer_RegistersProvider" />
    </UnitTest>
  </TestDefinitions>
  <TestEntries>
    <TestEntry testId="3d9782c1-edd3-d9db-1128-d89702c0597d" executionId="3dfe9b03-4abc-4ade-a56a-6e76a94ae104" testListId="8c84fa94-04c1-424b-9868-57a2d4851a1d" />
    <TestEntry testId="13e01f96-cbf9-d9c5-160f-c613f8ab1b0c" executionId="dd46b1fd-9463-4b46-9b6a-35143f9f4b47" testListId="8c84fa94-04c1-424b-9868-57a2d4851a1d" />
    <TestEntry testId="2b77b0e1-6e89-a09d-6ae8-5b5ddf4f6cc3" executionId="b62ec843-f96f-4c12-85f0-e34bdceee506" testListId="8c84fa94-04c1-424b-9868-57a2d4851a1d" />
    <TestEntry testId="ac3a6c98-592b-08b7-c1a9-cad3e43a905b" executionId="47e15fd6-c4f0-4a42-8ef5-ed9b2992cffa" testListId="8c84fa94-04c1-424b-9868-57a2d4851a1d" />
    <TestEntry testId="53ee4a3d-81b6-652d-0abd-fb389175293f" executionId="59760694-fc6c-4d97-9213-f9c159cda056" testListId="8c84fa94-04c1-424b-9868-57a2d4851a1d" />
    <TestEntry testId="093bc13a-2918-935a-1397-bc349c189fc4" executionId="8b08e0b1-aea3-4b1e-8b79-39fdbfc6a5e3" testListId="8c84fa94-04c1-424b-9868-57a2d4851a1d" />
    <TestEntry testId="d2c710c6-8dd5-ed7a-7bf2-0a50a554ec02" executionId="4a58ff21-c312-46aa-ab21-57a2efed9af5" testListId="8c84fa94-04c1-424b-9868-57a2d4851a1d" />
    <TestEntry testId="202e1c06-e344-cba2-13d6-6c20da56f85a" executionId="cdb44873-fd49-43c9-91a6-8ee98632a2f5" testListId="8c84fa94-04c1-424b-9868-57a2d4851a1d" />
    <TestEntry testId="a75280f6-4269-f338-704b-2af8bda1fc63" executionId="9abf07f8-2c85-49ec-8e45-b68d8aa924a7" testListId="8c84fa94-04c1-424b-9868-57a2d4851a1d" />
    <TestEntry testId="e333dfea-16b0-83a2-4ef1-4584cfa4bbdc" executionId="1a419c10-b688-4661-83d2-c56adb1c2d1b" testListId="8c84fa94-04c1-424b-9868-57a2d4851a1d" />
    <TestEntry testId="c9517cb1-aa46-7bf7-aa0f-82d2bb65cbe3" executionId="e80c8894-64ea-4640-98e4-02b2677c55c1" testListId="8c84fa94-04c1-424b-9868-57a2d4851a1d" />
    <TestEntry testId="e5e2447d-a4f3-b563-09de-358d78e1cf3f" executionId="dd9d7680-97f4-4179-a346-0f8bd875d0fb" testListId="8c84fa94-04c1-424b-9868-57a2d4851a1d" />
    <TestEntry testId="e6964c07-a503-68ed-4bd8-0403ff4151ca" executionId="267589e9-b47f-4f30-a679-282d1e735ffe" testListId="8c84fa94-04c1-424b-9868-57a2d4851a1d" />
    <TestEntry testId="cc4b5a68-2670-8978-a0fa-b9585ad548eb" executionId="e3185dab-21ee-4276-b446-357ae61b6a3f" testListId="8c84fa94-04c1-424b-9868-57a2d4851a1d" />
    <TestEntry testId="2f00bd36-7773-636c-eb3c-3842bde356f7" executionId="db6396db-bab0-43a4-a92b-06d4f0bd277b" testListId="8c84fa94-04c1-424b-9868-57a2d4851a1d" />
    <TestEntry testId="1959f2be-c940-ef2f-97c3-b6542463e433" executionId="0f9bb5dd-c436-4bc0-b519-0314c92f5aa4" testListId="8c84fa94-04c1-424b-9868-57a2d4851a1d" />
    <TestEntry testId="fbc5f589-239e-89f0-a9b8-f852892f4007" executionId="b80a419a-7c3c-4a7d-8055-adf0f9282c71" testListId="8c84fa94-04c1-424b-9868-57a2d4851a1d" />
    <TestEntry testId="09cb5c20-ecc0-a63a-8bb0-9cd3e0f6ff7d" executionId="b1f8570c-2a0a-4a9d-8f24-47bb228effdc" testListId="8c84fa94-04c1-424b-9868-57a2d4851a1d" />
    <TestEntry testId="10dbf49d-3df6-7f32-2129-a0e608d79d2e" executionId="f9608c9b-6455-494a-907d-599abc9c8cd1" testListId="8c84fa94-04c1-424b-9868-57a2d4851a1d" />
    <TestEntry testId="52789af8-17c1-a01c-9978-7866f7aec6fa" executionId="67fca52b-cd83-4dc2-9a39-23dbc6a8eefa" testListId="8c84fa94-04c1-424b-9868-57a2d4851a1d" />
    <TestEntry testId="57ceabfe-88a2-0302-f770-66f4b552f5da" executionId="c81095bd-f84a-4856-802e-039ffb134349" testListId="8c84fa94-04c1-424b-9868-57a2d4851a1d" />
    <TestEntry testId="f1ed4464-29a2-5696-8e51-a01e7179cc78" executionId="fe5529d2-371e-4659-b7a3-2b80294a4487" testListId="8c84fa94-04c1-424b-9868-57a2d4851a1d" />
    <TestEntry testId="9e9b2b65-597c-1180-33a6-cf797f5796c0" executionId="85024b46-1b12-4323-bbcd-03d7c3c28311" testListId="8c84fa94-04c1-424b-9868-57a2d4851a1d" />
    <TestEntry testId="18b5995a-a7d8-69a7-9dd4-bd0fd84ae8a7" executionId="bb0a7859-43f8-4abb-ba26-3758568d83fb" testListId="8c84fa94-04c1-424b-9868-57a2d4851a1d" />
    <TestEntry testId="0ab599b1-0523-215b-4fc3-a215cdde6535" executionId="b31e905b-088e-45b9-941e-029ff1b407b3" testListId="8c84fa94-04c1-424b-9868-57a2d4851a1d" />
    <TestEntry testId="bdccb273-772d-2419-8906-9c6fcb5ee7ef" executionId="8f2cdaa6-897e-48be-a92b-66e06fdee620" testListId="8c84fa94-04c1-424b-9868-57a2d4851a1d" />
    <TestEntry testId="4c1ffc26-c00f-0e1b-7d48-cb4e30bb81a8" executionId="f96d98cb-e44f-49af-add9-a479cfad9077" testListId="8c84fa94-04c1-424b-9868-57a2d4851a1d" />
    <TestEntry testId="fa7fece0-14f1-cd4b-7c7a-6120da66d709" executionId="a8d44317-2f96-42dc-ba20-0d78298f5e2e" testListId="8c84fa94-04c1-424b-9868-57a2d4851a1d" />
    <TestEntry testId="73cad5f1-d418-a5e3-d513-8a658b0a2e70" executionId="e080109e-610e-4640-b497-f83cc372acba" testListId="8c84fa94-04c1-424b-9868-57a2d4851a1d" />
    <TestEntry testId="e6ba3521-9f4a-9d2a-ba4a-f09996618f7c" executionId="ddca5f6e-193f-4898-9678-ade194ea02e5" testListId="8c84fa94-04c1-424b-9868-57a2d4851a1d" />
    <TestEntry testId="f4aa0c9a-a9f5-2f0b-cb9f-7c35ba89780f" executionId="c5150da2-489e-430b-93c3-3a09c6c04ce3" testListId="8c84fa94-04c1-424b-9868-57a2d4851a1d" />
    <TestEntry testId="d439e4ae-9ec0-943d-1161-b359eb62a3a6" executionId="b609313e-d987-4ff8-90f1-9f5c43fa839e" testListId="8c84fa94-04c1-424b-9868-57a2d4851a1d" />
    <TestEntry testId="4bba191b-8379-f623-0be8-d1c439d464eb" executionId="9d9226f2-8a73-415e-ba3a-81cc27e7d0c7" testListId="8c84fa94-04c1-424b-9868-57a2d4851a1d" />
    <TestEntry testId="d8e91819-142a-a0d3-d499-9c7cdf4ae3f4" executionId="55c02925-854f-45b4-a6fb-1f0b034882c5" testListId="8c84fa94-04c1-424b-9868-57a2d4851a1d" />
    <TestEntry testId="29ea76df-33e8-9e00-4ff2-27bad9bfe13d" executionId="ec5fbb82-8beb-43e5-97ef-20b1aa265dfc" testListId="8c84fa94-04c1-424b-9868-57a2d4851a1d" />
    <TestEntry testId="9fb5d8c2-c78e-34b5-4a29-cf4017e7a11c" executionId="7a0e3876-66e1-4338-a973-fb1e2d917744" testListId="8c84fa94-04c1-424b-9868-57a2d4851a1d" />
    <TestEntry testId="9b831109-b886-94c5-399e-f45d893a0975" executionId="477f11e7-8085-4d08-8f7f-0a6b596a5a10" testListId="8c84fa94-04c1-424b-9868-57a2d4851a1d" />
    <TestEntry testId="5a81c797-89ab-ef4b-894a-bf97caec293a" executionId="46b461a0-044d-41fb-99fe-87c5632ceca1" testListId="8c84fa94-04c1-424b-9868-57a2d4851a1d" />
    <TestEntry testId="63883243-38fc-8491-397a-439fc3b0ab39" executionId="1c0fb5b7-3f4a-44b9-8241-6f24173bead3" testListId="8c84fa94-04c1-424b-9868-57a2d4851a1d" />
    <TestEntry testId="0afc0d67-9148-8caf-0f27-171f2b962f40" executionId="96b2cf90-adb4-4adc-b38f-ad75ed9438dd" testListId="8c84fa94-04c1-424b-9868-57a2d4851a1d" />
    <TestEntry testId="eb38e5d6-85bd-1a50-ed4f-5739b0ea0735" executionId="31e2b0fd-9228-4aa7-b604-b8209026db5d" testListId="8c84fa94-04c1-424b-9868-57a2d4851a1d" />
    <TestEntry testId="2acba128-0703-917e-2247-c109da3c9c2c" executionId="4a02a8a6-3ca6-4d5c-bed8-593d3f1fdb17" testListId="8c84fa94-04c1-424b-9868-57a2d4851a1d" />
    <TestEntry testId="b1804c97-af93-f283-f65b-0483521f7ddf" executionId="fae9a681-7952-4eb2-beb6-4debac9ebc70" testListId="8c84fa94-04c1-424b-9868-57a2d4851a1d" />
    <TestEntry testId="c321d301-1a11-9b88-9327-83a49d53f893" executionId="317ef811-5a33-4b65-b88e-58d231e36bbf" testListId="8c84fa94-04c1-424b-9868-57a2d4851a1d" />
    <TestEntry testId="b1199523-8584-8599-68e6-e190b4b78bec" executionId="6a9b72f6-f493-4cd7-b603-5985e8cefca1" testListId="8c84fa94-04c1-424b-9868-57a2d4851a1d" />
    <TestEntry testId="9e151b79-9c44-baef-75df-96e92244e7e1" executionId="0bce6d65-6aa1-4749-ac50-6fadf5ee4efe" testListId="8c84fa94-04c1-424b-9868-57a2d4851a1d" />
    <TestEntry testId="619853fa-b8f3-0ef8-d723-18bbe9c05d68" executionId="d7e08cd0-ee07-4a3c-85a9-1fd9115c5349" testListId="8c84fa94-04c1-424b-9868-57a2d4851a1d" />
  </TestEntries>
  <TestLists>
    <TestList name="Results Not in a List" id="8c84fa94-04c1-424b-9868-57a2d4851a1d" />
    <TestList name="All Loaded Results" id="19431567-8539-422a-85d7-44ee4e166bda" />
  </TestLists>
  <ResultSummary outcome="Completed">
    <Counters total="47" executed="45" passed="45" failed="0" error="0" timeout="0" aborted="0" inconclusive="0" passedButRunAborted="0" notRunnable="0" notExecuted="0" disconnected="0" warning="0" completed="0" inProgress="0" pending="0" />
    <Output>
      <StdOut>[xUnit.net 00:00:00.00] xUnit.net VSTest Adapter v3.1.5+1b188a7b0a (64-bit .NET 9.0.15)
[xUnit.net 00:00:00.04]   Discovering: HPD-RAG.Providers.Tests
[xUnit.net 00:00:00.05]   Discovered:  HPD-RAG.Providers.Tests
[xUnit.net 00:00:00.06]   Starting:    HPD-RAG.Providers.Tests
[xUnit.net 00:00:00.10]       OnnxRuntime reranker validates and loads model files at construction — no fake paths possible
Test 'HPD.RAG.Providers.Tests.RerankerProviders.OnnxRuntimeRerankerProviderTests.CreateReranker_WithValidConfig_DoesNotThrow' was skipped in the test run.
[xUnit.net 00:00:00.12]       OnnxRuntime provider validates that ModelPath and VocabPath exist on disk at construction time — no fake paths possible
Test 'HPD.RAG.Providers.Tests.EmbeddingProviders.OnnxRuntimeEmbeddingProviderTests.CreateEmbeddingGenerator_WithValidConfig_DoesNotThrow' was skipped in the test run.
[xUnit.net 00:00:00.15]   Finished:    HPD-RAG.Providers.Tests
</StdOut>
    </Output>
    <RunInfos>
      <RunInfo computerName="Einsteins-MacBook-Air" outcome="Warning" timestamp="2026-06-30T12:26:47.8628790-05:00">
        <Text>[xUnit.net 00:00:00.10]     HPD.RAG.Providers.Tests.RerankerProviders.OnnxRuntimeRerankerProviderTests.CreateReranker_WithValidConfig_DoesNotThrow [SKIP]</Text>
      </RunInfo>
      <RunInfo computerName="Einsteins-MacBook-Air" outcome="Warning" timestamp="2026-06-30T12:26:47.8667320-05:00">
        <Text>[xUnit.net 00:00:00.12]     HPD.RAG.Providers.Tests.EmbeddingProviders.OnnxRuntimeEmbeddingProviderTests.CreateEmbeddingGenerator_WithValidConfig_DoesNotThrow [SKIP]</Text>
      </RunInfo>
    </RunInfos>
  </ResultSummary>
</TestRun>