<?xml version="1.0" encoding="utf-8"?>
<TestRun id="cde337fa-70cd-48a3-9466-6587cdbcd055" name="@Einsteins-MacBook-Air 2026-06-30 12:26:35" xmlns="http://microsoft.com/schemas/VisualStudio/TeamTest/2010">
  <Times creation="2026-06-30T12:26:35.1631550-05:00" queuing="2026-06-30T12:26:35.1631550-05:00" start="2026-06-30T12:26:34.8604050-05:00" finish="2026-06-30T12:26:35.1772840-05:00" />
  <TestSettings name="default" id="26a20c08-fb70-4514-915f-121925974aa6">
    <Deployment runDeploymentRoot="_Einsteins-MacBook-Air_2026-06-30_12_26_35" />
  </TestSettings>
  <Results>
    <UnitTestResult executionId="55d5b807-3140-430a-8d0d-9fa7808f5ba6" testId="dc9388ac-21bb-6989-936e-1d3bc20ed52e" testName="HPD.ML.LightGBM.Tests.RegressionTreeTests.Predict_DeepTree_TraversesCorrectly" computerName="Einsteins-MacBook-Air" duration="00:00:00.0073490" startTime="2026-06-30T12:26:35.1295140-05:00" endTime="2026-06-30T12:26:35.1521720-05:00" testType="13cdc9d9-ddb5-4fa4-a97d-d965ccfc6d4b" outcome="Passed" testListId="8c84fa94-04c1-424b-9868-57a2d4851a1d" relativeResultsDirectory="55d5b807-3140-430a-8d0d-9fa7808f5ba6" />
    <UnitTestResult executionId="fa4a2ce0-ce4c-4822-bb4c-fd094066dc40" testId="a1c65ad3-f780-4c83-bd19-5705250ea958" testName="HPD.ML.LightGBM.Tests.TreeModelParserTests.Parse_EndOfTrees_StopsProcessing" computerName="Einsteins-MacBook-Air" duration="00:00:00.0001388" startTime="2026-06-30T12:26:35.1550770-05:00" endTime="2026-06-30T12:26:35.1551530-05:00" testType="13cdc9d9-ddb5-4fa4-a97d-d965ccfc6d4b" outcome="Passed" testListId="8c84fa94-04c1-424b-9868-57a2d4851a1d" relativeResultsDirectory="fa4a2ce0-ce4c-4822-bb4c-fd094066dc40" />
    <UnitTestResult executionId="2ec8bbb7-08b2-40bb-b2a4-fc7db02bd2df" testId="72edf1c3-b820-487a-aec3-324f12c7b9f2" testName="HPD.ML.LightGBM.Tests.TreeModelParserTests.Parse_NumClass_ParsesCorrectly" computerName="Einsteins-MacBook-Air" duration="00:00:00.0072890" startTime="2026-06-30T12:26:35.1295310-05:00" endTime="2026-06-30T12:26:35.1518190-05:00" testType="13cdc9d9-ddb5-4fa4-a97d-d965ccfc6d4b" outcome="Passed" testListId="8c84fa94-04c1-424b-9868-57a2d4851a1d" relativeResultsDirectory="2ec8bbb7-08b2-40bb-b2a4-fc7db02bd2df" />
    <UnitTestResult executionId="ba48099c-7fa3-4814-bf12-182a35f8dfdb" testId="11997562-3644-2ba0-82cb-c8dd301bedc8" testName="HPD.ML.LightGBM.Tests.LightGbmExtensionsTests.LightGbmBinaryClassification_SetsObjective" computerName="Einsteins-MacBook-Air" duration="00:00:00.0001908" startTime="2026-06-30T12:26:35.1548140-05:00" endTime="2026-06-30T12:26:35.1550970-05:00" testType="13cdc9d9-ddb5-4fa4-a97d-d965ccfc6d4b" outcome="Passed" testListId="8c84fa94-04c1-424b-9868-57a2d4851a1d" relativeResultsDirectory="ba48099c-7fa3-4814-bf12-182a35f8dfdb" />
    <UnitTestResult executionId="673c2bb0-2d31-4853-b3a0-34b7c0569257" testId="a5bb102a-a861-95df-4b35-99268871c691" testName="HPD.ML.LightGBM.Tests.RegressionTreeTests.Predict_SingleLeafTree_ReturnsBias" computerName="Einsteins-MacBook-Air" duration="00:00:00.0000648" startTime="2026-06-30T12:26:35.1529470-05:00" endTime="2026-06-30T12:26:35.1530270-05:00" testType="13cdc9d9-ddb5-4fa4-a97d-d965ccfc6d4b" outcome="Passed" testListId="8c84fa94-04c1-424b-9868-57a2d4851a1d" relativeResultsDirectory="673c2bb0-2d31-4853-b3a0-34b7c0569257" />
    <UnitTestResult executionId="dcc92f61-7a48-4c23-ab0b-b93fd44f904c" testId="bb580f5a-f27a-1417-6f4b-e58930e494a1" testName="HPD.ML.LightGBM.Tests.TreeEnsembleParametersTests.Constructor_StoresEnsemble" computerName="Einsteins-MacBook-Air" duration="00:00:00.0073247" startTime="2026-06-30T12:26:35.1295740-05:00" endTime="2026-06-30T12:26:35.1517620-05:00" testType="13cdc9d9-ddb5-4fa4-a97d-d965ccfc6d4b" outcome="Passed" testListId="8c84fa94-04c1-424b-9868-57a2d4851a1d" relativeResultsDirectory="dcc92f61-7a48-4c23-ab0b-b93fd44f904c" />
    <UnitTestResult executionId="db41da80-9b49-4e88-8d85-dcedc48dd75d" testId="85187a1b-d0cb-f44d-1bda-7c617b578724" testName="HPD.ML.LightGBM.Tests.LightGbmOptionsTests.ToParameterString_BinaryObjective_CorrectString" computerName="Einsteins-MacBook-Air" duration="00:00:00.0000882" startTime="2026-06-30T12:26:35.1527080-05:00" endTime="2026-06-30T12:26:35.1527560-05:00" testType="13cdc9d9-ddb5-4fa4-a97d-d965ccfc6d4b" outcome="Passed" testListId="8c84fa94-04c1-424b-9868-57a2d4851a1d" relativeResultsDirectory="db41da80-9b49-4e88-8d85-dcedc48dd75d" />
    <UnitTestResult executionId="77296faf-19b0-419e-8fa4-454c5605dce2" testId="cd62858c-a67c-282d-25de-427504e1ea2b" testName="HPD.ML.LightGBM.Tests.TreeModelParserTests.Parse_SingleTree_ExtractsNumLeaves" computerName="Einsteins-MacBook-Air" duration="00:00:00.0005243" startTime="2026-06-30T12:26:35.1542180-05:00" endTime="2026-06-30T12:26:35.1546600-05:00" testType="13cdc9d9-ddb5-4fa4-a97d-d965ccfc6d4b" outcome="Passed" testListId="8c84fa94-04c1-424b-9868-57a2d4851a1d" relativeResultsDirectory="77296faf-19b0-419e-8fa4-454c5605dce2" />
    <UnitTestResult executionId="92076eb8-6cab-4959-abba-14679c80f5fa" testId="98617f58-3bbf-4a7f-568c-d9a3b0745723" testName="HPD.ML.LightGBM.Tests.TreeEnsembleScoringTransformTests.Apply_Binary_SigmoidAndThreshold" computerName="Einsteins-MacBook-Air" duration="00:00:00.0000844" startTime="2026-06-30T12:26:35.1583140-05:00" endTime="2026-06-30T12:26:35.1583280-05:00" testType="13cdc9d9-ddb5-4fa4-a97d-d965ccfc6d4b" outcome="Passed" testListId="8c84fa94-04c1-424b-9868-57a2d4851a1d" relativeResultsDirectory="92076eb8-6cab-4959-abba-14679c80f5fa" />
    <UnitTestResult executionId="b706f4ae-c381-4935-a277-d367ec78c62e" testId="b245c2ef-f4f2-8d1d-f43a-06210a920ec5" testName="HPD.ML.LightGBM.Tests.TreeModelParserTests.Parse_MultipleTrees_ParsesAll" computerName="Einsteins-MacBook-Air" duration="00:00:00.0001950" startTime="2026-06-30T12:26:35.1547010-05:00" endTime="2026-06-30T12:26:35.1548560-05:00" testType="13cdc9d9-ddb5-4fa4-a97d-d965ccfc6d4b" outcome="Passed" testListId="8c84fa94-04c1-424b-9868-57a2d4851a1d" relativeResultsDirectory="b706f4ae-c381-4935-a277-d367ec78c62e" />
    <UnitTestResult executionId="5485e27c-f9c0-4162-98ec-4cf581bf6a37" testId="3ec702ea-be4d-a5d3-25e6-7aee588a3231" testName="HPD.ML.LightGBM.Tests.TreeModelParserTests.Parse_SingleTree_ExtractsThresholds" computerName="Einsteins-MacBook-Air" duration="00:00:00.0000486" startTime="2026-06-30T12:26:35.1552450-05:00" endTime="2026-06-30T12:26:35.1553160-05:00" testType="13cdc9d9-ddb5-4fa4-a97d-d965ccfc6d4b" outcome="Passed" testListId="8c84fa94-04c1-424b-9868-57a2d4851a1d" relativeResultsDirectory="5485e27c-f9c0-4162-98ec-4cf581bf6a37" />
    <UnitTestResult executionId="4bca0a2c-9b2e-4ecc-8c6e-e671a172f553" testId="f95dd860-b079-9f4d-57cf-80014ecdcbe3" testName="HPD.ML.LightGBM.Tests.LightGbmOptionsTests.ToParameterString_Tweedie_IncludesVariancePower" computerName="Einsteins-MacBook-Air" duration="00:00:00.0000685" startTime="2026-06-30T12:26:35.1517390-05:00" endTime="2026-06-30T12:26:35.1519820-05:00" testType="13cdc9d9-ddb5-4fa4-a97d-d965ccfc6d4b" outcome="Passed" testListId="8c84fa94-04c1-424b-9868-57a2d4851a1d" relativeResultsDirectory="4bca0a2c-9b2e-4ecc-8c6e-e671a172f553" />
    <UnitTestResult executionId="55f4e9d4-ae33-4670-8dcd-6904f067d43d" testId="36c58170-567f-53a5-4b52-2cd95e1589c4" testName="HPD.ML.LightGBM.Tests.TreeEnsembleScoringTransformTests.Apply_Regression_ScoresCorrectly" computerName="Einsteins-MacBook-Air" duration="00:00:00.0108467" startTime="2026-06-30T12:26:35.1289200-05:00" endTime="2026-06-30T12:26:35.1553820-05:00" testType="13cdc9d9-ddb5-4fa4-a97d-d965ccfc6d4b" outcome="Passed" testListId="8c84fa94-04c1-424b-9868-57a2d4851a1d" relativeResultsDirectory="55f4e9d4-ae33-4670-8dcd-6904f067d43d" />
    <UnitTestResult executionId="6cebc188-61ae-419a-af0c-43e82e2a13f0" testId="db60c9b2-3c94-03cf-7d5b-d8f749c59727" testName="HPD.ML.LightGBM.Tests.RegressionTreeTests.Predict_CategoricalSplit_NotInSet_GoesRight" computerName="Einsteins-MacBook-Air" duration="00:00:00.0002584" startTime="2026-06-30T12:26:35.1534400-05:00" endTime="2026-06-30T12:26:35.1535810-05:00" testType="13cdc9d9-ddb5-4fa4-a97d-d965ccfc6d4b" outcome="Passed" testListId="8c84fa94-04c1-424b-9868-57a2d4851a1d" relativeResultsDirectory="6cebc188-61ae-419a-af0c-43e82e2a13f0" />
    <UnitTestResult executionId="518c9aba-ee08-4d97-86f1-1811ef82a7ad" testId="e5eb9e1b-749d-3698-7ce3-ca2afc86a43e" testName="HPD.ML.LightGBM.Tests.RegressionTreeTests.Predict_MissingFeature_TreatsAsZero" computerName="Einsteins-MacBook-Air" duration="00:00:00.0000749" startTime="2026-06-30T12:26:35.1528620-05:00" endTime="2026-06-30T12:26:35.1529060-05:00" testType="13cdc9d9-ddb5-4fa4-a97d-d965ccfc6d4b" outcome="Passed" testListId="8c84fa94-04c1-424b-9868-57a2d4851a1d" relativeResultsDirectory="518c9aba-ee08-4d97-86f1-1811ef82a7ad" />
    <UnitTestResult executionId="95cfd6db-4e74-4721-9dcc-c90e82d6c22a" testId="f711232d-78ba-3cf3-224b-ab07b3eed297" testName="HPD.ML.LightGBM.Tests.TreeEnsembleScoringTransformTests.GetOutputSchema_Multiclass_HasScoreVectorAndLabel" computerName="Einsteins-MacBook-Air" duration="00:00:00.0000480" startTime="2026-06-30T12:26:35.1582640-05:00" endTime="2026-06-30T12:26:35.1582790-05:00" testType="13cdc9d9-ddb5-4fa4-a97d-d965ccfc6d4b" outcome="Passed" testListId="8c84fa94-04c1-424b-9868-57a2d4851a1d" relativeResultsDirectory="95cfd6db-4e74-4721-9dcc-c90e82d6c22a" />
    <UnitTestResult executionId="5fa13664-4633-481c-8064-288b1812f631" testId="1654e2db-999a-ff64-56a4-a4ba6ad9a684" testName="HPD.ML.LightGBM.Tests.TreeEnsembleTests.Score_Multiclass_AddsBiasToEachClass" computerName="Einsteins-MacBook-Air" duration="00:00:00.0000753" startTime="2026-06-30T12:26:35.1546430-05:00" endTime="2026-06-30T12:26:35.1547180-05:00" testType="13cdc9d9-ddb5-4fa4-a97d-d965ccfc6d4b" outcome="Passed" testListId="8c84fa94-04c1-424b-9868-57a2d4851a1d" relativeResultsDirectory="5fa13664-4633-481c-8064-288b1812f631" />
    <UnitTestResult executionId="edd81d62-d473-4da2-a0c5-dadb9a988579" testId="108ead23-b328-3f03-29c2-2aea52bd3e02" testName="HPD.ML.LightGBM.Tests.TreeEnsembleParametersTests.Constructor_StoresFeatureImportance" computerName="Einsteins-MacBook-Air" duration="00:00:00.0002440" startTime="2026-06-30T12:26:35.1518300-05:00" endTime="2026-06-30T12:26:35.1527270-05:00" testType="13cdc9d9-ddb5-4fa4-a97d-d965ccfc6d4b" outcome="Passed" testListId="8c84fa94-04c1-424b-9868-57a2d4851a1d" relativeResultsDirectory="edd81d62-d473-4da2-a0c5-dadb9a988579" />
    <UnitTestResult executionId="64c44a79-6f4f-490c-a187-ee0f451db415" testId="6a537828-3fd3-09ed-0f7c-1f6e583eb0e7" testName="HPD.ML.LightGBM.Tests.TreeEnsembleScoringTransformTests.GetOutputSchema_Regression_HasScoreOnly" computerName="Einsteins-MacBook-Air" duration="00:00:00.0000801" startTime="2026-06-30T12:26:35.1577270-05:00" endTime="2026-06-30T12:26:35.1577670-05:00" testType="13cdc9d9-ddb5-4fa4-a97d-d965ccfc6d4b" outcome="Passed" testListId="8c84fa94-04c1-424b-9868-57a2d4851a1d" relativeResultsDirectory="64c44a79-6f4f-490c-a187-ee0f451db415" />
    <UnitTestResult executionId="e69d98a5-55b0-44ee-a2af-d574eb2dbb06" testId="1a66fbf1-b148-f174-30b1-8f8b45f71fd4" testName="HPD.ML.LightGBM.Tests.LightGbmExtensionsTests.LightGbm_DefaultOptions_CreatesLearner" computerName="Einsteins-MacBook-Air" duration="00:00:00.0000960" startTime="2026-06-30T12:26:35.1545800-05:00" endTime="2026-06-30T12:26:35.1547560-05:00" testType="13cdc9d9-ddb5-4fa4-a97d-d965ccfc6d4b" outcome="Passed" testListId="8c84fa94-04c1-424b-9868-57a2d4851a1d" relativeResultsDirectory="e69d98a5-55b0-44ee-a2af-d574eb2dbb06" />
    <UnitTestResult executionId="d711530d-87a0-4dc9-9dbe-7657f41286bd" testId="41416adc-65bc-b793-78f5-fa90acc275ff" testName="HPD.ML.LightGBM.Tests.LightGbmLearnerTests.Constructor_DefaultColumns" computerName="Einsteins-MacBook-Air" duration="00:00:00.0000880" startTime="2026-06-30T12:26:35.1530090-05:00" endTime="2026-06-30T12:26:35.1534590-05:00" testType="13cdc9d9-ddb5-4fa4-a97d-d965ccfc6d4b" outcome="Passed" testListId="8c84fa94-04c1-424b-9868-57a2d4851a1d" relativeResultsDirectory="d711530d-87a0-4dc9-9dbe-7657f41286bd" />
    <UnitTestResult executionId="d60a21b9-284c-4e77-b656-2af5a3faf90b" testId="8d08b6d6-0de4-7ff3-2d04-7b46ce39a6ab" testName="HPD.ML.LightGBM.Tests.LightGbmLearnerTests.Constructor_CustomColumns" computerName="Einsteins-MacBook-Air" duration="00:00:00.0076631" startTime="2026-06-30T12:26:35.1295490-05:00" endTime="2026-06-30T12:26:35.1529600-05:00" testType="13cdc9d9-ddb5-4fa4-a97d-d965ccfc6d4b" outcome="Passed" testListId="8c84fa94-04c1-424b-9868-57a2d4851a1d" relativeResultsDirectory="d60a21b9-284c-4e77-b656-2af5a3faf90b" />
    <UnitTestResult executionId="23f386ba-2393-45a7-b125-4c770aae209b" testId="78c166a2-0343-3181-922c-6b347dfcfa7f" testName="HPD.ML.LightGBM.Tests.TreeEnsembleScoringTransformTests.Apply_Binary_NegativeScore_PredictsFalse" computerName="Einsteins-MacBook-Air" duration="00:00:00.0005719" startTime="2026-06-30T12:26:35.1581650-05:00" endTime="2026-06-30T12:26:35.1581800-05:00" testType="13cdc9d9-ddb5-4fa4-a97d-d965ccfc6d4b" outcome="Passed" testListId="8c84fa94-04c1-424b-9868-57a2d4851a1d" relativeResultsDirectory="23f386ba-2393-45a7-b125-4c770aae209b" />
    <UnitTestResult executionId="b4eb68dc-273a-47e2-8eb3-97718f69d121" testId="9978f340-047d-21dd-69b0-d12879855c1b" testName="HPD.ML.LightGBM.Tests.TreeEnsembleTests.Score_EmptyEnsemble_ReturnsBias" computerName="Einsteins-MacBook-Air" duration="00:00:00.0016336" startTime="2026-06-30T12:26:35.1521530-05:00" endTime="2026-06-30T12:26:35.1542360-05:00" testType="13cdc9d9-ddb5-4fa4-a97d-d965ccfc6d4b" outcome="Passed" testListId="8c84fa94-04c1-424b-9868-57a2d4851a1d" relativeResultsDirectory="b4eb68dc-273a-47e2-8eb3-97718f69d121" />
    <UnitTestResult executionId="b34369d0-ad32-492c-ad07-f9cd6c37ad43" testId="79743430-b2d3-da82-9a92-0cf20c3cefd9" testName="HPD.ML.LightGBM.Tests.RegressionTreeTests.Predict_TwoLeaves_GoesLeft" computerName="Einsteins-MacBook-Air" duration="00:00:00.0000356" startTime="2026-06-30T12:26:35.1536820-05:00" endTime="2026-06-30T12:26:35.1539470-05:00" testType="13cdc9d9-ddb5-4fa4-a97d-d965ccfc6d4b" outcome="Passed" testListId="8c84fa94-04c1-424b-9868-57a2d4851a1d" relativeResultsDirectory="b34369d0-ad32-492c-ad07-f9cd6c37ad43" />
    <UnitTestResult executionId="f5af9a6c-445d-4976-bc48-689f47174a66" testId="bccb8ab4-55bd-b3c1-a85c-39329cb7bc32" testName="HPD.ML.LightGBM.Tests.TreeEnsembleScoringTransformTests.GetOutputSchema_Binary_HasScoreProbabilityLabel" computerName="Einsteins-MacBook-Air" duration="00:00:00.0000455" startTime="2026-06-30T12:26:35.1582140-05:00" endTime="2026-06-30T12:26:35.1582290-05:00" testType="13cdc9d9-ddb5-4fa4-a97d-d965ccfc6d4b" outcome="Passed" testListId="8c84fa94-04c1-424b-9868-57a2d4851a1d" relativeResultsDirectory="f5af9a6c-445d-4976-bc48-689f47174a66" />
    <UnitTestResult executionId="6aff5ec9-cc08-4370-afc7-32197f467a0d" testId="75587ade-ad0d-b1f2-d25b-a2308641297c" testName="HPD.ML.LightGBM.Tests.LightGbmOptionsTests.ToParameterString_Multiclass_IncludesNumClass" computerName="Einsteins-MacBook-Air" duration="00:00:00.0000707" startTime="2026-06-30T12:26:35.1514400-05:00" endTime="2026-06-30T12:26:35.1515990-05:00" testType="13cdc9d9-ddb5-4fa4-a97d-d965ccfc6d4b" outcome="Passed" testListId="8c84fa94-04c1-424b-9868-57a2d4851a1d" relativeResultsDirectory="6aff5ec9-cc08-4370-afc7-32197f467a0d" />
    <UnitTestResult executionId="40736edf-efbf-4c70-9ef1-d643ed375e31" testId="2a3dd978-4bdd-308d-46fb-595c0317058d" testName="HPD.ML.LightGBM.Tests.RegressionTreeTests.Predict_CategoricalSplit_InSet_GoesLeft" computerName="Einsteins-MacBook-Air" duration="00:00:00.0000982" startTime="2026-06-30T12:26:35.1536220-05:00" endTime="2026-06-30T12:26:35.1536390-05:00" testType="13cdc9d9-ddb5-4fa4-a97d-d965ccfc6d4b" outcome="Passed" testListId="8c84fa94-04c1-424b-9868-57a2d4851a1d" relativeResultsDirectory="40736edf-efbf-4c70-9ef1-d643ed375e31" />
    <UnitTestResult executionId="fe32b29e-71af-4054-9c56-0811604b8360" testId="bec0d0a5-12a2-76a1-f395-f2b11d4ec740" testName="HPD.ML.LightGBM.Tests.LightGbmExtensionsTests.LightGbmRegression_SetsObjective" computerName="Einsteins-MacBook-Air" duration="00:00:00.0091818" startTime="2026-06-30T12:26:35.1295590-05:00" endTime="2026-06-30T12:26:35.1545390-05:00" testType="13cdc9d9-ddb5-4fa4-a97d-d965ccfc6d4b" outcome="Passed" testListId="8c84fa94-04c1-424b-9868-57a2d4851a1d" relativeResultsDirectory="fe32b29e-71af-4054-9c56-0811604b8360" />
    <UnitTestResult executionId="aee60c74-454f-4c31-8b59-9dbddd1213fc" testId="49536d7a-2699-301f-8401-ac33e2019bc7" testName="HPD.ML.LightGBM.Tests.TreeEnsembleTests.Score_Regression_NegativeValues" computerName="Einsteins-MacBook-Air" duration="00:00:00.0001070" startTime="2026-06-30T12:26:35.1547720-05:00" endTime="2026-06-30T12:26:35.1548320-05:00" testType="13cdc9d9-ddb5-4fa4-a97d-d965ccfc6d4b" outcome="Passed" testListId="8c84fa94-04c1-424b-9868-57a2d4851a1d" relativeResultsDirectory="aee60c74-454f-4c31-8b59-9dbddd1213fc" />
    <UnitTestResult executionId="05038850-30a4-414f-98ee-8ef3565c8244" testId="62c39882-416a-8636-2567-806ea992386b" testName="HPD.ML.LightGBM.Tests.LightGbmLearnerTests.GetOutputSchema_MatchesObjective" computerName="Einsteins-MacBook-Air" duration="00:00:00.0013309" startTime="2026-06-30T12:26:35.1535020-05:00" endTime="2026-06-30T12:26:35.1545000-05:00" testType="13cdc9d9-ddb5-4fa4-a97d-d965ccfc6d4b" outcome="Passed" testListId="8c84fa94-04c1-424b-9868-57a2d4851a1d" relativeResultsDirectory="05038850-30a4-414f-98ee-8ef3565c8244" />
    <UnitTestResult executionId="ab1c767b-ea60-4d7c-9f07-afbe1d617efe" testId="c6067571-ca64-91c7-1485-6ee247fceaec" testName="HPD.ML.LightGBM.Tests.LightGbmOptionsTests.ToParameterString_InvariantCulture_DecimalDot" computerName="Einsteins-MacBook-Air" duration="00:00:00.0001227" startTime="2026-06-30T12:26:35.1520620-05:00" endTime="2026-06-30T12:26:35.1526610-05:00" testType="13cdc9d9-ddb5-4fa4-a97d-d965ccfc6d4b" outcome="Passed" testListId="8c84fa94-04c1-424b-9868-57a2d4851a1d" relativeResultsDirectory="ab1c767b-ea60-4d7c-9f07-afbe1d617efe" />
    <UnitTestResult executionId="931370e8-c460-4834-869b-8019cdb17395" testId="47640093-fec5-bf6d-73bc-fe0ff14e2813" testName="HPD.ML.LightGBM.Tests.TreeEnsembleScoringTransformTests.Apply_SingleFeatureVector_ScoresCorrectly" computerName="Einsteins-MacBook-Air" duration="00:00:00.0001044" startTime="2026-06-30T12:26:35.1578160-05:00" endTime="2026-06-30T12:26:35.1578330-05:00" testType="13cdc9d9-ddb5-4fa4-a97d-d965ccfc6d4b" outcome="Passed" testListId="8c84fa94-04c1-424b-9868-57a2d4851a1d" relativeResultsDirectory="931370e8-c460-4834-869b-8019cdb17395" />
    <UnitTestResult executionId="33f24aac-20aa-423d-a030-3d3cb2308e44" testId="7a169111-e43d-51a9-0980-e4f55b8fa27b" testName="HPD.ML.LightGBM.Tests.TreeModelParserTests.Parse_CategoricalSplits_ExtractsBitsets" computerName="Einsteins-MacBook-Air" duration="00:00:00.0007708" startTime="2026-06-30T12:26:35.1535630-05:00" endTime="2026-06-30T12:26:35.1541730-05:00" testType="13cdc9d9-ddb5-4fa4-a97d-d965ccfc6d4b" outcome="Passed" testListId="8c84fa94-04c1-424b-9868-57a2d4851a1d" relativeResultsDirectory="33f24aac-20aa-423d-a030-3d3cb2308e44" />
    <UnitTestResult executionId="10b68563-786a-46af-9233-4cd75fd30b28" testId="d3574384-0578-b924-0a28-fe27126ea65e" testName="HPD.ML.LightGBM.Tests.LightGbmExtensionsTests.LightGbmMulticlass_SetsObjectiveAndClasses" computerName="Einsteins-MacBook-Air" duration="00:00:00.0001719" startTime="2026-06-30T12:26:35.1552990-05:00" endTime="2026-06-30T12:26:35.1553480-05:00" testType="13cdc9d9-ddb5-4fa4-a97d-d965ccfc6d4b" outcome="Passed" testListId="8c84fa94-04c1-424b-9868-57a2d4851a1d" relativeResultsDirectory="10b68563-786a-46af-9233-4cd75fd30b28" />
    <UnitTestResult executionId="2fc418a6-5031-4869-8182-2ad24afaaa7b" testId="ccb95f82-9704-4e0d-5b4a-873c8efb6c84" testName="HPD.ML.LightGBM.Tests.LightGbmOptionsTests.ToParameterString_Ranking_IncludesNdcgMetric" computerName="Einsteins-MacBook-Air" duration="00:00:00.0061937" startTime="2026-06-30T12:26:35.1295410-05:00" endTime="2026-06-30T12:26:35.1379650-05:00" testType="13cdc9d9-ddb5-4fa4-a97d-d965ccfc6d4b" outcome="Passed" testListId="8c84fa94-04c1-424b-9868-57a2d4851a1d" relativeResultsDirectory="2fc418a6-5031-4869-8182-2ad24afaaa7b" />
    <UnitTestResult executionId="1d366a3f-7dd4-4d5b-bbf0-c2cf2540e397" testId="fbc75318-91ff-afb5-393e-8fe600aa83cd" testName="HPD.ML.LightGBM.Tests.TreeEnsembleTests.Score_MultipleTrees_SumsAll" computerName="Einsteins-MacBook-Air" duration="00:00:00.0060540" startTime="2026-06-30T12:26:35.1295660-05:00" endTime="2026-06-30T12:26:35.1400950-05:00" testType="13cdc9d9-ddb5-4fa4-a97d-d965ccfc6d4b" outcome="Passed" testListId="8c84fa94-04c1-424b-9868-57a2d4851a1d" relativeResultsDirectory="1d366a3f-7dd4-4d5b-bbf0-c2cf2540e397" />
    <UnitTestResult executionId="236bc46d-e72e-4726-b955-a44246bb92d2" testId="76b58e50-0e6b-0fb6-6e47-7274464ce4da" testName="HPD.ML.LightGBM.Tests.TreeEnsembleScoringTransformTests.Apply_PreservesInputColumns" computerName="Einsteins-MacBook-Air" duration="00:00:00.0013691" startTime="2026-06-30T12:26:35.1581150-05:00" endTime="2026-06-30T12:26:35.1581300-05:00" testType="13cdc9d9-ddb5-4fa4-a97d-d965ccfc6d4b" outcome="Passed" testListId="8c84fa94-04c1-424b-9868-57a2d4851a1d" relativeResultsDirectory="236bc46d-e72e-4726-b955-a44246bb92d2" />
    <UnitTestResult executionId="70ebbfa9-d122-492b-b8b6-7789aedca781" testId="f62f7924-bdb4-ae38-d53c-47d36936abaf" testName="HPD.ML.LightGBM.Tests.TreeModelParserTests.Parse_SingleTree_ExtractsSplitFeatures" computerName="Einsteins-MacBook-Air" duration="00:00:00.0005798" startTime="2026-06-30T12:26:35.1520840-05:00" endTime="2026-06-30T12:26:35.1535200-05:00" testType="13cdc9d9-ddb5-4fa4-a97d-d965ccfc6d4b" outcome="Passed" testListId="8c84fa94-04c1-424b-9868-57a2d4851a1d" relativeResultsDirectory="70ebbfa9-d122-492b-b8b6-7789aedca781" />
    <UnitTestResult executionId="1af132c0-6698-416b-91dd-65457e628632" testId="2441591f-78cb-db5e-ab4a-0e4e3fa9d06a" testName="HPD.ML.LightGBM.Tests.TreeEnsembleScoringTransformTests.Apply_Multiclass_SoftmaxAndArgmax" computerName="Einsteins-MacBook-Air" duration="00:00:00.0015448" startTime="2026-06-30T12:26:35.1580620-05:00" endTime="2026-06-30T12:26:35.1580770-05:00" testType="13cdc9d9-ddb5-4fa4-a97d-d965ccfc6d4b" outcome="Passed" testListId="8c84fa94-04c1-424b-9868-57a2d4851a1d" relativeResultsDirectory="1af132c0-6698-416b-91dd-65457e628632" />
    <UnitTestResult executionId="9a163977-7e9e-4e88-80e0-b9e3eb827af9" testId="b401b520-fbe2-4bcd-645a-bdf77eb9e596" testName="HPD.ML.LightGBM.Tests.LightGbmExtensionsTests.LightGbmRanking_SetsObjective" computerName="Einsteins-MacBook-Air" duration="00:00:00.0001802" startTime="2026-06-30T12:26:35.1551360-05:00" endTime="2026-06-30T12:26:35.1552610-05:00" testType="13cdc9d9-ddb5-4fa4-a97d-d965ccfc6d4b" outcome="Passed" testListId="8c84fa94-04c1-424b-9868-57a2d4851a1d" relativeResultsDirectory="9a163977-7e9e-4e88-80e0-b9e3eb827af9" />
    <UnitTestResult executionId="55c2e21a-b71a-4525-985c-d979bb522469" testId="a7497eef-9f5f-01b6-a6f1-1cc6319deee9" testName="HPD.ML.LightGBM.Tests.LightGbmOptionsTests.ToParameterString_DefaultOptions_ContainsDefaults" computerName="Einsteins-MacBook-Air" duration="00:00:00.0000719" startTime="2026-06-30T12:26:35.1528210-05:00" endTime="2026-06-30T12:26:35.1528800-05:00" testType="13cdc9d9-ddb5-4fa4-a97d-d965ccfc6d4b" outcome="Passed" testListId="8c84fa94-04c1-424b-9868-57a2d4851a1d" relativeResultsDirectory="55c2e21a-b71a-4525-985c-d979bb522469" />
    <UnitTestResult executionId="5641081c-138d-4797-9151-f08f29367e14" testId="fdcab646-b5b0-ae62-e9af-0bd559a4fbd2" testName="HPD.ML.LightGBM.Tests.TreeEnsembleTests.Score_SingleTree_ReturnsBiasPlusTreeValue" computerName="Einsteins-MacBook-Air" duration="00:00:00.0002136" startTime="2026-06-30T12:26:35.1514670-05:00" endTime="2026-06-30T12:26:35.1521030-05:00" testType="13cdc9d9-ddb5-4fa4-a97d-d965ccfc6d4b" outcome="Passed" testListId="8c84fa94-04c1-424b-9868-57a2d4851a1d" relativeResultsDirectory="5641081c-138d-4797-9151-f08f29367e14" />
    <UnitTestResult executionId="21c2ec1f-b840-4f24-9ec0-87d0895e723c" testId="7f964203-a3fd-b604-6b09-f533cb7e25b8" testName="HPD.ML.LightGBM.Tests.RegressionTreeTests.Predict_TwoLeaves_GoesRight" computerName="Einsteins-MacBook-Air" duration="00:00:00.0001615" startTime="2026-06-30T12:26:35.1526410-05:00" endTime="2026-06-30T12:26:35.1527980-05:00" testType="13cdc9d9-ddb5-4fa4-a97d-d965ccfc6d4b" outcome="Passed" testListId="8c84fa94-04c1-424b-9868-57a2d4851a1d" relativeResultsDirectory="21c2ec1f-b840-4f24-9ec0-87d0895e723c" />
    <UnitTestResult executionId="18ce3aa7-1397-47b0-958b-23e1ea09fa51" testId="fd3b496d-682a-87a5-16d1-ea8e9e500f50" testName="HPD.ML.LightGBM.Tests.TreeEnsembleTests.Score_Multiclass_InterleavesTreesByClass" computerName="Einsteins-MacBook-Air" duration="00:00:00.0001474" startTime="2026-06-30T12:26:35.1544820-05:00" endTime="2026-06-30T12:26:35.1545960-05:00" testType="13cdc9d9-ddb5-4fa4-a97d-d965ccfc6d4b" outcome="Passed" testListId="8c84fa94-04c1-424b-9868-57a2d4851a1d" relativeResultsDirectory="18ce3aa7-1397-47b0-958b-23e1ea09fa51" />
    <UnitTestResult executionId="c0007b43-a48b-4505-863e-555cfc7969bf" testId="2f81f60a-c1d0-5f74-c047-d3fa0407ac73" testName="HPD.ML.LightGBM.Tests.TreeModelParserTests.Parse_SingleTree_ExtractsLeafValues" computerName="Einsteins-MacBook-Air" duration="00:00:00.0000838" startTime="2026-06-30T12:26:35.1551920-05:00" endTime="2026-06-30T12:26:35.1552080-05:00" testType="13cdc9d9-ddb5-4fa4-a97d-d965ccfc6d4b" outcome="Passed" testListId="8c84fa94-04c1-424b-9868-57a2d4851a1d" relativeResultsDirectory="c0007b43-a48b-4505-863e-555cfc7969bf" />
  </Results>
  <TestDefinitions>
    <UnitTest name="HPD.ML.LightGBM.Tests.TreeEnsembleTests.Score_MultipleTrees_SumsAll" storage="/users/ewoof/desktop/hpd-os/dotnet/hpd-ml.framework/test/hpd.ml.lightgbm.tests/bin/debug/net10.0/hpd.ml.lightgbm.tests.dll" id="fbc75318-91ff-afb5-393e-8fe600aa83cd">
      <Execution id="1d366a3f-7dd4-4d5b-bbf0-c2cf2540e397" />
      <TestMethod codeBase="/Users/ewoof/Desktop/HPD-OS/dotnet/HPD-ML.Framework/test/HPD.ML.LightGBM.Tests/bin/Debug/net10.0/HPD.ML.LightGBM.Tests.dll" adapterTypeName="executor://xunit/VsTestRunner3/netcore/" className="HPD.ML.LightGBM.Tests.TreeEnsembleTests" name="Score_MultipleTrees_SumsAll" />
    </UnitTest>
    <UnitTest name="HPD.ML.LightGBM.Tests.LightGbmOptionsTests.ToParameterString_Tweedie_IncludesVariancePower" storage="/users/ewoof/desktop/hpd-os/dotnet/hpd-ml.framework/test/hpd.ml.lightgbm.tests/bin/debug/net10.0/hpd.ml.lightgbm.tests.dll" id="f95dd860-b079-9f4d-57cf-80014ecdcbe3">
      <Execution id="4bca0a2c-9b2e-4ecc-8c6e-e671a172f553" />
      <TestMethod codeBase="/Users/ewoof/Desktop/HPD-OS/dotnet/HPD-ML.Framework/test/HPD.ML.LightGBM.Tests/bin/Debug/net10.0/HPD.ML.LightGBM.Tests.dll" adapterTypeName="executor://xunit/VsTestRunner3/netcore/" className="HPD.ML.LightGBM.Tests.LightGbmOptionsTests" name="ToParameterString_Tweedie_IncludesVariancePower" />
    </UnitTest>
    <UnitTest name="HPD.ML.LightGBM.Tests.LightGbmExtensionsTests.LightGbmMulticlass_SetsObjectiveAndClasses" storage="/users/ewoof/desktop/hpd-os/dotnet/hpd-ml.framework/test/hpd.ml.lightgbm.tests/bin/debug/net10.0/hpd.ml.lightgbm.tests.dll" id="d3574384-0578-b924-0a28-fe27126ea65e">
      <Execution id="10b68563-786a-46af-9233-4cd75fd30b28" />
      <TestMethod codeBase="/Users/ewoof/Desktop/HPD-OS/dotnet/HPD-ML.Framework/test/HPD.ML.LightGBM.Tests/bin/Debug/net10.0/HPD.ML.LightGBM.Tests.dll" adapterTypeName="executor://xunit/VsTestRunner3/netcore/" className="HPD.ML.LightGBM.Tests.LightGbmExtensionsTests" name="LightGbmMulticlass_SetsObjectiveAndClasses" />
    </UnitTest>
    <UnitTest name="HPD.ML.LightGBM.Tests.RegressionTreeTests.Predict_TwoLeaves_GoesLeft" storage="/users/ewoof/desktop/hpd-os/dotnet/hpd-ml.framework/test/hpd.ml.lightgbm.tests/bin/debug/net10.0/hpd.ml.lightgbm.tests.dll" id="79743430-b2d3-da82-9a92-0cf20c3cefd9">
      <Execution id="b34369d0-ad32-492c-ad07-f9cd6c37ad43" />
      <TestMethod codeBase="/Users/ewoof/Desktop/HPD-OS/dotnet/HPD-ML.Framework/test/HPD.ML.LightGBM.Tests/bin/Debug/net10.0/HPD.ML.LightGBM.Tests.dll" adapterTypeName="executor://xunit/VsTestRunner3/netcore/" className="HPD.ML.LightGBM.Tests.RegressionTreeTests" name="Predict_TwoLeaves_GoesLeft" />
    </UnitTest>
    <UnitTest name="HPD.ML.LightGBM.Tests.TreeEnsembleScoringTransformTests.Apply_PreservesInputColumns" storage="/users/ewoof/desktop/hpd-os/dotnet/hpd-ml.framework/test/hpd.ml.lightgbm.tests/bin/debug/net10.0/hpd.ml.lightgbm.tests.dll" id="76b58e50-0e6b-0fb6-6e47-7274464ce4da">
      <Execution id="236bc46d-e72e-4726-b955-a44246bb92d2" />
      <TestMethod codeBase="/Users/ewoof/Desktop/HPD-OS/dotnet/HPD-ML.Framework/test/HPD.ML.LightGBM.Tests/bin/Debug/net10.0/HPD.ML.LightGBM.Tests.dll" adapterTypeName="executor://xunit/VsTestRunner3/netcore/" className="HPD.ML.LightGBM.Tests.TreeEnsembleScoringTransformTests" name="Apply_PreservesInputColumns" />
    </UnitTest>
    <UnitTest name="HPD.ML.LightGBM.Tests.LightGbmOptionsTests.ToParameterString_DefaultOptions_ContainsDefaults" storage="/users/ewoof/desktop/hpd-os/dotnet/hpd-ml.framework/test/hpd.ml.lightgbm.tests/bin/debug/net10.0/hpd.ml.lightgbm.tests.dll" id="a7497eef-9f5f-01b6-a6f1-1cc6319deee9">
      <Execution id="55c2e21a-b71a-4525-985c-d979bb522469" />
      <TestMethod codeBase="/Users/ewoof/Desktop/HPD-OS/dotnet/HPD-ML.Framework/test/HPD.ML.LightGBM.Tests/bin/Debug/net10.0/HPD.ML.LightGBM.Tests.dll" adapterTypeName="executor://xunit/VsTestRunner3/netcore/" className="HPD.ML.LightGBM.Tests.LightGbmOptionsTests" name="ToParameterString_DefaultOptions_ContainsDefaults" />
    </UnitTest>
    <UnitTest name="HPD.ML.LightGBM.Tests.LightGbmLearnerTests.Constructor_CustomColumns" storage="/users/ewoof/desktop/hpd-os/dotnet/hpd-ml.framework/test/hpd.ml.lightgbm.tests/bin/debug/net10.0/hpd.ml.lightgbm.tests.dll" id="8d08b6d6-0de4-7ff3-2d04-7b46ce39a6ab">
      <Execution id="d60a21b9-284c-4e77-b656-2af5a3faf90b" />
      <TestMethod codeBase="/Users/ewoof/Desktop/HPD-OS/dotnet/HPD-ML.Framework/test/HPD.ML.LightGBM.Tests/bin/Debug/net10.0/HPD.ML.LightGBM.Tests.dll" adapterTypeName="executor://xunit/VsTestRunner3/netcore/" className="HPD.ML.LightGBM.Tests.LightGbmLearnerTests" name="Constructor_CustomColumns" />
    </UnitTest>
    <UnitTest name="HPD.ML.LightGBM.Tests.RegressionTreeTests.Predict_CategoricalSplit_InSet_GoesLeft" storage="/users/ewoof/desktop/hpd-os/dotnet/hpd-ml.framework/test/hpd.ml.lightgbm.tests/bin/debug/net10.0/hpd.ml.lightgbm.tests.dll" id="2a3dd978-4bdd-308d-46fb-595c0317058d">
      <Execution id="40736edf-efbf-4c70-9ef1-d643ed375e31" />
      <TestMethod codeBase="/Users/ewoof/Desktop/HPD-OS/dotnet/HPD-ML.Framework/test/HPD.ML.LightGBM.Tests/bin/Debug/net10.0/HPD.ML.LightGBM.Tests.dll" adapterTypeName="executor://xunit/VsTestRunner3/netcore/" className="HPD.ML.LightGBM.Tests.RegressionTreeTests" name="Predict_CategoricalSplit_InSet_GoesLeft" />
    </UnitTest>
    <UnitTest name="HPD.ML.LightGBM.Tests.LightGbmLearnerTests.GetOutputSchema_MatchesObjective" storage="/users/ewoof/desktop/hpd-os/dotnet/hpd-ml.framework/test/hpd.ml.lightgbm.tests/bin/debug/net10.0/hpd.ml.lightgbm.tests.dll" id="62c39882-416a-8636-2567-806ea992386b">
      <Execution id="05038850-30a4-414f-98ee-8ef3565c8244" />
      <TestMethod codeBase="/Users/ewoof/Desktop/HPD-OS/dotnet/HPD-ML.Framework/test/HPD.ML.LightGBM.Tests/bin/Debug/net10.0/HPD.ML.LightGBM.Tests.dll" adapterTypeName="executor://xunit/VsTestRunner3/netcore/" className="HPD.ML.LightGBM.Tests.LightGbmLearnerTests" name="GetOutputSchema_MatchesObjective" />
    </UnitTest>
    <UnitTest name="HPD.ML.LightGBM.Tests.TreeEnsembleParametersTests.Constructor_StoresFeatureImportance" storage="/users/ewoof/desktop/hpd-os/dotnet/hpd-ml.framework/test/hpd.ml.lightgbm.tests/bin/debug/net10.0/hpd.ml.lightgbm.tests.dll" id="108ead23-b328-3f03-29c2-2aea52bd3e02">
      <Execution id="edd81d62-d473-4da2-a0c5-dadb9a988579" />
      <TestMethod codeBase="/Users/ewoof/Desktop/HPD-OS/dotnet/HPD-ML.Framework/test/HPD.ML.LightGBM.Tests/bin/Debug/net10.0/HPD.ML.LightGBM.Tests.dll" adapterTypeName="executor://xunit/VsTestRunner3/netcore/" className="HPD.ML.LightGBM.Tests.TreeEnsembleParametersTests" name="Constructor_StoresFeatureImportance" />
    </UnitTest>
    <UnitTest name="HPD.ML.LightGBM.Tests.TreeEnsembleScoringTransformTests.Apply_Regression_ScoresCorrectly" storage="/users/ewoof/desktop/hpd-os/dotnet/hpd-ml.framework/test/hpd.ml.lightgbm.tests/bin/debug/net10.0/hpd.ml.lightgbm.tests.dll" id="36c58170-567f-53a5-4b52-2cd95e1589c4">
      <Execution id="55f4e9d4-ae33-4670-8dcd-6904f067d43d" />
      <TestMethod codeBase="/Users/ewoof/Desktop/HPD-OS/dotnet/HPD-ML.Framework/test/HPD.ML.LightGBM.Tests/bin/Debug/net10.0/HPD.ML.LightGBM.Tests.dll" adapterTypeName="executor://xunit/VsTestRunner3/netcore/" className="HPD.ML.LightGBM.Tests.TreeEnsembleScoringTransformTests" name="Apply_Regression_ScoresCorrectly" />
    </UnitTest>
    <UnitTest name="HPD.ML.LightGBM.Tests.TreeEnsembleTests.Score_EmptyEnsemble_ReturnsBias" storage="/users/ewoof/desktop/hpd-os/dotnet/hpd-ml.framework/test/hpd.ml.lightgbm.tests/bin/debug/net10.0/hpd.ml.lightgbm.tests.dll" id="9978f340-047d-21dd-69b0-d12879855c1b">
      <Execution id="b4eb68dc-273a-47e2-8eb3-97718f69d121" />
      <TestMethod codeBase="/Users/ewoof/Desktop/HPD-OS/dotnet/HPD-ML.Framework/test/HPD.ML.LightGBM.Tests/bin/Debug/net10.0/HPD.ML.LightGBM.Tests.dll" adapterTypeName="executor://xunit/VsTestRunner3/netcore/" className="HPD.ML.LightGBM.Tests.TreeEnsembleTests" name="Score_EmptyEnsemble_ReturnsBias" />
    </UnitTest>
    <UnitTest name="HPD.ML.LightGBM.Tests.LightGbmOptionsTests.ToParameterString_Ranking_IncludesNdcgMetric" storage="/users/ewoof/desktop/hpd-os/dotnet/hpd-ml.framework/test/hpd.ml.lightgbm.tests/bin/debug/net10.0/hpd.ml.lightgbm.tests.dll" id="ccb95f82-9704-4e0d-5b4a-873c8efb6c84">
      <Execution id="2fc418a6-5031-4869-8182-2ad24afaaa7b" />
      <TestMethod codeBase="/Users/ewoof/Desktop/HPD-OS/dotnet/HPD-ML.Framework/test/HPD.ML.LightGBM.Tests/bin/Debug/net10.0/HPD.ML.LightGBM.Tests.dll" adapterTypeName="executor://xunit/VsTestRunner3/netcore/" className="HPD.ML.LightGBM.Tests.LightGbmOptionsTests" name="ToParameterString_Ranking_IncludesNdcgMetric" />
    </UnitTest>
    <UnitTest name="HPD.ML.LightGBM.Tests.TreeModelParserTests.Parse_NumClass_ParsesCorrectly" storage="/users/ewoof/desktop/hpd-os/dotnet/hpd-ml.framework/test/hpd.ml.lightgbm.tests/bin/debug/net10.0/hpd.ml.lightgbm.tests.dll" id="72edf1c3-b820-487a-aec3-324f12c7b9f2">
      <Execution id="2ec8bbb7-08b2-40bb-b2a4-fc7db02bd2df" />
      <TestMethod codeBase="/Users/ewoof/Desktop/HPD-OS/dotnet/HPD-ML.Framework/test/HPD.ML.LightGBM.Tests/bin/Debug/net10.0/HPD.ML.LightGBM.Tests.dll" adapterTypeName="executor://xunit/VsTestRunner3/netcore/" className="HPD.ML.LightGBM.Tests.TreeModelParserTests" name="Parse_NumClass_ParsesCorrectly" />
    </UnitTest>
    <UnitTest name="HPD.ML.LightGBM.Tests.TreeModelParserTests.Parse_SingleTree_ExtractsThresholds" storage="/users/ewoof/desktop/hpd-os/dotnet/hpd-ml.framework/test/hpd.ml.lightgbm.tests/bin/debug/net10.0/hpd.ml.lightgbm.tests.dll" id="3ec702ea-be4d-a5d3-25e6-7aee588a3231">
      <Execution id="5485e27c-f9c0-4162-98ec-4cf581bf6a37" />
      <TestMethod codeBase="/Users/ewoof/Desktop/HPD-OS/dotnet/HPD-ML.Framework/test/HPD.ML.LightGBM.Tests/bin/Debug/net10.0/HPD.ML.LightGBM.Tests.dll" adapterTypeName="executor://xunit/VsTestRunner3/netcore/" className="HPD.ML.LightGBM.Tests.TreeModelParserTests" name="Parse_SingleTree_ExtractsThresholds" />
    </UnitTest>
    <UnitTest name="HPD.ML.LightGBM.Tests.LightGbmExtensionsTests.LightGbmRanking_SetsObjective" storage="/users/ewoof/desktop/hpd-os/dotnet/hpd-ml.framework/test/hpd.ml.lightgbm.tests/bin/debug/net10.0/hpd.ml.lightgbm.tests.dll" id="b401b520-fbe2-4bcd-645a-bdf77eb9e596">
      <Execution id="9a163977-7e9e-4e88-80e0-b9e3eb827af9" />
      <TestMethod codeBase="/Users/ewoof/Desktop/HPD-OS/dotnet/HPD-ML.Framework/test/HPD.ML.LightGBM.Tests/bin/Debug/net10.0/HPD.ML.LightGBM.Tests.dll" adapterTypeName="executor://xunit/VsTestRunner3/netcore/" className="HPD.ML.LightGBM.Tests.LightGbmExtensionsTests" name="LightGbmRanking_SetsObjective" />
    </UnitTest>
    <UnitTest name="HPD.ML.LightGBM.Tests.TreeModelParserTests.Parse_SingleTree_ExtractsSplitFeatures" storage="/users/ewoof/desktop/hpd-os/dotnet/hpd-ml.framework/test/hpd.ml.lightgbm.tests/bin/debug/net10.0/hpd.ml.lightgbm.tests.dll" id="f62f7924-bdb4-ae38-d53c-47d36936abaf">
      <Execution id="70ebbfa9-d122-492b-b8b6-7789aedca781" />
      <TestMethod codeBase="/Users/ewoof/Desktop/HPD-OS/dotnet/HPD-ML.Framework/test/HPD.ML.LightGBM.Tests/bin/Debug/net10.0/HPD.ML.LightGBM.Tests.dll" adapterTypeName="executor://xunit/VsTestRunner3/netcore/" className="HPD.ML.LightGBM.Tests.TreeModelParserTests" name="Parse_SingleTree_ExtractsSplitFeatures" />
    </UnitTest>
    <UnitTest name="HPD.ML.LightGBM.Tests.LightGbmOptionsTests.ToParameterString_InvariantCulture_DecimalDot" storage="/users/ewoof/desktop/hpd-os/dotnet/hpd-ml.framework/test/hpd.ml.lightgbm.tests/bin/debug/net10.0/hpd.ml.lightgbm.tests.dll" id="c6067571-ca64-91c7-1485-6ee247fceaec">
      <Execution id="ab1c767b-ea60-4d7c-9f07-afbe1d617efe" />
      <TestMethod codeBase="/Users/ewoof/Desktop/HPD-OS/dotnet/HPD-ML.Framework/test/HPD.ML.LightGBM.Tests/bin/Debug/net10.0/HPD.ML.LightGBM.Tests.dll" adapterTypeName="executor://xunit/VsTestRunner3/netcore/" className="HPD.ML.LightGBM.Tests.LightGbmOptionsTests" name="ToParameterString_InvariantCulture_DecimalDot" />
    </UnitTest>
    <UnitTest name="HPD.ML.LightGBM.Tests.LightGbmExtensionsTests.LightGbmRegression_SetsObjective" storage="/users/ewoof/desktop/hpd-os/dotnet/hpd-ml.framework/test/hpd.ml.lightgbm.tests/bin/debug/net10.0/hpd.ml.lightgbm.tests.dll" id="bec0d0a5-12a2-76a1-f395-f2b11d4ec740">
      <Execution id="fe32b29e-71af-4054-9c56-0811604b8360" />
      <TestMethod codeBase="/Users/ewoof/Desktop/HPD-OS/dotnet/HPD-ML.Framework/test/HPD.ML.LightGBM.Tests/bin/Debug/net10.0/HPD.ML.LightGBM.Tests.dll" adapterTypeName="executor://xunit/VsTestRunner3/netcore/" className="HPD.ML.LightGBM.Tests.LightGbmExtensionsTests" name="LightGbmRegression_SetsObjective" />
    </UnitTest>
    <UnitTest name="HPD.ML.LightGBM.Tests.RegressionTreeTests.Predict_MissingFeature_TreatsAsZero" storage="/users/ewoof/desktop/hpd-os/dotnet/hpd-ml.framework/test/hpd.ml.lightgbm.tests/bin/debug/net10.0/hpd.ml.lightgbm.tests.dll" id="e5eb9e1b-749d-3698-7ce3-ca2afc86a43e">
      <Execution id="518c9aba-ee08-4d97-86f1-1811ef82a7ad" />
      <TestMethod codeBase="/Users/ewoof/Desktop/HPD-OS/dotnet/HPD-ML.Framework/test/HPD.ML.LightGBM.Tests/bin/Debug/net10.0/HPD.ML.LightGBM.Tests.dll" adapterTypeName="executor://xunit/VsTestRunner3/netcore/" className="HPD.ML.LightGBM.Tests.RegressionTreeTests" name="Predict_MissingFeature_TreatsAsZero" />
    </UnitTest>
    <UnitTest name="HPD.ML.LightGBM.Tests.TreeEnsembleScoringTransformTests.Apply_Binary_NegativeScore_PredictsFalse" storage="/users/ewoof/desktop/hpd-os/dotnet/hpd-ml.framework/test/hpd.ml.lightgbm.tests/bin/debug/net10.0/hpd.ml.lightgbm.tests.dll" id="78c166a2-0343-3181-922c-6b347dfcfa7f">
      <Execution id="23f386ba-2393-45a7-b125-4c770aae209b" />
      <TestMethod codeBase="/Users/ewoof/Desktop/HPD-OS/dotnet/HPD-ML.Framework/test/HPD.ML.LightGBM.Tests/bin/Debug/net10.0/HPD.ML.LightGBM.Tests.dll" adapterTypeName="executor://xunit/VsTestRunner3/netcore/" className="HPD.ML.LightGBM.Tests.TreeEnsembleScoringTransformTests" name="Apply_Binary_NegativeScore_PredictsFalse" />
    </UnitTest>
    <UnitTest name="HPD.ML.LightGBM.Tests.TreeEnsembleScoringTransformTests.GetOutputSchema_Multiclass_HasScoreVectorAndLabel" storage="/users/ewoof/desktop/hpd-os/dotnet/hpd-ml.framework/test/hpd.ml.lightgbm.tests/bin/debug/net10.0/hpd.ml.lightgbm.tests.dll" id="f711232d-78ba-3cf3-224b-ab07b3eed297">
      <Execution id="95cfd6db-4e74-4721-9dcc-c90e82d6c22a" />
      <TestMethod codeBase="/Users/ewoof/Desktop/HPD-OS/dotnet/HPD-ML.Framework/test/HPD.ML.LightGBM.Tests/bin/Debug/net10.0/HPD.ML.LightGBM.Tests.dll" adapterTypeName="executor://xunit/VsTestRunner3/netcore/" className="HPD.ML.LightGBM.Tests.TreeEnsembleScoringTransformTests" name="GetOutputSchema_Multiclass_HasScoreVectorAndLabel" />
    </UnitTest>
    <UnitTest name="HPD.ML.LightGBM.Tests.TreeEnsembleScoringTransformTests.Apply_Multiclass_SoftmaxAndArgmax" storage="/users/ewoof/desktop/hpd-os/dotnet/hpd-ml.framework/test/hpd.ml.lightgbm.tests/bin/debug/net10.0/hpd.ml.lightgbm.tests.dll" id="2441591f-78cb-db5e-ab4a-0e4e3fa9d06a">
      <Execution id="1af132c0-6698-416b-91dd-65457e628632" />
      <TestMethod codeBase="/Users/ewoof/Desktop/HPD-OS/dotnet/HPD-ML.Framework/test/HPD.ML.LightGBM.Tests/bin/Debug/net10.0/HPD.ML.LightGBM.Tests.dll" adapterTypeName="executor://xunit/VsTestRunner3/netcore/" className="HPD.ML.LightGBM.Tests.TreeEnsembleScoringTransformTests" name="Apply_Multiclass_SoftmaxAndArgmax" />
    </UnitTest>
    <UnitTest name="HPD.ML.LightGBM.Tests.TreeEnsembleScoringTransformTests.GetOutputSchema_Regression_HasScoreOnly" storage="/users/ewoof/desktop/hpd-os/dotnet/hpd-ml.framework/test/hpd.ml.lightgbm.tests/bin/debug/net10.0/hpd.ml.lightgbm.tests.dll" id="6a537828-3fd3-09ed-0f7c-1f6e583eb0e7">
      <Execution id="64c44a79-6f4f-490c-a187-ee0f451db415" />
      <TestMethod codeBase="/Users/ewoof/Desktop/HPD-OS/dotnet/HPD-ML.Framework/test/HPD.ML.LightGBM.Tests/bin/Debug/net10.0/HPD.ML.LightGBM.Tests.dll" adapterTypeName="executor://xunit/VsTestRunner3/netcore/" className="HPD.ML.LightGBM.Tests.TreeEnsembleScoringTransformTests" name="GetOutputSchema_Regression_HasScoreOnly" />
    </UnitTest>
    <UnitTest name="HPD.ML.LightGBM.Tests.TreeEnsembleTests.Score_SingleTree_ReturnsBiasPlusTreeValue" storage="/users/ewoof/desktop/hpd-os/dotnet/hpd-ml.framework/test/hpd.ml.lightgbm.tests/bin/debug/net10.0/hpd.ml.lightgbm.tests.dll" id="fdcab646-b5b0-ae62-e9af-0bd559a4fbd2">
      <Execution id="5641081c-138d-4797-9151-f08f29367e14" />
      <TestMethod codeBase="/Users/ewoof/Desktop/HPD-OS/dotnet/HPD-ML.Framework/test/HPD.ML.LightGBM.Tests/bin/Debug/net10.0/HPD.ML.LightGBM.Tests.dll" adapterTypeName="executor://xunit/VsTestRunner3/netcore/" className="HPD.ML.LightGBM.Tests.TreeEnsembleTests" name="Score_SingleTree_ReturnsBiasPlusTreeValue" />
    </UnitTest>
    <UnitTest name="HPD.ML.LightGBM.Tests.RegressionTreeTests.Predict_CategoricalSplit_NotInSet_GoesRight" storage="/users/ewoof/desktop/hpd-os/dotnet/hpd-ml.framework/test/hpd.ml.lightgbm.tests/bin/debug/net10.0/hpd.ml.lightgbm.tests.dll" id="db60c9b2-3c94-03cf-7d5b-d8f749c59727">
      <Execution id="6cebc188-61ae-419a-af0c-43e82e2a13f0" />
      <TestMethod codeBase="/Users/ewoof/Desktop/HPD-OS/dotnet/HPD-ML.Framework/test/HPD.ML.LightGBM.Tests/bin/Debug/net10.0/HPD.ML.LightGBM.Tests.dll" adapterTypeName="executor://xunit/VsTestRunner3/netcore/" className="HPD.ML.LightGBM.Tests.RegressionTreeTests" name="Predict_CategoricalSplit_NotInSet_GoesRight" />
    </UnitTest>
    <UnitTest name="HPD.ML.LightGBM.Tests.TreeEnsembleScoringTransformTests.Apply_Binary_SigmoidAndThreshold" storage="/users/ewoof/desktop/hpd-os/dotnet/hpd-ml.framework/test/hpd.ml.lightgbm.tests/bin/debug/net10.0/hpd.ml.lightgbm.tests.dll" id="98617f58-3bbf-4a7f-568c-d9a3b0745723">
      <Execution id="92076eb8-6cab-4959-abba-14679c80f5fa" />
      <TestMethod codeBase="/Users/ewoof/Desktop/HPD-OS/dotnet/HPD-ML.Framework/test/HPD.ML.LightGBM.Tests/bin/Debug/net10.0/HPD.ML.LightGBM.Tests.dll" adapterTypeName="executor://xunit/VsTestRunner3/netcore/" className="HPD.ML.LightGBM.Tests.TreeEnsembleScoringTransformTests" name="Apply_Binary_SigmoidAndThreshold" />
    </UnitTest>
    <UnitTest name="HPD.ML.LightGBM.Tests.TreeEnsembleTests.Score_Multiclass_AddsBiasToEachClass" storage="/users/ewoof/desktop/hpd-os/dotnet/hpd-ml.framework/test/hpd.ml.lightgbm.tests/bin/debug/net10.0/hpd.ml.lightgbm.tests.dll" id="1654e2db-999a-ff64-56a4-a4ba6ad9a684">
      <Execution id="5fa13664-4633-481c-8064-288b1812f631" />
      <TestMethod codeBase="/Users/ewoof/Desktop/HPD-OS/dotnet/HPD-ML.Framework/test/HPD.ML.LightGBM.Tests/bin/Debug/net10.0/HPD.ML.LightGBM.Tests.dll" adapterTypeName="executor://xunit/VsTestRunner3/netcore/" className="HPD.ML.LightGBM.Tests.TreeEnsembleTests" name="Score_Multiclass_AddsBiasToEachClass" />
    </UnitTest>
    <UnitTest name="HPD.ML.LightGBM.Tests.RegressionTreeTests.Predict_DeepTree_TraversesCorrectly" storage="/users/ewoof/desktop/hpd-os/dotnet/hpd-ml.framework/test/hpd.ml.lightgbm.tests/bin/debug/net10.0/hpd.ml.lightgbm.tests.dll" id="dc9388ac-21bb-6989-936e-1d3bc20ed52e">
      <Execution id="55d5b807-3140-430a-8d0d-9fa7808f5ba6" />
      <TestMethod codeBase="/Users/ewoof/Desktop/HPD-OS/dotnet/HPD-ML.Framework/test/HPD.ML.LightGBM.Tests/bin/Debug/net10.0/HPD.ML.LightGBM.Tests.dll" adapterTypeName="executor://xunit/VsTestRunner3/netcore/" className="HPD.ML.LightGBM.Tests.RegressionTreeTests" name="Predict_DeepTree_TraversesCorrectly" />
    </UnitTest>
    <UnitTest name="HPD.ML.LightGBM.Tests.LightGbmLearnerTests.Constructor_DefaultColumns" storage="/users/ewoof/desktop/hpd-os/dotnet/hpd-ml.framework/test/hpd.ml.lightgbm.tests/bin/debug/net10.0/hpd.ml.lightgbm.tests.dll" id="41416adc-65bc-b793-78f5-fa90acc275ff">
      <Execution id="d711530d-87a0-4dc9-9dbe-7657f41286bd" />
      <TestMethod codeBase="/Users/ewoof/Desktop/HPD-OS/dotnet/HPD-ML.Framework/test/HPD.ML.LightGBM.Tests/bin/Debug/net10.0/HPD.ML.LightGBM.Tests.dll" adapterTypeName="executor://xunit/VsTestRunner3/netcore/" className="HPD.ML.LightGBM.Tests.LightGbmLearnerTests" name="Constructor_DefaultColumns" />
    </UnitTest>
    <UnitTest name="HPD.ML.LightGBM.Tests.LightGbmExtensionsTests.LightGbmBinaryClassification_SetsObjective" storage="/users/ewoof/desktop/hpd-os/dotnet/hpd-ml.framework/test/hpd.ml.lightgbm.tests/bin/debug/net10.0/hpd.ml.lightgbm.tests.dll" id="11997562-3644-2ba0-82cb-c8dd301bedc8">
      <Execution id="ba48099c-7fa3-4814-bf12-182a35f8dfdb" />
      <TestMethod codeBase="/Users/ewoof/Desktop/HPD-OS/dotnet/HPD-ML.Framework/test/HPD.ML.LightGBM.Tests/bin/Debug/net10.0/HPD.ML.LightGBM.Tests.dll" adapterTypeName="executor://xunit/VsTestRunner3/netcore/" className="HPD.ML.LightGBM.Tests.LightGbmExtensionsTests" name="LightGbmBinaryClassification_SetsObjective" />
    </UnitTest>
    <UnitTest name="HPD.ML.LightGBM.Tests.TreeEnsembleScoringTransformTests.Apply_SingleFeatureVector_ScoresCorrectly" storage="/users/ewoof/desktop/hpd-os/dotnet/hpd-ml.framework/test/hpd.ml.lightgbm.tests/bin/debug/net10.0/hpd.ml.lightgbm.tests.dll" id="47640093-fec5-bf6d-73bc-fe0ff14e2813">
      <Execution id="931370e8-c460-4834-869b-8019cdb17395" />
      <TestMethod codeBase="/Users/ewoof/Desktop/HPD-OS/dotnet/HPD-ML.Framework/test/HPD.ML.LightGBM.Tests/bin/Debug/net10.0/HPD.ML.LightGBM.Tests.dll" adapterTypeName="executor://xunit/VsTestRunner3/netcore/" className="HPD.ML.LightGBM.Tests.TreeEnsembleScoringTransformTests" name="Apply_SingleFeatureVector_ScoresCorrectly" />
    </UnitTest>
    <UnitTest name="HPD.ML.LightGBM.Tests.RegressionTreeTests.Predict_SingleLeafTree_ReturnsBias" storage="/users/ewoof/desktop/hpd-os/dotnet/hpd-ml.framework/test/hpd.ml.lightgbm.tests/bin/debug/net10.0/hpd.ml.lightgbm.tests.dll" id="a5bb102a-a861-95df-4b35-99268871c691">
      <Execution id="673c2bb0-2d31-4853-b3a0-34b7c0569257" />
      <TestMethod codeBase="/Users/ewoof/Desktop/HPD-OS/dotnet/HPD-ML.Framework/test/HPD.ML.LightGBM.Tests/bin/Debug/net10.0/HPD.ML.LightGBM.Tests.dll" adapterTypeName="executor://xunit/VsTestRunner3/netcore/" className="HPD.ML.LightGBM.Tests.RegressionTreeTests" name="Predict_SingleLeafTree_ReturnsBias" />
    </UnitTest>
    <UnitTest name="HPD.ML.LightGBM.Tests.LightGbmExtensionsTests.LightGbm_DefaultOptions_CreatesLearner" storage="/users/ewoof/desktop/hpd-os/dotnet/hpd-ml.framework/test/hpd.ml.lightgbm.tests/bin/debug/net10.0/hpd.ml.lightgbm.tests.dll" id="1a66fbf1-b148-f174-30b1-8f8b45f71fd4">
      <Execution id="e69d98a5-55b0-44ee-a2af-d574eb2dbb06" />
      <TestMethod codeBase="/Users/ewoof/Desktop/HPD-OS/dotnet/HPD-ML.Framework/test/HPD.ML.LightGBM.Tests/bin/Debug/net10.0/HPD.ML.LightGBM.Tests.dll" adapterTypeName="executor://xunit/VsTestRunner3/netcore/" className="HPD.ML.LightGBM.Tests.LightGbmExtensionsTests" name="LightGbm_DefaultOptions_CreatesLearner" />
    </UnitTest>
    <UnitTest name="HPD.ML.LightGBM.Tests.LightGbmOptionsTests.ToParameterString_Multiclass_IncludesNumClass" storage="/users/ewoof/desktop/hpd-os/dotnet/hpd-ml.framework/test/hpd.ml.lightgbm.tests/bin/debug/net10.0/hpd.ml.lightgbm.tests.dll" id="75587ade-ad0d-b1f2-d25b-a2308641297c">
      <Execution id="6aff5ec9-cc08-4370-afc7-32197f467a0d" />
      <TestMethod codeBase="/Users/ewoof/Desktop/HPD-OS/dotnet/HPD-ML.Framework/test/HPD.ML.LightGBM.Tests/bin/Debug/net10.0/HPD.ML.LightGBM.Tests.dll" adapterTypeName="executor://xunit/VsTestRunner3/netcore/" className="HPD.ML.LightGBM.Tests.LightGbmOptionsTests" name="ToParameterString_Multiclass_IncludesNumClass" />
    </UnitTest>
    <UnitTest name="HPD.ML.LightGBM.Tests.TreeEnsembleScoringTransformTests.GetOutputSchema_Binary_HasScoreProbabilityLabel" storage="/users/ewoof/desktop/hpd-os/dotnet/hpd-ml.framework/test/hpd.ml.lightgbm.tests/bin/debug/net10.0/hpd.ml.lightgbm.tests.dll" id="bccb8ab4-55bd-b3c1-a85c-39329cb7bc32">
      <Execution id="f5af9a6c-445d-4976-bc48-689f47174a66" />
      <TestMethod codeBase="/Users/ewoof/Desktop/HPD-OS/dotnet/HPD-ML.Framework/test/HPD.ML.LightGBM.Tests/bin/Debug/net10.0/HPD.ML.LightGBM.Tests.dll" adapterTypeName="executor://xunit/VsTestRunner3/netcore/" className="HPD.ML.LightGBM.Tests.TreeEnsembleScoringTransformTests" name="GetOutputSchema_Binary_HasScoreProbabilityLabel" />
    </UnitTest>
    <UnitTest name="HPD.ML.LightGBM.Tests.TreeEnsembleParametersTests.Constructor_StoresEnsemble" storage="/users/ewoof/desktop/hpd-os/dotnet/hpd-ml.framework/test/hpd.ml.lightgbm.tests/bin/debug/net10.0/hpd.ml.lightgbm.tests.dll" id="bb580f5a-f27a-1417-6f4b-e58930e494a1">
      <Execution id="dcc92f61-7a48-4c23-ab0b-b93fd44f904c" />
      <TestMethod codeBase="/Users/ewoof/Desktop/HPD-OS/dotnet/HPD-ML.Framework/test/HPD.ML.LightGBM.Tests/bin/Debug/net10.0/HPD.ML.LightGBM.Tests.dll" adapterTypeName="executor://xunit/VsTestRunner3/netcore/" className="HPD.ML.LightGBM.Tests.TreeEnsembleParametersTests" name="Constructor_StoresEnsemble" />
    </UnitTest>
    <UnitTest name="HPD.ML.LightGBM.Tests.TreeEnsembleTests.Score_Regression_NegativeValues" storage="/users/ewoof/desktop/hpd-os/dotnet/hpd-ml.framework/test/hpd.ml.lightgbm.tests/bin/debug/net10.0/hpd.ml.lightgbm.tests.dll" id="49536d7a-2699-301f-8401-ac33e2019bc7">
      <Execution id="aee60c74-454f-4c31-8b59-9dbddd1213fc" />
      <TestMethod codeBase="/Users/ewoof/Desktop/HPD-OS/dotnet/HPD-ML.Framework/test/HPD.ML.LightGBM.Tests/bin/Debug/net10.0/HPD.ML.LightGBM.Tests.dll" adapterTypeName="executor://xunit/VsTestRunner3/netcore/" className="HPD.ML.LightGBM.Tests.TreeEnsembleTests" name="Score_Regression_NegativeValues" />
    </UnitTest>
    <UnitTest name="HPD.ML.LightGBM.Tests.TreeEnsembleTests.Score_Multiclass_InterleavesTreesByClass" storage="/users/ewoof/desktop/hpd-os/dotnet/hpd-ml.framework/test/hpd.ml.lightgbm.tests/bin/debug/net10.0/hpd.ml.lightgbm.tests.dll" id="fd3b496d-682a-87a5-16d1-ea8e9e500f50">
      <Execution id="18ce3aa7-1397-47b0-958b-23e1ea09fa51" />
      <TestMethod codeBase="/Users/ewoof/Desktop/HPD-OS/dotnet/HPD-ML.Framework/test/HPD.ML.LightGBM.Tests/bin/Debug/net10.0/HPD.ML.LightGBM.Tests.dll" adapterTypeName="executor://xunit/VsTestRunner3/netcore/" className="HPD.ML.LightGBM.Tests.TreeEnsembleTests" name="Score_Multiclass_InterleavesTreesByClass" />
    </UnitTest>
    <UnitTest name="HPD.ML.LightGBM.Tests.TreeModelParserTests.Parse_MultipleTrees_ParsesAll" storage="/users/ewoof/desktop/hpd-os/dotnet/hpd-ml.framework/test/hpd.ml.lightgbm.tests/bin/debug/net10.0/hpd.ml.lightgbm.tests.dll" id="b245c2ef-f4f2-8d1d-f43a-06210a920ec5">
      <Execution id="b706f4ae-c381-4935-a277-d367ec78c62e" />
      <TestMethod codeBase="/Users/ewoof/Desktop/HPD-OS/dotnet/HPD-ML.Framework/test/HPD.ML.LightGBM.Tests/bin/Debug/net10.0/HPD.ML.LightGBM.Tests.dll" adapterTypeName="executor://xunit/VsTestRunner3/netcore/" className="HPD.ML.LightGBM.Tests.TreeModelParserTests" name="Parse_MultipleTrees_ParsesAll" />
    </UnitTest>
    <UnitTest name="HPD.ML.LightGBM.Tests.RegressionTreeTests.Predict_TwoLeaves_GoesRight" storage="/users/ewoof/desktop/hpd-os/dotnet/hpd-ml.framework/test/hpd.ml.lightgbm.tests/bin/debug/net10.0/hpd.ml.lightgbm.tests.dll" id="7f964203-a3fd-b604-6b09-f533cb7e25b8">
      <Execution id="21c2ec1f-b840-4f24-9ec0-87d0895e723c" />
      <TestMethod codeBase="/Users/ewoof/Desktop/HPD-OS/dotnet/HPD-ML.Framework/test/HPD.ML.LightGBM.Tests/bin/Debug/net10.0/HPD.ML.LightGBM.Tests.dll" adapterTypeName="executor://xunit/VsTestRunner3/netcore/" className="HPD.ML.LightGBM.Tests.RegressionTreeTests" name="Predict_TwoLeaves_GoesRight" />
    </UnitTest>
    <UnitTest name="HPD.ML.LightGBM.Tests.TreeModelParserTests.Parse_EndOfTrees_StopsProcessing" storage="/users/ewoof/desktop/hpd-os/dotnet/hpd-ml.framework/test/hpd.ml.lightgbm.tests/bin/debug/net10.0/hpd.ml.lightgbm.tests.dll" id="a1c65ad3-f780-4c83-bd19-5705250ea958">
      <Execution id="fa4a2ce0-ce4c-4822-bb4c-fd094066dc40" />
      <TestMethod codeBase="/Users/ewoof/Desktop/HPD-OS/dotnet/HPD-ML.Framework/test/HPD.ML.LightGBM.Tests/bin/Debug/net10.0/HPD.ML.LightGBM.Tests.dll" adapterTypeName="executor://xunit/VsTestRunner3/netcore/" className="HPD.ML.LightGBM.Tests.TreeModelParserTests" name="Parse_EndOfTrees_StopsProcessing" />
    </UnitTest>
    <UnitTest name="HPD.ML.LightGBM.Tests.LightGbmOptionsTests.ToParameterString_BinaryObjective_CorrectString" storage="/users/ewoof/desktop/hpd-os/dotnet/hpd-ml.framework/test/hpd.ml.lightgbm.tests/bin/debug/net10.0/hpd.ml.lightgbm.tests.dll" id="85187a1b-d0cb-f44d-1bda-7c617b578724">
      <Execution id="db41da80-9b49-4e88-8d85-dcedc48dd75d" />
      <TestMethod codeBase="/Users/ewoof/Desktop/HPD-OS/dotnet/HPD-ML.Framework/test/HPD.ML.LightGBM.Tests/bin/Debug/net10.0/HPD.ML.LightGBM.Tests.dll" adapterTypeName="executor://xunit/VsTestRunner3/netcore/" className="HPD.ML.LightGBM.Tests.LightGbmOptionsTests" name="ToParameterString_BinaryObjective_CorrectString" />
    </UnitTest>
    <UnitTest name="HPD.ML.LightGBM.Tests.TreeModelParserTests.Parse_SingleTree_ExtractsNumLeaves" storage="/users/ewoof/desktop/hpd-os/dotnet/hpd-ml.framework/test/hpd.ml.lightgbm.tests/bin/debug/net10.0/hpd.ml.lightgbm.tests.dll" id="cd62858c-a67c-282d-25de-427504e1ea2b">
      <Execution id="77296faf-19b0-419e-8fa4-454c5605dce2" />
      <TestMethod codeBase="/Users/ewoof/Desktop/HPD-OS/dotnet/HPD-ML.Framework/test/HPD.ML.LightGBM.Tests/bin/Debug/net10.0/HPD.ML.LightGBM.Tests.dll" adapterTypeName="executor://xunit/VsTestRunner3/netcore/" className="HPD.ML.LightGBM.Tests.TreeModelParserTests" name="Parse_SingleTree_ExtractsNumLeaves" />
    </UnitTest>
    <UnitTest name="HPD.ML.LightGBM.Tests.TreeModelParserTests.Parse_CategoricalSplits_ExtractsBitsets" storage="/users/ewoof/desktop/hpd-os/dotnet/hpd-ml.framework/test/hpd.ml.lightgbm.tests/bin/debug/net10.0/hpd.ml.lightgbm.tests.dll" id="7a169111-e43d-51a9-0980-e4f55b8fa27b">
      <Execution id="33f24aac-20aa-423d-a030-3d3cb2308e44" />
      <TestMethod codeBase="/Users/ewoof/Desktop/HPD-OS/dotnet/HPD-ML.Framework/test/HPD.ML.LightGBM.Tests/bin/Debug/net10.0/HPD.ML.LightGBM.Tests.dll" adapterTypeName="executor://xunit/VsTestRunner3/netcore/" className="HPD.ML.LightGBM.Tests.TreeModelParserTests" name="Parse_CategoricalSplits_ExtractsBitsets" />
    </UnitTest>
    <UnitTest name="HPD.ML.LightGBM.Tests.TreeModelParserTests.Parse_SingleTree_ExtractsLeafValues" storage="/users/ewoof/desktop/hpd-os/dotnet/hpd-ml.framework/test/hpd.ml.lightgbm.tests/bin/debug/net10.0/hpd.ml.lightgbm.tests.dll" id="2f81f60a-c1d0-5f74-c047-d3fa0407ac73">
      <Execution id="c0007b43-a48b-4505-863e-555cfc7969bf" />
      <TestMethod codeBase="/Users/ewoof/Desktop/HPD-OS/dotnet/HPD-ML.Framework/test/HPD.ML.LightGBM.Tests/bin/Debug/net10.0/HPD.ML.LightGBM.Tests.dll" adapterTypeName="executor://xunit/VsTestRunner3/netcore/" className="HPD.ML.LightGBM.Tests.TreeModelParserTests" name="Parse_SingleTree_ExtractsLeafValues" />
    </UnitTest>
  </TestDefinitions>
  <TestEntries>
    <TestEntry testId="dc9388ac-21bb-6989-936e-1d3bc20ed52e" executionId="55d5b807-3140-430a-8d0d-9fa7808f5ba6" testListId="8c84fa94-04c1-424b-9868-57a2d4851a1d" />
    <TestEntry testId="a1c65ad3-f780-4c83-bd19-5705250ea958" executionId="fa4a2ce0-ce4c-4822-bb4c-fd094066dc40" testListId="8c84fa94-04c1-424b-9868-57a2d4851a1d" />
    <TestEntry testId="72edf1c3-b820-487a-aec3-324f12c7b9f2" executionId="2ec8bbb7-08b2-40bb-b2a4-fc7db02bd2df" testListId="8c84fa94-04c1-424b-9868-57a2d4851a1d" />
    <TestEntry testId="11997562-3644-2ba0-82cb-c8dd301bedc8" executionId="ba48099c-7fa3-4814-bf12-182a35f8dfdb" testListId="8c84fa94-04c1-424b-9868-57a2d4851a1d" />
    <TestEntry testId="a5bb102a-a861-95df-4b35-99268871c691" executionId="673c2bb0-2d31-4853-b3a0-34b7c0569257" testListId="8c84fa94-04c1-424b-9868-57a2d4851a1d" />
    <TestEntry testId="bb580f5a-f27a-1417-6f4b-e58930e494a1" executionId="dcc92f61-7a48-4c23-ab0b-b93fd44f904c" testListId="8c84fa94-04c1-424b-9868-57a2d4851a1d" />
    <TestEntry testId="85187a1b-d0cb-f44d-1bda-7c617b578724" executionId="db41da80-9b49-4e88-8d85-dcedc48dd75d" testListId="8c84fa94-04c1-424b-9868-57a2d4851a1d" />
    <TestEntry testId="cd62858c-a67c-282d-25de-427504e1ea2b" executionId="77296faf-19b0-419e-8fa4-454c5605dce2" testListId="8c84fa94-04c1-424b-9868-57a2d4851a1d" />
    <TestEntry testId="98617f58-3bbf-4a7f-568c-d9a3b0745723" executionId="92076eb8-6cab-4959-abba-14679c80f5fa" testListId="8c84fa94-04c1-424b-9868-57a2d4851a1d" />
    <TestEntry testId="b245c2ef-f4f2-8d1d-f43a-06210a920ec5" executionId="b706f4ae-c381-4935-a277-d367ec78c62e" testListId="8c84fa94-04c1-424b-9868-57a2d4851a1d" />
    <TestEntry testId="3ec702ea-be4d-a5d3-25e6-7aee588a3231" executionId="5485e27c-f9c0-4162-98ec-4cf581bf6a37" testListId="8c84fa94-04c1-424b-9868-57a2d4851a1d" />
    <TestEntry testId="f95dd860-b079-9f4d-57cf-80014ecdcbe3" executionId="4bca0a2c-9b2e-4ecc-8c6e-e671a172f553" testListId="8c84fa94-04c1-424b-9868-57a2d4851a1d" />
    <TestEntry testId="36c58170-567f-53a5-4b52-2cd95e1589c4" executionId="55f4e9d4-ae33-4670-8dcd-6904f067d43d" testListId="8c84fa94-04c1-424b-9868-57a2d4851a1d" />
    <TestEntry testId="db60c9b2-3c94-03cf-7d5b-d8f749c59727" executionId="6cebc188-61ae-419a-af0c-43e82e2a13f0" testListId="8c84fa94-04c1-424b-9868-57a2d4851a1d" />
    <TestEntry testId="e5eb9e1b-749d-3698-7ce3-ca2afc86a43e" executionId="518c9aba-ee08-4d97-86f1-1811ef82a7ad" testListId="8c84fa94-04c1-424b-9868-57a2d4851a1d" />
    <TestEntry testId="f711232d-78ba-3cf3-224b-ab07b3eed297" executionId="95cfd6db-4e74-4721-9dcc-c90e82d6c22a" testListId="8c84fa94-04c1-424b-9868-57a2d4851a1d" />
    <TestEntry testId="1654e2db-999a-ff64-56a4-a4ba6ad9a684" executionId="5fa13664-4633-481c-8064-288b1812f631" testListId="8c84fa94-04c1-424b-9868-57a2d4851a1d" />
    <TestEntry testId="108ead23-b328-3f03-29c2-2aea52bd3e02" executionId="edd81d62-d473-4da2-a0c5-dadb9a988579" testListId="8c84fa94-04c1-424b-9868-57a2d4851a1d" />
    <TestEntry testId="6a537828-3fd3-09ed-0f7c-1f6e583eb0e7" executionId="64c44a79-6f4f-490c-a187-ee0f451db415" testListId="8c84fa94-04c1-424b-9868-57a2d4851a1d" />
    <TestEntry testId="1a66fbf1-b148-f174-30b1-8f8b45f71fd4" executionId="e69d98a5-55b0-44ee-a2af-d574eb2dbb06" testListId="8c84fa94-04c1-424b-9868-57a2d4851a1d" />
    <TestEntry testId="41416adc-65bc-b793-78f5-fa90acc275ff" executionId="d711530d-87a0-4dc9-9dbe-7657f41286bd" testListId="8c84fa94-04c1-424b-9868-57a2d4851a1d" />
    <TestEntry testId="8d08b6d6-0de4-7ff3-2d04-7b46ce39a6ab" executionId="d60a21b9-284c-4e77-b656-2af5a3faf90b" testListId="8c84fa94-04c1-424b-9868-57a2d4851a1d" />
    <TestEntry testId="78c166a2-0343-3181-922c-6b347dfcfa7f" executionId="23f386ba-2393-45a7-b125-4c770aae209b" testListId="8c84fa94-04c1-424b-9868-57a2d4851a1d" />
    <TestEntry testId="9978f340-047d-21dd-69b0-d12879855c1b" executionId="b4eb68dc-273a-47e2-8eb3-97718f69d121" testListId="8c84fa94-04c1-424b-9868-57a2d4851a1d" />
    <TestEntry testId="79743430-b2d3-da82-9a92-0cf20c3cefd9" executionId="b34369d0-ad32-492c-ad07-f9cd6c37ad43" testListId="8c84fa94-04c1-424b-9868-57a2d4851a1d" />
    <TestEntry testId="bccb8ab4-55bd-b3c1-a85c-39329cb7bc32" executionId="f5af9a6c-445d-4976-bc48-689f47174a66" testListId="8c84fa94-04c1-424b-9868-57a2d4851a1d" />
    <TestEntry testId="75587ade-ad0d-b1f2-d25b-a2308641297c" executionId="6aff5ec9-cc08-4370-afc7-32197f467a0d" testListId="8c84fa94-04c1-424b-9868-57a2d4851a1d" />
    <TestEntry testId="2a3dd978-4bdd-308d-46fb-595c0317058d" executionId="40736edf-efbf-4c70-9ef1-d643ed375e31" testListId="8c84fa94-04c1-424b-9868-57a2d4851a1d" />
    <TestEntry testId="bec0d0a5-12a2-76a1-f395-f2b11d4ec740" executionId="fe32b29e-71af-4054-9c56-0811604b8360" testListId="8c84fa94-04c1-424b-9868-57a2d4851a1d" />
    <TestEntry testId="49536d7a-2699-301f-8401-ac33e2019bc7" executionId="aee60c74-454f-4c31-8b59-9dbddd1213fc" testListId="8c84fa94-04c1-424b-9868-57a2d4851a1d" />
    <TestEntry testId="62c39882-416a-8636-2567-806ea992386b" executionId="05038850-30a4-414f-98ee-8ef3565c8244" testListId="8c84fa94-04c1-424b-9868-57a2d4851a1d" />
    <TestEntry testId="c6067571-ca64-91c7-1485-6ee247fceaec" executionId="ab1c767b-ea60-4d7c-9f07-afbe1d617efe" testListId="8c84fa94-04c1-424b-9868-57a2d4851a1d" />
    <TestEntry testId="47640093-fec5-bf6d-73bc-fe0ff14e2813" executionId="931370e8-c460-4834-869b-8019cdb17395" testListId="8c84fa94-04c1-424b-9868-57a2d4851a1d" />
    <TestEntry testId="7a169111-e43d-51a9-0980-e4f55b8fa27b" executionId="33f24aac-20aa-423d-a030-3d3cb2308e44" testListId="8c84fa94-04c1-424b-9868-57a2d4851a1d" />
    <TestEntry testId="d3574384-0578-b924-0a28-fe27126ea65e" executionId="10b68563-786a-46af-9233-4cd75fd30b28" testListId="8c84fa94-04c1-424b-9868-57a2d4851a1d" />
    <TestEntry testId="ccb95f82-9704-4e0d-5b4a-873c8efb6c84" executionId="2fc418a6-5031-4869-8182-2ad24afaaa7b" testListId="8c84fa94-04c1-424b-9868-57a2d4851a1d" />
    <TestEntry testId="fbc75318-91ff-afb5-393e-8fe600aa83cd" executionId="1d366a3f-7dd4-4d5b-bbf0-c2cf2540e397" testListId="8c84fa94-04c1-424b-9868-57a2d4851a1d" />
    <TestEntry testId="76b58e50-0e6b-0fb6-6e47-7274464ce4da" executionId="236bc46d-e72e-4726-b955-a44246bb92d2" testListId="8c84fa94-04c1-424b-9868-57a2d4851a1d" />
    <TestEntry testId="f62f7924-bdb4-ae38-d53c-47d36936abaf" executionId="70ebbfa9-d122-492b-b8b6-7789aedca781" testListId="8c84fa94-04c1-424b-9868-57a2d4851a1d" />
    <TestEntry testId="2441591f-78cb-db5e-ab4a-0e4e3fa9d06a" executionId="1af132c0-6698-416b-91dd-65457e628632" testListId="8c84fa94-04c1-424b-9868-57a2d4851a1d" />
    <TestEntry testId="b401b520-fbe2-4bcd-645a-bdf77eb9e596" executionId="9a163977-7e9e-4e88-80e0-b9e3eb827af9" testListId="8c84fa94-04c1-424b-9868-57a2d4851a1d" />
    <TestEntry testId="a7497eef-9f5f-01b6-a6f1-1cc6319deee9" executionId="55c2e21a-b71a-4525-985c-d979bb522469" testListId="8c84fa94-04c1-424b-9868-57a2d4851a1d" />
    <TestEntry testId="fdcab646-b5b0-ae62-e9af-0bd559a4fbd2" executionId="5641081c-138d-4797-9151-f08f29367e14" testListId="8c84fa94-04c1-424b-9868-57a2d4851a1d" />
    <TestEntry testId="7f964203-a3fd-b604-6b09-f533cb7e25b8" executionId="21c2ec1f-b840-4f24-9ec0-87d0895e723c" testListId="8c84fa94-04c1-424b-9868-57a2d4851a1d" />
    <TestEntry testId="fd3b496d-682a-87a5-16d1-ea8e9e500f50" executionId="18ce3aa7-1397-47b0-958b-23e1ea09fa51" testListId="8c84fa94-04c1-424b-9868-57a2d4851a1d" />
    <TestEntry testId="2f81f60a-c1d0-5f74-c047-d3fa0407ac73" executionId="c0007b43-a48b-4505-863e-555cfc7969bf" testListId="8c84fa94-04c1-424b-9868-57a2d4851a1d" />
  </TestEntries>
  <TestLists>
    <TestList name="Results Not in a List" id="8c84fa94-04c1-424b-9868-57a2d4851a1d" />
    <TestList name="All Loaded Results" id="19431567-8539-422a-85d7-44ee4e166bda" />
  </TestLists>
  <ResultSummary outcome="Completed">
    <Counters total="46" executed="46" passed="46" failed="0" error="0" timeout="0" aborted="0" inconclusive="0" passedButRunAborted="0" notRunnable="0" notExecuted="0" disconnected="0" warning="0" completed="0" inProgress="0" pending="0" />
    <Output>
      <StdOut>[xUnit.net 00:00:00.00] xUnit.net VSTest Adapter v3.1.5+1b188a7b0a (64-bit .NET 10.0.9)
[xUnit.net 00:00:00.03]   Discovering: HPD.ML.LightGBM.Tests
[xUnit.net 00:00:00.05]   Discovered:  HPD.ML.LightGBM.Tests
[xUnit.net 00:00:00.06]   Starting:    HPD.ML.LightGBM.Tests
[xUnit.net 00:00:00.09]   Finished:    HPD.ML.LightGBM.Tests
</StdOut>
    </Output>
  </ResultSummary>
</TestRun>