<?xml version="1.0" encoding="utf-8"?>
<TestRun id="3f456e9e-8d49-4dce-a37e-daba830466af" name="@Einsteins-MacBook-Air 2026-06-30 12:26:45" xmlns="http://microsoft.com/schemas/VisualStudio/TeamTest/2010">
  <Times creation="2026-06-30T12:26:45.4496310-05:00" queuing="2026-06-30T12:26:45.4496310-05:00" start="2026-06-30T12:26:45.1182930-05:00" finish="2026-06-30T12:26:45.4791460-05:00" />
  <TestSettings name="default" id="3cc88acf-253e-4825-a777-f5ce2919ee1b">
    <Deployment runDeploymentRoot="_Einsteins-MacBook-Air_2026-06-30_12_26_45" />
  </TestSettings>
  <Results>
    <UnitTestResult executionId="df69e5d7-aaa6-485e-b84d-f3fbe4a965e2" testId="8cb20d1d-4ac1-f9fe-f498-e3c240ce8fab" testName="HPD.RAG.Core.Tests.FilterAstTests.MragFilter_Or_ProducesChildrenArray" computerName="Einsteins-MacBook-Air" duration="00:00:00.0000496" startTime="2026-06-30T12:26:45.4565570-05:00" endTime="2026-06-30T12:26:45.4565850-05:00" testType="13cdc9d9-ddb5-4fa4-a97d-d965ccfc6d4b" outcome="Passed" testListId="8c84fa94-04c1-424b-9868-57a2d4851a1d" relativeResultsDirectory="df69e5d7-aaa6-485e-b84d-f3fbe4a965e2" />
    <UnitTestResult executionId="3b83df31-9fd3-4fba-8d4f-90e771ed37c6" testId="e35d7b5b-e4b3-874b-16e6-dcbbe5610d60" testName="HPD.RAG.Core.Tests.DtoTests.MragChunkDto_NullMetadata_SerializesCleanly" computerName="Einsteins-MacBook-Air" duration="00:00:00.0000418" startTime="2026-06-30T12:26:45.4599360-05:00" endTime="2026-06-30T12:26:45.4599530-05:00" testType="13cdc9d9-ddb5-4fa4-a97d-d965ccfc6d4b" outcome="Passed" testListId="8c84fa94-04c1-424b-9868-57a2d4851a1d" relativeResultsDirectory="3b83df31-9fd3-4fba-8d4f-90e771ed37c6" />
    <UnitTestResult executionId="2e579c02-4e7a-4776-a886-aa011dcd7c29" testId="a67dde13-a0d4-c960-6126-c07fdbeaa01d" testName="HPD.RAG.Core.Tests.DtoTests.MragMetricsDto_WithReasonsNull_Serializes" computerName="Einsteins-MacBook-Air" duration="00:00:00.0013328" startTime="2026-06-30T12:26:45.4560530-05:00" endTime="2026-06-30T12:26:45.4573000-05:00" testType="13cdc9d9-ddb5-4fa4-a97d-d965ccfc6d4b" outcome="Passed" testListId="8c84fa94-04c1-424b-9868-57a2d4851a1d" relativeResultsDirectory="2e579c02-4e7a-4776-a886-aa011dcd7c29" />
    <UnitTestResult executionId="60033145-422e-49e7-a172-1ba778d24cc5" testId="972fb116-81f9-4243-fb5f-db81fa933b3e" testName="HPD.RAG.Core.Tests.DtoTests.MragChunkDto_WithMetadata_RoundtripsJsonElement" computerName="Einsteins-MacBook-Air" duration="00:00:00.0045701" startTime="2026-06-30T12:26:45.4509580-05:00" endTime="2026-06-30T12:26:45.4553620-05:00" testType="13cdc9d9-ddb5-4fa4-a97d-d965ccfc6d4b" outcome="Passed" testListId="8c84fa94-04c1-424b-9868-57a2d4851a1d" relativeResultsDirectory="60033145-422e-49e7-a172-1ba778d24cc5" />
    <UnitTestResult executionId="26fa8daf-55e0-4db8-b00a-044ae6646f59" testId="4f4484cc-8be9-e68f-f76c-8b37de740a3e" testName="HPD.RAG.Core.Tests.MragPipelineContextTests.MragPipelineContext_RunTags_IsNullByDefault" computerName="Einsteins-MacBook-Air" duration="00:00:00.0001458" startTime="2026-06-30T12:26:45.4399220-05:00" endTime="2026-06-30T12:26:45.4399600-05:00" testType="13cdc9d9-ddb5-4fa4-a97d-d965ccfc6d4b" outcome="Passed" testListId="8c84fa94-04c1-424b-9868-57a2d4851a1d" relativeResultsDirectory="26fa8daf-55e0-4db8-b00a-044ae6646f59" />
    <UnitTestResult executionId="6093eabe-702a-4446-ba6a-d45dc50bb9dd" testId="55dac475-624b-d761-2987-33a73cf60736" testName="HPD.RAG.Core.Tests.SerializationTests.MragJsonSerializerContext_CamelCasePropertyNaming" computerName="Einsteins-MacBook-Air" duration="00:00:00.0001651" startTime="2026-06-30T12:26:45.4453180-05:00" endTime="2026-06-30T12:26:45.4454440-05:00" testType="13cdc9d9-ddb5-4fa4-a97d-d965ccfc6d4b" outcome="Passed" testListId="8c84fa94-04c1-424b-9868-57a2d4851a1d" relativeResultsDirectory="6093eabe-702a-4446-ba6a-d45dc50bb9dd" />
    <UnitTestResult executionId="72c866b8-3470-41b5-a242-c68cc2ef0bb2" testId="4e9c5622-6901-4d7c-4ebe-c888bc823a71" testName="HPD.RAG.Core.Tests.PipelineOptionsTests.MragErrorPropagation_StopPipeline_IsStop" computerName="Einsteins-MacBook-Air" duration="00:00:00.0007785" startTime="2026-06-30T12:26:45.4373150-05:00" endTime="2026-06-30T12:26:45.4374620-05:00" testType="13cdc9d9-ddb5-4fa4-a97d-d965ccfc6d4b" outcome="Passed" testListId="8c84fa94-04c1-424b-9868-57a2d4851a1d" relativeResultsDirectory="72c866b8-3470-41b5-a242-c68cc2ef0bb2" />
    <UnitTestResult executionId="5bd998b7-4b0e-442b-ae49-0b0195720684" testId="a3e7fd4c-9aee-8584-1aaa-68656eca26d8" testName="HPD.RAG.Core.Tests.FilterAstTests.MragFilter_CompoundNested_RoundtripsThroughJson" computerName="Einsteins-MacBook-Air" duration="00:00:00.0062358" startTime="2026-06-30T12:26:45.4479340-05:00" endTime="2026-06-30T12:26:45.4519370-05:00" testType="13cdc9d9-ddb5-4fa4-a97d-d965ccfc6d4b" outcome="Passed" testListId="8c84fa94-04c1-424b-9868-57a2d4851a1d" relativeResultsDirectory="5bd998b7-4b0e-442b-ae49-0b0195720684" />
    <UnitTestResult executionId="401fe47c-87d4-42f7-aea9-347015309d3c" testId="06344b78-769c-983b-b392-f8444beb5cb9" testName="HPD.RAG.Core.Tests.TierInterfaceTests.MragRouteResult_To_ReturnsCorrectPortAndData" computerName="Einsteins-MacBook-Air" duration="00:00:00.0002081" startTime="2026-06-30T12:26:45.4393420-05:00" endTime="2026-06-30T12:26:45.4393860-05:00" testType="13cdc9d9-ddb5-4fa4-a97d-d965ccfc6d4b" outcome="Passed" testListId="8c84fa94-04c1-424b-9868-57a2d4851a1d" relativeResultsDirectory="401fe47c-87d4-42f7-aea9-347015309d3c" />
    <UnitTestResult executionId="9ac8a702-2026-4ac4-955d-d92e210adad1" testId="2fdf208a-4787-b709-bb9e-3c10f041e178" testName="HPD.RAG.Core.Tests.SerializationTests.MragJsonSerializerContext_SerializesArray_OfChunks" computerName="Einsteins-MacBook-Air" duration="00:00:00.0334376" startTime="2026-06-30T12:26:45.4095900-05:00" endTime="2026-06-30T12:26:45.4452270-05:00" testType="13cdc9d9-ddb5-4fa4-a97d-d965ccfc6d4b" outcome="Passed" testListId="8c84fa94-04c1-424b-9868-57a2d4851a1d" relativeResultsDirectory="9ac8a702-2026-4ac4-955d-d92e210adad1" />
    <UnitTestResult executionId="3fd78dfa-46b6-4972-90f0-cb8f55a8e34d" testId="4337321f-4984-3fbe-1310-3e82a45daa1e" testName="HPD.RAG.Core.Tests.FilterAstTests.MragFilter_And_ProducesChildrenArray" computerName="Einsteins-MacBook-Air" duration="00:00:00.0000639" startTime="2026-06-30T12:26:45.4546940-05:00" endTime="2026-06-30T12:26:45.4547170-05:00" testType="13cdc9d9-ddb5-4fa4-a97d-d965ccfc6d4b" outcome="Passed" testListId="8c84fa94-04c1-424b-9868-57a2d4851a1d" relativeResultsDirectory="3fd78dfa-46b6-4972-90f0-cb8f55a8e34d" />
    <UnitTestResult executionId="102c127b-82ec-4299-8b56-dbbde8a979ab" testId="2e5a10ea-3ca6-935c-6c83-1bd375a56c46" testName="HPD.RAG.Core.Tests.FilterAstTests.MragFilter_AllLeafOps_ProduceCorrectOpStrings(expectedOp: &quot;eq&quot;)" computerName="Einsteins-MacBook-Air" duration="00:00:00.0000077" startTime="2026-06-30T12:26:45.4463140-05:00" endTime="2026-06-30T12:26:45.4463590-05:00" testType="13cdc9d9-ddb5-4fa4-a97d-d965ccfc6d4b" outcome="Passed" testListId="8c84fa94-04c1-424b-9868-57a2d4851a1d" relativeResultsDirectory="102c127b-82ec-4299-8b56-dbbde8a979ab" />
    <UnitTestResult executionId="04529866-7fe9-42bb-a022-4a434a029f53" testId="ea5bbdaa-8b48-8ca1-a610-e607a4525823" testName="HPD.RAG.Core.Tests.DiscoveryRegistryTests.VectorStoreDiscovery_RegisteredProviders_ContainsRegisteredKey" computerName="Einsteins-MacBook-Air" duration="00:00:00.0021243" startTime="2026-06-30T12:26:45.4370450-05:00" endTime="2026-06-30T12:26:45.4373360-05:00" testType="13cdc9d9-ddb5-4fa4-a97d-d965ccfc6d4b" outcome="Passed" testListId="8c84fa94-04c1-424b-9868-57a2d4851a1d" relativeResultsDirectory="04529866-7fe9-42bb-a022-4a434a029f53" />
    <UnitTestResult executionId="4db96ed4-6fdc-46df-8a0c-edeeb0dfec7d" testId="399f5189-de90-52e4-4ecc-90b76160ff2c" testName="HPD.RAG.Core.Tests.ConfigTests.VectorStoreConfig_GetTypedConfig_UsesProviderOptionsObject" computerName="Einsteins-MacBook-Air" duration="00:00:00.0002215" startTime="2026-06-30T12:26:45.4451870-05:00" endTime="2026-06-30T12:26:45.4455740-05:00" testType="13cdc9d9-ddb5-4fa4-a97d-d965ccfc6d4b" outcome="Passed" testListId="8c84fa94-04c1-424b-9868-57a2d4851a1d" relativeResultsDirectory="4db96ed4-6fdc-46df-8a0c-edeeb0dfec7d" />
    <UnitTestResult executionId="8bb97f0e-5ff0-4826-b463-5e13a83e50fe" testId="81ca8659-16a0-fcf4-04df-d02dc211032b" testName="HPD.RAG.Core.Tests.MragProcessingContextTests.MragProcessingContext_ExposesCorrectProperties" computerName="Einsteins-MacBook-Air" duration="00:00:00.0149445" startTime="2026-06-30T12:26:45.4209200-05:00" endTime="2026-06-30T12:26:45.4395170-05:00" testType="13cdc9d9-ddb5-4fa4-a97d-d965ccfc6d4b" outcome="Passed" testListId="8c84fa94-04c1-424b-9868-57a2d4851a1d" relativeResultsDirectory="8bb97f0e-5ff0-4826-b463-5e13a83e50fe" />
    <UnitTestResult executionId="3b421da0-1b5f-4672-9df1-a0954a94eff1" testId="fa973848-56a5-f852-b062-bf001ba90378" testName="HPD.RAG.Core.Tests.ConfigTests.EmbeddingConfig_GetTypedConfig_ReturnsNull_WhenNotRegistered" computerName="Einsteins-MacBook-Air" duration="00:00:00.0006853" startTime="2026-06-30T12:26:45.4439730-05:00" endTime="2026-06-30T12:26:45.4450910-05:00" testType="13cdc9d9-ddb5-4fa4-a97d-d965ccfc6d4b" outcome="Passed" testListId="8c84fa94-04c1-424b-9868-57a2d4851a1d" relativeResultsDirectory="3b421da0-1b5f-4672-9df1-a0954a94eff1" />
    <UnitTestResult executionId="5c7037d4-98db-4557-a128-d551790fc23b" testId="d14937bf-c5b6-f9ef-53aa-558767eb3a22" testName="HPD.RAG.Core.Tests.DiscoveryRegistryTests.RerankerDiscovery_RegisterAndGet_ReturnsCorrectFeatures" computerName="Einsteins-MacBook-Air" duration="00:00:00.0003035" startTime="2026-06-30T12:26:45.4373830-05:00" endTime="2026-06-30T12:26:45.4374010-05:00" testType="13cdc9d9-ddb5-4fa4-a97d-d965ccfc6d4b" outcome="Passed" testListId="8c84fa94-04c1-424b-9868-57a2d4851a1d" relativeResultsDirectory="5c7037d4-98db-4557-a128-d551790fc23b" />
    <UnitTestResult executionId="0b3dacdb-520d-4fbf-8312-dad27463e5a4" testId="611b8ea0-33de-07a3-27a4-19291cc54928" testName="HPD.RAG.Core.Tests.MragPipelineContextTests.MragPipelineContext_CreateIsolatedCopy_PreservesRunTags" computerName="Einsteins-MacBook-Air" duration="00:00:00.0000797" startTime="2026-06-30T12:26:45.4407160-05:00" endTime="2026-06-30T12:26:45.4407600-05:00" testType="13cdc9d9-ddb5-4fa4-a97d-d965ccfc6d4b" outcome="Passed" testListId="8c84fa94-04c1-424b-9868-57a2d4851a1d" relativeResultsDirectory="0b3dacdb-520d-4fbf-8312-dad27463e5a4" />
    <UnitTestResult executionId="a0a13288-7d27-4d0a-b81d-1da47e791d01" testId="c369f2ef-1b31-f9e4-0e7b-0293361a4be3" testName="HPD.RAG.Core.Tests.FilterAstTests.MragFilter_Eq_Double_RoundtripsValue" computerName="Einsteins-MacBook-Air" duration="00:00:00.0001604" startTime="2026-06-30T12:26:45.4569220-05:00" endTime="2026-06-30T12:26:45.4570590-05:00" testType="13cdc9d9-ddb5-4fa4-a97d-d965ccfc6d4b" outcome="Passed" testListId="8c84fa94-04c1-424b-9868-57a2d4851a1d" relativeResultsDirectory="a0a13288-7d27-4d0a-b81d-1da47e791d01" />
    <UnitTestResult executionId="52b909f3-18a1-49b8-87e9-d9990186bf1b" testId="b22078cd-4c22-ace1-2f58-5ad41ba72b1b" testName="HPD.RAG.Core.Tests.FilterAstTests.MragFilterNode_Roundtrips_ThroughMragJsonSerializerContext" computerName="Einsteins-MacBook-Air" duration="00:00:00.0002234" startTime="2026-06-30T12:26:45.4567110-05:00" endTime="2026-06-30T12:26:45.4567290-05:00" testType="13cdc9d9-ddb5-4fa4-a97d-d965ccfc6d4b" outcome="Passed" testListId="8c84fa94-04c1-424b-9868-57a2d4851a1d" relativeResultsDirectory="52b909f3-18a1-49b8-87e9-d9990186bf1b" />
    <UnitTestResult executionId="394df2cf-3845-4952-a976-abe44dbf0440" testId="14727ece-71c0-38ae-393c-3687143b9121" testName="HPD.RAG.Core.Tests.FilterAstTests.MragFilter_AllLeafOps_ProduceCorrectOpStrings(expectedOp: &quot;neq&quot;)" computerName="Einsteins-MacBook-Air" duration="00:00:00.0000525" startTime="2026-06-30T12:26:45.4470860-05:00" endTime="2026-06-30T12:26:45.4471220-05:00" testType="13cdc9d9-ddb5-4fa4-a97d-d965ccfc6d4b" outcome="Passed" testListId="8c84fa94-04c1-424b-9868-57a2d4851a1d" relativeResultsDirectory="394df2cf-3845-4952-a976-abe44dbf0440" />
    <UnitTestResult executionId="0355537b-b241-42c4-a3d7-562fcf0428b1" testId="76420a19-f999-a84f-a779-b0b9a677f9d6" testName="HPD.RAG.Core.Tests.SerializationTests.MragJsonSerializerContext_SerializesJaggedArray_OfChunks" computerName="Einsteins-MacBook-Air" duration="00:00:00.0005729" startTime="2026-06-30T12:26:45.4455350-05:00" endTime="2026-06-30T12:26:45.4465300-05:00" testType="13cdc9d9-ddb5-4fa4-a97d-d965ccfc6d4b" outcome="Passed" testListId="8c84fa94-04c1-424b-9868-57a2d4851a1d" relativeResultsDirectory="0355537b-b241-42c4-a3d7-562fcf0428b1" />
    <UnitTestResult executionId="bf64b058-32f7-4078-905a-0f6401cc1cb9" testId="675a5aa7-94c7-6617-ee04-0fc0c4793edf" testName="HPD.RAG.Core.Tests.FilterAstTests.MragFilter_Eq_CanonicalJson_IsStableAcrossTwoCalls" computerName="Einsteins-MacBook-Air" duration="00:00:00.0000434" startTime="2026-06-30T12:26:45.4566480-05:00" endTime="2026-06-30T12:26:45.4566660-05:00" testType="13cdc9d9-ddb5-4fa4-a97d-d965ccfc6d4b" outcome="Passed" testListId="8c84fa94-04c1-424b-9868-57a2d4851a1d" relativeResultsDirectory="bf64b058-32f7-4078-905a-0f6401cc1cb9" />
    <UnitTestResult executionId="973c4110-222d-43b9-8afe-af9541c5c0ca" testId="864bf676-7edc-2b17-fc25-8e1fd44b3832" testName="HPD.RAG.Core.Tests.FilterAstTests.MragFilter_Eq_DateTimeOffset_SerializesAsIso8601" computerName="Einsteins-MacBook-Air" duration="00:00:00.0014396" startTime="2026-06-30T12:26:45.4547670-05:00" endTime="2026-06-30T12:26:45.4560980-05:00" testType="13cdc9d9-ddb5-4fa4-a97d-d965ccfc6d4b" outcome="Passed" testListId="8c84fa94-04c1-424b-9868-57a2d4851a1d" relativeResultsDirectory="973c4110-222d-43b9-8afe-af9541c5c0ca" />
    <UnitTestResult executionId="5b73c2ea-3e0b-400b-89b6-1503b0760bb1" testId="c7b67327-02bc-d251-b565-6ad98394f610" testName="HPD.RAG.Core.Tests.DiscoveryRegistryTests.VectorStoreDiscovery_GetTypedConfig_ReturnsNull_WhenNoOptionsJson" computerName="Einsteins-MacBook-Air" duration="00:00:00.0000254" startTime="2026-06-30T12:26:45.4447860-05:00" endTime="2026-06-30T12:26:45.4448290-05:00" testType="13cdc9d9-ddb5-4fa4-a97d-d965ccfc6d4b" outcome="Passed" testListId="8c84fa94-04c1-424b-9868-57a2d4851a1d" relativeResultsDirectory="5b73c2ea-3e0b-400b-89b6-1503b0760bb1" />
    <UnitTestResult executionId="8e1b0e24-ec5b-4013-af45-41d5ddd1d8af" testId="981036a0-183c-709e-267e-6ccebff3a88d" testName="HPD.RAG.Core.Tests.PipelineOptionsTests.MragRetryPolicy_Attempts_Factory_SetsMaxAttempts" computerName="Einsteins-MacBook-Air" duration="00:00:00.0010579" startTime="2026-06-30T12:26:45.4376160-05:00" endTime="2026-06-30T12:26:45.4376320-05:00" testType="13cdc9d9-ddb5-4fa4-a97d-d965ccfc6d4b" outcome="Passed" testListId="8c84fa94-04c1-424b-9868-57a2d4851a1d" relativeResultsDirectory="8e1b0e24-ec5b-4013-af45-41d5ddd1d8af" />
    <UnitTestResult executionId="77a032c6-f099-4770-ae01-ed95726a022c" testId="5fa9e2c8-cbe3-cc74-82b1-da7fd6684d1b" testName="HPD.RAG.Core.Tests.DtoTests.MragGraphDtos_Roundtrip_ThroughJsonSerialization" computerName="Einsteins-MacBook-Air" duration="00:00:00.0010009" startTime="2026-06-30T12:26:45.4573630-05:00" endTime="2026-06-30T12:26:45.4583080-05:00" testType="13cdc9d9-ddb5-4fa4-a97d-d965ccfc6d4b" outcome="Passed" testListId="8c84fa94-04c1-424b-9868-57a2d4851a1d" relativeResultsDirectory="77a032c6-f099-4770-ae01-ed95726a022c" />
    <UnitTestResult executionId="c2702ba2-43e0-4c61-a685-475024359ffa" testId="058d2abb-a5f3-39da-3a1c-663f66485df3" testName="HPD.RAG.Core.Tests.FilterAstTests.MragFilter_Tag_ProducesTagPrefixedProperty" computerName="Einsteins-MacBook-Air" duration="00:00:00.0001698" startTime="2026-06-30T12:26:45.4567700-05:00" endTime="2026-06-30T12:26:45.4567860-05:00" testType="13cdc9d9-ddb5-4fa4-a97d-d965ccfc6d4b" outcome="Passed" testListId="8c84fa94-04c1-424b-9868-57a2d4851a1d" relativeResultsDirectory="c2702ba2-43e0-4c61-a685-475024359ffa" />
    <UnitTestResult executionId="c0ca8a29-a9d7-4a44-a5c7-0428429e58f3" testId="9ad76fd0-72c1-3707-1578-1cabb54110c6" testName="HPD.RAG.Core.Tests.PipelineOptionsTests.MragMapStageOptions_Defaults_AreCorrect" computerName="Einsteins-MacBook-Air" duration="00:00:00.0010730" startTime="2026-06-30T12:26:45.4375030-05:00" endTime="2026-06-30T12:26:45.4375200-05:00" testType="13cdc9d9-ddb5-4fa4-a97d-d965ccfc6d4b" outcome="Passed" testListId="8c84fa94-04c1-424b-9868-57a2d4851a1d" relativeResultsDirectory="c0ca8a29-a9d7-4a44-a5c7-0428429e58f3" />
    <UnitTestResult executionId="7462ca47-f631-41a9-8951-6da15f6cc1fc" testId="12f7b8d8-4460-8607-1738-f3deeedab979" testName="HPD.RAG.Core.Tests.FilterAstTests.MragFilter_Eq_Bool_RoundtripsValue" computerName="Einsteins-MacBook-Air" duration="00:00:00.0026337" startTime="2026-06-30T12:26:45.4520870-05:00" endTime="2026-06-30T12:26:45.4545810-05:00" testType="13cdc9d9-ddb5-4fa4-a97d-d965ccfc6d4b" outcome="Passed" testListId="8c84fa94-04c1-424b-9868-57a2d4851a1d" relativeResultsDirectory="7462ca47-f631-41a9-8951-6da15f6cc1fc" />
    <UnitTestResult executionId="15cbfdbd-fe75-4eb2-8eaa-b0f022b3182b" testId="2ebe438b-952a-3e02-f5f5-dff7e23f766b" testName="HPD.RAG.Core.Tests.TierInterfaceTests.MragRouteResult_To_ThrowsOnNullData" computerName="Einsteins-MacBook-Air" duration="00:00:00.0003958" startTime="2026-06-30T12:26:45.4391270-05:00" endTime="2026-06-30T12:26:45.4391850-05:00" testType="13cdc9d9-ddb5-4fa4-a97d-d965ccfc6d4b" outcome="Passed" testListId="8c84fa94-04c1-424b-9868-57a2d4851a1d" relativeResultsDirectory="15cbfdbd-fe75-4eb2-8eaa-b0f022b3182b" />
    <UnitTestResult executionId="bd5c03f1-9ed0-47e2-be4c-b069bf34fba1" testId="ee7edacd-4d5a-2ca4-bf5e-e880267686f3" testName="HPD.RAG.Core.Tests.DiscoveryRegistryTests.VectorStoreDiscovery_MultipleRegistrations_AllReturnCorrectProvider" computerName="Einsteins-MacBook-Air" duration="00:00:00.0076754" startTime="2026-06-30T12:26:45.4095430-05:00" endTime="2026-06-30T12:26:45.4209540-05:00" testType="13cdc9d9-ddb5-4fa4-a97d-d965ccfc6d4b" outcome="Passed" testListId="8c84fa94-04c1-424b-9868-57a2d4851a1d" relativeResultsDirectory="bd5c03f1-9ed0-47e2-be4c-b069bf34fba1" />
    <UnitTestResult executionId="9f51342d-a17e-47c3-829d-84f97aeaa756" testId="b6794f06-861f-5e1d-2c00-0a12d3bb4b0d" testName="HPD.RAG.Core.Tests.ConfigTests.VectorStoreConfig_GetTypedConfig_UsesRegisteredDeserializer" computerName="Einsteins-MacBook-Air" duration="00:00:00.0326858" startTime="2026-06-30T12:26:45.4090590-05:00" endTime="2026-06-30T12:26:45.4437300-05:00" testType="13cdc9d9-ddb5-4fa4-a97d-d965ccfc6d4b" outcome="Passed" testListId="8c84fa94-04c1-424b-9868-57a2d4851a1d" relativeResultsDirectory="9f51342d-a17e-47c3-829d-84f97aeaa756" />
    <UnitTestResult executionId="e2c873f6-601a-4df7-8178-6dae2dcef916" testId="3101eeb0-695c-14ab-35f4-34333e1a0f2c" testName="HPD.RAG.Core.Tests.DiscoveryRegistryTests.VectorStoreDiscovery_GetProvider_ReturnsNull_ForUnknownKey" computerName="Einsteins-MacBook-Air" duration="00:00:00.0000334" startTime="2026-06-30T12:26:45.4446330-05:00" endTime="2026-06-30T12:26:45.4446800-05:00" testType="13cdc9d9-ddb5-4fa4-a97d-d965ccfc6d4b" outcome="Passed" testListId="8c84fa94-04c1-424b-9868-57a2d4851a1d" relativeResultsDirectory="e2c873f6-601a-4df7-8178-6dae2dcef916" />
    <UnitTestResult executionId="a8826f69-f12f-45ab-b146-116bd7acebe2" testId="f50639ab-f6ee-5f2d-aaa6-83ed00fe933d" testName="HPD.RAG.Core.Tests.MragProcessingContextTests.MragProcessingContext_DoesNotExposeGraphInternals" computerName="Einsteins-MacBook-Air" duration="00:00:00.0049543" startTime="2026-06-30T12:26:45.4095990-05:00" endTime="2026-06-30T12:26:45.4165960-05:00" testType="13cdc9d9-ddb5-4fa4-a97d-d965ccfc6d4b" outcome="Passed" testListId="8c84fa94-04c1-424b-9868-57a2d4851a1d" relativeResultsDirectory="a8826f69-f12f-45ab-b146-116bd7acebe2" />
    <UnitTestResult executionId="5a98a3d8-393b-49ab-b9c3-29957983c063" testId="d9e207a4-321a-91ab-3351-70a6c5325a71" testName="HPD.RAG.Core.Tests.FilterAstTests.MragFilter_AllLeafOps_ProduceCorrectOpStrings(expectedOp: &quot;startswith&quot;)" computerName="Einsteins-MacBook-Air" duration="00:00:00.0000807" startTime="2026-06-30T12:26:45.4466860-05:00" endTime="2026-06-30T12:26:45.4469100-05:00" testType="13cdc9d9-ddb5-4fa4-a97d-d965ccfc6d4b" outcome="Passed" testListId="8c84fa94-04c1-424b-9868-57a2d4851a1d" relativeResultsDirectory="5a98a3d8-393b-49ab-b9c3-29957983c063" />
    <UnitTestResult executionId="92045cf6-80a9-41d5-929e-a1b9d9e8ecbc" testId="a66f7ac9-40ac-f746-887c-4a19a75baa81" testName="HPD.RAG.Core.Tests.DtoTests.MragSearchResultDto_Roundtrips_ThroughJsonSerialization" computerName="Einsteins-MacBook-Air" duration="00:00:00.0397490" startTime="2026-06-30T12:26:45.4095700-05:00" endTime="2026-06-30T12:26:45.4508170-05:00" testType="13cdc9d9-ddb5-4fa4-a97d-d965ccfc6d4b" outcome="Passed" testListId="8c84fa94-04c1-424b-9868-57a2d4851a1d" relativeResultsDirectory="92045cf6-80a9-41d5-929e-a1b9d9e8ecbc" />
    <UnitTestResult executionId="5131ecf9-2304-4541-b2cf-0a1cc36855b6" testId="b94150f8-2ebb-49d4-c098-46c934c29394" testName="HPD.RAG.Core.Tests.DtoTests.MragDocumentElementDto_ImageElement_AllFieldsPresent" computerName="Einsteins-MacBook-Air" duration="00:00:00.0005795" startTime="2026-06-30T12:26:45.4554820-05:00" endTime="2026-06-30T12:26:45.4559550-05:00" testType="13cdc9d9-ddb5-4fa4-a97d-d965ccfc6d4b" outcome="Passed" testListId="8c84fa94-04c1-424b-9868-57a2d4851a1d" relativeResultsDirectory="5131ecf9-2304-4541-b2cf-0a1cc36855b6" />
    <UnitTestResult executionId="872af5e6-0845-42f0-943c-a64e0a2f6af8" testId="37d5872c-e0ab-a416-5847-8167b9220c39" testName="HPD.RAG.Core.Tests.DiscoveryRegistryTests.GraphStoreDiscovery_RegisterAndGet_ReturnsCorrectFeatures" computerName="Einsteins-MacBook-Air" duration="00:00:00.0002317" startTime="2026-06-30T12:26:45.4439300-05:00" endTime="2026-06-30T12:26:45.4440130-05:00" testType="13cdc9d9-ddb5-4fa4-a97d-d965ccfc6d4b" outcome="Passed" testListId="8c84fa94-04c1-424b-9868-57a2d4851a1d" relativeResultsDirectory="872af5e6-0845-42f0-943c-a64e0a2f6af8" />
    <UnitTestResult executionId="df059c56-a455-4aaa-a836-a27c71b58176" testId="10c05c88-55f5-4ce5-140c-673afc0999ce" testName="HPD.RAG.Core.Tests.SerializationTests.MragJsonSerializerContext_HasTypeInfo_ForAllDtoTypes" computerName="Einsteins-MacBook-Air" duration="00:00:00.0114270" startTime="2026-06-30T12:26:45.4468640-05:00" endTime="2026-06-30T12:26:45.4568240-05:00" testType="13cdc9d9-ddb5-4fa4-a97d-d965ccfc6d4b" outcome="Passed" testListId="8c84fa94-04c1-424b-9868-57a2d4851a1d" relativeResultsDirectory="df059c56-a455-4aaa-a836-a27c71b58176" />
    <UnitTestResult executionId="2b3ccd31-8872-4e8b-a9a6-f9b9cc3c4408" testId="ee128557-1fa2-1411-79aa-5b1761095d2e" testName="HPD.RAG.Core.Tests.MragPipelineContextTests.MragPipelineContext_CreateIsolatedCopy_CompletedNodesAreCopied" computerName="Einsteins-MacBook-Air" duration="00:00:00.0218306" startTime="2026-06-30T12:26:45.4096070-05:00" endTime="2026-06-30T12:26:45.4398310-05:00" testType="13cdc9d9-ddb5-4fa4-a97d-d965ccfc6d4b" outcome="Passed" testListId="8c84fa94-04c1-424b-9868-57a2d4851a1d" relativeResultsDirectory="2b3ccd31-8872-4e8b-a9a6-f9b9cc3c4408" />
    <UnitTestResult executionId="901cfee1-8d70-45e5-9a83-fb8c8c073bb7" testId="f57a2426-facc-681b-91b0-2920436f49f4" testName="HPD.RAG.Core.Tests.FilterAstTests.MragFilter_AllLeafOps_ProduceCorrectOpStrings(expectedOp: &quot;lt&quot;)" computerName="Einsteins-MacBook-Air" duration="00:00:00.0127030" startTime="2026-06-30T12:26:45.4397920-05:00" endTime="2026-06-30T12:26:45.4456540-05:00" testType="13cdc9d9-ddb5-4fa4-a97d-d965ccfc6d4b" outcome="Passed" testListId="8c84fa94-04c1-424b-9868-57a2d4851a1d" relativeResultsDirectory="901cfee1-8d70-45e5-9a83-fb8c8c073bb7" />
    <UnitTestResult executionId="cc95cb95-1afe-4124-83a0-34e6b16fd5a1" testId="5c2b9d61-e8f6-95a0-edef-aa3a99911410" testName="HPD.RAG.Core.Tests.MragPipelineContextTests.MragPipelineContext_CreateIsolatedCopy_MutatingCopyDoesNotAffectOriginal" computerName="Einsteins-MacBook-Air" duration="00:00:00.0001157" startTime="2026-06-30T12:26:45.4411040-05:00" endTime="2026-06-30T12:26:45.4411540-05:00" testType="13cdc9d9-ddb5-4fa4-a97d-d965ccfc6d4b" outcome="Passed" testListId="8c84fa94-04c1-424b-9868-57a2d4851a1d" relativeResultsDirectory="cc95cb95-1afe-4124-83a0-34e6b16fd5a1" />
    <UnitTestResult executionId="d5985f3e-d2cb-4442-af31-0b161439ea00" testId="9a333fed-1499-79f6-c633-d658182923a0" testName="HPD.RAG.Core.Tests.DiscoveryRegistryTests.VectorStoreDiscovery_RegisterConfigType_RoundtripsJson" computerName="Einsteins-MacBook-Air" duration="00:00:00.0222885" startTime="2026-06-30T12:26:45.4374440-05:00" endTime="2026-06-30T12:26:45.4435440-05:00" testType="13cdc9d9-ddb5-4fa4-a97d-d965ccfc6d4b" outcome="Passed" testListId="8c84fa94-04c1-424b-9868-57a2d4851a1d" relativeResultsDirectory="d5985f3e-d2cb-4442-af31-0b161439ea00" />
    <UnitTestResult executionId="b8ee1a7d-d335-41c6-bd2c-1381466c399a" testId="8be9dba9-2aa5-6ee3-b6aa-92bf5ce9b495" testName="HPD.RAG.Core.Tests.MragPipelineContextTests.MragPipelineContext_CanBeConstructed_WithRequiredArgs" computerName="Einsteins-MacBook-Air" duration="00:00:00.0000290" startTime="2026-06-30T12:26:45.4408620-05:00" endTime="2026-06-30T12:26:45.4409000-05:00" testType="13cdc9d9-ddb5-4fa4-a97d-d965ccfc6d4b" outcome="Passed" testListId="8c84fa94-04c1-424b-9868-57a2d4851a1d" relativeResultsDirectory="b8ee1a7d-d335-41c6-bd2c-1381466c399a" />
    <UnitTestResult executionId="6f298ab1-94e4-4bce-9003-dda266dc1a3d" testId="0d29a5fb-7db3-6d7b-61de-c05394f346f2" testName="HPD.RAG.Core.Tests.MragPipelineContextTests.MragPipelineContext_RunTags_IsReadOnly" computerName="Einsteins-MacBook-Air" duration="00:00:00.0000440" startTime="2026-06-30T12:26:45.4409850-05:00" endTime="2026-06-30T12:26:45.4410220-05:00" testType="13cdc9d9-ddb5-4fa4-a97d-d965ccfc6d4b" outcome="Passed" testListId="8c84fa94-04c1-424b-9868-57a2d4851a1d" relativeResultsDirectory="6f298ab1-94e4-4bce-9003-dda266dc1a3d" />
    <UnitTestResult executionId="2a9f637e-fb70-44ed-9dfa-8124a8c2dc16" testId="1aad20b8-8ca7-2807-517e-85759591c3ab" testName="HPD.RAG.Core.Tests.DiscoveryRegistryTests.VectorStoreDiscovery_RegisterAndGet_ReturnsCorrectFeatures" computerName="Einsteins-MacBook-Air" duration="00:00:00.0001024" startTime="2026-06-30T12:26:45.4436850-05:00" endTime="2026-06-30T12:26:45.4438030-05:00" testType="13cdc9d9-ddb5-4fa4-a97d-d965ccfc6d4b" outcome="Passed" testListId="8c84fa94-04c1-424b-9868-57a2d4851a1d" relativeResultsDirectory="2a9f637e-fb70-44ed-9dfa-8124a8c2dc16" />
    <UnitTestResult executionId="739c9171-ac09-4394-b6b7-cc19968f9cf9" testId="d0fb0558-4770-9bd6-22f2-e112339bd021" testName="HPD.RAG.Core.Tests.DtoTests.MragDocumentDto_Roundtrips_ThroughJsonSerialization" computerName="Einsteins-MacBook-Air" duration="00:00:00.0015589" startTime="2026-06-30T12:26:45.4585830-05:00" endTime="2026-06-30T12:26:45.4598830-05:00" testType="13cdc9d9-ddb5-4fa4-a97d-d965ccfc6d4b" outcome="Passed" testListId="8c84fa94-04c1-424b-9868-57a2d4851a1d" relativeResultsDirectory="739c9171-ac09-4394-b6b7-cc19968f9cf9" />
    <UnitTestResult executionId="df38a88a-2e2f-4f23-8d49-8a1699559c50" testId="ba76bdc9-46f6-3e30-6c90-40590770b90c" testName="HPD.RAG.Core.Tests.FilterAstTests.MragFilter_AllLeafOps_ProduceCorrectOpStrings(expectedOp: &quot;gte&quot;)" computerName="Einsteins-MacBook-Air" duration="00:00:00.0000751" startTime="2026-06-30T12:26:45.4464420-05:00" endTime="2026-06-30T12:26:45.4464830-05:00" testType="13cdc9d9-ddb5-4fa4-a97d-d965ccfc6d4b" outcome="Passed" testListId="8c84fa94-04c1-424b-9868-57a2d4851a1d" relativeResultsDirectory="df38a88a-2e2f-4f23-8d49-8a1699559c50" />
    <UnitTestResult executionId="e3e7fa8b-17fe-4f67-8b1a-129fd77642e4" testId="d70d1950-835a-1083-0a16-6f74acac06eb" testName="HPD.RAG.Core.Tests.DiscoveryRegistryTests.EmbeddingDiscovery_RegisterAndGet_ReturnsCorrectFeatures" computerName="Einsteins-MacBook-Air" duration="00:00:00.0003490" startTime="2026-06-30T12:26:45.4450500-05:00" endTime="2026-06-30T12:26:45.4453580-05:00" testType="13cdc9d9-ddb5-4fa4-a97d-d965ccfc6d4b" outcome="Passed" testListId="8c84fa94-04c1-424b-9868-57a2d4851a1d" relativeResultsDirectory="e3e7fa8b-17fe-4f67-8b1a-129fd77642e4" />
    <UnitTestResult executionId="3758223f-eafe-467d-b762-55cc64fbd056" testId="bdc916f1-8718-cfe6-8287-3751bc1d488a" testName="HPD.RAG.Core.Tests.FilterAstTests.MragFilter_Not_ProducesSingleChild" computerName="Einsteins-MacBook-Air" duration="00:00:00.0001274" startTime="2026-06-30T12:26:45.4477980-05:00" endTime="2026-06-30T12:26:45.4478400-05:00" testType="13cdc9d9-ddb5-4fa4-a97d-d965ccfc6d4b" outcome="Passed" testListId="8c84fa94-04c1-424b-9868-57a2d4851a1d" relativeResultsDirectory="3758223f-eafe-467d-b762-55cc64fbd056" />
    <UnitTestResult executionId="fd7aa440-b93b-4a7c-9a9b-7ba807116282" testId="a354e0f7-26dc-fc7e-4e62-c65f0d081975" testName="HPD.RAG.Core.Tests.SerializationTests.MragJsonSerializerContext_NullsOmitted_InJson" computerName="Einsteins-MacBook-Air" duration="00:00:00.0000455" startTime="2026-06-30T12:26:45.4466450-05:00" endTime="2026-06-30T12:26:45.4467230-05:00" testType="13cdc9d9-ddb5-4fa4-a97d-d965ccfc6d4b" outcome="Passed" testListId="8c84fa94-04c1-424b-9868-57a2d4851a1d" relativeResultsDirectory="fd7aa440-b93b-4a7c-9a9b-7ba807116282" />
    <UnitTestResult executionId="09e8b338-3c6b-4bac-9acd-8a68ef4d504e" testId="bc25e86e-af8a-09f4-bc8f-34a24b3b750b" testName="HPD.RAG.Core.Tests.PipelineOptionsTests.MragNodeOptions_ProducesArtifact_CanBeSet" computerName="Einsteins-MacBook-Air" duration="00:00:00.0011532" startTime="2026-06-30T12:26:45.4372440-05:00" endTime="2026-06-30T12:26:45.4372650-05:00" testType="13cdc9d9-ddb5-4fa4-a97d-d965ccfc6d4b" outcome="Passed" testListId="8c84fa94-04c1-424b-9868-57a2d4851a1d" relativeResultsDirectory="09e8b338-3c6b-4bac-9acd-8a68ef4d504e" />
    <UnitTestResult executionId="f8eeff74-7282-4bf0-83c5-f75a7a04fe43" testId="047e34ad-c8fa-9437-6f52-2be600ad4e02" testName="HPD.RAG.Core.Tests.PipelineOptionsTests.MragErrorPropagation_FallbackTo_SetsNodeId" computerName="Einsteins-MacBook-Air" duration="00:00:00.0001624" startTime="2026-06-30T12:26:45.4375600-05:00" endTime="2026-06-30T12:26:45.4375770-05:00" testType="13cdc9d9-ddb5-4fa4-a97d-d965ccfc6d4b" outcome="Passed" testListId="8c84fa94-04c1-424b-9868-57a2d4851a1d" relativeResultsDirectory="f8eeff74-7282-4bf0-83c5-f75a7a04fe43" />
    <UnitTestResult executionId="e226e0b2-f210-467f-980b-71314ca9f625" testId="627c9e1f-10b0-9960-0423-a1c54a3abee2" testName="HPD.RAG.Core.Tests.PipelineOptionsTests.MragRetryPolicy_None_HasMaxAttempts1" computerName="Einsteins-MacBook-Air" duration="00:00:00.0085159" startTime="2026-06-30T12:26:45.4095590-05:00" endTime="2026-06-30T12:26:45.4370820-05:00" testType="13cdc9d9-ddb5-4fa4-a97d-d965ccfc6d4b" outcome="Passed" testListId="8c84fa94-04c1-424b-9868-57a2d4851a1d" relativeResultsDirectory="e226e0b2-f210-467f-980b-71314ca9f625" />
    <UnitTestResult executionId="50dc8ea7-a1f9-4dc8-9dca-b5323dc1509e" testId="2b20b5bb-0eb7-e2dc-6d25-2c96e6c3860c" testName="HPD.RAG.Core.Tests.FilterAstTests.MragFilter_Eq_String_ProducesCorrectOp" computerName="Einsteins-MacBook-Air" duration="00:00:00.0211539" startTime="2026-06-30T12:26:45.4095790-05:00" endTime="2026-06-30T12:26:45.4395980-05:00" testType="13cdc9d9-ddb5-4fa4-a97d-d965ccfc6d4b" outcome="Passed" testListId="8c84fa94-04c1-424b-9868-57a2d4851a1d" relativeResultsDirectory="50dc8ea7-a1f9-4dc8-9dca-b5323dc1509e" />
    <UnitTestResult executionId="39b18bca-30c4-4e4c-8f33-8270d922a968" testId="b2f1ca18-a6d3-e138-19f0-6675e1caea67" testName="HPD.RAG.Core.Tests.FilterAstTests.MragFilter_AllLeafOps_ProduceCorrectOpStrings(expectedOp: &quot;contains&quot;)" computerName="Einsteins-MacBook-Air" duration="00:00:00.0001761" startTime="2026-06-30T12:26:45.4396890-05:00" endTime="2026-06-30T12:26:45.4397290-05:00" testType="13cdc9d9-ddb5-4fa4-a97d-d965ccfc6d4b" outcome="Passed" testListId="8c84fa94-04c1-424b-9868-57a2d4851a1d" relativeResultsDirectory="39b18bca-30c4-4e4c-8f33-8270d922a968" />
    <UnitTestResult executionId="865e551a-3629-49b6-b9b3-4090a946b4ba" testId="6d313cb4-0f24-f226-c133-20a397e8d408" testName="HPD.RAG.Core.Tests.DiscoveryRegistryTests.VectorStoreDiscovery_GetTypedConfig_ReturnsDeserializedConfig_WhenOptionsJsonPresent" computerName="Einsteins-MacBook-Air" duration="00:00:00.0002107" startTime="2026-06-30T12:26:45.4449230-05:00" endTime="2026-06-30T12:26:45.4449620-05:00" testType="13cdc9d9-ddb5-4fa4-a97d-d965ccfc6d4b" outcome="Passed" testListId="8c84fa94-04c1-424b-9868-57a2d4851a1d" relativeResultsDirectory="865e551a-3629-49b6-b9b3-4090a946b4ba" />
    <UnitTestResult executionId="79a57196-e479-444a-b0b2-8a46fb0c78a6" testId="2322c2b8-36a5-8b2a-8b91-b0ecc4776fa0" testName="HPD.RAG.Core.Tests.FilterAstTests.MragFilter_Eq_Int_RoundtripsValue" computerName="Einsteins-MacBook-Air" duration="00:00:00.0001839" startTime="2026-06-30T12:26:45.4568340-05:00" endTime="2026-06-30T12:26:45.4568830-05:00" testType="13cdc9d9-ddb5-4fa4-a97d-d965ccfc6d4b" outcome="Passed" testListId="8c84fa94-04c1-424b-9868-57a2d4851a1d" relativeResultsDirectory="79a57196-e479-444a-b0b2-8a46fb0c78a6" />
    <UnitTestResult executionId="15481964-296a-49da-ab11-3a53224c7241" testId="96b3c166-0edb-e08b-9785-537cf41d3395" testName="HPD.RAG.Core.Tests.MragPipelineContextTests.MragPipelineContext_CreateIsolatedCopy_PreservesPipelineName" computerName="Einsteins-MacBook-Air" duration="00:00:00.0000747" startTime="2026-06-30T12:26:45.4400450-05:00" endTime="2026-06-30T12:26:45.4400820-05:00" testType="13cdc9d9-ddb5-4fa4-a97d-d965ccfc6d4b" outcome="Passed" testListId="8c84fa94-04c1-424b-9868-57a2d4851a1d" relativeResultsDirectory="15481964-296a-49da-ab11-3a53224c7241" />
    <UnitTestResult executionId="9c78b7da-1a13-42af-b081-3d7a918156cf" testId="0d45af69-d0a2-6f49-19ed-36f7d87c032b" testName="HPD.RAG.Core.Tests.FilterAstTests.MragFilter_AllLeafOps_ProduceCorrectOpStrings(expectedOp: &quot;lte&quot;)" computerName="Einsteins-MacBook-Air" duration="00:00:00.0000525" startTime="2026-06-30T12:26:45.4471830-05:00" endTime="2026-06-30T12:26:45.4472180-05:00" testType="13cdc9d9-ddb5-4fa4-a97d-d965ccfc6d4b" outcome="Passed" testListId="8c84fa94-04c1-424b-9868-57a2d4851a1d" relativeResultsDirectory="9c78b7da-1a13-42af-b081-3d7a918156cf" />
    <UnitTestResult executionId="8ef80b7e-f473-41d1-8939-800d48a33fc4" testId="480b3187-b121-dda3-82d0-9e45bac33e59" testName="HPD.RAG.Core.Tests.FilterAstTests.MragFilter_AllLeafOps_ProduceCorrectOpStrings(expectedOp: &quot;gt&quot;)" computerName="Einsteins-MacBook-Air" duration="00:00:00.0000646" startTime="2026-06-30T12:26:45.4469870-05:00" endTime="2026-06-30T12:26:45.4470240-05:00" testType="13cdc9d9-ddb5-4fa4-a97d-d965ccfc6d4b" outcome="Passed" testListId="8c84fa94-04c1-424b-9868-57a2d4851a1d" relativeResultsDirectory="8ef80b7e-f473-41d1-8939-800d48a33fc4" />
  </Results>
  <TestDefinitions>
    <UnitTest name="HPD.RAG.Core.Tests.DtoTests.MragGraphDtos_Roundtrip_ThroughJsonSerialization" storage="/users/ewoof/desktop/hpd-os/dotnet/hpd-rag.framework/test/hpd-rag.core.tests/bin/debug/net9.0/hpd-rag.core.tests.dll" id="5fa9e2c8-cbe3-cc74-82b1-da7fd6684d1b">
      <Execution id="77a032c6-f099-4770-ae01-ed95726a022c" />
      <TestMethod codeBase="/Users/ewoof/Desktop/HPD-OS/dotnet/HPD-RAG.Framework/test/HPD-RAG.Core.Tests/bin/Debug/net9.0/HPD-RAG.Core.Tests.dll" adapterTypeName="executor://xunit/VsTestRunner3/netcore/" className="HPD.RAG.Core.Tests.DtoTests" name="MragGraphDtos_Roundtrip_ThroughJsonSerialization" />
    </UnitTest>
    <UnitTest name="HPD.RAG.Core.Tests.MragPipelineContextTests.MragPipelineContext_RunTags_IsReadOnly" storage="/users/ewoof/desktop/hpd-os/dotnet/hpd-rag.framework/test/hpd-rag.core.tests/bin/debug/net9.0/hpd-rag.core.tests.dll" id="0d29a5fb-7db3-6d7b-61de-c05394f346f2">
      <Execution id="6f298ab1-94e4-4bce-9003-dda266dc1a3d" />
      <TestMethod codeBase="/Users/ewoof/Desktop/HPD-OS/dotnet/HPD-RAG.Framework/test/HPD-RAG.Core.Tests/bin/Debug/net9.0/HPD-RAG.Core.Tests.dll" adapterTypeName="executor://xunit/VsTestRunner3/netcore/" className="HPD.RAG.Core.Tests.MragPipelineContextTests" name="MragPipelineContext_RunTags_IsReadOnly" />
    </UnitTest>
    <UnitTest name="HPD.RAG.Core.Tests.MragPipelineContextTests.MragPipelineContext_CreateIsolatedCopy_PreservesRunTags" storage="/users/ewoof/desktop/hpd-os/dotnet/hpd-rag.framework/test/hpd-rag.core.tests/bin/debug/net9.0/hpd-rag.core.tests.dll" id="611b8ea0-33de-07a3-27a4-19291cc54928">
      <Execution id="0b3dacdb-520d-4fbf-8312-dad27463e5a4" />
      <TestMethod codeBase="/Users/ewoof/Desktop/HPD-OS/dotnet/HPD-RAG.Framework/test/HPD-RAG.Core.Tests/bin/Debug/net9.0/HPD-RAG.Core.Tests.dll" adapterTypeName="executor://xunit/VsTestRunner3/netcore/" className="HPD.RAG.Core.Tests.MragPipelineContextTests" name="MragPipelineContext_CreateIsolatedCopy_PreservesRunTags" />
    </UnitTest>
    <UnitTest name="HPD.RAG.Core.Tests.ConfigTests.EmbeddingConfig_GetTypedConfig_ReturnsNull_WhenNotRegistered" storage="/users/ewoof/desktop/hpd-os/dotnet/hpd-rag.framework/test/hpd-rag.core.tests/bin/debug/net9.0/hpd-rag.core.tests.dll" id="fa973848-56a5-f852-b062-bf001ba90378">
      <Execution id="3b421da0-1b5f-4672-9df1-a0954a94eff1" />
      <TestMethod codeBase="/Users/ewoof/Desktop/HPD-OS/dotnet/HPD-RAG.Framework/test/HPD-RAG.Core.Tests/bin/Debug/net9.0/HPD-RAG.Core.Tests.dll" adapterTypeName="executor://xunit/VsTestRunner3/netcore/" className="HPD.RAG.Core.Tests.ConfigTests" name="EmbeddingConfig_GetTypedConfig_ReturnsNull_WhenNotRegistered" />
    </UnitTest>
    <UnitTest name="HPD.RAG.Core.Tests.FilterAstTests.MragFilter_Eq_Int_RoundtripsValue" storage="/users/ewoof/desktop/hpd-os/dotnet/hpd-rag.framework/test/hpd-rag.core.tests/bin/debug/net9.0/hpd-rag.core.tests.dll" id="2322c2b8-36a5-8b2a-8b91-b0ecc4776fa0">
      <Execution id="79a57196-e479-444a-b0b2-8a46fb0c78a6" />
      <TestMethod codeBase="/Users/ewoof/Desktop/HPD-OS/dotnet/HPD-RAG.Framework/test/HPD-RAG.Core.Tests/bin/Debug/net9.0/HPD-RAG.Core.Tests.dll" adapterTypeName="executor://xunit/VsTestRunner3/netcore/" className="HPD.RAG.Core.Tests.FilterAstTests" name="MragFilter_Eq_Int_RoundtripsValue" />
    </UnitTest>
    <UnitTest name="HPD.RAG.Core.Tests.PipelineOptionsTests.MragMapStageOptions_Defaults_AreCorrect" storage="/users/ewoof/desktop/hpd-os/dotnet/hpd-rag.framework/test/hpd-rag.core.tests/bin/debug/net9.0/hpd-rag.core.tests.dll" id="9ad76fd0-72c1-3707-1578-1cabb54110c6">
      <Execution id="c0ca8a29-a9d7-4a44-a5c7-0428429e58f3" />
      <TestMethod codeBase="/Users/ewoof/Desktop/HPD-OS/dotnet/HPD-RAG.Framework/test/HPD-RAG.Core.Tests/bin/Debug/net9.0/HPD-RAG.Core.Tests.dll" adapterTypeName="executor://xunit/VsTestRunner3/netcore/" className="HPD.RAG.Core.Tests.PipelineOptionsTests" name="MragMapStageOptions_Defaults_AreCorrect" />
    </UnitTest>
    <UnitTest name="HPD.RAG.Core.Tests.DiscoveryRegistryTests.VectorStoreDiscovery_RegisteredProviders_ContainsRegisteredKey" storage="/users/ewoof/desktop/hpd-os/dotnet/hpd-rag.framework/test/hpd-rag.core.tests/bin/debug/net9.0/hpd-rag.core.tests.dll" id="ea5bbdaa-8b48-8ca1-a610-e607a4525823">
      <Execution id="04529866-7fe9-42bb-a022-4a434a029f53" />
      <TestMethod codeBase="/Users/ewoof/Desktop/HPD-OS/dotnet/HPD-RAG.Framework/test/HPD-RAG.Core.Tests/bin/Debug/net9.0/HPD-RAG.Core.Tests.dll" adapterTypeName="executor://xunit/VsTestRunner3/netcore/" className="HPD.RAG.Core.Tests.DiscoveryRegistryTests" name="VectorStoreDiscovery_RegisteredProviders_ContainsRegisteredKey" />
    </UnitTest>
    <UnitTest name="HPD.RAG.Core.Tests.FilterAstTests.MragFilter_AllLeafOps_ProduceCorrectOpStrings(expectedOp: &quot;lte&quot;)" storage="/users/ewoof/desktop/hpd-os/dotnet/hpd-rag.framework/test/hpd-rag.core.tests/bin/debug/net9.0/hpd-rag.core.tests.dll" id="0d45af69-d0a2-6f49-19ed-36f7d87c032b">
      <Execution id="9c78b7da-1a13-42af-b081-3d7a918156cf" />
      <TestMethod codeBase="/Users/ewoof/Desktop/HPD-OS/dotnet/HPD-RAG.Framework/test/HPD-RAG.Core.Tests/bin/Debug/net9.0/HPD-RAG.Core.Tests.dll" adapterTypeName="executor://xunit/VsTestRunner3/netcore/" className="HPD.RAG.Core.Tests.FilterAstTests" name="MragFilter_AllLeafOps_ProduceCorrectOpStrings" />
    </UnitTest>
    <UnitTest name="HPD.RAG.Core.Tests.FilterAstTests.MragFilter_Eq_CanonicalJson_IsStableAcrossTwoCalls" storage="/users/ewoof/desktop/hpd-os/dotnet/hpd-rag.framework/test/hpd-rag.core.tests/bin/debug/net9.0/hpd-rag.core.tests.dll" id="675a5aa7-94c7-6617-ee04-0fc0c4793edf">
      <Execution id="bf64b058-32f7-4078-905a-0f6401cc1cb9" />
      <TestMethod codeBase="/Users/ewoof/Desktop/HPD-OS/dotnet/HPD-RAG.Framework/test/HPD-RAG.Core.Tests/bin/Debug/net9.0/HPD-RAG.Core.Tests.dll" adapterTypeName="executor://xunit/VsTestRunner3/netcore/" className="HPD.RAG.Core.Tests.FilterAstTests" name="MragFilter_Eq_CanonicalJson_IsStableAcrossTwoCalls" />
    </UnitTest>
    <UnitTest name="HPD.RAG.Core.Tests.DiscoveryRegistryTests.VectorStoreDiscovery_RegisterConfigType_RoundtripsJson" storage="/users/ewoof/desktop/hpd-os/dotnet/hpd-rag.framework/test/hpd-rag.core.tests/bin/debug/net9.0/hpd-rag.core.tests.dll" id="9a333fed-1499-79f6-c633-d658182923a0">
      <Execution id="d5985f3e-d2cb-4442-af31-0b161439ea00" />
      <TestMethod codeBase="/Users/ewoof/Desktop/HPD-OS/dotnet/HPD-RAG.Framework/test/HPD-RAG.Core.Tests/bin/Debug/net9.0/HPD-RAG.Core.Tests.dll" adapterTypeName="executor://xunit/VsTestRunner3/netcore/" className="HPD.RAG.Core.Tests.DiscoveryRegistryTests" name="VectorStoreDiscovery_RegisterConfigType_RoundtripsJson" />
    </UnitTest>
    <UnitTest name="HPD.RAG.Core.Tests.PipelineOptionsTests.MragErrorPropagation_StopPipeline_IsStop" storage="/users/ewoof/desktop/hpd-os/dotnet/hpd-rag.framework/test/hpd-rag.core.tests/bin/debug/net9.0/hpd-rag.core.tests.dll" id="4e9c5622-6901-4d7c-4ebe-c888bc823a71">
      <Execution id="72c866b8-3470-41b5-a242-c68cc2ef0bb2" />
      <TestMethod codeBase="/Users/ewoof/Desktop/HPD-OS/dotnet/HPD-RAG.Framework/test/HPD-RAG.Core.Tests/bin/Debug/net9.0/HPD-RAG.Core.Tests.dll" adapterTypeName="executor://xunit/VsTestRunner3/netcore/" className="HPD.RAG.Core.Tests.PipelineOptionsTests" name="MragErrorPropagation_StopPipeline_IsStop" />
    </UnitTest>
    <UnitTest name="HPD.RAG.Core.Tests.DtoTests.MragChunkDto_WithMetadata_RoundtripsJsonElement" storage="/users/ewoof/desktop/hpd-os/dotnet/hpd-rag.framework/test/hpd-rag.core.tests/bin/debug/net9.0/hpd-rag.core.tests.dll" id="972fb116-81f9-4243-fb5f-db81fa933b3e">
      <Execution id="60033145-422e-49e7-a172-1ba778d24cc5" />
      <TestMethod codeBase="/Users/ewoof/Desktop/HPD-OS/dotnet/HPD-RAG.Framework/test/HPD-RAG.Core.Tests/bin/Debug/net9.0/HPD-RAG.Core.Tests.dll" adapterTypeName="executor://xunit/VsTestRunner3/netcore/" className="HPD.RAG.Core.Tests.DtoTests" name="MragChunkDto_WithMetadata_RoundtripsJsonElement" />
    </UnitTest>
    <UnitTest name="HPD.RAG.Core.Tests.DiscoveryRegistryTests.GraphStoreDiscovery_RegisterAndGet_ReturnsCorrectFeatures" storage="/users/ewoof/desktop/hpd-os/dotnet/hpd-rag.framework/test/hpd-rag.core.tests/bin/debug/net9.0/hpd-rag.core.tests.dll" id="37d5872c-e0ab-a416-5847-8167b9220c39">
      <Execution id="872af5e6-0845-42f0-943c-a64e0a2f6af8" />
      <TestMethod codeBase="/Users/ewoof/Desktop/HPD-OS/dotnet/HPD-RAG.Framework/test/HPD-RAG.Core.Tests/bin/Debug/net9.0/HPD-RAG.Core.Tests.dll" adapterTypeName="executor://xunit/VsTestRunner3/netcore/" className="HPD.RAG.Core.Tests.DiscoveryRegistryTests" name="GraphStoreDiscovery_RegisterAndGet_ReturnsCorrectFeatures" />
    </UnitTest>
    <UnitTest name="HPD.RAG.Core.Tests.FilterAstTests.MragFilter_AllLeafOps_ProduceCorrectOpStrings(expectedOp: &quot;gt&quot;)" storage="/users/ewoof/desktop/hpd-os/dotnet/hpd-rag.framework/test/hpd-rag.core.tests/bin/debug/net9.0/hpd-rag.core.tests.dll" id="480b3187-b121-dda3-82d0-9e45bac33e59">
      <Execution id="8ef80b7e-f473-41d1-8939-800d48a33fc4" />
      <TestMethod codeBase="/Users/ewoof/Desktop/HPD-OS/dotnet/HPD-RAG.Framework/test/HPD-RAG.Core.Tests/bin/Debug/net9.0/HPD-RAG.Core.Tests.dll" adapterTypeName="executor://xunit/VsTestRunner3/netcore/" className="HPD.RAG.Core.Tests.FilterAstTests" name="MragFilter_AllLeafOps_ProduceCorrectOpStrings" />
    </UnitTest>
    <UnitTest name="HPD.RAG.Core.Tests.FilterAstTests.MragFilter_Eq_Double_RoundtripsValue" storage="/users/ewoof/desktop/hpd-os/dotnet/hpd-rag.framework/test/hpd-rag.core.tests/bin/debug/net9.0/hpd-rag.core.tests.dll" id="c369f2ef-1b31-f9e4-0e7b-0293361a4be3">
      <Execution id="a0a13288-7d27-4d0a-b81d-1da47e791d01" />
      <TestMethod codeBase="/Users/ewoof/Desktop/HPD-OS/dotnet/HPD-RAG.Framework/test/HPD-RAG.Core.Tests/bin/Debug/net9.0/HPD-RAG.Core.Tests.dll" adapterTypeName="executor://xunit/VsTestRunner3/netcore/" className="HPD.RAG.Core.Tests.FilterAstTests" name="MragFilter_Eq_Double_RoundtripsValue" />
    </UnitTest>
    <UnitTest name="HPD.RAG.Core.Tests.DtoTests.MragChunkDto_NullMetadata_SerializesCleanly" storage="/users/ewoof/desktop/hpd-os/dotnet/hpd-rag.framework/test/hpd-rag.core.tests/bin/debug/net9.0/hpd-rag.core.tests.dll" id="e35d7b5b-e4b3-874b-16e6-dcbbe5610d60">
      <Execution id="3b83df31-9fd3-4fba-8d4f-90e771ed37c6" />
      <TestMethod codeBase="/Users/ewoof/Desktop/HPD-OS/dotnet/HPD-RAG.Framework/test/HPD-RAG.Core.Tests/bin/Debug/net9.0/HPD-RAG.Core.Tests.dll" adapterTypeName="executor://xunit/VsTestRunner3/netcore/" className="HPD.RAG.Core.Tests.DtoTests" name="MragChunkDto_NullMetadata_SerializesCleanly" />
    </UnitTest>
    <UnitTest name="HPD.RAG.Core.Tests.DiscoveryRegistryTests.VectorStoreDiscovery_GetTypedConfig_ReturnsDeserializedConfig_WhenOptionsJsonPresent" storage="/users/ewoof/desktop/hpd-os/dotnet/hpd-rag.framework/test/hpd-rag.core.tests/bin/debug/net9.0/hpd-rag.core.tests.dll" id="6d313cb4-0f24-f226-c133-20a397e8d408">
      <Execution id="865e551a-3629-49b6-b9b3-4090a946b4ba" />
      <TestMethod codeBase="/Users/ewoof/Desktop/HPD-OS/dotnet/HPD-RAG.Framework/test/HPD-RAG.Core.Tests/bin/Debug/net9.0/HPD-RAG.Core.Tests.dll" adapterTypeName="executor://xunit/VsTestRunner3/netcore/" className="HPD.RAG.Core.Tests.DiscoveryRegistryTests" name="VectorStoreDiscovery_GetTypedConfig_ReturnsDeserializedConfig_WhenOptionsJsonPresent" />
    </UnitTest>
    <UnitTest name="HPD.RAG.Core.Tests.FilterAstTests.MragFilter_AllLeafOps_ProduceCorrectOpStrings(expectedOp: &quot;gte&quot;)" storage="/users/ewoof/desktop/hpd-os/dotnet/hpd-rag.framework/test/hpd-rag.core.tests/bin/debug/net9.0/hpd-rag.core.tests.dll" id="ba76bdc9-46f6-3e30-6c90-40590770b90c">
      <Execution id="df38a88a-2e2f-4f23-8d49-8a1699559c50" />
      <TestMethod codeBase="/Users/ewoof/Desktop/HPD-OS/dotnet/HPD-RAG.Framework/test/HPD-RAG.Core.Tests/bin/Debug/net9.0/HPD-RAG.Core.Tests.dll" adapterTypeName="executor://xunit/VsTestRunner3/netcore/" className="HPD.RAG.Core.Tests.FilterAstTests" name="MragFilter_AllLeafOps_ProduceCorrectOpStrings" />
    </UnitTest>
    <UnitTest name="HPD.RAG.Core.Tests.FilterAstTests.MragFilterNode_Roundtrips_ThroughMragJsonSerializerContext" storage="/users/ewoof/desktop/hpd-os/dotnet/hpd-rag.framework/test/hpd-rag.core.tests/bin/debug/net9.0/hpd-rag.core.tests.dll" id="b22078cd-4c22-ace1-2f58-5ad41ba72b1b">
      <Execution id="52b909f3-18a1-49b8-87e9-d9990186bf1b" />
      <TestMethod codeBase="/Users/ewoof/Desktop/HPD-OS/dotnet/HPD-RAG.Framework/test/HPD-RAG.Core.Tests/bin/Debug/net9.0/HPD-RAG.Core.Tests.dll" adapterTypeName="executor://xunit/VsTestRunner3/netcore/" className="HPD.RAG.Core.Tests.FilterAstTests" name="MragFilterNode_Roundtrips_ThroughMragJsonSerializerContext" />
    </UnitTest>
    <UnitTest name="HPD.RAG.Core.Tests.TierInterfaceTests.MragRouteResult_To_ReturnsCorrectPortAndData" storage="/users/ewoof/desktop/hpd-os/dotnet/hpd-rag.framework/test/hpd-rag.core.tests/bin/debug/net9.0/hpd-rag.core.tests.dll" id="06344b78-769c-983b-b392-f8444beb5cb9">
      <Execution id="401fe47c-87d4-42f7-aea9-347015309d3c" />
      <TestMethod codeBase="/Users/ewoof/Desktop/HPD-OS/dotnet/HPD-RAG.Framework/test/HPD-RAG.Core.Tests/bin/Debug/net9.0/HPD-RAG.Core.Tests.dll" adapterTypeName="executor://xunit/VsTestRunner3/netcore/" className="HPD.RAG.Core.Tests.TierInterfaceTests" name="MragRouteResult_To_ReturnsCorrectPortAndData" />
    </UnitTest>
    <UnitTest name="HPD.RAG.Core.Tests.FilterAstTests.MragFilter_Or_ProducesChildrenArray" storage="/users/ewoof/desktop/hpd-os/dotnet/hpd-rag.framework/test/hpd-rag.core.tests/bin/debug/net9.0/hpd-rag.core.tests.dll" id="8cb20d1d-4ac1-f9fe-f498-e3c240ce8fab">
      <Execution id="df69e5d7-aaa6-485e-b84d-f3fbe4a965e2" />
      <TestMethod codeBase="/Users/ewoof/Desktop/HPD-OS/dotnet/HPD-RAG.Framework/test/HPD-RAG.Core.Tests/bin/Debug/net9.0/HPD-RAG.Core.Tests.dll" adapterTypeName="executor://xunit/VsTestRunner3/netcore/" className="HPD.RAG.Core.Tests.FilterAstTests" name="MragFilter_Or_ProducesChildrenArray" />
    </UnitTest>
    <UnitTest name="HPD.RAG.Core.Tests.ConfigTests.VectorStoreConfig_GetTypedConfig_UsesProviderOptionsObject" storage="/users/ewoof/desktop/hpd-os/dotnet/hpd-rag.framework/test/hpd-rag.core.tests/bin/debug/net9.0/hpd-rag.core.tests.dll" id="399f5189-de90-52e4-4ecc-90b76160ff2c">
      <Execution id="4db96ed4-6fdc-46df-8a0c-edeeb0dfec7d" />
      <TestMethod codeBase="/Users/ewoof/Desktop/HPD-OS/dotnet/HPD-RAG.Framework/test/HPD-RAG.Core.Tests/bin/Debug/net9.0/HPD-RAG.Core.Tests.dll" adapterTypeName="executor://xunit/VsTestRunner3/netcore/" className="HPD.RAG.Core.Tests.ConfigTests" name="VectorStoreConfig_GetTypedConfig_UsesProviderOptionsObject" />
    </UnitTest>
    <UnitTest name="HPD.RAG.Core.Tests.DtoTests.MragMetricsDto_WithReasonsNull_Serializes" storage="/users/ewoof/desktop/hpd-os/dotnet/hpd-rag.framework/test/hpd-rag.core.tests/bin/debug/net9.0/hpd-rag.core.tests.dll" id="a67dde13-a0d4-c960-6126-c07fdbeaa01d">
      <Execution id="2e579c02-4e7a-4776-a886-aa011dcd7c29" />
      <TestMethod codeBase="/Users/ewoof/Desktop/HPD-OS/dotnet/HPD-RAG.Framework/test/HPD-RAG.Core.Tests/bin/Debug/net9.0/HPD-RAG.Core.Tests.dll" adapterTypeName="executor://xunit/VsTestRunner3/netcore/" className="HPD.RAG.Core.Tests.DtoTests" name="MragMetricsDto_WithReasonsNull_Serializes" />
    </UnitTest>
    <UnitTest name="HPD.RAG.Core.Tests.SerializationTests.MragJsonSerializerContext_SerializesArray_OfChunks" storage="/users/ewoof/desktop/hpd-os/dotnet/hpd-rag.framework/test/hpd-rag.core.tests/bin/debug/net9.0/hpd-rag.core.tests.dll" id="2fdf208a-4787-b709-bb9e-3c10f041e178">
      <Execution id="9ac8a702-2026-4ac4-955d-d92e210adad1" />
      <TestMethod codeBase="/Users/ewoof/Desktop/HPD-OS/dotnet/HPD-RAG.Framework/test/HPD-RAG.Core.Tests/bin/Debug/net9.0/HPD-RAG.Core.Tests.dll" adapterTypeName="executor://xunit/VsTestRunner3/netcore/" className="HPD.RAG.Core.Tests.SerializationTests" name="MragJsonSerializerContext_SerializesArray_OfChunks" />
    </UnitTest>
    <UnitTest name="HPD.RAG.Core.Tests.FilterAstTests.MragFilter_AllLeafOps_ProduceCorrectOpStrings(expectedOp: &quot;startswith&quot;)" storage="/users/ewoof/desktop/hpd-os/dotnet/hpd-rag.framework/test/hpd-rag.core.tests/bin/debug/net9.0/hpd-rag.core.tests.dll" id="d9e207a4-321a-91ab-3351-70a6c5325a71">
      <Execution id="5a98a3d8-393b-49ab-b9c3-29957983c063" />
      <TestMethod codeBase="/Users/ewoof/Desktop/HPD-OS/dotnet/HPD-RAG.Framework/test/HPD-RAG.Core.Tests/bin/Debug/net9.0/HPD-RAG.Core.Tests.dll" adapterTypeName="executor://xunit/VsTestRunner3/netcore/" className="HPD.RAG.Core.Tests.FilterAstTests" name="MragFilter_AllLeafOps_ProduceCorrectOpStrings" />
    </UnitTest>
    <UnitTest name="HPD.RAG.Core.Tests.FilterAstTests.MragFilter_Eq_Bool_RoundtripsValue" storage="/users/ewoof/desktop/hpd-os/dotnet/hpd-rag.framework/test/hpd-rag.core.tests/bin/debug/net9.0/hpd-rag.core.tests.dll" id="12f7b8d8-4460-8607-1738-f3deeedab979">
      <Execution id="7462ca47-f631-41a9-8951-6da15f6cc1fc" />
      <TestMethod codeBase="/Users/ewoof/Desktop/HPD-OS/dotnet/HPD-RAG.Framework/test/HPD-RAG.Core.Tests/bin/Debug/net9.0/HPD-RAG.Core.Tests.dll" adapterTypeName="executor://xunit/VsTestRunner3/netcore/" className="HPD.RAG.Core.Tests.FilterAstTests" name="MragFilter_Eq_Bool_RoundtripsValue" />
    </UnitTest>
    <UnitTest name="HPD.RAG.Core.Tests.ConfigTests.VectorStoreConfig_GetTypedConfig_UsesRegisteredDeserializer" storage="/users/ewoof/desktop/hpd-os/dotnet/hpd-rag.framework/test/hpd-rag.core.tests/bin/debug/net9.0/hpd-rag.core.tests.dll" id="b6794f06-861f-5e1d-2c00-0a12d3bb4b0d">
      <Execution id="9f51342d-a17e-47c3-829d-84f97aeaa756" />
      <TestMethod codeBase="/Users/ewoof/Desktop/HPD-OS/dotnet/HPD-RAG.Framework/test/HPD-RAG.Core.Tests/bin/Debug/net9.0/HPD-RAG.Core.Tests.dll" adapterTypeName="executor://xunit/VsTestRunner3/netcore/" className="HPD.RAG.Core.Tests.ConfigTests" name="VectorStoreConfig_GetTypedConfig_UsesRegisteredDeserializer" />
    </UnitTest>
    <UnitTest name="HPD.RAG.Core.Tests.FilterAstTests.MragFilter_Tag_ProducesTagPrefixedProperty" storage="/users/ewoof/desktop/hpd-os/dotnet/hpd-rag.framework/test/hpd-rag.core.tests/bin/debug/net9.0/hpd-rag.core.tests.dll" id="058d2abb-a5f3-39da-3a1c-663f66485df3">
      <Execution id="c2702ba2-43e0-4c61-a685-475024359ffa" />
      <TestMethod codeBase="/Users/ewoof/Desktop/HPD-OS/dotnet/HPD-RAG.Framework/test/HPD-RAG.Core.Tests/bin/Debug/net9.0/HPD-RAG.Core.Tests.dll" adapterTypeName="executor://xunit/VsTestRunner3/netcore/" className="HPD.RAG.Core.Tests.FilterAstTests" name="MragFilter_Tag_ProducesTagPrefixedProperty" />
    </UnitTest>
    <UnitTest name="HPD.RAG.Core.Tests.FilterAstTests.MragFilter_AllLeafOps_ProduceCorrectOpStrings(expectedOp: &quot;lt&quot;)" storage="/users/ewoof/desktop/hpd-os/dotnet/hpd-rag.framework/test/hpd-rag.core.tests/bin/debug/net9.0/hpd-rag.core.tests.dll" id="f57a2426-facc-681b-91b0-2920436f49f4">
      <Execution id="901cfee1-8d70-45e5-9a83-fb8c8c073bb7" />
      <TestMethod codeBase="/Users/ewoof/Desktop/HPD-OS/dotnet/HPD-RAG.Framework/test/HPD-RAG.Core.Tests/bin/Debug/net9.0/HPD-RAG.Core.Tests.dll" adapterTypeName="executor://xunit/VsTestRunner3/netcore/" className="HPD.RAG.Core.Tests.FilterAstTests" name="MragFilter_AllLeafOps_ProduceCorrectOpStrings" />
    </UnitTest>
    <UnitTest name="HPD.RAG.Core.Tests.DiscoveryRegistryTests.VectorStoreDiscovery_GetTypedConfig_ReturnsNull_WhenNoOptionsJson" storage="/users/ewoof/desktop/hpd-os/dotnet/hpd-rag.framework/test/hpd-rag.core.tests/bin/debug/net9.0/hpd-rag.core.tests.dll" id="c7b67327-02bc-d251-b565-6ad98394f610">
      <Execution id="5b73c2ea-3e0b-400b-89b6-1503b0760bb1" />
      <TestMethod codeBase="/Users/ewoof/Desktop/HPD-OS/dotnet/HPD-RAG.Framework/test/HPD-RAG.Core.Tests/bin/Debug/net9.0/HPD-RAG.Core.Tests.dll" adapterTypeName="executor://xunit/VsTestRunner3/netcore/" className="HPD.RAG.Core.Tests.DiscoveryRegistryTests" name="VectorStoreDiscovery_GetTypedConfig_ReturnsNull_WhenNoOptionsJson" />
    </UnitTest>
    <UnitTest name="HPD.RAG.Core.Tests.MragPipelineContextTests.MragPipelineContext_CreateIsolatedCopy_CompletedNodesAreCopied" storage="/users/ewoof/desktop/hpd-os/dotnet/hpd-rag.framework/test/hpd-rag.core.tests/bin/debug/net9.0/hpd-rag.core.tests.dll" id="ee128557-1fa2-1411-79aa-5b1761095d2e">
      <Execution id="2b3ccd31-8872-4e8b-a9a6-f9b9cc3c4408" />
      <TestMethod codeBase="/Users/ewoof/Desktop/HPD-OS/dotnet/HPD-RAG.Framework/test/HPD-RAG.Core.Tests/bin/Debug/net9.0/HPD-RAG.Core.Tests.dll" adapterTypeName="executor://xunit/VsTestRunner3/netcore/" className="HPD.RAG.Core.Tests.MragPipelineContextTests" name="MragPipelineContext_CreateIsolatedCopy_CompletedNodesAreCopied" />
    </UnitTest>
    <UnitTest name="HPD.RAG.Core.Tests.DtoTests.MragDocumentElementDto_ImageElement_AllFieldsPresent" storage="/users/ewoof/desktop/hpd-os/dotnet/hpd-rag.framework/test/hpd-rag.core.tests/bin/debug/net9.0/hpd-rag.core.tests.dll" id="b94150f8-2ebb-49d4-c098-46c934c29394">
      <Execution id="5131ecf9-2304-4541-b2cf-0a1cc36855b6" />
      <TestMethod codeBase="/Users/ewoof/Desktop/HPD-OS/dotnet/HPD-RAG.Framework/test/HPD-RAG.Core.Tests/bin/Debug/net9.0/HPD-RAG.Core.Tests.dll" adapterTypeName="executor://xunit/VsTestRunner3/netcore/" className="HPD.RAG.Core.Tests.DtoTests" name="MragDocumentElementDto_ImageElement_AllFieldsPresent" />
    </UnitTest>
    <UnitTest name="HPD.RAG.Core.Tests.FilterAstTests.MragFilter_Eq_String_ProducesCorrectOp" storage="/users/ewoof/desktop/hpd-os/dotnet/hpd-rag.framework/test/hpd-rag.core.tests/bin/debug/net9.0/hpd-rag.core.tests.dll" id="2b20b5bb-0eb7-e2dc-6d25-2c96e6c3860c">
      <Execution id="50dc8ea7-a1f9-4dc8-9dca-b5323dc1509e" />
      <TestMethod codeBase="/Users/ewoof/Desktop/HPD-OS/dotnet/HPD-RAG.Framework/test/HPD-RAG.Core.Tests/bin/Debug/net9.0/HPD-RAG.Core.Tests.dll" adapterTypeName="executor://xunit/VsTestRunner3/netcore/" className="HPD.RAG.Core.Tests.FilterAstTests" name="MragFilter_Eq_String_ProducesCorrectOp" />
    </UnitTest>
    <UnitTest name="HPD.RAG.Core.Tests.PipelineOptionsTests.MragRetryPolicy_None_HasMaxAttempts1" storage="/users/ewoof/desktop/hpd-os/dotnet/hpd-rag.framework/test/hpd-rag.core.tests/bin/debug/net9.0/hpd-rag.core.tests.dll" id="627c9e1f-10b0-9960-0423-a1c54a3abee2">
      <Execution id="e226e0b2-f210-467f-980b-71314ca9f625" />
      <TestMethod codeBase="/Users/ewoof/Desktop/HPD-OS/dotnet/HPD-RAG.Framework/test/HPD-RAG.Core.Tests/bin/Debug/net9.0/HPD-RAG.Core.Tests.dll" adapterTypeName="executor://xunit/VsTestRunner3/netcore/" className="HPD.RAG.Core.Tests.PipelineOptionsTests" name="MragRetryPolicy_None_HasMaxAttempts1" />
    </UnitTest>
    <UnitTest name="HPD.RAG.Core.Tests.SerializationTests.MragJsonSerializerContext_SerializesJaggedArray_OfChunks" storage="/users/ewoof/desktop/hpd-os/dotnet/hpd-rag.framework/test/hpd-rag.core.tests/bin/debug/net9.0/hpd-rag.core.tests.dll" id="76420a19-f999-a84f-a779-b0b9a677f9d6">
      <Execution id="0355537b-b241-42c4-a3d7-562fcf0428b1" />
      <TestMethod codeBase="/Users/ewoof/Desktop/HPD-OS/dotnet/HPD-RAG.Framework/test/HPD-RAG.Core.Tests/bin/Debug/net9.0/HPD-RAG.Core.Tests.dll" adapterTypeName="executor://xunit/VsTestRunner3/netcore/" className="HPD.RAG.Core.Tests.SerializationTests" name="MragJsonSerializerContext_SerializesJaggedArray_OfChunks" />
    </UnitTest>
    <UnitTest name="HPD.RAG.Core.Tests.MragPipelineContextTests.MragPipelineContext_CanBeConstructed_WithRequiredArgs" storage="/users/ewoof/desktop/hpd-os/dotnet/hpd-rag.framework/test/hpd-rag.core.tests/bin/debug/net9.0/hpd-rag.core.tests.dll" id="8be9dba9-2aa5-6ee3-b6aa-92bf5ce9b495">
      <Execution id="b8ee1a7d-d335-41c6-bd2c-1381466c399a" />
      <TestMethod codeBase="/Users/ewoof/Desktop/HPD-OS/dotnet/HPD-RAG.Framework/test/HPD-RAG.Core.Tests/bin/Debug/net9.0/HPD-RAG.Core.Tests.dll" adapterTypeName="executor://xunit/VsTestRunner3/netcore/" className="HPD.RAG.Core.Tests.MragPipelineContextTests" name="MragPipelineContext_CanBeConstructed_WithRequiredArgs" />
    </UnitTest>
    <UnitTest name="HPD.RAG.Core.Tests.PipelineOptionsTests.MragNodeOptions_ProducesArtifact_CanBeSet" storage="/users/ewoof/desktop/hpd-os/dotnet/hpd-rag.framework/test/hpd-rag.core.tests/bin/debug/net9.0/hpd-rag.core.tests.dll" id="bc25e86e-af8a-09f4-bc8f-34a24b3b750b">
      <Execution id="09e8b338-3c6b-4bac-9acd-8a68ef4d504e" />
      <TestMethod codeBase="/Users/ewoof/Desktop/HPD-OS/dotnet/HPD-RAG.Framework/test/HPD-RAG.Core.Tests/bin/Debug/net9.0/HPD-RAG.Core.Tests.dll" adapterTypeName="executor://xunit/VsTestRunner3/netcore/" className="HPD.RAG.Core.Tests.PipelineOptionsTests" name="MragNodeOptions_ProducesArtifact_CanBeSet" />
    </UnitTest>
    <UnitTest name="HPD.RAG.Core.Tests.SerializationTests.MragJsonSerializerContext_HasTypeInfo_ForAllDtoTypes" storage="/users/ewoof/desktop/hpd-os/dotnet/hpd-rag.framework/test/hpd-rag.core.tests/bin/debug/net9.0/hpd-rag.core.tests.dll" id="10c05c88-55f5-4ce5-140c-673afc0999ce">
      <Execution id="df059c56-a455-4aaa-a836-a27c71b58176" />
      <TestMethod codeBase="/Users/ewoof/Desktop/HPD-OS/dotnet/HPD-RAG.Framework/test/HPD-RAG.Core.Tests/bin/Debug/net9.0/HPD-RAG.Core.Tests.dll" adapterTypeName="executor://xunit/VsTestRunner3/netcore/" className="HPD.RAG.Core.Tests.SerializationTests" name="MragJsonSerializerContext_HasTypeInfo_ForAllDtoTypes" />
    </UnitTest>
    <UnitTest name="HPD.RAG.Core.Tests.MragProcessingContextTests.MragProcessingContext_ExposesCorrectProperties" storage="/users/ewoof/desktop/hpd-os/dotnet/hpd-rag.framework/test/hpd-rag.core.tests/bin/debug/net9.0/hpd-rag.core.tests.dll" id="81ca8659-16a0-fcf4-04df-d02dc211032b">
      <Execution id="8bb97f0e-5ff0-4826-b463-5e13a83e50fe" />
      <TestMethod codeBase="/Users/ewoof/Desktop/HPD-OS/dotnet/HPD-RAG.Framework/test/HPD-RAG.Core.Tests/bin/Debug/net9.0/HPD-RAG.Core.Tests.dll" adapterTypeName="executor://xunit/VsTestRunner3/netcore/" className="HPD.RAG.Core.Tests.MragProcessingContextTests" name="MragProcessingContext_ExposesCorrectProperties" />
    </UnitTest>
    <UnitTest name="HPD.RAG.Core.Tests.PipelineOptionsTests.MragRetryPolicy_Attempts_Factory_SetsMaxAttempts" storage="/users/ewoof/desktop/hpd-os/dotnet/hpd-rag.framework/test/hpd-rag.core.tests/bin/debug/net9.0/hpd-rag.core.tests.dll" id="981036a0-183c-709e-267e-6ccebff3a88d">
      <Execution id="8e1b0e24-ec5b-4013-af45-41d5ddd1d8af" />
      <TestMethod codeBase="/Users/ewoof/Desktop/HPD-OS/dotnet/HPD-RAG.Framework/test/HPD-RAG.Core.Tests/bin/Debug/net9.0/HPD-RAG.Core.Tests.dll" adapterTypeName="executor://xunit/VsTestRunner3/netcore/" className="HPD.RAG.Core.Tests.PipelineOptionsTests" name="MragRetryPolicy_Attempts_Factory_SetsMaxAttempts" />
    </UnitTest>
    <UnitTest name="HPD.RAG.Core.Tests.FilterAstTests.MragFilter_Eq_DateTimeOffset_SerializesAsIso8601" storage="/users/ewoof/desktop/hpd-os/dotnet/hpd-rag.framework/test/hpd-rag.core.tests/bin/debug/net9.0/hpd-rag.core.tests.dll" id="864bf676-7edc-2b17-fc25-8e1fd44b3832">
      <Execution id="973c4110-222d-43b9-8afe-af9541c5c0ca" />
      <TestMethod codeBase="/Users/ewoof/Desktop/HPD-OS/dotnet/HPD-RAG.Framework/test/HPD-RAG.Core.Tests/bin/Debug/net9.0/HPD-RAG.Core.Tests.dll" adapterTypeName="executor://xunit/VsTestRunner3/netcore/" className="HPD.RAG.Core.Tests.FilterAstTests" name="MragFilter_Eq_DateTimeOffset_SerializesAsIso8601" />
    </UnitTest>
    <UnitTest name="HPD.RAG.Core.Tests.SerializationTests.MragJsonSerializerContext_CamelCasePropertyNaming" storage="/users/ewoof/desktop/hpd-os/dotnet/hpd-rag.framework/test/hpd-rag.core.tests/bin/debug/net9.0/hpd-rag.core.tests.dll" id="55dac475-624b-d761-2987-33a73cf60736">
      <Execution id="6093eabe-702a-4446-ba6a-d45dc50bb9dd" />
      <TestMethod codeBase="/Users/ewoof/Desktop/HPD-OS/dotnet/HPD-RAG.Framework/test/HPD-RAG.Core.Tests/bin/Debug/net9.0/HPD-RAG.Core.Tests.dll" adapterTypeName="executor://xunit/VsTestRunner3/netcore/" className="HPD.RAG.Core.Tests.SerializationTests" name="MragJsonSerializerContext_CamelCasePropertyNaming" />
    </UnitTest>
    <UnitTest name="HPD.RAG.Core.Tests.FilterAstTests.MragFilter_Not_ProducesSingleChild" storage="/users/ewoof/desktop/hpd-os/dotnet/hpd-rag.framework/test/hpd-rag.core.tests/bin/debug/net9.0/hpd-rag.core.tests.dll" id="bdc916f1-8718-cfe6-8287-3751bc1d488a">
      <Execution id="3758223f-eafe-467d-b762-55cc64fbd056" />
      <TestMethod codeBase="/Users/ewoof/Desktop/HPD-OS/dotnet/HPD-RAG.Framework/test/HPD-RAG.Core.Tests/bin/Debug/net9.0/HPD-RAG.Core.Tests.dll" adapterTypeName="executor://xunit/VsTestRunner3/netcore/" className="HPD.RAG.Core.Tests.FilterAstTests" name="MragFilter_Not_ProducesSingleChild" />
    </UnitTest>
    <UnitTest name="HPD.RAG.Core.Tests.FilterAstTests.MragFilter_AllLeafOps_ProduceCorrectOpStrings(expectedOp: &quot;contains&quot;)" storage="/users/ewoof/desktop/hpd-os/dotnet/hpd-rag.framework/test/hpd-rag.core.tests/bin/debug/net9.0/hpd-rag.core.tests.dll" id="b2f1ca18-a6d3-e138-19f0-6675e1caea67">
      <Execution id="39b18bca-30c4-4e4c-8f33-8270d922a968" />
      <TestMethod codeBase="/Users/ewoof/Desktop/HPD-OS/dotnet/HPD-RAG.Framework/test/HPD-RAG.Core.Tests/bin/Debug/net9.0/HPD-RAG.Core.Tests.dll" adapterTypeName="executor://xunit/VsTestRunner3/netcore/" className="HPD.RAG.Core.Tests.FilterAstTests" name="MragFilter_AllLeafOps_ProduceCorrectOpStrings" />
    </UnitTest>
    <UnitTest name="HPD.RAG.Core.Tests.FilterAstTests.MragFilter_AllLeafOps_ProduceCorrectOpStrings(expectedOp: &quot;eq&quot;)" storage="/users/ewoof/desktop/hpd-os/dotnet/hpd-rag.framework/test/hpd-rag.core.tests/bin/debug/net9.0/hpd-rag.core.tests.dll" id="2e5a10ea-3ca6-935c-6c83-1bd375a56c46">
      <Execution id="102c127b-82ec-4299-8b56-dbbde8a979ab" />
      <TestMethod codeBase="/Users/ewoof/Desktop/HPD-OS/dotnet/HPD-RAG.Framework/test/HPD-RAG.Core.Tests/bin/Debug/net9.0/HPD-RAG.Core.Tests.dll" adapterTypeName="executor://xunit/VsTestRunner3/netcore/" className="HPD.RAG.Core.Tests.FilterAstTests" name="MragFilter_AllLeafOps_ProduceCorrectOpStrings" />
    </UnitTest>
    <UnitTest name="HPD.RAG.Core.Tests.DiscoveryRegistryTests.RerankerDiscovery_RegisterAndGet_ReturnsCorrectFeatures" storage="/users/ewoof/desktop/hpd-os/dotnet/hpd-rag.framework/test/hpd-rag.core.tests/bin/debug/net9.0/hpd-rag.core.tests.dll" id="d14937bf-c5b6-f9ef-53aa-558767eb3a22">
      <Execution id="5c7037d4-98db-4557-a128-d551790fc23b" />
      <TestMethod codeBase="/Users/ewoof/Desktop/HPD-OS/dotnet/HPD-RAG.Framework/test/HPD-RAG.Core.Tests/bin/Debug/net9.0/HPD-RAG.Core.Tests.dll" adapterTypeName="executor://xunit/VsTestRunner3/netcore/" className="HPD.RAG.Core.Tests.DiscoveryRegistryTests" name="RerankerDiscovery_RegisterAndGet_ReturnsCorrectFeatures" />
    </UnitTest>
    <UnitTest name="HPD.RAG.Core.Tests.MragPipelineContextTests.MragPipelineContext_RunTags_IsNullByDefault" storage="/users/ewoof/desktop/hpd-os/dotnet/hpd-rag.framework/test/hpd-rag.core.tests/bin/debug/net9.0/hpd-rag.core.tests.dll" id="4f4484cc-8be9-e68f-f76c-8b37de740a3e">
      <Execution id="26fa8daf-55e0-4db8-b00a-044ae6646f59" />
      <TestMethod codeBase="/Users/ewoof/Desktop/HPD-OS/dotnet/HPD-RAG.Framework/test/HPD-RAG.Core.Tests/bin/Debug/net9.0/HPD-RAG.Core.Tests.dll" adapterTypeName="executor://xunit/VsTestRunner3/netcore/" className="HPD.RAG.Core.Tests.MragPipelineContextTests" name="MragPipelineContext_RunTags_IsNullByDefault" />
    </UnitTest>
    <UnitTest name="HPD.RAG.Core.Tests.MragProcessingContextTests.MragProcessingContext_DoesNotExposeGraphInternals" storage="/users/ewoof/desktop/hpd-os/dotnet/hpd-rag.framework/test/hpd-rag.core.tests/bin/debug/net9.0/hpd-rag.core.tests.dll" id="f50639ab-f6ee-5f2d-aaa6-83ed00fe933d">
      <Execution id="a8826f69-f12f-45ab-b146-116bd7acebe2" />
      <TestMethod codeBase="/Users/ewoof/Desktop/HPD-OS/dotnet/HPD-RAG.Framework/test/HPD-RAG.Core.Tests/bin/Debug/net9.0/HPD-RAG.Core.Tests.dll" adapterTypeName="executor://xunit/VsTestRunner3/netcore/" className="HPD.RAG.Core.Tests.MragProcessingContextTests" name="MragProcessingContext_DoesNotExposeGraphInternals" />
    </UnitTest>
    <UnitTest name="HPD.RAG.Core.Tests.MragPipelineContextTests.MragPipelineContext_CreateIsolatedCopy_PreservesPipelineName" storage="/users/ewoof/desktop/hpd-os/dotnet/hpd-rag.framework/test/hpd-rag.core.tests/bin/debug/net9.0/hpd-rag.core.tests.dll" id="96b3c166-0edb-e08b-9785-537cf41d3395">
      <Execution id="15481964-296a-49da-ab11-3a53224c7241" />
      <TestMethod codeBase="/Users/ewoof/Desktop/HPD-OS/dotnet/HPD-RAG.Framework/test/HPD-RAG.Core.Tests/bin/Debug/net9.0/HPD-RAG.Core.Tests.dll" adapterTypeName="executor://xunit/VsTestRunner3/netcore/" className="HPD.RAG.Core.Tests.MragPipelineContextTests" name="MragPipelineContext_CreateIsolatedCopy_PreservesPipelineName" />
    </UnitTest>
    <UnitTest name="HPD.RAG.Core.Tests.DiscoveryRegistryTests.VectorStoreDiscovery_MultipleRegistrations_AllReturnCorrectProvider" storage="/users/ewoof/desktop/hpd-os/dotnet/hpd-rag.framework/test/hpd-rag.core.tests/bin/debug/net9.0/hpd-rag.core.tests.dll" id="ee7edacd-4d5a-2ca4-bf5e-e880267686f3">
      <Execution id="bd5c03f1-9ed0-47e2-be4c-b069bf34fba1" />
      <TestMethod codeBase="/Users/ewoof/Desktop/HPD-OS/dotnet/HPD-RAG.Framework/test/HPD-RAG.Core.Tests/bin/Debug/net9.0/HPD-RAG.Core.Tests.dll" adapterTypeName="executor://xunit/VsTestRunner3/netcore/" className="HPD.RAG.Core.Tests.DiscoveryRegistryTests" name="VectorStoreDiscovery_MultipleRegistrations_AllReturnCorrectProvider" />
    </UnitTest>
    <UnitTest name="HPD.RAG.Core.Tests.DiscoveryRegistryTests.VectorStoreDiscovery_RegisterAndGet_ReturnsCorrectFeatures" storage="/users/ewoof/desktop/hpd-os/dotnet/hpd-rag.framework/test/hpd-rag.core.tests/bin/debug/net9.0/hpd-rag.core.tests.dll" id="1aad20b8-8ca7-2807-517e-85759591c3ab">
      <Execution id="2a9f637e-fb70-44ed-9dfa-8124a8c2dc16" />
      <TestMethod codeBase="/Users/ewoof/Desktop/HPD-OS/dotnet/HPD-RAG.Framework/test/HPD-RAG.Core.Tests/bin/Debug/net9.0/HPD-RAG.Core.Tests.dll" adapterTypeName="executor://xunit/VsTestRunner3/netcore/" className="HPD.RAG.Core.Tests.DiscoveryRegistryTests" name="VectorStoreDiscovery_RegisterAndGet_ReturnsCorrectFeatures" />
    </UnitTest>
    <UnitTest name="HPD.RAG.Core.Tests.FilterAstTests.MragFilter_CompoundNested_RoundtripsThroughJson" storage="/users/ewoof/desktop/hpd-os/dotnet/hpd-rag.framework/test/hpd-rag.core.tests/bin/debug/net9.0/hpd-rag.core.tests.dll" id="a3e7fd4c-9aee-8584-1aaa-68656eca26d8">
      <Execution id="5bd998b7-4b0e-442b-ae49-0b0195720684" />
      <TestMethod codeBase="/Users/ewoof/Desktop/HPD-OS/dotnet/HPD-RAG.Framework/test/HPD-RAG.Core.Tests/bin/Debug/net9.0/HPD-RAG.Core.Tests.dll" adapterTypeName="executor://xunit/VsTestRunner3/netcore/" className="HPD.RAG.Core.Tests.FilterAstTests" name="MragFilter_CompoundNested_RoundtripsThroughJson" />
    </UnitTest>
    <UnitTest name="HPD.RAG.Core.Tests.DiscoveryRegistryTests.EmbeddingDiscovery_RegisterAndGet_ReturnsCorrectFeatures" storage="/users/ewoof/desktop/hpd-os/dotnet/hpd-rag.framework/test/hpd-rag.core.tests/bin/debug/net9.0/hpd-rag.core.tests.dll" id="d70d1950-835a-1083-0a16-6f74acac06eb">
      <Execution id="e3e7fa8b-17fe-4f67-8b1a-129fd77642e4" />
      <TestMethod codeBase="/Users/ewoof/Desktop/HPD-OS/dotnet/HPD-RAG.Framework/test/HPD-RAG.Core.Tests/bin/Debug/net9.0/HPD-RAG.Core.Tests.dll" adapterTypeName="executor://xunit/VsTestRunner3/netcore/" className="HPD.RAG.Core.Tests.DiscoveryRegistryTests" name="EmbeddingDiscovery_RegisterAndGet_ReturnsCorrectFeatures" />
    </UnitTest>
    <UnitTest name="HPD.RAG.Core.Tests.DiscoveryRegistryTests.VectorStoreDiscovery_GetProvider_ReturnsNull_ForUnknownKey" storage="/users/ewoof/desktop/hpd-os/dotnet/hpd-rag.framework/test/hpd-rag.core.tests/bin/debug/net9.0/hpd-rag.core.tests.dll" id="3101eeb0-695c-14ab-35f4-34333e1a0f2c">
      <Execution id="e2c873f6-601a-4df7-8178-6dae2dcef916" />
      <TestMethod codeBase="/Users/ewoof/Desktop/HPD-OS/dotnet/HPD-RAG.Framework/test/HPD-RAG.Core.Tests/bin/Debug/net9.0/HPD-RAG.Core.Tests.dll" adapterTypeName="executor://xunit/VsTestRunner3/netcore/" className="HPD.RAG.Core.Tests.DiscoveryRegistryTests" name="VectorStoreDiscovery_GetProvider_ReturnsNull_ForUnknownKey" />
    </UnitTest>
    <UnitTest name="HPD.RAG.Core.Tests.DtoTests.MragDocumentDto_Roundtrips_ThroughJsonSerialization" storage="/users/ewoof/desktop/hpd-os/dotnet/hpd-rag.framework/test/hpd-rag.core.tests/bin/debug/net9.0/hpd-rag.core.tests.dll" id="d0fb0558-4770-9bd6-22f2-e112339bd021">
      <Execution id="739c9171-ac09-4394-b6b7-cc19968f9cf9" />
      <TestMethod codeBase="/Users/ewoof/Desktop/HPD-OS/dotnet/HPD-RAG.Framework/test/HPD-RAG.Core.Tests/bin/Debug/net9.0/HPD-RAG.Core.Tests.dll" adapterTypeName="executor://xunit/VsTestRunner3/netcore/" className="HPD.RAG.Core.Tests.DtoTests" name="MragDocumentDto_Roundtrips_ThroughJsonSerialization" />
    </UnitTest>
    <UnitTest name="HPD.RAG.Core.Tests.DtoTests.MragSearchResultDto_Roundtrips_ThroughJsonSerialization" storage="/users/ewoof/desktop/hpd-os/dotnet/hpd-rag.framework/test/hpd-rag.core.tests/bin/debug/net9.0/hpd-rag.core.tests.dll" id="a66f7ac9-40ac-f746-887c-4a19a75baa81">
      <Execution id="92045cf6-80a9-41d5-929e-a1b9d9e8ecbc" />
      <TestMethod codeBase="/Users/ewoof/Desktop/HPD-OS/dotnet/HPD-RAG.Framework/test/HPD-RAG.Core.Tests/bin/Debug/net9.0/HPD-RAG.Core.Tests.dll" adapterTypeName="executor://xunit/VsTestRunner3/netcore/" className="HPD.RAG.Core.Tests.DtoTests" name="MragSearchResultDto_Roundtrips_ThroughJsonSerialization" />
    </UnitTest>
    <UnitTest name="HPD.RAG.Core.Tests.FilterAstTests.MragFilter_AllLeafOps_ProduceCorrectOpStrings(expectedOp: &quot;neq&quot;)" storage="/users/ewoof/desktop/hpd-os/dotnet/hpd-rag.framework/test/hpd-rag.core.tests/bin/debug/net9.0/hpd-rag.core.tests.dll" id="14727ece-71c0-38ae-393c-3687143b9121">
      <Execution id="394df2cf-3845-4952-a976-abe44dbf0440" />
      <TestMethod codeBase="/Users/ewoof/Desktop/HPD-OS/dotnet/HPD-RAG.Framework/test/HPD-RAG.Core.Tests/bin/Debug/net9.0/HPD-RAG.Core.Tests.dll" adapterTypeName="executor://xunit/VsTestRunner3/netcore/" className="HPD.RAG.Core.Tests.FilterAstTests" name="MragFilter_AllLeafOps_ProduceCorrectOpStrings" />
    </UnitTest>
    <UnitTest name="HPD.RAG.Core.Tests.SerializationTests.MragJsonSerializerContext_NullsOmitted_InJson" storage="/users/ewoof/desktop/hpd-os/dotnet/hpd-rag.framework/test/hpd-rag.core.tests/bin/debug/net9.0/hpd-rag.core.tests.dll" id="a354e0f7-26dc-fc7e-4e62-c65f0d081975">
      <Execution id="fd7aa440-b93b-4a7c-9a9b-7ba807116282" />
      <TestMethod codeBase="/Users/ewoof/Desktop/HPD-OS/dotnet/HPD-RAG.Framework/test/HPD-RAG.Core.Tests/bin/Debug/net9.0/HPD-RAG.Core.Tests.dll" adapterTypeName="executor://xunit/VsTestRunner3/netcore/" className="HPD.RAG.Core.Tests.SerializationTests" name="MragJsonSerializerContext_NullsOmitted_InJson" />
    </UnitTest>
    <UnitTest name="HPD.RAG.Core.Tests.MragPipelineContextTests.MragPipelineContext_CreateIsolatedCopy_MutatingCopyDoesNotAffectOriginal" storage="/users/ewoof/desktop/hpd-os/dotnet/hpd-rag.framework/test/hpd-rag.core.tests/bin/debug/net9.0/hpd-rag.core.tests.dll" id="5c2b9d61-e8f6-95a0-edef-aa3a99911410">
      <Execution id="cc95cb95-1afe-4124-83a0-34e6b16fd5a1" />
      <TestMethod codeBase="/Users/ewoof/Desktop/HPD-OS/dotnet/HPD-RAG.Framework/test/HPD-RAG.Core.Tests/bin/Debug/net9.0/HPD-RAG.Core.Tests.dll" adapterTypeName="executor://xunit/VsTestRunner3/netcore/" className="HPD.RAG.Core.Tests.MragPipelineContextTests" name="MragPipelineContext_CreateIsolatedCopy_MutatingCopyDoesNotAffectOriginal" />
    </UnitTest>
    <UnitTest name="HPD.RAG.Core.Tests.TierInterfaceTests.MragRouteResult_To_ThrowsOnNullData" storage="/users/ewoof/desktop/hpd-os/dotnet/hpd-rag.framework/test/hpd-rag.core.tests/bin/debug/net9.0/hpd-rag.core.tests.dll" id="2ebe438b-952a-3e02-f5f5-dff7e23f766b">
      <Execution id="15cbfdbd-fe75-4eb2-8eaa-b0f022b3182b" />
      <TestMethod codeBase="/Users/ewoof/Desktop/HPD-OS/dotnet/HPD-RAG.Framework/test/HPD-RAG.Core.Tests/bin/Debug/net9.0/HPD-RAG.Core.Tests.dll" adapterTypeName="executor://xunit/VsTestRunner3/netcore/" className="HPD.RAG.Core.Tests.TierInterfaceTests" name="MragRouteResult_To_ThrowsOnNullData" />
    </UnitTest>
    <UnitTest name="HPD.RAG.Core.Tests.FilterAstTests.MragFilter_And_ProducesChildrenArray" storage="/users/ewoof/desktop/hpd-os/dotnet/hpd-rag.framework/test/hpd-rag.core.tests/bin/debug/net9.0/hpd-rag.core.tests.dll" id="4337321f-4984-3fbe-1310-3e82a45daa1e">
      <Execution id="3fd78dfa-46b6-4972-90f0-cb8f55a8e34d" />
      <TestMethod codeBase="/Users/ewoof/Desktop/HPD-OS/dotnet/HPD-RAG.Framework/test/HPD-RAG.Core.Tests/bin/Debug/net9.0/HPD-RAG.Core.Tests.dll" adapterTypeName="executor://xunit/VsTestRunner3/netcore/" className="HPD.RAG.Core.Tests.FilterAstTests" name="MragFilter_And_ProducesChildrenArray" />
    </UnitTest>
    <UnitTest name="HPD.RAG.Core.Tests.PipelineOptionsTests.MragErrorPropagation_FallbackTo_SetsNodeId" storage="/users/ewoof/desktop/hpd-os/dotnet/hpd-rag.framework/test/hpd-rag.core.tests/bin/debug/net9.0/hpd-rag.core.tests.dll" id="047e34ad-c8fa-9437-6f52-2be600ad4e02">
      <Execution id="f8eeff74-7282-4bf0-83c5-f75a7a04fe43" />
      <TestMethod codeBase="/Users/ewoof/Desktop/HPD-OS/dotnet/HPD-RAG.Framework/test/HPD-RAG.Core.Tests/bin/Debug/net9.0/HPD-RAG.Core.Tests.dll" adapterTypeName="executor://xunit/VsTestRunner3/netcore/" className="HPD.RAG.Core.Tests.PipelineOptionsTests" name="MragErrorPropagation_FallbackTo_SetsNodeId" />
    </UnitTest>
  </TestDefinitions>
  <TestEntries>
    <TestEntry testId="8cb20d1d-4ac1-f9fe-f498-e3c240ce8fab" executionId="df69e5d7-aaa6-485e-b84d-f3fbe4a965e2" testListId="8c84fa94-04c1-424b-9868-57a2d4851a1d" />
    <TestEntry testId="e35d7b5b-e4b3-874b-16e6-dcbbe5610d60" executionId="3b83df31-9fd3-4fba-8d4f-90e771ed37c6" testListId="8c84fa94-04c1-424b-9868-57a2d4851a1d" />
    <TestEntry testId="a67dde13-a0d4-c960-6126-c07fdbeaa01d" executionId="2e579c02-4e7a-4776-a886-aa011dcd7c29" testListId="8c84fa94-04c1-424b-9868-57a2d4851a1d" />
    <TestEntry testId="972fb116-81f9-4243-fb5f-db81fa933b3e" executionId="60033145-422e-49e7-a172-1ba778d24cc5" testListId="8c84fa94-04c1-424b-9868-57a2d4851a1d" />
    <TestEntry testId="4f4484cc-8be9-e68f-f76c-8b37de740a3e" executionId="26fa8daf-55e0-4db8-b00a-044ae6646f59" testListId="8c84fa94-04c1-424b-9868-57a2d4851a1d" />
    <TestEntry testId="55dac475-624b-d761-2987-33a73cf60736" executionId="6093eabe-702a-4446-ba6a-d45dc50bb9dd" testListId="8c84fa94-04c1-424b-9868-57a2d4851a1d" />
    <TestEntry testId="4e9c5622-6901-4d7c-4ebe-c888bc823a71" executionId="72c866b8-3470-41b5-a242-c68cc2ef0bb2" testListId="8c84fa94-04c1-424b-9868-57a2d4851a1d" />
    <TestEntry testId="a3e7fd4c-9aee-8584-1aaa-68656eca26d8" executionId="5bd998b7-4b0e-442b-ae49-0b0195720684" testListId="8c84fa94-04c1-424b-9868-57a2d4851a1d" />
    <TestEntry testId="06344b78-769c-983b-b392-f8444beb5cb9" executionId="401fe47c-87d4-42f7-aea9-347015309d3c" testListId="8c84fa94-04c1-424b-9868-57a2d4851a1d" />
    <TestEntry testId="2fdf208a-4787-b709-bb9e-3c10f041e178" executionId="9ac8a702-2026-4ac4-955d-d92e210adad1" testListId="8c84fa94-04c1-424b-9868-57a2d4851a1d" />
    <TestEntry testId="4337321f-4984-3fbe-1310-3e82a45daa1e" executionId="3fd78dfa-46b6-4972-90f0-cb8f55a8e34d" testListId="8c84fa94-04c1-424b-9868-57a2d4851a1d" />
    <TestEntry testId="2e5a10ea-3ca6-935c-6c83-1bd375a56c46" executionId="102c127b-82ec-4299-8b56-dbbde8a979ab" testListId="8c84fa94-04c1-424b-9868-57a2d4851a1d" />
    <TestEntry testId="ea5bbdaa-8b48-8ca1-a610-e607a4525823" executionId="04529866-7fe9-42bb-a022-4a434a029f53" testListId="8c84fa94-04c1-424b-9868-57a2d4851a1d" />
    <TestEntry testId="399f5189-de90-52e4-4ecc-90b76160ff2c" executionId="4db96ed4-6fdc-46df-8a0c-edeeb0dfec7d" testListId="8c84fa94-04c1-424b-9868-57a2d4851a1d" />
    <TestEntry testId="81ca8659-16a0-fcf4-04df-d02dc211032b" executionId="8bb97f0e-5ff0-4826-b463-5e13a83e50fe" testListId="8c84fa94-04c1-424b-9868-57a2d4851a1d" />
    <TestEntry testId="fa973848-56a5-f852-b062-bf001ba90378" executionId="3b421da0-1b5f-4672-9df1-a0954a94eff1" testListId="8c84fa94-04c1-424b-9868-57a2d4851a1d" />
    <TestEntry testId="d14937bf-c5b6-f9ef-53aa-558767eb3a22" executionId="5c7037d4-98db-4557-a128-d551790fc23b" testListId="8c84fa94-04c1-424b-9868-57a2d4851a1d" />
    <TestEntry testId="611b8ea0-33de-07a3-27a4-19291cc54928" executionId="0b3dacdb-520d-4fbf-8312-dad27463e5a4" testListId="8c84fa94-04c1-424b-9868-57a2d4851a1d" />
    <TestEntry testId="c369f2ef-1b31-f9e4-0e7b-0293361a4be3" executionId="a0a13288-7d27-4d0a-b81d-1da47e791d01" testListId="8c84fa94-04c1-424b-9868-57a2d4851a1d" />
    <TestEntry testId="b22078cd-4c22-ace1-2f58-5ad41ba72b1b" executionId="52b909f3-18a1-49b8-87e9-d9990186bf1b" testListId="8c84fa94-04c1-424b-9868-57a2d4851a1d" />
    <TestEntry testId="14727ece-71c0-38ae-393c-3687143b9121" executionId="394df2cf-3845-4952-a976-abe44dbf0440" testListId="8c84fa94-04c1-424b-9868-57a2d4851a1d" />
    <TestEntry testId="76420a19-f999-a84f-a779-b0b9a677f9d6" executionId="0355537b-b241-42c4-a3d7-562fcf0428b1" testListId="8c84fa94-04c1-424b-9868-57a2d4851a1d" />
    <TestEntry testId="675a5aa7-94c7-6617-ee04-0fc0c4793edf" executionId="bf64b058-32f7-4078-905a-0f6401cc1cb9" testListId="8c84fa94-04c1-424b-9868-57a2d4851a1d" />
    <TestEntry testId="864bf676-7edc-2b17-fc25-8e1fd44b3832" executionId="973c4110-222d-43b9-8afe-af9541c5c0ca" testListId="8c84fa94-04c1-424b-9868-57a2d4851a1d" />
    <TestEntry testId="c7b67327-02bc-d251-b565-6ad98394f610" executionId="5b73c2ea-3e0b-400b-89b6-1503b0760bb1" testListId="8c84fa94-04c1-424b-9868-57a2d4851a1d" />
    <TestEntry testId="981036a0-183c-709e-267e-6ccebff3a88d" executionId="8e1b0e24-ec5b-4013-af45-41d5ddd1d8af" testListId="8c84fa94-04c1-424b-9868-57a2d4851a1d" />
    <TestEntry testId="5fa9e2c8-cbe3-cc74-82b1-da7fd6684d1b" executionId="77a032c6-f099-4770-ae01-ed95726a022c" testListId="8c84fa94-04c1-424b-9868-57a2d4851a1d" />
    <TestEntry testId="058d2abb-a5f3-39da-3a1c-663f66485df3" executionId="c2702ba2-43e0-4c61-a685-475024359ffa" testListId="8c84fa94-04c1-424b-9868-57a2d4851a1d" />
    <TestEntry testId="9ad76fd0-72c1-3707-1578-1cabb54110c6" executionId="c0ca8a29-a9d7-4a44-a5c7-0428429e58f3" testListId="8c84fa94-04c1-424b-9868-57a2d4851a1d" />
    <TestEntry testId="12f7b8d8-4460-8607-1738-f3deeedab979" executionId="7462ca47-f631-41a9-8951-6da15f6cc1fc" testListId="8c84fa94-04c1-424b-9868-57a2d4851a1d" />
    <TestEntry testId="2ebe438b-952a-3e02-f5f5-dff7e23f766b" executionId="15cbfdbd-fe75-4eb2-8eaa-b0f022b3182b" testListId="8c84fa94-04c1-424b-9868-57a2d4851a1d" />
    <TestEntry testId="ee7edacd-4d5a-2ca4-bf5e-e880267686f3" executionId="bd5c03f1-9ed0-47e2-be4c-b069bf34fba1" testListId="8c84fa94-04c1-424b-9868-57a2d4851a1d" />
    <TestEntry testId="b6794f06-861f-5e1d-2c00-0a12d3bb4b0d" executionId="9f51342d-a17e-47c3-829d-84f97aeaa756" testListId="8c84fa94-04c1-424b-9868-57a2d4851a1d" />
    <TestEntry testId="3101eeb0-695c-14ab-35f4-34333e1a0f2c" executionId="e2c873f6-601a-4df7-8178-6dae2dcef916" testListId="8c84fa94-04c1-424b-9868-57a2d4851a1d" />
    <TestEntry testId="f50639ab-f6ee-5f2d-aaa6-83ed00fe933d" executionId="a8826f69-f12f-45ab-b146-116bd7acebe2" testListId="8c84fa94-04c1-424b-9868-57a2d4851a1d" />
    <TestEntry testId="d9e207a4-321a-91ab-3351-70a6c5325a71" executionId="5a98a3d8-393b-49ab-b9c3-29957983c063" testListId="8c84fa94-04c1-424b-9868-57a2d4851a1d" />
    <TestEntry testId="a66f7ac9-40ac-f746-887c-4a19a75baa81" executionId="92045cf6-80a9-41d5-929e-a1b9d9e8ecbc" testListId="8c84fa94-04c1-424b-9868-57a2d4851a1d" />
    <TestEntry testId="b94150f8-2ebb-49d4-c098-46c934c29394" executionId="5131ecf9-2304-4541-b2cf-0a1cc36855b6" testListId="8c84fa94-04c1-424b-9868-57a2d4851a1d" />
    <TestEntry testId="37d5872c-e0ab-a416-5847-8167b9220c39" executionId="872af5e6-0845-42f0-943c-a64e0a2f6af8" testListId="8c84fa94-04c1-424b-9868-57a2d4851a1d" />
    <TestEntry testId="10c05c88-55f5-4ce5-140c-673afc0999ce" executionId="df059c56-a455-4aaa-a836-a27c71b58176" testListId="8c84fa94-04c1-424b-9868-57a2d4851a1d" />
    <TestEntry testId="ee128557-1fa2-1411-79aa-5b1761095d2e" executionId="2b3ccd31-8872-4e8b-a9a6-f9b9cc3c4408" testListId="8c84fa94-04c1-424b-9868-57a2d4851a1d" />
    <TestEntry testId="f57a2426-facc-681b-91b0-2920436f49f4" executionId="901cfee1-8d70-45e5-9a83-fb8c8c073bb7" testListId="8c84fa94-04c1-424b-9868-57a2d4851a1d" />
    <TestEntry testId="5c2b9d61-e8f6-95a0-edef-aa3a99911410" executionId="cc95cb95-1afe-4124-83a0-34e6b16fd5a1" testListId="8c84fa94-04c1-424b-9868-57a2d4851a1d" />
    <TestEntry testId="9a333fed-1499-79f6-c633-d658182923a0" executionId="d5985f3e-d2cb-4442-af31-0b161439ea00" testListId="8c84fa94-04c1-424b-9868-57a2d4851a1d" />
    <TestEntry testId="8be9dba9-2aa5-6ee3-b6aa-92bf5ce9b495" executionId="b8ee1a7d-d335-41c6-bd2c-1381466c399a" testListId="8c84fa94-04c1-424b-9868-57a2d4851a1d" />
    <TestEntry testId="0d29a5fb-7db3-6d7b-61de-c05394f346f2" executionId="6f298ab1-94e4-4bce-9003-dda266dc1a3d" testListId="8c84fa94-04c1-424b-9868-57a2d4851a1d" />
    <TestEntry testId="1aad20b8-8ca7-2807-517e-85759591c3ab" executionId="2a9f637e-fb70-44ed-9dfa-8124a8c2dc16" testListId="8c84fa94-04c1-424b-9868-57a2d4851a1d" />
    <TestEntry testId="d0fb0558-4770-9bd6-22f2-e112339bd021" executionId="739c9171-ac09-4394-b6b7-cc19968f9cf9" testListId="8c84fa94-04c1-424b-9868-57a2d4851a1d" />
    <TestEntry testId="ba76bdc9-46f6-3e30-6c90-40590770b90c" executionId="df38a88a-2e2f-4f23-8d49-8a1699559c50" testListId="8c84fa94-04c1-424b-9868-57a2d4851a1d" />
    <TestEntry testId="d70d1950-835a-1083-0a16-6f74acac06eb" executionId="e3e7fa8b-17fe-4f67-8b1a-129fd77642e4" testListId="8c84fa94-04c1-424b-9868-57a2d4851a1d" />
    <TestEntry testId="bdc916f1-8718-cfe6-8287-3751bc1d488a" executionId="3758223f-eafe-467d-b762-55cc64fbd056" testListId="8c84fa94-04c1-424b-9868-57a2d4851a1d" />
    <TestEntry testId="a354e0f7-26dc-fc7e-4e62-c65f0d081975" executionId="fd7aa440-b93b-4a7c-9a9b-7ba807116282" testListId="8c84fa94-04c1-424b-9868-57a2d4851a1d" />
    <TestEntry testId="bc25e86e-af8a-09f4-bc8f-34a24b3b750b" executionId="09e8b338-3c6b-4bac-9acd-8a68ef4d504e" testListId="8c84fa94-04c1-424b-9868-57a2d4851a1d" />
    <TestEntry testId="047e34ad-c8fa-9437-6f52-2be600ad4e02" executionId="f8eeff74-7282-4bf0-83c5-f75a7a04fe43" testListId="8c84fa94-04c1-424b-9868-57a2d4851a1d" />
    <TestEntry testId="627c9e1f-10b0-9960-0423-a1c54a3abee2" executionId="e226e0b2-f210-467f-980b-71314ca9f625" testListId="8c84fa94-04c1-424b-9868-57a2d4851a1d" />
    <TestEntry testId="2b20b5bb-0eb7-e2dc-6d25-2c96e6c3860c" executionId="50dc8ea7-a1f9-4dc8-9dca-b5323dc1509e" testListId="8c84fa94-04c1-424b-9868-57a2d4851a1d" />
    <TestEntry testId="b2f1ca18-a6d3-e138-19f0-6675e1caea67" executionId="39b18bca-30c4-4e4c-8f33-8270d922a968" testListId="8c84fa94-04c1-424b-9868-57a2d4851a1d" />
    <TestEntry testId="6d313cb4-0f24-f226-c133-20a397e8d408" executionId="865e551a-3629-49b6-b9b3-4090a946b4ba" testListId="8c84fa94-04c1-424b-9868-57a2d4851a1d" />
    <TestEntry testId="2322c2b8-36a5-8b2a-8b91-b0ecc4776fa0" executionId="79a57196-e479-444a-b0b2-8a46fb0c78a6" testListId="8c84fa94-04c1-424b-9868-57a2d4851a1d" />
    <TestEntry testId="96b3c166-0edb-e08b-9785-537cf41d3395" executionId="15481964-296a-49da-ab11-3a53224c7241" testListId="8c84fa94-04c1-424b-9868-57a2d4851a1d" />
    <TestEntry testId="0d45af69-d0a2-6f49-19ed-36f7d87c032b" executionId="9c78b7da-1a13-42af-b081-3d7a918156cf" testListId="8c84fa94-04c1-424b-9868-57a2d4851a1d" />
    <TestEntry testId="480b3187-b121-dda3-82d0-9e45bac33e59" executionId="8ef80b7e-f473-41d1-8939-800d48a33fc4" testListId="8c84fa94-04c1-424b-9868-57a2d4851a1d" />
  </TestEntries>
  <TestLists>
    <TestList name="Results Not in a List" id="8c84fa94-04c1-424b-9868-57a2d4851a1d" />
    <TestList name="All Loaded Results" id="19431567-8539-422a-85d7-44ee4e166bda" />
  </TestLists>
  <ResultSummary outcome="Completed">
    <Counters total="62" executed="62" passed="62" failed="0" error="0" timeout="0" aborted="0" inconclusive="0" passedButRunAborted="0" notRunnable="0" notExecuted="0" disconnected="0" warning="0" completed="0" inProgress="0" pending="0" />
    <Output>
      <StdOut>[xUnit.net 00:00:00.00] xUnit.net VSTest Adapter v3.1.5+1b188a7b0a (64-bit .NET 9.0.15)
[xUnit.net 00:00:00.04]   Discovering: HPD-RAG.Core.Tests
[xUnit.net 00:00:00.06]   Discovered:  HPD-RAG.Core.Tests
[xUnit.net 00:00:00.07]   Starting:    HPD-RAG.Core.Tests
[xUnit.net 00:00:00.13]   Finished:    HPD-RAG.Core.Tests
</StdOut>
    </Output>
  </ResultSummary>
</TestRun>