<?xml version="1.0" encoding="utf-8"?>
<TestRun id="3c048695-35cf-409d-afbb-ca5b15b583a1" name="@Einsteins-MacBook-Air 2026-06-30 12:23:55" xmlns="http://microsoft.com/schemas/VisualStudio/TeamTest/2010">
  <Times creation="2026-06-30T12:23:55.2650020-05:00" queuing="2026-06-30T12:23:55.2650020-05:00" start="2026-06-30T12:23:54.9146090-05:00" finish="2026-06-30T12:23:55.5009130-05:00" />
  <TestSettings name="default" id="cea14ab2-b3d9-40c7-9701-14628d4ca348">
    <Deployment runDeploymentRoot="_Einsteins-MacBook-Air_2026-06-30_12_23_55" />
  </TestSettings>
  <Results>
    <UnitTestResult executionId="2b920b95-cab4-4e56-b348-9725f7d0e3e9" testId="8dd10166-a1a4-d4a9-8994-8512178eade0" testName="HPD.Base.Abstractions.Tests.Descriptors.DescriptorFilteringContractTests.DescriptorTypesExposeSharedVisibilityLevel" computerName="Einsteins-MacBook-Air" duration="00:00:00.0036241" startTime="2026-06-30T12:23:55.2523220-05:00" endTime="2026-06-30T12:23:55.2527600-05:00" testType="13cdc9d9-ddb5-4fa4-a97d-d965ccfc6d4b" outcome="Passed" testListId="8c84fa94-04c1-424b-9868-57a2d4851a1d" relativeResultsDirectory="2b920b95-cab4-4e56-b348-9725f7d0e3e9" />
    <UnitTestResult executionId="16f45ae0-0840-46a0-8a7b-2160a6140883" testId="896d177d-842f-de13-ef77-96bbedf925af" testName="HPD.Base.Abstractions.Tests.Descriptors.ManifestShapeTests.ExpansionTokensAreReservedByContract" computerName="Einsteins-MacBook-Air" duration="00:00:00.0134174" startTime="2026-06-30T12:23:55.2539740-05:00" endTime="2026-06-30T12:23:55.2546080-05:00" testType="13cdc9d9-ddb5-4fa4-a97d-d965ccfc6d4b" outcome="Passed" testListId="8c84fa94-04c1-424b-9868-57a2d4851a1d" relativeResultsDirectory="16f45ae0-0840-46a0-8a7b-2160a6140883" />
    <UnitTestResult executionId="4093b712-9252-4514-96b2-4976408d6593" testId="db49054e-1859-d198-0f18-626a156413aa" testName="HPD.Base.Abstractions.Tests.Contracts.DeferredDtoAbsenceTests.DeferredTypesAreAbsent(fullName: &quot;HPD.Base.Stores.INativePolicyRecordStore&quot;)" computerName="Einsteins-MacBook-Air" duration="00:00:00.0000007" startTime="2026-06-30T12:23:55.2544650-05:00" endTime="2026-06-30T12:23:55.2544840-05:00" testType="13cdc9d9-ddb5-4fa4-a97d-d965ccfc6d4b" outcome="Passed" testListId="8c84fa94-04c1-424b-9868-57a2d4851a1d" relativeResultsDirectory="4093b712-9252-4514-96b2-4976408d6593" />
    <UnitTestResult executionId="3f70fd06-469d-40f7-a1da-3d8bf97aea48" testId="1cadfad3-920b-af74-831b-44b5c8ec7eef" testName="HPD.Base.Abstractions.Tests.Contracts.DeferredDtoAbsenceTests.DeferredTypesAreAbsent(fullName: &quot;HPD.Base.Stores.IUpsertRecordStore&quot;)" computerName="Einsteins-MacBook-Air" duration="00:00:00.0000008" startTime="2026-06-30T12:23:55.2542070-05:00" endTime="2026-06-30T12:23:55.2542230-05:00" testType="13cdc9d9-ddb5-4fa4-a97d-d965ccfc6d4b" outcome="Passed" testListId="8c84fa94-04c1-424b-9868-57a2d4851a1d" relativeResultsDirectory="3f70fd06-469d-40f7-a1da-3d8bf97aea48" />
    <UnitTestResult executionId="d13b0360-f3bb-4983-839d-c67315ddb310" testId="460d4ab4-e2a3-146a-d745-503c320f17d3" testName="HPD.Base.Abstractions.Tests.Serialization.PrimitiveJsonConverterTests.RevisionTokenSerializesAsString" computerName="Einsteins-MacBook-Air" duration="00:00:00.0012441" startTime="2026-06-30T12:23:55.2547480-05:00" endTime="2026-06-30T12:23:55.2547640-05:00" testType="13cdc9d9-ddb5-4fa4-a97d-d965ccfc6d4b" outcome="Passed" testListId="8c84fa94-04c1-424b-9868-57a2d4851a1d" relativeResultsDirectory="d13b0360-f3bb-4983-839d-c67315ddb310" />
    <UnitTestResult executionId="25907fa9-f3c2-48c0-bf90-39e8735d6ff7" testId="37ec5969-0d21-3c52-6379-b69edfdeef22" testName="HPD.Base.Abstractions.Tests.Records.MutationContractTests.PatchRequestCarriesFieldMapMergePayload" computerName="Einsteins-MacBook-Air" duration="00:00:00.0076899" startTime="2026-06-30T12:23:55.2528830-05:00" endTime="2026-06-30T12:23:55.2529870-05:00" testType="13cdc9d9-ddb5-4fa4-a97d-d965ccfc6d4b" outcome="Passed" testListId="8c84fa94-04c1-424b-9868-57a2d4851a1d" relativeResultsDirectory="25907fa9-f3c2-48c0-bf90-39e8735d6ff7" />
    <UnitTestResult executionId="8885c7bc-44c0-48eb-9fbf-f8d4a1fb6c66" testId="21860427-ed28-e343-d79a-3446bde218de" testName="HPD.Base.Abstractions.Tests.Serialization.PrimitiveJsonConverterTests.RecordIdSerializesAsString" computerName="Einsteins-MacBook-Air" duration="00:00:00.0655825" startTime="2026-06-30T12:23:55.1845370-05:00" endTime="2026-06-30T12:23:55.2547070-05:00" testType="13cdc9d9-ddb5-4fa4-a97d-d965ccfc6d4b" outcome="Passed" testListId="8c84fa94-04c1-424b-9868-57a2d4851a1d" relativeResultsDirectory="8885c7bc-44c0-48eb-9fbf-f8d4a1fb6c66" />
    <UnitTestResult executionId="4e0c3dea-840f-4f38-94b8-be311b3c222a" testId="643a0743-f254-f963-600a-0bdf9a4a0380" testName="HPD.Base.Abstractions.Tests.Serialization.JsonContextCoverageTests.IncludesClosedGenericResultForms" computerName="Einsteins-MacBook-Air" duration="00:00:00.0674025" startTime="2026-06-30T12:23:55.4130180-05:00" endTime="2026-06-30T12:23:55.4803780-05:00" testType="13cdc9d9-ddb5-4fa4-a97d-d965ccfc6d4b" outcome="Passed" testListId="8c84fa94-04c1-424b-9868-57a2d4851a1d" relativeResultsDirectory="4e0c3dea-840f-4f38-94b8-be311b3c222a" />
    <UnitTestResult executionId="d82da02e-bd59-4f07-b7be-42978896045c" testId="1a44da1b-fe53-6e21-d8dc-6df08b5b70d2" testName="HPD.Base.Abstractions.Tests.Results.OperationalFailureBoundaryContractTests.ExpectedOperationalFailuresHaveResultStatuses" computerName="Einsteins-MacBook-Air" duration="00:00:00.0065525" startTime="2026-06-30T12:23:55.1845010-05:00" endTime="2026-06-30T12:23:55.2036260-05:00" testType="13cdc9d9-ddb5-4fa4-a97d-d965ccfc6d4b" outcome="Passed" testListId="8c84fa94-04c1-424b-9868-57a2d4851a1d" relativeResultsDirectory="d82da02e-bd59-4f07-b7be-42978896045c" />
    <UnitTestResult executionId="73aaca5b-3148-42ee-af06-7bee9e8fe900" testId="f7b428ca-3397-a46e-187f-d9ffe0545622" testName="HPD.Base.Abstractions.Tests.Descriptors.DescriptorValidationContractTests.FutureValidationMustCoverKnownStartupFailures" computerName="Einsteins-MacBook-Air" duration="00:00:00.0065360" startTime="2026-06-30T12:23:55.1845460-05:00" endTime="2026-06-30T12:23:55.1933350-05:00" testType="13cdc9d9-ddb5-4fa4-a97d-d965ccfc6d4b" outcome="Passed" testListId="8c84fa94-04c1-424b-9868-57a2d4851a1d" relativeResultsDirectory="73aaca5b-3148-42ee-af06-7bee9e8fe900" />
    <UnitTestResult executionId="3a81ac88-325e-4ec1-81f7-ed106b5c7486" testId="1274541b-594c-716f-22d8-142b0e4d7941" testName="HPD.Base.Abstractions.Tests.Serialization.PrimitiveJsonConverterTests.RecordIdRejectsObjectShape" computerName="Einsteins-MacBook-Air" duration="00:00:00.0009573" startTime="2026-06-30T12:23:55.2548020-05:00" endTime="2026-06-30T12:23:55.2548180-05:00" testType="13cdc9d9-ddb5-4fa4-a97d-d965ccfc6d4b" outcome="Passed" testListId="8c84fa94-04c1-424b-9868-57a2d4851a1d" relativeResultsDirectory="3a81ac88-325e-4ec1-81f7-ed106b5c7486" />
    <UnitTestResult executionId="205509d0-9e5a-4b72-bfeb-411d3755fb18" testId="e8791063-0638-d483-2cdc-f1a97eff4497" testName="HPD.Base.Abstractions.Tests.Serialization.JsonContextCoverageTests.IncludesRepresentativeKernelDtos" computerName="Einsteins-MacBook-Air" duration="00:00:00.2269611" startTime="2026-06-30T12:23:55.1845280-05:00" endTime="2026-06-30T12:23:55.4129050-05:00" testType="13cdc9d9-ddb5-4fa4-a97d-d965ccfc6d4b" outcome="Passed" testListId="8c84fa94-04c1-424b-9868-57a2d4851a1d" relativeResultsDirectory="205509d0-9e5a-4b72-bfeb-411d3755fb18" />
    <UnitTestResult executionId="c006a3eb-7f64-4253-b65d-5a1fe1137200" testId="26b181ae-2011-d8a0-163e-5f7159c0c4c9" testName="HPD.Base.Abstractions.Tests.Contracts.DeferredDtoAbsenceTests.DeferredTypesAreAbsent(fullName: &quot;HPD.Base.Stores.ITransactionalRecordStore&quot;)" computerName="Einsteins-MacBook-Air" duration="00:00:00.0000007" startTime="2026-06-30T12:23:55.2545150-05:00" endTime="2026-06-30T12:23:55.2545300-05:00" testType="13cdc9d9-ddb5-4fa4-a97d-d965ccfc6d4b" outcome="Passed" testListId="8c84fa94-04c1-424b-9868-57a2d4851a1d" relativeResultsDirectory="c006a3eb-7f64-4253-b65d-5a1fe1137200" />
    <UnitTestResult executionId="4ceb2844-3d40-4a0b-a9b4-8268947410a4" testId="f4a8f70b-531b-f249-2b37-d49246ffed20" testName="HPD.Base.Abstractions.Tests.Contracts.DeferredDtoAbsenceTests.DeferredTypesAreAbsent(fullName: &quot;HPD.Base.Stores.IBatchRecordStore&quot;)" computerName="Einsteins-MacBook-Air" duration="00:00:00.0000013" startTime="2026-06-30T12:23:55.2541210-05:00" endTime="2026-06-30T12:23:55.2541360-05:00" testType="13cdc9d9-ddb5-4fa4-a97d-d965ccfc6d4b" outcome="Passed" testListId="8c84fa94-04c1-424b-9868-57a2d4851a1d" relativeResultsDirectory="4ceb2844-3d40-4a0b-a9b4-8268947410a4" />
    <UnitTestResult executionId="821c617b-8c18-43e5-8b08-1f696e426d8c" testId="243be100-b98a-09ab-ae38-e915f5edbc29" testName="HPD.Base.Abstractions.Tests.Schema.FieldAnnotationContractTests.FieldTypeAndFormatRemainStringRegistries" computerName="Einsteins-MacBook-Air" duration="00:00:00.0001265" startTime="2026-06-30T12:23:55.2528010-05:00" endTime="2026-06-30T12:23:55.2529090-05:00" testType="13cdc9d9-ddb5-4fa4-a97d-d965ccfc6d4b" outcome="Passed" testListId="8c84fa94-04c1-424b-9868-57a2d4851a1d" relativeResultsDirectory="821c617b-8c18-43e5-8b08-1f696e426d8c" />
    <UnitTestResult executionId="28b785ef-3f4f-4bae-8ad1-f82da2c472a1" testId="b89d1102-fbc5-6dcd-5ccb-c6a38ded386e" testName="HPD.Base.Abstractions.Tests.Schema.RequiredNullableSemanticsTests.RequiredFalseNullableFalseIsRepresentable" computerName="Einsteins-MacBook-Air" duration="00:00:00.0066725" startTime="2026-06-30T12:23:55.1839390-05:00" endTime="2026-06-30T12:23:55.2039390-05:00" testType="13cdc9d9-ddb5-4fa4-a97d-d965ccfc6d4b" outcome="Passed" testListId="8c84fa94-04c1-424b-9868-57a2d4851a1d" relativeResultsDirectory="28b785ef-3f4f-4bae-8ad1-f82da2c472a1" />
    <UnitTestResult executionId="8af621d0-1550-43dd-9660-d974dbc0151b" testId="ffbff630-94c5-6c71-d622-eadb81ed7bd7" testName="HPD.Base.Abstractions.Tests.Records.MutationContractTests.ReplaceRequestCarriesFullPayload" computerName="Einsteins-MacBook-Air" duration="00:00:00.0017682" startTime="2026-06-30T12:23:55.2530700-05:00" endTime="2026-06-30T12:23:55.2538650-05:00" testType="13cdc9d9-ddb5-4fa4-a97d-d965ccfc6d4b" outcome="Passed" testListId="8c84fa94-04c1-424b-9868-57a2d4851a1d" relativeResultsDirectory="8af621d0-1550-43dd-9660-d974dbc0151b" />
    <UnitTestResult executionId="fff8352f-72d7-4911-8fbc-e678b307a72c" testId="7510f0dd-45ff-8238-8ae6-8f857e682dc6" testName="HPD.Base.Abstractions.Tests.Query.QueryValueWireTests.DecimalValuesAreStringBacked" computerName="Einsteins-MacBook-Air" duration="00:00:00.0101387" startTime="2026-06-30T12:23:55.1845540-05:00" endTime="2026-06-30T12:23:55.2175620-05:00" testType="13cdc9d9-ddb5-4fa4-a97d-d965ccfc6d4b" outcome="Passed" testListId="8c84fa94-04c1-424b-9868-57a2d4851a1d" relativeResultsDirectory="fff8352f-72d7-4911-8fbc-e678b307a72c" />
    <UnitTestResult executionId="172b1946-75ea-4777-851a-25a687902631" testId="35996214-29f9-345c-e753-686ecf2dee5f" testName="HPD.Base.Abstractions.Tests.Descriptors.ManifestShapeTests.ManifestIsCompactBootstrapShape" computerName="Einsteins-MacBook-Air" duration="00:00:00.0218037" startTime="2026-06-30T12:23:55.2525710-05:00" endTime="2026-06-30T12:23:55.2539230-05:00" testType="13cdc9d9-ddb5-4fa4-a97d-d965ccfc6d4b" outcome="Passed" testListId="8c84fa94-04c1-424b-9868-57a2d4851a1d" relativeResultsDirectory="172b1946-75ea-4777-851a-25a687902631" />
    <UnitTestResult executionId="55ac210e-870b-402a-ac1b-d53bdefcb6f1" testId="7b358e84-d1ba-ef34-919d-6819f10e5adc" testName="HPD.Base.Abstractions.Tests.Contracts.DeferredDtoAbsenceTests.DeferredTypesAreAbsent(fullName: &quot;HPD.Base.Records.RecordUpsertRequest&quot;)" computerName="Einsteins-MacBook-Air" duration="00:00:00.0000020" startTime="2026-06-30T12:23:55.2540760-05:00" endTime="2026-06-30T12:23:55.2540920-05:00" testType="13cdc9d9-ddb5-4fa4-a97d-d965ccfc6d4b" outcome="Passed" testListId="8c84fa94-04c1-424b-9868-57a2d4851a1d" relativeResultsDirectory="55ac210e-870b-402a-ac1b-d53bdefcb6f1" />
    <UnitTestResult executionId="ddda6c7a-075c-4505-93e2-8a31f7147629" testId="effd2067-b51a-ed65-c37d-e39f6d1cce1e" testName="HPD.Base.Abstractions.Tests.Results.OperationResultContractTests.OperationResultHasNoSerializableSucceededProperty" computerName="Einsteins-MacBook-Air" duration="00:00:00.0002065" startTime="2026-06-30T12:23:55.2526010-05:00" endTime="2026-06-30T12:23:55.2526250-05:00" testType="13cdc9d9-ddb5-4fa4-a97d-d965ccfc6d4b" outcome="Passed" testListId="8c84fa94-04c1-424b-9868-57a2d4851a1d" relativeResultsDirectory="ddda6c7a-075c-4505-93e2-8a31f7147629" />
    <UnitTestResult executionId="fa93b838-d621-4906-82e4-f2bf3c4e8e45" testId="ce0aed2d-ab0f-fef0-db56-70940ab62f3b" testName="HPD.Base.Abstractions.Tests.Query.FilterExpressionInvariantTests.FilterExpressionUsesOneRecordDiscriminatorShape" computerName="Einsteins-MacBook-Air" duration="00:00:00.0113071" startTime="2026-06-30T12:23:55.1845180-05:00" endTime="2026-06-30T12:23:55.2523850-05:00" testType="13cdc9d9-ddb5-4fa4-a97d-d965ccfc6d4b" outcome="Passed" testListId="8c84fa94-04c1-424b-9868-57a2d4851a1d" relativeResultsDirectory="fa93b838-d621-4906-82e4-f2bf3c4e8e45" />
    <UnitTestResult executionId="dbac11e2-7086-4ffb-99ce-ec43688a9b5f" testId="51f972e4-4b25-e5cd-dc5a-a0b268a2003a" testName="HPD.Base.Abstractions.Tests.Contracts.DeferredDtoAbsenceTests.DeferredTypesAreAbsent(fullName: &quot;HPD.Base.Events.IRecordStoreEventFeed&quot;)" computerName="Einsteins-MacBook-Air" duration="00:00:00.0000010" startTime="2026-06-30T12:23:55.2541630-05:00" endTime="2026-06-30T12:23:55.2541800-05:00" testType="13cdc9d9-ddb5-4fa4-a97d-d965ccfc6d4b" outcome="Passed" testListId="8c84fa94-04c1-424b-9868-57a2d4851a1d" relativeResultsDirectory="dbac11e2-7086-4ffb-99ce-ec43688a9b5f" />
    <UnitTestResult executionId="7867d4c8-f630-41a2-8077-f0ab92fddd2e" testId="3935f533-9cd4-c8cb-1fad-3bb4f166583a" testName="HPD.Base.Abstractions.Tests.Contracts.DeferredDtoAbsenceTests.DeferredTypesAreAbsent(fullName: &quot;HPD.Base.Stores.IVectorRecordStore&quot;)" computerName="Einsteins-MacBook-Air" duration="00:00:00.0000651" startTime="2026-06-30T12:23:55.2540310-05:00" endTime="2026-06-30T12:23:55.2540470-05:00" testType="13cdc9d9-ddb5-4fa4-a97d-d965ccfc6d4b" outcome="Passed" testListId="8c84fa94-04c1-424b-9868-57a2d4851a1d" relativeResultsDirectory="7867d4c8-f630-41a2-8077-f0ab92fddd2e" />
    <UnitTestResult executionId="c8182b34-0b40-4161-9584-ba2df9697e27" testId="a1b17bf3-1fc5-7319-f71e-7a2b0f05a49b" testName="HPD.Base.Abstractions.Tests.Contracts.UndefinedSupportTypeGuardTests.PublicPropertiesDoNotExposeObjectDynamicOrTypeIdentity" computerName="Einsteins-MacBook-Air" duration="00:00:00.0319842" startTime="2026-06-30T12:23:55.2529700-05:00" endTime="2026-06-30T12:23:55.2546420-05:00" testType="13cdc9d9-ddb5-4fa4-a97d-d965ccfc6d4b" outcome="Passed" testListId="8c84fa94-04c1-424b-9868-57a2d4851a1d" relativeResultsDirectory="c8182b34-0b40-4161-9584-ba2df9697e27" />
    <UnitTestResult executionId="0984291c-7b8f-4ba5-833c-8893fd83c507" testId="f76d1760-301a-a7aa-9a1b-e2ace5aa28a0" testName="HPD.Base.Abstractions.Tests.Results.ErrorRedactionContractTests.StoreErrorsCarryNativeCodesOnlyInDedicatedInfo" computerName="Einsteins-MacBook-Air" duration="00:00:00.0003450" startTime="2026-06-30T12:23:55.2183470-05:00" endTime="2026-06-30T12:23:55.2183960-05:00" testType="13cdc9d9-ddb5-4fa4-a97d-d965ccfc6d4b" outcome="Passed" testListId="8c84fa94-04c1-424b-9868-57a2d4851a1d" relativeResultsDirectory="0984291c-7b8f-4ba5-833c-8893fd83c507" />
    <UnitTestResult executionId="2949defe-97c1-4d7b-b447-032fecccbec0" testId="2819a811-4005-c2b3-6b8b-98964e5233c7" testName="HPD.Base.Abstractions.Tests.Contracts.PublicNamespaceTests.PublicTypesStayWithinApprovedNamespaces" computerName="Einsteins-MacBook-Air" duration="00:00:00.0321206" startTime="2026-06-30T12:23:55.2528500-05:00" endTime="2026-06-30T12:23:55.2546490-05:00" testType="13cdc9d9-ddb5-4fa4-a97d-d965ccfc6d4b" outcome="Passed" testListId="8c84fa94-04c1-424b-9868-57a2d4851a1d" relativeResultsDirectory="2949defe-97c1-4d7b-b447-032fecccbec0" />
    <UnitTestResult executionId="65d7668a-a9ad-4809-a677-9ea743c6d866" testId="898b4b69-91aa-279b-c9d8-aee00747c7c1" testName="HPD.Base.Abstractions.Tests.Serialization.JsonRoundTripTests.QueryValueDecimalRoundTripsAsString" computerName="Einsteins-MacBook-Air" duration="00:00:00.0417076" startTime="2026-06-30T12:23:55.2618790-05:00" endTime="2026-06-30T12:23:55.3030480-05:00" testType="13cdc9d9-ddb5-4fa4-a97d-d965ccfc6d4b" outcome="Passed" testListId="8c84fa94-04c1-424b-9868-57a2d4851a1d" relativeResultsDirectory="65d7668a-a9ad-4809-a677-9ea743c6d866" />
    <UnitTestResult executionId="00726904-5115-4bcd-8a89-1d1be18efcef" testId="ce549de2-feb0-52c8-9230-76e371cd5755" testName="HPD.Base.Abstractions.Tests.Serialization.JsonRoundTripTests.EnumsSerializeAsLowerCamelStrings" computerName="Einsteins-MacBook-Air" duration="00:00:00.0753398" startTime="2026-06-30T12:23:55.1845600-05:00" endTime="2026-06-30T12:23:55.2613030-05:00" testType="13cdc9d9-ddb5-4fa4-a97d-d965ccfc6d4b" outcome="Passed" testListId="8c84fa94-04c1-424b-9868-57a2d4851a1d" relativeResultsDirectory="00726904-5115-4bcd-8a89-1d1be18efcef" />
    <UnitTestResult executionId="c86a20b7-3e61-4a04-a822-164c32584df8" testId="e9ebcbae-514b-5210-e81b-a141968fb29d" testName="HPD.Base.Abstractions.Tests.Contracts.DeferredDtoAbsenceTests.DeferredTypesAreAbsent(fullName: &quot;HPD.Base.Stores.IRelationalIncludeRecordStore&quot;)" computerName="Einsteins-MacBook-Air" duration="00:00:00.0112134" startTime="2026-06-30T12:23:55.2538440-05:00" endTime="2026-06-30T12:23:55.2539980-05:00" testType="13cdc9d9-ddb5-4fa4-a97d-d965ccfc6d4b" outcome="Passed" testListId="8c84fa94-04c1-424b-9868-57a2d4851a1d" relativeResultsDirectory="c86a20b7-3e61-4a04-a822-164c32584df8" />
    <UnitTestResult executionId="aac89ec6-458c-46bb-9ab1-b721d847255f" testId="a83e93d0-56f6-511d-7b38-fae0c971f550" testName="HPD.Base.Abstractions.Tests.Contracts.DeferredDtoAbsenceTests.DeferredTypesAreAbsent(fullName: &quot;HPD.Base.Stores.ISearchRecordStore&quot;)" computerName="Einsteins-MacBook-Air" duration="00:00:00.0000007" startTime="2026-06-30T12:23:55.2545580-05:00" endTime="2026-06-30T12:23:55.2545740-05:00" testType="13cdc9d9-ddb5-4fa4-a97d-d965ccfc6d4b" outcome="Passed" testListId="8c84fa94-04c1-424b-9868-57a2d4851a1d" relativeResultsDirectory="aac89ec6-458c-46bb-9ab1-b721d847255f" />
  </Results>
  <TestDefinitions>
    <UnitTest name="HPD.Base.Abstractions.Tests.Serialization.PrimitiveJsonConverterTests.RecordIdSerializesAsString" storage="/users/ewoof/desktop/hpd-os/dotnet/hpd-base.framework/test/hpd.base.abstractions.tests/bin/debug/net10.0/hpd.base.abstractions.tests.dll" id="21860427-ed28-e343-d79a-3446bde218de">
      <Execution id="8885c7bc-44c0-48eb-9fbf-f8d4a1fb6c66" />
      <TestMethod codeBase="/Users/ewoof/Desktop/HPD-OS/dotnet/HPD-Base.Framework/test/HPD.Base.Abstractions.Tests/bin/Debug/net10.0/HPD.Base.Abstractions.Tests.dll" adapterTypeName="executor://xunit/VsTestRunner3/netcore/" className="HPD.Base.Abstractions.Tests.Serialization.PrimitiveJsonConverterTests" name="RecordIdSerializesAsString" />
    </UnitTest>
    <UnitTest name="HPD.Base.Abstractions.Tests.Descriptors.ManifestShapeTests.ExpansionTokensAreReservedByContract" storage="/users/ewoof/desktop/hpd-os/dotnet/hpd-base.framework/test/hpd.base.abstractions.tests/bin/debug/net10.0/hpd.base.abstractions.tests.dll" id="896d177d-842f-de13-ef77-96bbedf925af">
      <Execution id="16f45ae0-0840-46a0-8a7b-2160a6140883" />
      <TestMethod codeBase="/Users/ewoof/Desktop/HPD-OS/dotnet/HPD-Base.Framework/test/HPD.Base.Abstractions.Tests/bin/Debug/net10.0/HPD.Base.Abstractions.Tests.dll" adapterTypeName="executor://xunit/VsTestRunner3/netcore/" className="HPD.Base.Abstractions.Tests.Descriptors.ManifestShapeTests" name="ExpansionTokensAreReservedByContract" />
    </UnitTest>
    <UnitTest name="HPD.Base.Abstractions.Tests.Serialization.JsonContextCoverageTests.IncludesRepresentativeKernelDtos" storage="/users/ewoof/desktop/hpd-os/dotnet/hpd-base.framework/test/hpd.base.abstractions.tests/bin/debug/net10.0/hpd.base.abstractions.tests.dll" id="e8791063-0638-d483-2cdc-f1a97eff4497">
      <Execution id="205509d0-9e5a-4b72-bfeb-411d3755fb18" />
      <TestMethod codeBase="/Users/ewoof/Desktop/HPD-OS/dotnet/HPD-Base.Framework/test/HPD.Base.Abstractions.Tests/bin/Debug/net10.0/HPD.Base.Abstractions.Tests.dll" adapterTypeName="executor://xunit/VsTestRunner3/netcore/" className="HPD.Base.Abstractions.Tests.Serialization.JsonContextCoverageTests" name="IncludesRepresentativeKernelDtos" />
    </UnitTest>
    <UnitTest name="HPD.Base.Abstractions.Tests.Contracts.DeferredDtoAbsenceTests.DeferredTypesAreAbsent(fullName: &quot;HPD.Base.Stores.IRelationalIncludeRecordStore&quot;)" storage="/users/ewoof/desktop/hpd-os/dotnet/hpd-base.framework/test/hpd.base.abstractions.tests/bin/debug/net10.0/hpd.base.abstractions.tests.dll" id="e9ebcbae-514b-5210-e81b-a141968fb29d">
      <Execution id="c86a20b7-3e61-4a04-a822-164c32584df8" />
      <TestMethod codeBase="/Users/ewoof/Desktop/HPD-OS/dotnet/HPD-Base.Framework/test/HPD.Base.Abstractions.Tests/bin/Debug/net10.0/HPD.Base.Abstractions.Tests.dll" adapterTypeName="executor://xunit/VsTestRunner3/netcore/" className="HPD.Base.Abstractions.Tests.Contracts.DeferredDtoAbsenceTests" name="DeferredTypesAreAbsent" />
    </UnitTest>
    <UnitTest name="HPD.Base.Abstractions.Tests.Contracts.DeferredDtoAbsenceTests.DeferredTypesAreAbsent(fullName: &quot;HPD.Base.Stores.IUpsertRecordStore&quot;)" storage="/users/ewoof/desktop/hpd-os/dotnet/hpd-base.framework/test/hpd.base.abstractions.tests/bin/debug/net10.0/hpd.base.abstractions.tests.dll" id="1cadfad3-920b-af74-831b-44b5c8ec7eef">
      <Execution id="3f70fd06-469d-40f7-a1da-3d8bf97aea48" />
      <TestMethod codeBase="/Users/ewoof/Desktop/HPD-OS/dotnet/HPD-Base.Framework/test/HPD.Base.Abstractions.Tests/bin/Debug/net10.0/HPD.Base.Abstractions.Tests.dll" adapterTypeName="executor://xunit/VsTestRunner3/netcore/" className="HPD.Base.Abstractions.Tests.Contracts.DeferredDtoAbsenceTests" name="DeferredTypesAreAbsent" />
    </UnitTest>
    <UnitTest name="HPD.Base.Abstractions.Tests.Serialization.JsonContextCoverageTests.IncludesClosedGenericResultForms" storage="/users/ewoof/desktop/hpd-os/dotnet/hpd-base.framework/test/hpd.base.abstractions.tests/bin/debug/net10.0/hpd.base.abstractions.tests.dll" id="643a0743-f254-f963-600a-0bdf9a4a0380">
      <Execution id="4e0c3dea-840f-4f38-94b8-be311b3c222a" />
      <TestMethod codeBase="/Users/ewoof/Desktop/HPD-OS/dotnet/HPD-Base.Framework/test/HPD.Base.Abstractions.Tests/bin/Debug/net10.0/HPD.Base.Abstractions.Tests.dll" adapterTypeName="executor://xunit/VsTestRunner3/netcore/" className="HPD.Base.Abstractions.Tests.Serialization.JsonContextCoverageTests" name="IncludesClosedGenericResultForms" />
    </UnitTest>
    <UnitTest name="HPD.Base.Abstractions.Tests.Results.OperationalFailureBoundaryContractTests.ExpectedOperationalFailuresHaveResultStatuses" storage="/users/ewoof/desktop/hpd-os/dotnet/hpd-base.framework/test/hpd.base.abstractions.tests/bin/debug/net10.0/hpd.base.abstractions.tests.dll" id="1a44da1b-fe53-6e21-d8dc-6df08b5b70d2">
      <Execution id="d82da02e-bd59-4f07-b7be-42978896045c" />
      <TestMethod codeBase="/Users/ewoof/Desktop/HPD-OS/dotnet/HPD-Base.Framework/test/HPD.Base.Abstractions.Tests/bin/Debug/net10.0/HPD.Base.Abstractions.Tests.dll" adapterTypeName="executor://xunit/VsTestRunner3/netcore/" className="HPD.Base.Abstractions.Tests.Results.OperationalFailureBoundaryContractTests" name="ExpectedOperationalFailuresHaveResultStatuses" />
    </UnitTest>
    <UnitTest name="HPD.Base.Abstractions.Tests.Results.OperationResultContractTests.OperationResultHasNoSerializableSucceededProperty" storage="/users/ewoof/desktop/hpd-os/dotnet/hpd-base.framework/test/hpd.base.abstractions.tests/bin/debug/net10.0/hpd.base.abstractions.tests.dll" id="effd2067-b51a-ed65-c37d-e39f6d1cce1e">
      <Execution id="ddda6c7a-075c-4505-93e2-8a31f7147629" />
      <TestMethod codeBase="/Users/ewoof/Desktop/HPD-OS/dotnet/HPD-Base.Framework/test/HPD.Base.Abstractions.Tests/bin/Debug/net10.0/HPD.Base.Abstractions.Tests.dll" adapterTypeName="executor://xunit/VsTestRunner3/netcore/" className="HPD.Base.Abstractions.Tests.Results.OperationResultContractTests" name="OperationResultHasNoSerializableSucceededProperty" />
    </UnitTest>
    <UnitTest name="HPD.Base.Abstractions.Tests.Contracts.DeferredDtoAbsenceTests.DeferredTypesAreAbsent(fullName: &quot;HPD.Base.Stores.IVectorRecordStore&quot;)" storage="/users/ewoof/desktop/hpd-os/dotnet/hpd-base.framework/test/hpd.base.abstractions.tests/bin/debug/net10.0/hpd.base.abstractions.tests.dll" id="3935f533-9cd4-c8cb-1fad-3bb4f166583a">
      <Execution id="7867d4c8-f630-41a2-8077-f0ab92fddd2e" />
      <TestMethod codeBase="/Users/ewoof/Desktop/HPD-OS/dotnet/HPD-Base.Framework/test/HPD.Base.Abstractions.Tests/bin/Debug/net10.0/HPD.Base.Abstractions.Tests.dll" adapterTypeName="executor://xunit/VsTestRunner3/netcore/" className="HPD.Base.Abstractions.Tests.Contracts.DeferredDtoAbsenceTests" name="DeferredTypesAreAbsent" />
    </UnitTest>
    <UnitTest name="HPD.Base.Abstractions.Tests.Contracts.PublicNamespaceTests.PublicTypesStayWithinApprovedNamespaces" storage="/users/ewoof/desktop/hpd-os/dotnet/hpd-base.framework/test/hpd.base.abstractions.tests/bin/debug/net10.0/hpd.base.abstractions.tests.dll" id="2819a811-4005-c2b3-6b8b-98964e5233c7">
      <Execution id="2949defe-97c1-4d7b-b447-032fecccbec0" />
      <TestMethod codeBase="/Users/ewoof/Desktop/HPD-OS/dotnet/HPD-Base.Framework/test/HPD.Base.Abstractions.Tests/bin/Debug/net10.0/HPD.Base.Abstractions.Tests.dll" adapterTypeName="executor://xunit/VsTestRunner3/netcore/" className="HPD.Base.Abstractions.Tests.Contracts.PublicNamespaceTests" name="PublicTypesStayWithinApprovedNamespaces" />
    </UnitTest>
    <UnitTest name="HPD.Base.Abstractions.Tests.Serialization.JsonRoundTripTests.EnumsSerializeAsLowerCamelStrings" storage="/users/ewoof/desktop/hpd-os/dotnet/hpd-base.framework/test/hpd.base.abstractions.tests/bin/debug/net10.0/hpd.base.abstractions.tests.dll" id="ce549de2-feb0-52c8-9230-76e371cd5755">
      <Execution id="00726904-5115-4bcd-8a89-1d1be18efcef" />
      <TestMethod codeBase="/Users/ewoof/Desktop/HPD-OS/dotnet/HPD-Base.Framework/test/HPD.Base.Abstractions.Tests/bin/Debug/net10.0/HPD.Base.Abstractions.Tests.dll" adapterTypeName="executor://xunit/VsTestRunner3/netcore/" className="HPD.Base.Abstractions.Tests.Serialization.JsonRoundTripTests" name="EnumsSerializeAsLowerCamelStrings" />
    </UnitTest>
    <UnitTest name="HPD.Base.Abstractions.Tests.Results.ErrorRedactionContractTests.StoreErrorsCarryNativeCodesOnlyInDedicatedInfo" storage="/users/ewoof/desktop/hpd-os/dotnet/hpd-base.framework/test/hpd.base.abstractions.tests/bin/debug/net10.0/hpd.base.abstractions.tests.dll" id="f76d1760-301a-a7aa-9a1b-e2ace5aa28a0">
      <Execution id="0984291c-7b8f-4ba5-833c-8893fd83c507" />
      <TestMethod codeBase="/Users/ewoof/Desktop/HPD-OS/dotnet/HPD-Base.Framework/test/HPD.Base.Abstractions.Tests/bin/Debug/net10.0/HPD.Base.Abstractions.Tests.dll" adapterTypeName="executor://xunit/VsTestRunner3/netcore/" className="HPD.Base.Abstractions.Tests.Results.ErrorRedactionContractTests" name="StoreErrorsCarryNativeCodesOnlyInDedicatedInfo" />
    </UnitTest>
    <UnitTest name="HPD.Base.Abstractions.Tests.Contracts.DeferredDtoAbsenceTests.DeferredTypesAreAbsent(fullName: &quot;HPD.Base.Events.IRecordStoreEventFeed&quot;)" storage="/users/ewoof/desktop/hpd-os/dotnet/hpd-base.framework/test/hpd.base.abstractions.tests/bin/debug/net10.0/hpd.base.abstractions.tests.dll" id="51f972e4-4b25-e5cd-dc5a-a0b268a2003a">
      <Execution id="dbac11e2-7086-4ffb-99ce-ec43688a9b5f" />
      <TestMethod codeBase="/Users/ewoof/Desktop/HPD-OS/dotnet/HPD-Base.Framework/test/HPD.Base.Abstractions.Tests/bin/Debug/net10.0/HPD.Base.Abstractions.Tests.dll" adapterTypeName="executor://xunit/VsTestRunner3/netcore/" className="HPD.Base.Abstractions.Tests.Contracts.DeferredDtoAbsenceTests" name="DeferredTypesAreAbsent" />
    </UnitTest>
    <UnitTest name="HPD.Base.Abstractions.Tests.Serialization.PrimitiveJsonConverterTests.RecordIdRejectsObjectShape" storage="/users/ewoof/desktop/hpd-os/dotnet/hpd-base.framework/test/hpd.base.abstractions.tests/bin/debug/net10.0/hpd.base.abstractions.tests.dll" id="1274541b-594c-716f-22d8-142b0e4d7941">
      <Execution id="3a81ac88-325e-4ec1-81f7-ed106b5c7486" />
      <TestMethod codeBase="/Users/ewoof/Desktop/HPD-OS/dotnet/HPD-Base.Framework/test/HPD.Base.Abstractions.Tests/bin/Debug/net10.0/HPD.Base.Abstractions.Tests.dll" adapterTypeName="executor://xunit/VsTestRunner3/netcore/" className="HPD.Base.Abstractions.Tests.Serialization.PrimitiveJsonConverterTests" name="RecordIdRejectsObjectShape" />
    </UnitTest>
    <UnitTest name="HPD.Base.Abstractions.Tests.Contracts.UndefinedSupportTypeGuardTests.PublicPropertiesDoNotExposeObjectDynamicOrTypeIdentity" storage="/users/ewoof/desktop/hpd-os/dotnet/hpd-base.framework/test/hpd.base.abstractions.tests/bin/debug/net10.0/hpd.base.abstractions.tests.dll" id="a1b17bf3-1fc5-7319-f71e-7a2b0f05a49b">
      <Execution id="c8182b34-0b40-4161-9584-ba2df9697e27" />
      <TestMethod codeBase="/Users/ewoof/Desktop/HPD-OS/dotnet/HPD-Base.Framework/test/HPD.Base.Abstractions.Tests/bin/Debug/net10.0/HPD.Base.Abstractions.Tests.dll" adapterTypeName="executor://xunit/VsTestRunner3/netcore/" className="HPD.Base.Abstractions.Tests.Contracts.UndefinedSupportTypeGuardTests" name="PublicPropertiesDoNotExposeObjectDynamicOrTypeIdentity" />
    </UnitTest>
    <UnitTest name="HPD.Base.Abstractions.Tests.Contracts.DeferredDtoAbsenceTests.DeferredTypesAreAbsent(fullName: &quot;HPD.Base.Stores.ISearchRecordStore&quot;)" storage="/users/ewoof/desktop/hpd-os/dotnet/hpd-base.framework/test/hpd.base.abstractions.tests/bin/debug/net10.0/hpd.base.abstractions.tests.dll" id="a83e93d0-56f6-511d-7b38-fae0c971f550">
      <Execution id="aac89ec6-458c-46bb-9ab1-b721d847255f" />
      <TestMethod codeBase="/Users/ewoof/Desktop/HPD-OS/dotnet/HPD-Base.Framework/test/HPD.Base.Abstractions.Tests/bin/Debug/net10.0/HPD.Base.Abstractions.Tests.dll" adapterTypeName="executor://xunit/VsTestRunner3/netcore/" className="HPD.Base.Abstractions.Tests.Contracts.DeferredDtoAbsenceTests" name="DeferredTypesAreAbsent" />
    </UnitTest>
    <UnitTest name="HPD.Base.Abstractions.Tests.Descriptors.DescriptorFilteringContractTests.DescriptorTypesExposeSharedVisibilityLevel" storage="/users/ewoof/desktop/hpd-os/dotnet/hpd-base.framework/test/hpd.base.abstractions.tests/bin/debug/net10.0/hpd.base.abstractions.tests.dll" id="8dd10166-a1a4-d4a9-8994-8512178eade0">
      <Execution id="2b920b95-cab4-4e56-b348-9725f7d0e3e9" />
      <TestMethod codeBase="/Users/ewoof/Desktop/HPD-OS/dotnet/HPD-Base.Framework/test/HPD.Base.Abstractions.Tests/bin/Debug/net10.0/HPD.Base.Abstractions.Tests.dll" adapterTypeName="executor://xunit/VsTestRunner3/netcore/" className="HPD.Base.Abstractions.Tests.Descriptors.DescriptorFilteringContractTests" name="DescriptorTypesExposeSharedVisibilityLevel" />
    </UnitTest>
    <UnitTest name="HPD.Base.Abstractions.Tests.Schema.FieldAnnotationContractTests.FieldTypeAndFormatRemainStringRegistries" storage="/users/ewoof/desktop/hpd-os/dotnet/hpd-base.framework/test/hpd.base.abstractions.tests/bin/debug/net10.0/hpd.base.abstractions.tests.dll" id="243be100-b98a-09ab-ae38-e915f5edbc29">
      <Execution id="821c617b-8c18-43e5-8b08-1f696e426d8c" />
      <TestMethod codeBase="/Users/ewoof/Desktop/HPD-OS/dotnet/HPD-Base.Framework/test/HPD.Base.Abstractions.Tests/bin/Debug/net10.0/HPD.Base.Abstractions.Tests.dll" adapterTypeName="executor://xunit/VsTestRunner3/netcore/" className="HPD.Base.Abstractions.Tests.Schema.FieldAnnotationContractTests" name="FieldTypeAndFormatRemainStringRegistries" />
    </UnitTest>
    <UnitTest name="HPD.Base.Abstractions.Tests.Serialization.JsonRoundTripTests.QueryValueDecimalRoundTripsAsString" storage="/users/ewoof/desktop/hpd-os/dotnet/hpd-base.framework/test/hpd.base.abstractions.tests/bin/debug/net10.0/hpd.base.abstractions.tests.dll" id="898b4b69-91aa-279b-c9d8-aee00747c7c1">
      <Execution id="65d7668a-a9ad-4809-a677-9ea743c6d866" />
      <TestMethod codeBase="/Users/ewoof/Desktop/HPD-OS/dotnet/HPD-Base.Framework/test/HPD.Base.Abstractions.Tests/bin/Debug/net10.0/HPD.Base.Abstractions.Tests.dll" adapterTypeName="executor://xunit/VsTestRunner3/netcore/" className="HPD.Base.Abstractions.Tests.Serialization.JsonRoundTripTests" name="QueryValueDecimalRoundTripsAsString" />
    </UnitTest>
    <UnitTest name="HPD.Base.Abstractions.Tests.Schema.RequiredNullableSemanticsTests.RequiredFalseNullableFalseIsRepresentable" storage="/users/ewoof/desktop/hpd-os/dotnet/hpd-base.framework/test/hpd.base.abstractions.tests/bin/debug/net10.0/hpd.base.abstractions.tests.dll" id="b89d1102-fbc5-6dcd-5ccb-c6a38ded386e">
      <Execution id="28b785ef-3f4f-4bae-8ad1-f82da2c472a1" />
      <TestMethod codeBase="/Users/ewoof/Desktop/HPD-OS/dotnet/HPD-Base.Framework/test/HPD.Base.Abstractions.Tests/bin/Debug/net10.0/HPD.Base.Abstractions.Tests.dll" adapterTypeName="executor://xunit/VsTestRunner3/netcore/" className="HPD.Base.Abstractions.Tests.Schema.RequiredNullableSemanticsTests" name="RequiredFalseNullableFalseIsRepresentable" />
    </UnitTest>
    <UnitTest name="HPD.Base.Abstractions.Tests.Query.FilterExpressionInvariantTests.FilterExpressionUsesOneRecordDiscriminatorShape" storage="/users/ewoof/desktop/hpd-os/dotnet/hpd-base.framework/test/hpd.base.abstractions.tests/bin/debug/net10.0/hpd.base.abstractions.tests.dll" id="ce0aed2d-ab0f-fef0-db56-70940ab62f3b">
      <Execution id="fa93b838-d621-4906-82e4-f2bf3c4e8e45" />
      <TestMethod codeBase="/Users/ewoof/Desktop/HPD-OS/dotnet/HPD-Base.Framework/test/HPD.Base.Abstractions.Tests/bin/Debug/net10.0/HPD.Base.Abstractions.Tests.dll" adapterTypeName="executor://xunit/VsTestRunner3/netcore/" className="HPD.Base.Abstractions.Tests.Query.FilterExpressionInvariantTests" name="FilterExpressionUsesOneRecordDiscriminatorShape" />
    </UnitTest>
    <UnitTest name="HPD.Base.Abstractions.Tests.Contracts.DeferredDtoAbsenceTests.DeferredTypesAreAbsent(fullName: &quot;HPD.Base.Stores.ITransactionalRecordStore&quot;)" storage="/users/ewoof/desktop/hpd-os/dotnet/hpd-base.framework/test/hpd.base.abstractions.tests/bin/debug/net10.0/hpd.base.abstractions.tests.dll" id="26b181ae-2011-d8a0-163e-5f7159c0c4c9">
      <Execution id="c006a3eb-7f64-4253-b65d-5a1fe1137200" />
      <TestMethod codeBase="/Users/ewoof/Desktop/HPD-OS/dotnet/HPD-Base.Framework/test/HPD.Base.Abstractions.Tests/bin/Debug/net10.0/HPD.Base.Abstractions.Tests.dll" adapterTypeName="executor://xunit/VsTestRunner3/netcore/" className="HPD.Base.Abstractions.Tests.Contracts.DeferredDtoAbsenceTests" name="DeferredTypesAreAbsent" />
    </UnitTest>
    <UnitTest name="HPD.Base.Abstractions.Tests.Records.MutationContractTests.ReplaceRequestCarriesFullPayload" storage="/users/ewoof/desktop/hpd-os/dotnet/hpd-base.framework/test/hpd.base.abstractions.tests/bin/debug/net10.0/hpd.base.abstractions.tests.dll" id="ffbff630-94c5-6c71-d622-eadb81ed7bd7">
      <Execution id="8af621d0-1550-43dd-9660-d974dbc0151b" />
      <TestMethod codeBase="/Users/ewoof/Desktop/HPD-OS/dotnet/HPD-Base.Framework/test/HPD.Base.Abstractions.Tests/bin/Debug/net10.0/HPD.Base.Abstractions.Tests.dll" adapterTypeName="executor://xunit/VsTestRunner3/netcore/" className="HPD.Base.Abstractions.Tests.Records.MutationContractTests" name="ReplaceRequestCarriesFullPayload" />
    </UnitTest>
    <UnitTest name="HPD.Base.Abstractions.Tests.Contracts.DeferredDtoAbsenceTests.DeferredTypesAreAbsent(fullName: &quot;HPD.Base.Stores.INativePolicyRecordStore&quot;)" storage="/users/ewoof/desktop/hpd-os/dotnet/hpd-base.framework/test/hpd.base.abstractions.tests/bin/debug/net10.0/hpd.base.abstractions.tests.dll" id="db49054e-1859-d198-0f18-626a156413aa">
      <Execution id="4093b712-9252-4514-96b2-4976408d6593" />
      <TestMethod codeBase="/Users/ewoof/Desktop/HPD-OS/dotnet/HPD-Base.Framework/test/HPD.Base.Abstractions.Tests/bin/Debug/net10.0/HPD.Base.Abstractions.Tests.dll" adapterTypeName="executor://xunit/VsTestRunner3/netcore/" className="HPD.Base.Abstractions.Tests.Contracts.DeferredDtoAbsenceTests" name="DeferredTypesAreAbsent" />
    </UnitTest>
    <UnitTest name="HPD.Base.Abstractions.Tests.Serialization.PrimitiveJsonConverterTests.RevisionTokenSerializesAsString" storage="/users/ewoof/desktop/hpd-os/dotnet/hpd-base.framework/test/hpd.base.abstractions.tests/bin/debug/net10.0/hpd.base.abstractions.tests.dll" id="460d4ab4-e2a3-146a-d745-503c320f17d3">
      <Execution id="d13b0360-f3bb-4983-839d-c67315ddb310" />
      <TestMethod codeBase="/Users/ewoof/Desktop/HPD-OS/dotnet/HPD-Base.Framework/test/HPD.Base.Abstractions.Tests/bin/Debug/net10.0/HPD.Base.Abstractions.Tests.dll" adapterTypeName="executor://xunit/VsTestRunner3/netcore/" className="HPD.Base.Abstractions.Tests.Serialization.PrimitiveJsonConverterTests" name="RevisionTokenSerializesAsString" />
    </UnitTest>
    <UnitTest name="HPD.Base.Abstractions.Tests.Contracts.DeferredDtoAbsenceTests.DeferredTypesAreAbsent(fullName: &quot;HPD.Base.Stores.IBatchRecordStore&quot;)" storage="/users/ewoof/desktop/hpd-os/dotnet/hpd-base.framework/test/hpd.base.abstractions.tests/bin/debug/net10.0/hpd.base.abstractions.tests.dll" id="f4a8f70b-531b-f249-2b37-d49246ffed20">
      <Execution id="4ceb2844-3d40-4a0b-a9b4-8268947410a4" />
      <TestMethod codeBase="/Users/ewoof/Desktop/HPD-OS/dotnet/HPD-Base.Framework/test/HPD.Base.Abstractions.Tests/bin/Debug/net10.0/HPD.Base.Abstractions.Tests.dll" adapterTypeName="executor://xunit/VsTestRunner3/netcore/" className="HPD.Base.Abstractions.Tests.Contracts.DeferredDtoAbsenceTests" name="DeferredTypesAreAbsent" />
    </UnitTest>
    <UnitTest name="HPD.Base.Abstractions.Tests.Contracts.DeferredDtoAbsenceTests.DeferredTypesAreAbsent(fullName: &quot;HPD.Base.Records.RecordUpsertRequest&quot;)" storage="/users/ewoof/desktop/hpd-os/dotnet/hpd-base.framework/test/hpd.base.abstractions.tests/bin/debug/net10.0/hpd.base.abstractions.tests.dll" id="7b358e84-d1ba-ef34-919d-6819f10e5adc">
      <Execution id="55ac210e-870b-402a-ac1b-d53bdefcb6f1" />
      <TestMethod codeBase="/Users/ewoof/Desktop/HPD-OS/dotnet/HPD-Base.Framework/test/HPD.Base.Abstractions.Tests/bin/Debug/net10.0/HPD.Base.Abstractions.Tests.dll" adapterTypeName="executor://xunit/VsTestRunner3/netcore/" className="HPD.Base.Abstractions.Tests.Contracts.DeferredDtoAbsenceTests" name="DeferredTypesAreAbsent" />
    </UnitTest>
    <UnitTest name="HPD.Base.Abstractions.Tests.Query.QueryValueWireTests.DecimalValuesAreStringBacked" storage="/users/ewoof/desktop/hpd-os/dotnet/hpd-base.framework/test/hpd.base.abstractions.tests/bin/debug/net10.0/hpd.base.abstractions.tests.dll" id="7510f0dd-45ff-8238-8ae6-8f857e682dc6">
      <Execution id="fff8352f-72d7-4911-8fbc-e678b307a72c" />
      <TestMethod codeBase="/Users/ewoof/Desktop/HPD-OS/dotnet/HPD-Base.Framework/test/HPD.Base.Abstractions.Tests/bin/Debug/net10.0/HPD.Base.Abstractions.Tests.dll" adapterTypeName="executor://xunit/VsTestRunner3/netcore/" className="HPD.Base.Abstractions.Tests.Query.QueryValueWireTests" name="DecimalValuesAreStringBacked" />
    </UnitTest>
    <UnitTest name="HPD.Base.Abstractions.Tests.Descriptors.DescriptorValidationContractTests.FutureValidationMustCoverKnownStartupFailures" storage="/users/ewoof/desktop/hpd-os/dotnet/hpd-base.framework/test/hpd.base.abstractions.tests/bin/debug/net10.0/hpd.base.abstractions.tests.dll" id="f7b428ca-3397-a46e-187f-d9ffe0545622">
      <Execution id="73aaca5b-3148-42ee-af06-7bee9e8fe900" />
      <TestMethod codeBase="/Users/ewoof/Desktop/HPD-OS/dotnet/HPD-Base.Framework/test/HPD.Base.Abstractions.Tests/bin/Debug/net10.0/HPD.Base.Abstractions.Tests.dll" adapterTypeName="executor://xunit/VsTestRunner3/netcore/" className="HPD.Base.Abstractions.Tests.Descriptors.DescriptorValidationContractTests" name="FutureValidationMustCoverKnownStartupFailures" />
    </UnitTest>
    <UnitTest name="HPD.Base.Abstractions.Tests.Descriptors.ManifestShapeTests.ManifestIsCompactBootstrapShape" storage="/users/ewoof/desktop/hpd-os/dotnet/hpd-base.framework/test/hpd.base.abstractions.tests/bin/debug/net10.0/hpd.base.abstractions.tests.dll" id="35996214-29f9-345c-e753-686ecf2dee5f">
      <Execution id="172b1946-75ea-4777-851a-25a687902631" />
      <TestMethod codeBase="/Users/ewoof/Desktop/HPD-OS/dotnet/HPD-Base.Framework/test/HPD.Base.Abstractions.Tests/bin/Debug/net10.0/HPD.Base.Abstractions.Tests.dll" adapterTypeName="executor://xunit/VsTestRunner3/netcore/" className="HPD.Base.Abstractions.Tests.Descriptors.ManifestShapeTests" name="ManifestIsCompactBootstrapShape" />
    </UnitTest>
    <UnitTest name="HPD.Base.Abstractions.Tests.Records.MutationContractTests.PatchRequestCarriesFieldMapMergePayload" storage="/users/ewoof/desktop/hpd-os/dotnet/hpd-base.framework/test/hpd.base.abstractions.tests/bin/debug/net10.0/hpd.base.abstractions.tests.dll" id="37ec5969-0d21-3c52-6379-b69edfdeef22">
      <Execution id="25907fa9-f3c2-48c0-bf90-39e8735d6ff7" />
      <TestMethod codeBase="/Users/ewoof/Desktop/HPD-OS/dotnet/HPD-Base.Framework/test/HPD.Base.Abstractions.Tests/bin/Debug/net10.0/HPD.Base.Abstractions.Tests.dll" adapterTypeName="executor://xunit/VsTestRunner3/netcore/" className="HPD.Base.Abstractions.Tests.Records.MutationContractTests" name="PatchRequestCarriesFieldMapMergePayload" />
    </UnitTest>
  </TestDefinitions>
  <TestEntries>
    <TestEntry testId="8dd10166-a1a4-d4a9-8994-8512178eade0" executionId="2b920b95-cab4-4e56-b348-9725f7d0e3e9" testListId="8c84fa94-04c1-424b-9868-57a2d4851a1d" />
    <TestEntry testId="896d177d-842f-de13-ef77-96bbedf925af" executionId="16f45ae0-0840-46a0-8a7b-2160a6140883" testListId="8c84fa94-04c1-424b-9868-57a2d4851a1d" />
    <TestEntry testId="db49054e-1859-d198-0f18-626a156413aa" executionId="4093b712-9252-4514-96b2-4976408d6593" testListId="8c84fa94-04c1-424b-9868-57a2d4851a1d" />
    <TestEntry testId="1cadfad3-920b-af74-831b-44b5c8ec7eef" executionId="3f70fd06-469d-40f7-a1da-3d8bf97aea48" testListId="8c84fa94-04c1-424b-9868-57a2d4851a1d" />
    <TestEntry testId="460d4ab4-e2a3-146a-d745-503c320f17d3" executionId="d13b0360-f3bb-4983-839d-c67315ddb310" testListId="8c84fa94-04c1-424b-9868-57a2d4851a1d" />
    <TestEntry testId="37ec5969-0d21-3c52-6379-b69edfdeef22" executionId="25907fa9-f3c2-48c0-bf90-39e8735d6ff7" testListId="8c84fa94-04c1-424b-9868-57a2d4851a1d" />
    <TestEntry testId="21860427-ed28-e343-d79a-3446bde218de" executionId="8885c7bc-44c0-48eb-9fbf-f8d4a1fb6c66" testListId="8c84fa94-04c1-424b-9868-57a2d4851a1d" />
    <TestEntry testId="643a0743-f254-f963-600a-0bdf9a4a0380" executionId="4e0c3dea-840f-4f38-94b8-be311b3c222a" testListId="8c84fa94-04c1-424b-9868-57a2d4851a1d" />
    <TestEntry testId="1a44da1b-fe53-6e21-d8dc-6df08b5b70d2" executionId="d82da02e-bd59-4f07-b7be-42978896045c" testListId="8c84fa94-04c1-424b-9868-57a2d4851a1d" />
    <TestEntry testId="f7b428ca-3397-a46e-187f-d9ffe0545622" executionId="73aaca5b-3148-42ee-af06-7bee9e8fe900" testListId="8c84fa94-04c1-424b-9868-57a2d4851a1d" />
    <TestEntry testId="1274541b-594c-716f-22d8-142b0e4d7941" executionId="3a81ac88-325e-4ec1-81f7-ed106b5c7486" testListId="8c84fa94-04c1-424b-9868-57a2d4851a1d" />
    <TestEntry testId="e8791063-0638-d483-2cdc-f1a97eff4497" executionId="205509d0-9e5a-4b72-bfeb-411d3755fb18" testListId="8c84fa94-04c1-424b-9868-57a2d4851a1d" />
    <TestEntry testId="26b181ae-2011-d8a0-163e-5f7159c0c4c9" executionId="c006a3eb-7f64-4253-b65d-5a1fe1137200" testListId="8c84fa94-04c1-424b-9868-57a2d4851a1d" />
    <TestEntry testId="f4a8f70b-531b-f249-2b37-d49246ffed20" executionId="4ceb2844-3d40-4a0b-a9b4-8268947410a4" testListId="8c84fa94-04c1-424b-9868-57a2d4851a1d" />
    <TestEntry testId="243be100-b98a-09ab-ae38-e915f5edbc29" executionId="821c617b-8c18-43e5-8b08-1f696e426d8c" testListId="8c84fa94-04c1-424b-9868-57a2d4851a1d" />
    <TestEntry testId="b89d1102-fbc5-6dcd-5ccb-c6a38ded386e" executionId="28b785ef-3f4f-4bae-8ad1-f82da2c472a1" testListId="8c84fa94-04c1-424b-9868-57a2d4851a1d" />
    <TestEntry testId="ffbff630-94c5-6c71-d622-eadb81ed7bd7" executionId="8af621d0-1550-43dd-9660-d974dbc0151b" testListId="8c84fa94-04c1-424b-9868-57a2d4851a1d" />
    <TestEntry testId="7510f0dd-45ff-8238-8ae6-8f857e682dc6" executionId="fff8352f-72d7-4911-8fbc-e678b307a72c" testListId="8c84fa94-04c1-424b-9868-57a2d4851a1d" />
    <TestEntry testId="35996214-29f9-345c-e753-686ecf2dee5f" executionId="172b1946-75ea-4777-851a-25a687902631" testListId="8c84fa94-04c1-424b-9868-57a2d4851a1d" />
    <TestEntry testId="7b358e84-d1ba-ef34-919d-6819f10e5adc" executionId="55ac210e-870b-402a-ac1b-d53bdefcb6f1" testListId="8c84fa94-04c1-424b-9868-57a2d4851a1d" />
    <TestEntry testId="effd2067-b51a-ed65-c37d-e39f6d1cce1e" executionId="ddda6c7a-075c-4505-93e2-8a31f7147629" testListId="8c84fa94-04c1-424b-9868-57a2d4851a1d" />
    <TestEntry testId="ce0aed2d-ab0f-fef0-db56-70940ab62f3b" executionId="fa93b838-d621-4906-82e4-f2bf3c4e8e45" testListId="8c84fa94-04c1-424b-9868-57a2d4851a1d" />
    <TestEntry testId="51f972e4-4b25-e5cd-dc5a-a0b268a2003a" executionId="dbac11e2-7086-4ffb-99ce-ec43688a9b5f" testListId="8c84fa94-04c1-424b-9868-57a2d4851a1d" />
    <TestEntry testId="3935f533-9cd4-c8cb-1fad-3bb4f166583a" executionId="7867d4c8-f630-41a2-8077-f0ab92fddd2e" testListId="8c84fa94-04c1-424b-9868-57a2d4851a1d" />
    <TestEntry testId="a1b17bf3-1fc5-7319-f71e-7a2b0f05a49b" executionId="c8182b34-0b40-4161-9584-ba2df9697e27" testListId="8c84fa94-04c1-424b-9868-57a2d4851a1d" />
    <TestEntry testId="f76d1760-301a-a7aa-9a1b-e2ace5aa28a0" executionId="0984291c-7b8f-4ba5-833c-8893fd83c507" testListId="8c84fa94-04c1-424b-9868-57a2d4851a1d" />
    <TestEntry testId="2819a811-4005-c2b3-6b8b-98964e5233c7" executionId="2949defe-97c1-4d7b-b447-032fecccbec0" testListId="8c84fa94-04c1-424b-9868-57a2d4851a1d" />
    <TestEntry testId="898b4b69-91aa-279b-c9d8-aee00747c7c1" executionId="65d7668a-a9ad-4809-a677-9ea743c6d866" testListId="8c84fa94-04c1-424b-9868-57a2d4851a1d" />
    <TestEntry testId="ce549de2-feb0-52c8-9230-76e371cd5755" executionId="00726904-5115-4bcd-8a89-1d1be18efcef" testListId="8c84fa94-04c1-424b-9868-57a2d4851a1d" />
    <TestEntry testId="e9ebcbae-514b-5210-e81b-a141968fb29d" executionId="c86a20b7-3e61-4a04-a822-164c32584df8" testListId="8c84fa94-04c1-424b-9868-57a2d4851a1d" />
    <TestEntry testId="a83e93d0-56f6-511d-7b38-fae0c971f550" executionId="aac89ec6-458c-46bb-9ab1-b721d847255f" testListId="8c84fa94-04c1-424b-9868-57a2d4851a1d" />
  </TestEntries>
  <TestLists>
    <TestList name="Results Not in a List" id="8c84fa94-04c1-424b-9868-57a2d4851a1d" />
    <TestList name="All Loaded Results" id="19431567-8539-422a-85d7-44ee4e166bda" />
  </TestLists>
  <ResultSummary outcome="Completed">
    <Counters total="31" executed="31" passed="31" failed="0" error="0" timeout="0" aborted="0" inconclusive="0" passedButRunAborted="0" notRunnable="0" notExecuted="0" disconnected="0" warning="0" completed="0" inProgress="0" pending="0" />
    <Output>
      <StdOut>[xUnit.net 00:00:00.00] xUnit.net VSTest Adapter v3.1.5+1b188a7b0a (64-bit .NET 10.0.9)
[xUnit.net 00:00:00.03]   Discovering: HPD.Base.Abstractions.Tests
[xUnit.net 00:00:00.05]   Discovered:  HPD.Base.Abstractions.Tests
[xUnit.net 00:00:00.06]   Starting:    HPD.Base.Abstractions.Tests
[xUnit.net 00:00:00.37]   Finished:    HPD.Base.Abstractions.Tests
</StdOut>
    </Output>
  </ResultSummary>
</TestRun>