<?xml version="1.0" encoding="utf-8"?>
<TestRun id="7fea5f31-cdee-4a7e-854b-1b1722126cf4" name="@Einsteins-MacBook-Air 2026-06-30 12:26:46" xmlns="http://microsoft.com/schemas/VisualStudio/TeamTest/2010">
  <Times creation="2026-06-30T12:26:46.1089330-05:00" queuing="2026-06-30T12:26:46.1089330-05:00" start="2026-06-30T12:26:45.7516720-05:00" finish="2026-06-30T12:26:46.1488590-05:00" />
  <TestSettings name="default" id="6ca5e579-8eea-4802-be55-7ba5f2c7f685">
    <Deployment runDeploymentRoot="_Einsteins-MacBook-Air_2026-06-30_12_26_46" />
  </TestSettings>
  <Results>
    <UnitTestResult executionId="138189ea-4eec-492c-ad2e-d4a7289bd2a1" testId="e0d314a9-5413-9f52-4c84-7f3cd7fc23a7" testName="HPD.RAG.Handlers.Tests.Evaluation.WriteEvalResultHandlerTests.WriteEvalResultHandler_NoStoreRegistered_FallsBackToLogging" computerName="Einsteins-MacBook-Air" duration="00:00:00.0077988" startTime="2026-06-30T12:26:46.0977870-05:00" endTime="2026-06-30T12:26:46.1000310-05:00" testType="13cdc9d9-ddb5-4fa4-a97d-d965ccfc6d4b" outcome="Passed" testListId="8c84fa94-04c1-424b-9868-57a2d4851a1d" relativeResultsDirectory="138189ea-4eec-492c-ad2e-d4a7289bd2a1" />
    <UnitTestResult executionId="22492ad6-c800-46b5-9f48-61ee009d5261" testId="64e81d4e-5727-659d-de3d-ac05341f252e" testName="HPD.RAG.Handlers.Tests.Ingestion.IngestionHandlerRegistrationTests.AllIngestionHandlers_Resolvable_AfterDirectRegistration" computerName="Einsteins-MacBook-Air" duration="00:00:00.0121952" startTime="2026-06-30T12:26:46.0646180-05:00" endTime="2026-06-30T12:26:46.0960850-05:00" testType="13cdc9d9-ddb5-4fa4-a97d-d965ccfc6d4b" outcome="Passed" testListId="8c84fa94-04c1-424b-9868-57a2d4851a1d" relativeResultsDirectory="22492ad6-c800-46b5-9f48-61ee009d5261" />
    <UnitTestResult executionId="a4218fe9-41b6-43bd-b209-f8f571a26242" testId="87a95342-c615-bbbc-9441-8cfc54b7b9af" testName="HPD.RAG.Handlers.Tests.Evaluation.PartitionKeyTests.FromTestSuite_ProducesCorrectPartitionKeys" computerName="Einsteins-MacBook-Air" duration="00:00:00.0017636" startTime="2026-06-30T12:26:46.0946280-05:00" endTime="2026-06-30T12:26:46.0946530-05:00" testType="13cdc9d9-ddb5-4fa4-a97d-d965ccfc6d4b" outcome="Passed" testListId="8c84fa94-04c1-424b-9868-57a2d4851a1d" relativeResultsDirectory="a4218fe9-41b6-43bd-b209-f8f571a26242" />
    <UnitTestResult executionId="78140d9c-e0d4-4d3a-a4f8-5d167b0d8929" testId="a739b27d-1d17-218e-09a2-0953a1bef287" testName="HPD.RAG.Handlers.Tests.Retrieval.MergeResultsHandlerTests.MergeResults_MaxScoreWins_OnDuplicate" computerName="Einsteins-MacBook-Air" duration="00:00:00.0005003" startTime="2026-06-30T12:26:46.0993750-05:00" endTime="2026-06-30T12:26:46.0996310-05:00" testType="13cdc9d9-ddb5-4fa4-a97d-d965ccfc6d4b" outcome="Passed" testListId="8c84fa94-04c1-424b-9868-57a2d4851a1d" relativeResultsDirectory="78140d9c-e0d4-4d3a-a4f8-5d167b0d8929" />
    <UnitTestResult executionId="917b88a8-b8b6-4978-bddc-32f64317d3d2" testId="91e73ade-4142-6db9-0b3e-e74bcee26267" testName="HPD.RAG.Handlers.Tests.Ingestion.WriterHandlerTests.InMemoryWriter_MergesRunTagsIntoRecords" computerName="Einsteins-MacBook-Air" duration="00:00:00.0003885" startTime="2026-06-30T12:26:46.1082010-05:00" endTime="2026-06-30T12:26:46.1084720-05:00" testType="13cdc9d9-ddb5-4fa4-a97d-d965ccfc6d4b" outcome="Passed" testListId="8c84fa94-04c1-424b-9868-57a2d4851a1d" relativeResultsDirectory="917b88a8-b8b6-4978-bddc-32f64317d3d2" />
    <UnitTestResult executionId="c27e8f0d-9e20-48ed-be0d-e13758f59d7f" testId="857a1136-6be0-9fdd-962b-1d28216c9b6a" testName="HPD.RAG.Handlers.Tests.Evaluation.LlmEvalHandlerTests.RelevanceEvalHandler_CallsEvaluatorWithCorrectSignature" computerName="Einsteins-MacBook-Air" duration="00:00:00.0004246" startTime="2026-06-30T12:26:46.1042860-05:00" endTime="2026-06-30T12:26:46.1043050-05:00" testType="13cdc9d9-ddb5-4fa4-a97d-d965ccfc6d4b" outcome="Passed" testListId="8c84fa94-04c1-424b-9868-57a2d4851a1d" relativeResultsDirectory="c27e8f0d-9e20-48ed-be0d-e13758f59d7f" />
    <UnitTestResult executionId="48c77b5d-151e-431e-a6f0-81f0a636d0c9" testId="4f6ad6c0-b943-ffcf-98c4-7407c854191c" testName="HPD.RAG.Handlers.Tests.Evaluation.LlmEvalHandlerTests.RelevanceEvalHandler_OutputsScoreAndReason" computerName="Einsteins-MacBook-Air" duration="00:00:00.0191950" startTime="2026-06-30T12:26:46.0958290-05:00" endTime="2026-06-30T12:26:46.1001180-05:00" testType="13cdc9d9-ddb5-4fa4-a97d-d965ccfc6d4b" outcome="Passed" testListId="8c84fa94-04c1-424b-9868-57a2d4851a1d" relativeResultsDirectory="48c77b5d-151e-431e-a6f0-81f0a636d0c9" />
    <UnitTestResult executionId="0d4b01b3-310e-472a-ada7-c79d75c0805f" testId="c9eb3517-c1c0-f76a-d2b3-8620bb4366f2" testName="HPD.RAG.Handlers.Tests.Ingestion.MarkdownReaderHandlerTests.ExecuteAsync_EmptyFilePaths_ReturnsEmptyDocuments" computerName="Einsteins-MacBook-Air" duration="00:00:00.0001978" startTime="2026-06-30T12:26:46.1269110-05:00" endTime="2026-06-30T12:26:46.1270620-05:00" testType="13cdc9d9-ddb5-4fa4-a97d-d965ccfc6d4b" outcome="Passed" testListId="8c84fa94-04c1-424b-9868-57a2d4851a1d" relativeResultsDirectory="0d4b01b3-310e-472a-ada7-c79d75c0805f" />
    <UnitTestResult executionId="f695e63b-cc5d-4398-924d-b9e5c125d041" testId="208ab49f-39d4-5da9-493f-2b6e57872c7b" testName="HPD.RAG.Handlers.Tests.Ingestion.ChunkerHandlerTests.HeaderChunker_ChunkContext_ContainsHeaderText" computerName="Einsteins-MacBook-Air" duration="00:00:00.0142981" startTime="2026-06-30T12:26:46.0637850-05:00" endTime="2026-06-30T12:26:46.0964960-05:00" testType="13cdc9d9-ddb5-4fa4-a97d-d965ccfc6d4b" outcome="Passed" testListId="8c84fa94-04c1-424b-9868-57a2d4851a1d" relativeResultsDirectory="f695e63b-cc5d-4398-924d-b9e5c125d041" />
    <UnitTestResult executionId="7e9afff1-6209-4d2e-a10f-43e0026d2721" testId="7b888e67-6c1e-8ee3-1064-ee3df357b3d8" testName="HPD.RAG.Handlers.Tests.Ingestion.EnricherHandlerTests.SummaryEnricher_AddsSummaryMetadata" computerName="Einsteins-MacBook-Air" duration="00:00:00.0011482" startTime="2026-06-30T12:26:46.1092080-05:00" endTime="2026-06-30T12:26:46.1102680-05:00" testType="13cdc9d9-ddb5-4fa4-a97d-d965ccfc6d4b" outcome="Passed" testListId="8c84fa94-04c1-424b-9868-57a2d4851a1d" relativeResultsDirectory="7e9afff1-6209-4d2e-a10f-43e0026d2721" />
    <UnitTestResult executionId="4ec5c22c-ef4b-4e1f-8c4d-33304724d27d" testId="015c300c-1fa6-4237-62f9-26660a6c817c" testName="HPD.RAG.Handlers.Tests.Retrieval.MergeResultsHandlerTests.MergeResults_EmptyResultSets_ReturnsEmpty" computerName="Einsteins-MacBook-Air" duration="00:00:00.0121371" startTime="2026-06-30T12:26:46.0645700-05:00" endTime="2026-06-30T12:26:46.0958840-05:00" testType="13cdc9d9-ddb5-4fa4-a97d-d965ccfc6d4b" outcome="Passed" testListId="8c84fa94-04c1-424b-9868-57a2d4851a1d" relativeResultsDirectory="4ec5c22c-ef4b-4e1f-8c4d-33304724d27d" />
    <UnitTestResult executionId="91a640e4-453c-497c-bd45-9fba43b17c60" testId="dd5497a5-1f75-1b20-3b00-99ad1a0a6323" testName="HPD.RAG.Handlers.Tests.Ingestion.ChunkerHandlerTests.HeaderChunker_ChunksDoNotExceedMaxTokens" computerName="Einsteins-MacBook-Air" duration="00:00:00.0003475" startTime="2026-06-30T12:26:46.0981250-05:00" endTime="2026-06-30T12:26:46.0981660-05:00" testType="13cdc9d9-ddb5-4fa4-a97d-d965ccfc6d4b" outcome="Passed" testListId="8c84fa94-04c1-424b-9868-57a2d4851a1d" relativeResultsDirectory="91a640e4-453c-497c-bd45-9fba43b17c60" />
    <UnitTestResult executionId="b411a4ea-027c-4123-a28a-9d31bfdb5394" testId="9b81da94-6145-8833-2ab5-d7a508259bf4" testName="HPD.RAG.Handlers.Tests.Ingestion.MarkdownReaderHandlerTests.ExecuteAsync_DocumentId_IsFilePath" computerName="Einsteins-MacBook-Air" duration="00:00:00.0583340" startTime="2026-06-30T12:26:46.0646000-05:00" endTime="2026-06-30T12:26:46.1253430-05:00" testType="13cdc9d9-ddb5-4fa4-a97d-d965ccfc6d4b" outcome="Passed" testListId="8c84fa94-04c1-424b-9868-57a2d4851a1d" relativeResultsDirectory="b411a4ea-027c-4123-a28a-9d31bfdb5394" />
    <UnitTestResult executionId="a769c61c-4a2a-498a-8e24-b8e4a3ac5b73" testId="8361d999-9407-402c-48fd-1d8684f5ce06" testName="HPD.RAG.Handlers.Tests.Evaluation.PartitionKeyTests.FromTestSuite_EmptyInput_ProducesEmptyEnumerable" computerName="Einsteins-MacBook-Air" duration="00:00:00.0045163" startTime="2026-06-30T12:26:46.0646090-05:00" endTime="2026-06-30T12:26:46.0715700-05:00" testType="13cdc9d9-ddb5-4fa4-a97d-d965ccfc6d4b" outcome="Passed" testListId="8c84fa94-04c1-424b-9868-57a2d4851a1d" relativeResultsDirectory="a769c61c-4a2a-498a-8e24-b8e4a3ac5b73" />
    <UnitTestResult executionId="f6c6d246-94c7-43af-9a5e-102d6f0e3bb3" testId="b8438cc2-5f24-2f0f-f72f-ff9173d934f5" testName="HPD.RAG.Handlers.Tests.Evaluation.PartitionKeyTests.PartitionKey_Equals_SameSegments_ReturnsTrue" computerName="Einsteins-MacBook-Air" duration="00:00:00.0026819" startTime="2026-06-30T12:26:46.0757220-05:00" endTime="2026-06-30T12:26:46.0757570-05:00" testType="13cdc9d9-ddb5-4fa4-a97d-d965ccfc6d4b" outcome="Passed" testListId="8c84fa94-04c1-424b-9868-57a2d4851a1d" relativeResultsDirectory="f6c6d246-94c7-43af-9a5e-102d6f0e3bb3" />
    <UnitTestResult executionId="1152f38a-0d5c-4266-b69c-cac6418a0d6c" testId="80d39a24-8f35-af24-ae0d-42de126594e3" testName="HPD.RAG.Handlers.Tests.Ingestion.MarkdownReaderHandlerTests.ExecuteAsync_Elements_ContainParagraphType" computerName="Einsteins-MacBook-Air" duration="00:00:00.0010423" startTime="2026-06-30T12:26:46.1260050-05:00" endTime="2026-06-30T12:26:46.1268450-05:00" testType="13cdc9d9-ddb5-4fa4-a97d-d965ccfc6d4b" outcome="Passed" testListId="8c84fa94-04c1-424b-9868-57a2d4851a1d" relativeResultsDirectory="1152f38a-0d5c-4266-b69c-cac6418a0d6c" />
    <UnitTestResult executionId="d9977ca8-2a73-45e5-9451-8dda494ac9cb" testId="90389a76-0526-466d-9f15-cb3dc000b35b" testName="HPD.RAG.Handlers.Tests.Ingestion.WriterHandlerTests.InMemoryWriter_NullRunTags_DoesNotThrow" computerName="Einsteins-MacBook-Air" duration="00:00:00.0251126" startTime="2026-06-30T12:26:46.0983110-05:00" endTime="2026-06-30T12:26:46.1075700-05:00" testType="13cdc9d9-ddb5-4fa4-a97d-d965ccfc6d4b" outcome="Passed" testListId="8c84fa94-04c1-424b-9868-57a2d4851a1d" relativeResultsDirectory="d9977ca8-2a73-45e5-9451-8dda494ac9cb" />
    <UnitTestResult executionId="1c3bb40b-a513-434d-8b94-addd786e1b43" testId="e2d4aec2-b400-62c2-bf82-6584530736fa" testName="HPD.RAG.Handlers.Tests.Evaluation.BLEUEvalHandlerTests.BLEUEvalHandler_IdenticalHypothesisAndReference_ReturnsHighScore" computerName="Einsteins-MacBook-Air" duration="00:00:00.0004829" startTime="2026-06-30T12:26:46.0984880-05:00" endTime="2026-06-30T12:26:46.0994490-05:00" testType="13cdc9d9-ddb5-4fa4-a97d-d965ccfc6d4b" outcome="Passed" testListId="8c84fa94-04c1-424b-9868-57a2d4851a1d" relativeResultsDirectory="1c3bb40b-a513-434d-8b94-addd786e1b43" />
    <UnitTestResult executionId="a016db25-7952-437b-b8b0-20e8775c637c" testId="b8c505b0-7b4c-5c28-62b8-ff8f89f0f75c" testName="HPD.RAG.Handlers.Tests.Ingestion.EnricherHandlerTests.KeywordEnricher_AddsKeywordsMetadata" computerName="Einsteins-MacBook-Air" duration="00:00:00.0414770" startTime="2026-06-30T12:26:46.0646350-05:00" endTime="2026-06-30T12:26:46.1077130-05:00" testType="13cdc9d9-ddb5-4fa4-a97d-d965ccfc6d4b" outcome="Passed" testListId="8c84fa94-04c1-424b-9868-57a2d4851a1d" relativeResultsDirectory="a016db25-7952-437b-b8b0-20e8775c637c" />
    <UnitTestResult executionId="cc9cb0cc-f04e-4969-a8bd-7b81d9480bfe" testId="0cb707b7-6383-b1a8-3a60-3b0106153a54" testName="HPD.RAG.Handlers.Tests.Evaluation.LlmEvalHandlerTests.GroundednessEvalHandler_PassesGroundednessContext" computerName="Einsteins-MacBook-Air" duration="00:00:00.0021931" startTime="2026-06-30T12:26:46.1041050-05:00" endTime="2026-06-30T12:26:46.1041730-05:00" testType="13cdc9d9-ddb5-4fa4-a97d-d965ccfc6d4b" outcome="Passed" testListId="8c84fa94-04c1-424b-9868-57a2d4851a1d" relativeResultsDirectory="cc9cb0cc-f04e-4969-a8bd-7b81d9480bfe" />
    <UnitTestResult executionId="6eafda26-b1c9-4bef-926b-c879fd2b7b1e" testId="ac774961-c0db-bc59-5b2a-fe54bb87172c" testName="HPD.RAG.Handlers.Tests.Evaluation.BLEUEvalHandlerTests.BLEUEvalHandler_DoesNotCallChatClient" computerName="Einsteins-MacBook-Air" duration="00:00:00.0002294" startTime="2026-06-30T12:26:46.0998970-05:00" endTime="2026-06-30T12:26:46.0999420-05:00" testType="13cdc9d9-ddb5-4fa4-a97d-d965ccfc6d4b" outcome="Passed" testListId="8c84fa94-04c1-424b-9868-57a2d4851a1d" relativeResultsDirectory="6eafda26-b1c9-4bef-926b-c879fd2b7b1e" />
    <UnitTestResult executionId="8b8fe632-8561-4a18-a8b0-688ad11afbdb" testId="b92e96a7-8b3a-d855-5493-d400a5129213" testName="HPD.RAG.Handlers.Tests.Evaluation.BLEUEvalHandlerTests.BLEUEvalHandler_ReturnsScoreBetween0And1" computerName="Einsteins-MacBook-Air" duration="00:00:00.0063907" startTime="2026-06-30T12:26:46.0963010-05:00" endTime="2026-06-30T12:26:46.0983510-05:00" testType="13cdc9d9-ddb5-4fa4-a97d-d965ccfc6d4b" outcome="Passed" testListId="8c84fa94-04c1-424b-9868-57a2d4851a1d" relativeResultsDirectory="8b8fe632-8561-4a18-a8b0-688ad11afbdb" />
    <UnitTestResult executionId="271d9009-3bae-4f11-bfa1-4a250629e3fa" testId="6c0c64ed-9268-bac7-4051-d896daea9c08" testName="HPD.RAG.Handlers.Tests.Evaluation.LlmEvalHandlerTests.CompletenessEvalHandler_PassesCompletenessContext" computerName="Einsteins-MacBook-Air" duration="00:00:00.0060330" startTime="2026-06-30T12:26:46.1043510-05:00" endTime="2026-06-30T12:26:46.1051620-05:00" testType="13cdc9d9-ddb5-4fa4-a97d-d965ccfc6d4b" outcome="Passed" testListId="8c84fa94-04c1-424b-9868-57a2d4851a1d" relativeResultsDirectory="271d9009-3bae-4f11-bfa1-4a250629e3fa" />
    <UnitTestResult executionId="8d0c8d39-aef8-4164-9e3e-6830eb24a258" testId="46318da5-af1c-72b1-3ec0-695d3e91821b" testName="HPD.RAG.Handlers.Tests.Retrieval.VectorSearchHandlerTests.VectorSearchHandler_WithNoFilter_CallsSearchWithoutFilter" computerName="Einsteins-MacBook-Air" duration="00:00:00.0003984" startTime="2026-06-30T12:26:46.1074140-05:00" endTime="2026-06-30T12:26:46.1074620-05:00" testType="13cdc9d9-ddb5-4fa4-a97d-d965ccfc6d4b" outcome="Passed" testListId="8c84fa94-04c1-424b-9868-57a2d4851a1d" relativeResultsDirectory="8d0c8d39-aef8-4164-9e3e-6830eb24a258" />
    <UnitTestResult executionId="7369d0bf-3318-44af-8e5a-23109990360e" testId="ae107458-b523-ec4a-1b2b-f11bad7e83e4" testName="HPD.RAG.Handlers.Tests.Evaluation.WriteEvalResultHandlerTests.WriteEvalResultHandler_StoresMetrics_ViaMockStore" computerName="Einsteins-MacBook-Air" duration="00:00:00.0143425" startTime="2026-06-30T12:26:46.0645890-05:00" endTime="2026-06-30T12:26:46.0976330-05:00" testType="13cdc9d9-ddb5-4fa4-a97d-d965ccfc6d4b" outcome="Passed" testListId="8c84fa94-04c1-424b-9868-57a2d4851a1d" relativeResultsDirectory="7369d0bf-3318-44af-8e5a-23109990360e" />
    <UnitTestResult executionId="aa608a60-df28-46ce-a2be-8cf4171cc79d" testId="695810c1-6ee5-3bc1-5289-cd530197613f" testName="HPD.RAG.Handlers.Tests.Ingestion.MarkdownReaderHandlerTests.ExecuteAsync_ProducesAtLeastOneDocument" computerName="Einsteins-MacBook-Air" duration="00:00:00.0004892" startTime="2026-06-30T12:26:46.1278940-05:00" endTime="2026-06-30T12:26:46.1283980-05:00" testType="13cdc9d9-ddb5-4fa4-a97d-d965ccfc6d4b" outcome="Passed" testListId="8c84fa94-04c1-424b-9868-57a2d4851a1d" relativeResultsDirectory="aa608a60-df28-46ce-a2be-8cf4171cc79d" />
    <UnitTestResult executionId="feb71cc3-227c-430a-bca9-d969c9fbc87b" testId="c39598cf-71de-3a82-5740-8c4edce28ec6" testName="HPD.RAG.Handlers.Tests.Ingestion.ChunkerHandlerTests.HeaderChunker_ProducesChunkBatches_OnePerDocument" computerName="Einsteins-MacBook-Air" duration="00:00:00.0001896" startTime="2026-06-30T12:26:46.0979860-05:00" endTime="2026-06-30T12:26:46.0980270-05:00" testType="13cdc9d9-ddb5-4fa4-a97d-d965ccfc6d4b" outcome="Passed" testListId="8c84fa94-04c1-424b-9868-57a2d4851a1d" relativeResultsDirectory="feb71cc3-227c-430a-bca9-d969c9fbc87b" />
    <UnitTestResult executionId="77d3ba1a-9708-4cde-a748-26a3c1efe705" testId="27ea125b-780d-0265-f5f1-5f41db9bcda4" testName="HPD.RAG.Handlers.Tests.Ingestion.EnricherHandlerTests.KeywordEnricher_WhenChatClientThrows_PropagatesException" computerName="Einsteins-MacBook-Air" duration="00:00:00.0014746" startTime="2026-06-30T12:26:46.1078080-05:00" endTime="2026-06-30T12:26:46.1090930-05:00" testType="13cdc9d9-ddb5-4fa4-a97d-d965ccfc6d4b" outcome="Passed" testListId="8c84fa94-04c1-424b-9868-57a2d4851a1d" relativeResultsDirectory="77d3ba1a-9708-4cde-a748-26a3c1efe705" />
    <UnitTestResult executionId="3f1b2d14-74f7-4dc0-b9c6-5f38bd4d924e" testId="c7e4f75b-4f9d-3f51-e42e-99f274c81ab4" testName="HPD.RAG.Handlers.Tests.Evaluation.PartitionKeyTests.PartitionKey_ToString_UsesSlashSeparator" computerName="Einsteins-MacBook-Air" duration="00:00:00.0002554" startTime="2026-06-30T12:26:46.0942730-05:00" endTime="2026-06-30T12:26:46.0943150-05:00" testType="13cdc9d9-ddb5-4fa4-a97d-d965ccfc6d4b" outcome="Passed" testListId="8c84fa94-04c1-424b-9868-57a2d4851a1d" relativeResultsDirectory="3f1b2d14-74f7-4dc0-b9c6-5f38bd4d924e" />
    <UnitTestResult executionId="a3ac3ff3-76a9-4ed9-87e8-a5fadb51779b" testId="61908948-3119-901e-216f-2b2b9516583a" testName="HPD.RAG.Handlers.Tests.Ingestion.MarkdownReaderHandlerTests.ExecuteAsync_Headers_ProduceHeaderElement_WithLevel2" computerName="Einsteins-MacBook-Air" duration="00:00:00.0006772" startTime="2026-06-30T12:26:46.1271080-05:00" endTime="2026-06-30T12:26:46.1278270-05:00" testType="13cdc9d9-ddb5-4fa4-a97d-d965ccfc6d4b" outcome="Passed" testListId="8c84fa94-04c1-424b-9868-57a2d4851a1d" relativeResultsDirectory="a3ac3ff3-76a9-4ed9-87e8-a5fadb51779b" />
    <UnitTestResult executionId="a26247fe-51cd-4c76-a52a-8c8e685894e5" testId="3ac2f072-0d35-720d-b360-b77573c742a3" testName="HPD.RAG.Handlers.Tests.Retrieval.MergeResultsHandlerTests.MergeResults_DeduplicatesByDocumentId" computerName="Einsteins-MacBook-Air" duration="00:00:00.0012485" startTime="2026-06-30T12:26:46.0960340-05:00" endTime="2026-06-30T12:26:46.0963450-05:00" testType="13cdc9d9-ddb5-4fa4-a97d-d965ccfc6d4b" outcome="Passed" testListId="8c84fa94-04c1-424b-9868-57a2d4851a1d" relativeResultsDirectory="a26247fe-51cd-4c76-a52a-8c8e685894e5" />
    <UnitTestResult executionId="34f205e7-001a-414f-8730-fd1afd79b1a6" testId="783c9ede-b041-81d6-8377-3ae85a8924d0" testName="HPD.RAG.Handlers.Tests.Ingestion.WriterHandlerTests.InMemoryWriter_WritesChunks_AndReturnsWrittenCount" computerName="Einsteins-MacBook-Air" duration="00:00:00.0003207" startTime="2026-06-30T12:26:46.1085440-05:00" endTime="2026-06-30T12:26:46.1088460-05:00" testType="13cdc9d9-ddb5-4fa4-a97d-d965ccfc6d4b" outcome="Passed" testListId="8c84fa94-04c1-424b-9868-57a2d4851a1d" relativeResultsDirectory="34f205e7-001a-414f-8730-fd1afd79b1a6" />
    <UnitTestResult executionId="8b1bdd09-24aa-48a2-826a-a117c8853ea2" testId="67562aa0-1109-d969-1514-d32010ff65f0" testName="HPD.RAG.Handlers.Tests.Retrieval.MergeResultsHandlerTests.MergeResults_ResultsSortedByScoreDescending" computerName="Einsteins-MacBook-Air" duration="00:00:00.0052006" startTime="2026-06-30T12:26:46.0964520-05:00" endTime="2026-06-30T12:26:46.0984170-05:00" testType="13cdc9d9-ddb5-4fa4-a97d-d965ccfc6d4b" outcome="Passed" testListId="8c84fa94-04c1-424b-9868-57a2d4851a1d" relativeResultsDirectory="8b1bdd09-24aa-48a2-826a-a117c8853ea2" />
    <UnitTestResult executionId="1d6ddf7f-54e8-49f1-a210-b8bc8f40d62d" testId="8fd1dee3-1aee-308a-3eef-9e85c4eae3cf" testName="HPD.RAG.Handlers.Tests.Ingestion.WriterHandlerTests.InMemoryWriter_IncrementalIngestion_SecondRunDoesNotThrow" computerName="Einsteins-MacBook-Air" duration="00:00:00.0008283" startTime="2026-06-30T12:26:46.1076700-05:00" endTime="2026-06-30T12:26:46.1080690-05:00" testType="13cdc9d9-ddb5-4fa4-a97d-d965ccfc6d4b" outcome="Passed" testListId="8c84fa94-04c1-424b-9868-57a2d4851a1d" relativeResultsDirectory="1d6ddf7f-54e8-49f1-a210-b8bc8f40d62d" />
    <UnitTestResult executionId="6623e380-dc9e-4ebd-ae49-37be2bec73fd" testId="37c1e123-daf4-f732-d732-e2eac12631fb" testName="HPD.RAG.Handlers.Tests.Retrieval.VectorSearchHandlerTests.VectorSearchHandler_WithFilter_CallsTranslatorAndPassesResult" computerName="Einsteins-MacBook-Air" duration="00:00:00.0404522" startTime="2026-06-30T12:26:46.0646270-05:00" endTime="2026-06-30T12:26:46.1066410-05:00" testType="13cdc9d9-ddb5-4fa4-a97d-d965ccfc6d4b" outcome="Passed" testListId="8c84fa94-04c1-424b-9868-57a2d4851a1d" relativeResultsDirectory="6623e380-dc9e-4ebd-ae49-37be2bec73fd" />
    <UnitTestResult executionId="ef73c022-7300-43b0-bc3f-bf1c1a43314d" testId="d48012e8-d3d0-f033-1705-2e203cd2f649" testName="HPD.RAG.Handlers.Tests.Ingestion.ChunkerHandlerTests.TokenChunker_ProducesNonEmptyChunks_ForNonEmptyDocument" computerName="Einsteins-MacBook-Air" duration="00:00:00.0010508" startTime="2026-06-30T12:26:46.0975710-05:00" endTime="2026-06-30T12:26:46.0978450-05:00" testType="13cdc9d9-ddb5-4fa4-a97d-d965ccfc6d4b" outcome="Passed" testListId="8c84fa94-04c1-424b-9868-57a2d4851a1d" relativeResultsDirectory="ef73c022-7300-43b0-bc3f-bf1c1a43314d" />
    <UnitTestResult executionId="57e4b140-ef62-45ee-8085-2466dcecea60" testId="9f930bc3-2f20-4b36-0c37-aceb3844b3b9" testName="HPD.RAG.Handlers.Tests.Evaluation.BLEUEvalHandlerTests.BLEUEvalHandler_EmptyHypothesis_ReturnsZero" computerName="Einsteins-MacBook-Air" duration="00:00:00.0014152" startTime="2026-06-30T12:26:46.0995970-05:00" endTime="2026-06-30T12:26:46.0997740-05:00" testType="13cdc9d9-ddb5-4fa4-a97d-d965ccfc6d4b" outcome="Passed" testListId="8c84fa94-04c1-424b-9868-57a2d4851a1d" relativeResultsDirectory="57e4b140-ef62-45ee-8085-2466dcecea60" />
  </Results>
  <TestDefinitions>
    <UnitTest name="HPD.RAG.Handlers.Tests.Ingestion.ChunkerHandlerTests.HeaderChunker_ChunkContext_ContainsHeaderText" storage="/users/ewoof/desktop/hpd-os/dotnet/hpd-rag.framework/test/hpd-rag.handlers.tests/bin/debug/net9.0/hpd-rag.handlers.tests.dll" id="208ab49f-39d4-5da9-493f-2b6e57872c7b">
      <Execution id="f695e63b-cc5d-4398-924d-b9e5c125d041" />
      <TestMethod codeBase="/Users/ewoof/Desktop/HPD-OS/dotnet/HPD-RAG.Framework/test/HPD-RAG.Handlers.Tests/bin/Debug/net9.0/HPD-RAG.Handlers.Tests.dll" adapterTypeName="executor://xunit/VsTestRunner3/netcore/" className="HPD.RAG.Handlers.Tests.Ingestion.ChunkerHandlerTests" name="HeaderChunker_ChunkContext_ContainsHeaderText" />
    </UnitTest>
    <UnitTest name="HPD.RAG.Handlers.Tests.Ingestion.EnricherHandlerTests.SummaryEnricher_AddsSummaryMetadata" storage="/users/ewoof/desktop/hpd-os/dotnet/hpd-rag.framework/test/hpd-rag.handlers.tests/bin/debug/net9.0/hpd-rag.handlers.tests.dll" id="7b888e67-6c1e-8ee3-1064-ee3df357b3d8">
      <Execution id="7e9afff1-6209-4d2e-a10f-43e0026d2721" />
      <TestMethod codeBase="/Users/ewoof/Desktop/HPD-OS/dotnet/HPD-RAG.Framework/test/HPD-RAG.Handlers.Tests/bin/Debug/net9.0/HPD-RAG.Handlers.Tests.dll" adapterTypeName="executor://xunit/VsTestRunner3/netcore/" className="HPD.RAG.Handlers.Tests.Ingestion.EnricherHandlerTests" name="SummaryEnricher_AddsSummaryMetadata" />
    </UnitTest>
    <UnitTest name="HPD.RAG.Handlers.Tests.Retrieval.MergeResultsHandlerTests.MergeResults_MaxScoreWins_OnDuplicate" storage="/users/ewoof/desktop/hpd-os/dotnet/hpd-rag.framework/test/hpd-rag.handlers.tests/bin/debug/net9.0/hpd-rag.handlers.tests.dll" id="a739b27d-1d17-218e-09a2-0953a1bef287">
      <Execution id="78140d9c-e0d4-4d3a-a4f8-5d167b0d8929" />
      <TestMethod codeBase="/Users/ewoof/Desktop/HPD-OS/dotnet/HPD-RAG.Framework/test/HPD-RAG.Handlers.Tests/bin/Debug/net9.0/HPD-RAG.Handlers.Tests.dll" adapterTypeName="executor://xunit/VsTestRunner3/netcore/" className="HPD.RAG.Handlers.Tests.Retrieval.MergeResultsHandlerTests" name="MergeResults_MaxScoreWins_OnDuplicate" />
    </UnitTest>
    <UnitTest name="HPD.RAG.Handlers.Tests.Evaluation.BLEUEvalHandlerTests.BLEUEvalHandler_IdenticalHypothesisAndReference_ReturnsHighScore" storage="/users/ewoof/desktop/hpd-os/dotnet/hpd-rag.framework/test/hpd-rag.handlers.tests/bin/debug/net9.0/hpd-rag.handlers.tests.dll" id="e2d4aec2-b400-62c2-bf82-6584530736fa">
      <Execution id="1c3bb40b-a513-434d-8b94-addd786e1b43" />
      <TestMethod codeBase="/Users/ewoof/Desktop/HPD-OS/dotnet/HPD-RAG.Framework/test/HPD-RAG.Handlers.Tests/bin/Debug/net9.0/HPD-RAG.Handlers.Tests.dll" adapterTypeName="executor://xunit/VsTestRunner3/netcore/" className="HPD.RAG.Handlers.Tests.Evaluation.BLEUEvalHandlerTests" name="BLEUEvalHandler_IdenticalHypothesisAndReference_ReturnsHighScore" />
    </UnitTest>
    <UnitTest name="HPD.RAG.Handlers.Tests.Ingestion.ChunkerHandlerTests.HeaderChunker_ProducesChunkBatches_OnePerDocument" storage="/users/ewoof/desktop/hpd-os/dotnet/hpd-rag.framework/test/hpd-rag.handlers.tests/bin/debug/net9.0/hpd-rag.handlers.tests.dll" id="c39598cf-71de-3a82-5740-8c4edce28ec6">
      <Execution id="feb71cc3-227c-430a-bca9-d969c9fbc87b" />
      <TestMethod codeBase="/Users/ewoof/Desktop/HPD-OS/dotnet/HPD-RAG.Framework/test/HPD-RAG.Handlers.Tests/bin/Debug/net9.0/HPD-RAG.Handlers.Tests.dll" adapterTypeName="executor://xunit/VsTestRunner3/netcore/" className="HPD.RAG.Handlers.Tests.Ingestion.ChunkerHandlerTests" name="HeaderChunker_ProducesChunkBatches_OnePerDocument" />
    </UnitTest>
    <UnitTest name="HPD.RAG.Handlers.Tests.Ingestion.IngestionHandlerRegistrationTests.AllIngestionHandlers_Resolvable_AfterDirectRegistration" storage="/users/ewoof/desktop/hpd-os/dotnet/hpd-rag.framework/test/hpd-rag.handlers.tests/bin/debug/net9.0/hpd-rag.handlers.tests.dll" id="64e81d4e-5727-659d-de3d-ac05341f252e">
      <Execution id="22492ad6-c800-46b5-9f48-61ee009d5261" />
      <TestMethod codeBase="/Users/ewoof/Desktop/HPD-OS/dotnet/HPD-RAG.Framework/test/HPD-RAG.Handlers.Tests/bin/Debug/net9.0/HPD-RAG.Handlers.Tests.dll" adapterTypeName="executor://xunit/VsTestRunner3/netcore/" className="HPD.RAG.Handlers.Tests.Ingestion.IngestionHandlerRegistrationTests" name="AllIngestionHandlers_Resolvable_AfterDirectRegistration" />
    </UnitTest>
    <UnitTest name="HPD.RAG.Handlers.Tests.Ingestion.MarkdownReaderHandlerTests.ExecuteAsync_EmptyFilePaths_ReturnsEmptyDocuments" storage="/users/ewoof/desktop/hpd-os/dotnet/hpd-rag.framework/test/hpd-rag.handlers.tests/bin/debug/net9.0/hpd-rag.handlers.tests.dll" id="c9eb3517-c1c0-f76a-d2b3-8620bb4366f2">
      <Execution id="0d4b01b3-310e-472a-ada7-c79d75c0805f" />
      <TestMethod codeBase="/Users/ewoof/Desktop/HPD-OS/dotnet/HPD-RAG.Framework/test/HPD-RAG.Handlers.Tests/bin/Debug/net9.0/HPD-RAG.Handlers.Tests.dll" adapterTypeName="executor://xunit/VsTestRunner3/netcore/" className="HPD.RAG.Handlers.Tests.Ingestion.MarkdownReaderHandlerTests" name="ExecuteAsync_EmptyFilePaths_ReturnsEmptyDocuments" />
    </UnitTest>
    <UnitTest name="HPD.RAG.Handlers.Tests.Evaluation.WriteEvalResultHandlerTests.WriteEvalResultHandler_NoStoreRegistered_FallsBackToLogging" storage="/users/ewoof/desktop/hpd-os/dotnet/hpd-rag.framework/test/hpd-rag.handlers.tests/bin/debug/net9.0/hpd-rag.handlers.tests.dll" id="e0d314a9-5413-9f52-4c84-7f3cd7fc23a7">
      <Execution id="138189ea-4eec-492c-ad2e-d4a7289bd2a1" />
      <TestMethod codeBase="/Users/ewoof/Desktop/HPD-OS/dotnet/HPD-RAG.Framework/test/HPD-RAG.Handlers.Tests/bin/Debug/net9.0/HPD-RAG.Handlers.Tests.dll" adapterTypeName="executor://xunit/VsTestRunner3/netcore/" className="HPD.RAG.Handlers.Tests.Evaluation.WriteEvalResultHandlerTests" name="WriteEvalResultHandler_NoStoreRegistered_FallsBackToLogging" />
    </UnitTest>
    <UnitTest name="HPD.RAG.Handlers.Tests.Ingestion.MarkdownReaderHandlerTests.ExecuteAsync_Elements_ContainParagraphType" storage="/users/ewoof/desktop/hpd-os/dotnet/hpd-rag.framework/test/hpd-rag.handlers.tests/bin/debug/net9.0/hpd-rag.handlers.tests.dll" id="80d39a24-8f35-af24-ae0d-42de126594e3">
      <Execution id="1152f38a-0d5c-4266-b69c-cac6418a0d6c" />
      <TestMethod codeBase="/Users/ewoof/Desktop/HPD-OS/dotnet/HPD-RAG.Framework/test/HPD-RAG.Handlers.Tests/bin/Debug/net9.0/HPD-RAG.Handlers.Tests.dll" adapterTypeName="executor://xunit/VsTestRunner3/netcore/" className="HPD.RAG.Handlers.Tests.Ingestion.MarkdownReaderHandlerTests" name="ExecuteAsync_Elements_ContainParagraphType" />
    </UnitTest>
    <UnitTest name="HPD.RAG.Handlers.Tests.Ingestion.WriterHandlerTests.InMemoryWriter_NullRunTags_DoesNotThrow" storage="/users/ewoof/desktop/hpd-os/dotnet/hpd-rag.framework/test/hpd-rag.handlers.tests/bin/debug/net9.0/hpd-rag.handlers.tests.dll" id="90389a76-0526-466d-9f15-cb3dc000b35b">
      <Execution id="d9977ca8-2a73-45e5-9451-8dda494ac9cb" />
      <TestMethod codeBase="/Users/ewoof/Desktop/HPD-OS/dotnet/HPD-RAG.Framework/test/HPD-RAG.Handlers.Tests/bin/Debug/net9.0/HPD-RAG.Handlers.Tests.dll" adapterTypeName="executor://xunit/VsTestRunner3/netcore/" className="HPD.RAG.Handlers.Tests.Ingestion.WriterHandlerTests" name="InMemoryWriter_NullRunTags_DoesNotThrow" />
    </UnitTest>
    <UnitTest name="HPD.RAG.Handlers.Tests.Evaluation.LlmEvalHandlerTests.GroundednessEvalHandler_PassesGroundednessContext" storage="/users/ewoof/desktop/hpd-os/dotnet/hpd-rag.framework/test/hpd-rag.handlers.tests/bin/debug/net9.0/hpd-rag.handlers.tests.dll" id="0cb707b7-6383-b1a8-3a60-3b0106153a54">
      <Execution id="cc9cb0cc-f04e-4969-a8bd-7b81d9480bfe" />
      <TestMethod codeBase="/Users/ewoof/Desktop/HPD-OS/dotnet/HPD-RAG.Framework/test/HPD-RAG.Handlers.Tests/bin/Debug/net9.0/HPD-RAG.Handlers.Tests.dll" adapterTypeName="executor://xunit/VsTestRunner3/netcore/" className="HPD.RAG.Handlers.Tests.Evaluation.LlmEvalHandlerTests" name="GroundednessEvalHandler_PassesGroundednessContext" />
    </UnitTest>
    <UnitTest name="HPD.RAG.Handlers.Tests.Evaluation.PartitionKeyTests.FromTestSuite_EmptyInput_ProducesEmptyEnumerable" storage="/users/ewoof/desktop/hpd-os/dotnet/hpd-rag.framework/test/hpd-rag.handlers.tests/bin/debug/net9.0/hpd-rag.handlers.tests.dll" id="8361d999-9407-402c-48fd-1d8684f5ce06">
      <Execution id="a769c61c-4a2a-498a-8e24-b8e4a3ac5b73" />
      <TestMethod codeBase="/Users/ewoof/Desktop/HPD-OS/dotnet/HPD-RAG.Framework/test/HPD-RAG.Handlers.Tests/bin/Debug/net9.0/HPD-RAG.Handlers.Tests.dll" adapterTypeName="executor://xunit/VsTestRunner3/netcore/" className="HPD.RAG.Handlers.Tests.Evaluation.PartitionKeyTests" name="FromTestSuite_EmptyInput_ProducesEmptyEnumerable" />
    </UnitTest>
    <UnitTest name="HPD.RAG.Handlers.Tests.Retrieval.VectorSearchHandlerTests.VectorSearchHandler_WithFilter_CallsTranslatorAndPassesResult" storage="/users/ewoof/desktop/hpd-os/dotnet/hpd-rag.framework/test/hpd-rag.handlers.tests/bin/debug/net9.0/hpd-rag.handlers.tests.dll" id="37c1e123-daf4-f732-d732-e2eac12631fb">
      <Execution id="6623e380-dc9e-4ebd-ae49-37be2bec73fd" />
      <TestMethod codeBase="/Users/ewoof/Desktop/HPD-OS/dotnet/HPD-RAG.Framework/test/HPD-RAG.Handlers.Tests/bin/Debug/net9.0/HPD-RAG.Handlers.Tests.dll" adapterTypeName="executor://xunit/VsTestRunner3/netcore/" className="HPD.RAG.Handlers.Tests.Retrieval.VectorSearchHandlerTests" name="VectorSearchHandler_WithFilter_CallsTranslatorAndPassesResult" />
    </UnitTest>
    <UnitTest name="HPD.RAG.Handlers.Tests.Evaluation.PartitionKeyTests.PartitionKey_ToString_UsesSlashSeparator" storage="/users/ewoof/desktop/hpd-os/dotnet/hpd-rag.framework/test/hpd-rag.handlers.tests/bin/debug/net9.0/hpd-rag.handlers.tests.dll" id="c7e4f75b-4f9d-3f51-e42e-99f274c81ab4">
      <Execution id="3f1b2d14-74f7-4dc0-b9c6-5f38bd4d924e" />
      <TestMethod codeBase="/Users/ewoof/Desktop/HPD-OS/dotnet/HPD-RAG.Framework/test/HPD-RAG.Handlers.Tests/bin/Debug/net9.0/HPD-RAG.Handlers.Tests.dll" adapterTypeName="executor://xunit/VsTestRunner3/netcore/" className="HPD.RAG.Handlers.Tests.Evaluation.PartitionKeyTests" name="PartitionKey_ToString_UsesSlashSeparator" />
    </UnitTest>
    <UnitTest name="HPD.RAG.Handlers.Tests.Ingestion.MarkdownReaderHandlerTests.ExecuteAsync_ProducesAtLeastOneDocument" storage="/users/ewoof/desktop/hpd-os/dotnet/hpd-rag.framework/test/hpd-rag.handlers.tests/bin/debug/net9.0/hpd-rag.handlers.tests.dll" id="695810c1-6ee5-3bc1-5289-cd530197613f">
      <Execution id="aa608a60-df28-46ce-a2be-8cf4171cc79d" />
      <TestMethod codeBase="/Users/ewoof/Desktop/HPD-OS/dotnet/HPD-RAG.Framework/test/HPD-RAG.Handlers.Tests/bin/Debug/net9.0/HPD-RAG.Handlers.Tests.dll" adapterTypeName="executor://xunit/VsTestRunner3/netcore/" className="HPD.RAG.Handlers.Tests.Ingestion.MarkdownReaderHandlerTests" name="ExecuteAsync_ProducesAtLeastOneDocument" />
    </UnitTest>
    <UnitTest name="HPD.RAG.Handlers.Tests.Retrieval.MergeResultsHandlerTests.MergeResults_DeduplicatesByDocumentId" storage="/users/ewoof/desktop/hpd-os/dotnet/hpd-rag.framework/test/hpd-rag.handlers.tests/bin/debug/net9.0/hpd-rag.handlers.tests.dll" id="3ac2f072-0d35-720d-b360-b77573c742a3">
      <Execution id="a26247fe-51cd-4c76-a52a-8c8e685894e5" />
      <TestMethod codeBase="/Users/ewoof/Desktop/HPD-OS/dotnet/HPD-RAG.Framework/test/HPD-RAG.Handlers.Tests/bin/Debug/net9.0/HPD-RAG.Handlers.Tests.dll" adapterTypeName="executor://xunit/VsTestRunner3/netcore/" className="HPD.RAG.Handlers.Tests.Retrieval.MergeResultsHandlerTests" name="MergeResults_DeduplicatesByDocumentId" />
    </UnitTest>
    <UnitTest name="HPD.RAG.Handlers.Tests.Evaluation.LlmEvalHandlerTests.RelevanceEvalHandler_CallsEvaluatorWithCorrectSignature" storage="/users/ewoof/desktop/hpd-os/dotnet/hpd-rag.framework/test/hpd-rag.handlers.tests/bin/debug/net9.0/hpd-rag.handlers.tests.dll" id="857a1136-6be0-9fdd-962b-1d28216c9b6a">
      <Execution id="c27e8f0d-9e20-48ed-be0d-e13758f59d7f" />
      <TestMethod codeBase="/Users/ewoof/Desktop/HPD-OS/dotnet/HPD-RAG.Framework/test/HPD-RAG.Handlers.Tests/bin/Debug/net9.0/HPD-RAG.Handlers.Tests.dll" adapterTypeName="executor://xunit/VsTestRunner3/netcore/" className="HPD.RAG.Handlers.Tests.Evaluation.LlmEvalHandlerTests" name="RelevanceEvalHandler_CallsEvaluatorWithCorrectSignature" />
    </UnitTest>
    <UnitTest name="HPD.RAG.Handlers.Tests.Ingestion.EnricherHandlerTests.KeywordEnricher_AddsKeywordsMetadata" storage="/users/ewoof/desktop/hpd-os/dotnet/hpd-rag.framework/test/hpd-rag.handlers.tests/bin/debug/net9.0/hpd-rag.handlers.tests.dll" id="b8c505b0-7b4c-5c28-62b8-ff8f89f0f75c">
      <Execution id="a016db25-7952-437b-b8b0-20e8775c637c" />
      <TestMethod codeBase="/Users/ewoof/Desktop/HPD-OS/dotnet/HPD-RAG.Framework/test/HPD-RAG.Handlers.Tests/bin/Debug/net9.0/HPD-RAG.Handlers.Tests.dll" adapterTypeName="executor://xunit/VsTestRunner3/netcore/" className="HPD.RAG.Handlers.Tests.Ingestion.EnricherHandlerTests" name="KeywordEnricher_AddsKeywordsMetadata" />
    </UnitTest>
    <UnitTest name="HPD.RAG.Handlers.Tests.Ingestion.EnricherHandlerTests.KeywordEnricher_WhenChatClientThrows_PropagatesException" storage="/users/ewoof/desktop/hpd-os/dotnet/hpd-rag.framework/test/hpd-rag.handlers.tests/bin/debug/net9.0/hpd-rag.handlers.tests.dll" id="27ea125b-780d-0265-f5f1-5f41db9bcda4">
      <Execution id="77d3ba1a-9708-4cde-a748-26a3c1efe705" />
      <TestMethod codeBase="/Users/ewoof/Desktop/HPD-OS/dotnet/HPD-RAG.Framework/test/HPD-RAG.Handlers.Tests/bin/Debug/net9.0/HPD-RAG.Handlers.Tests.dll" adapterTypeName="executor://xunit/VsTestRunner3/netcore/" className="HPD.RAG.Handlers.Tests.Ingestion.EnricherHandlerTests" name="KeywordEnricher_WhenChatClientThrows_PropagatesException" />
    </UnitTest>
    <UnitTest name="HPD.RAG.Handlers.Tests.Retrieval.MergeResultsHandlerTests.MergeResults_ResultsSortedByScoreDescending" storage="/users/ewoof/desktop/hpd-os/dotnet/hpd-rag.framework/test/hpd-rag.handlers.tests/bin/debug/net9.0/hpd-rag.handlers.tests.dll" id="67562aa0-1109-d969-1514-d32010ff65f0">
      <Execution id="8b1bdd09-24aa-48a2-826a-a117c8853ea2" />
      <TestMethod codeBase="/Users/ewoof/Desktop/HPD-OS/dotnet/HPD-RAG.Framework/test/HPD-RAG.Handlers.Tests/bin/Debug/net9.0/HPD-RAG.Handlers.Tests.dll" adapterTypeName="executor://xunit/VsTestRunner3/netcore/" className="HPD.RAG.Handlers.Tests.Retrieval.MergeResultsHandlerTests" name="MergeResults_ResultsSortedByScoreDescending" />
    </UnitTest>
    <UnitTest name="HPD.RAG.Handlers.Tests.Ingestion.ChunkerHandlerTests.TokenChunker_ProducesNonEmptyChunks_ForNonEmptyDocument" storage="/users/ewoof/desktop/hpd-os/dotnet/hpd-rag.framework/test/hpd-rag.handlers.tests/bin/debug/net9.0/hpd-rag.handlers.tests.dll" id="d48012e8-d3d0-f033-1705-2e203cd2f649">
      <Execution id="ef73c022-7300-43b0-bc3f-bf1c1a43314d" />
      <TestMethod codeBase="/Users/ewoof/Desktop/HPD-OS/dotnet/HPD-RAG.Framework/test/HPD-RAG.Handlers.Tests/bin/Debug/net9.0/HPD-RAG.Handlers.Tests.dll" adapterTypeName="executor://xunit/VsTestRunner3/netcore/" className="HPD.RAG.Handlers.Tests.Ingestion.ChunkerHandlerTests" name="TokenChunker_ProducesNonEmptyChunks_ForNonEmptyDocument" />
    </UnitTest>
    <UnitTest name="HPD.RAG.Handlers.Tests.Ingestion.WriterHandlerTests.InMemoryWriter_MergesRunTagsIntoRecords" storage="/users/ewoof/desktop/hpd-os/dotnet/hpd-rag.framework/test/hpd-rag.handlers.tests/bin/debug/net9.0/hpd-rag.handlers.tests.dll" id="91e73ade-4142-6db9-0b3e-e74bcee26267">
      <Execution id="917b88a8-b8b6-4978-bddc-32f64317d3d2" />
      <TestMethod codeBase="/Users/ewoof/Desktop/HPD-OS/dotnet/HPD-RAG.Framework/test/HPD-RAG.Handlers.Tests/bin/Debug/net9.0/HPD-RAG.Handlers.Tests.dll" adapterTypeName="executor://xunit/VsTestRunner3/netcore/" className="HPD.RAG.Handlers.Tests.Ingestion.WriterHandlerTests" name="InMemoryWriter_MergesRunTagsIntoRecords" />
    </UnitTest>
    <UnitTest name="HPD.RAG.Handlers.Tests.Evaluation.LlmEvalHandlerTests.RelevanceEvalHandler_OutputsScoreAndReason" storage="/users/ewoof/desktop/hpd-os/dotnet/hpd-rag.framework/test/hpd-rag.handlers.tests/bin/debug/net9.0/hpd-rag.handlers.tests.dll" id="4f6ad6c0-b943-ffcf-98c4-7407c854191c">
      <Execution id="48c77b5d-151e-431e-a6f0-81f0a636d0c9" />
      <TestMethod codeBase="/Users/ewoof/Desktop/HPD-OS/dotnet/HPD-RAG.Framework/test/HPD-RAG.Handlers.Tests/bin/Debug/net9.0/HPD-RAG.Handlers.Tests.dll" adapterTypeName="executor://xunit/VsTestRunner3/netcore/" className="HPD.RAG.Handlers.Tests.Evaluation.LlmEvalHandlerTests" name="RelevanceEvalHandler_OutputsScoreAndReason" />
    </UnitTest>
    <UnitTest name="HPD.RAG.Handlers.Tests.Retrieval.VectorSearchHandlerTests.VectorSearchHandler_WithNoFilter_CallsSearchWithoutFilter" storage="/users/ewoof/desktop/hpd-os/dotnet/hpd-rag.framework/test/hpd-rag.handlers.tests/bin/debug/net9.0/hpd-rag.handlers.tests.dll" id="46318da5-af1c-72b1-3ec0-695d3e91821b">
      <Execution id="8d0c8d39-aef8-4164-9e3e-6830eb24a258" />
      <TestMethod codeBase="/Users/ewoof/Desktop/HPD-OS/dotnet/HPD-RAG.Framework/test/HPD-RAG.Handlers.Tests/bin/Debug/net9.0/HPD-RAG.Handlers.Tests.dll" adapterTypeName="executor://xunit/VsTestRunner3/netcore/" className="HPD.RAG.Handlers.Tests.Retrieval.VectorSearchHandlerTests" name="VectorSearchHandler_WithNoFilter_CallsSearchWithoutFilter" />
    </UnitTest>
    <UnitTest name="HPD.RAG.Handlers.Tests.Ingestion.WriterHandlerTests.InMemoryWriter_WritesChunks_AndReturnsWrittenCount" storage="/users/ewoof/desktop/hpd-os/dotnet/hpd-rag.framework/test/hpd-rag.handlers.tests/bin/debug/net9.0/hpd-rag.handlers.tests.dll" id="783c9ede-b041-81d6-8377-3ae85a8924d0">
      <Execution id="34f205e7-001a-414f-8730-fd1afd79b1a6" />
      <TestMethod codeBase="/Users/ewoof/Desktop/HPD-OS/dotnet/HPD-RAG.Framework/test/HPD-RAG.Handlers.Tests/bin/Debug/net9.0/HPD-RAG.Handlers.Tests.dll" adapterTypeName="executor://xunit/VsTestRunner3/netcore/" className="HPD.RAG.Handlers.Tests.Ingestion.WriterHandlerTests" name="InMemoryWriter_WritesChunks_AndReturnsWrittenCount" />
    </UnitTest>
    <UnitTest name="HPD.RAG.Handlers.Tests.Evaluation.LlmEvalHandlerTests.CompletenessEvalHandler_PassesCompletenessContext" storage="/users/ewoof/desktop/hpd-os/dotnet/hpd-rag.framework/test/hpd-rag.handlers.tests/bin/debug/net9.0/hpd-rag.handlers.tests.dll" id="6c0c64ed-9268-bac7-4051-d896daea9c08">
      <Execution id="271d9009-3bae-4f11-bfa1-4a250629e3fa" />
      <TestMethod codeBase="/Users/ewoof/Desktop/HPD-OS/dotnet/HPD-RAG.Framework/test/HPD-RAG.Handlers.Tests/bin/Debug/net9.0/HPD-RAG.Handlers.Tests.dll" adapterTypeName="executor://xunit/VsTestRunner3/netcore/" className="HPD.RAG.Handlers.Tests.Evaluation.LlmEvalHandlerTests" name="CompletenessEvalHandler_PassesCompletenessContext" />
    </UnitTest>
    <UnitTest name="HPD.RAG.Handlers.Tests.Retrieval.MergeResultsHandlerTests.MergeResults_EmptyResultSets_ReturnsEmpty" storage="/users/ewoof/desktop/hpd-os/dotnet/hpd-rag.framework/test/hpd-rag.handlers.tests/bin/debug/net9.0/hpd-rag.handlers.tests.dll" id="015c300c-1fa6-4237-62f9-26660a6c817c">
      <Execution id="4ec5c22c-ef4b-4e1f-8c4d-33304724d27d" />
      <TestMethod codeBase="/Users/ewoof/Desktop/HPD-OS/dotnet/HPD-RAG.Framework/test/HPD-RAG.Handlers.Tests/bin/Debug/net9.0/HPD-RAG.Handlers.Tests.dll" adapterTypeName="executor://xunit/VsTestRunner3/netcore/" className="HPD.RAG.Handlers.Tests.Retrieval.MergeResultsHandlerTests" name="MergeResults_EmptyResultSets_ReturnsEmpty" />
    </UnitTest>
    <UnitTest name="HPD.RAG.Handlers.Tests.Evaluation.BLEUEvalHandlerTests.BLEUEvalHandler_EmptyHypothesis_ReturnsZero" storage="/users/ewoof/desktop/hpd-os/dotnet/hpd-rag.framework/test/hpd-rag.handlers.tests/bin/debug/net9.0/hpd-rag.handlers.tests.dll" id="9f930bc3-2f20-4b36-0c37-aceb3844b3b9">
      <Execution id="57e4b140-ef62-45ee-8085-2466dcecea60" />
      <TestMethod codeBase="/Users/ewoof/Desktop/HPD-OS/dotnet/HPD-RAG.Framework/test/HPD-RAG.Handlers.Tests/bin/Debug/net9.0/HPD-RAG.Handlers.Tests.dll" adapterTypeName="executor://xunit/VsTestRunner3/netcore/" className="HPD.RAG.Handlers.Tests.Evaluation.BLEUEvalHandlerTests" name="BLEUEvalHandler_EmptyHypothesis_ReturnsZero" />
    </UnitTest>
    <UnitTest name="HPD.RAG.Handlers.Tests.Ingestion.WriterHandlerTests.InMemoryWriter_IncrementalIngestion_SecondRunDoesNotThrow" storage="/users/ewoof/desktop/hpd-os/dotnet/hpd-rag.framework/test/hpd-rag.handlers.tests/bin/debug/net9.0/hpd-rag.handlers.tests.dll" id="8fd1dee3-1aee-308a-3eef-9e85c4eae3cf">
      <Execution id="1d6ddf7f-54e8-49f1-a210-b8bc8f40d62d" />
      <TestMethod codeBase="/Users/ewoof/Desktop/HPD-OS/dotnet/HPD-RAG.Framework/test/HPD-RAG.Handlers.Tests/bin/Debug/net9.0/HPD-RAG.Handlers.Tests.dll" adapterTypeName="executor://xunit/VsTestRunner3/netcore/" className="HPD.RAG.Handlers.Tests.Ingestion.WriterHandlerTests" name="InMemoryWriter_IncrementalIngestion_SecondRunDoesNotThrow" />
    </UnitTest>
    <UnitTest name="HPD.RAG.Handlers.Tests.Ingestion.MarkdownReaderHandlerTests.ExecuteAsync_DocumentId_IsFilePath" storage="/users/ewoof/desktop/hpd-os/dotnet/hpd-rag.framework/test/hpd-rag.handlers.tests/bin/debug/net9.0/hpd-rag.handlers.tests.dll" id="9b81da94-6145-8833-2ab5-d7a508259bf4">
      <Execution id="b411a4ea-027c-4123-a28a-9d31bfdb5394" />
      <TestMethod codeBase="/Users/ewoof/Desktop/HPD-OS/dotnet/HPD-RAG.Framework/test/HPD-RAG.Handlers.Tests/bin/Debug/net9.0/HPD-RAG.Handlers.Tests.dll" adapterTypeName="executor://xunit/VsTestRunner3/netcore/" className="HPD.RAG.Handlers.Tests.Ingestion.MarkdownReaderHandlerTests" name="ExecuteAsync_DocumentId_IsFilePath" />
    </UnitTest>
    <UnitTest name="HPD.RAG.Handlers.Tests.Ingestion.MarkdownReaderHandlerTests.ExecuteAsync_Headers_ProduceHeaderElement_WithLevel2" storage="/users/ewoof/desktop/hpd-os/dotnet/hpd-rag.framework/test/hpd-rag.handlers.tests/bin/debug/net9.0/hpd-rag.handlers.tests.dll" id="61908948-3119-901e-216f-2b2b9516583a">
      <Execution id="a3ac3ff3-76a9-4ed9-87e8-a5fadb51779b" />
      <TestMethod codeBase="/Users/ewoof/Desktop/HPD-OS/dotnet/HPD-RAG.Framework/test/HPD-RAG.Handlers.Tests/bin/Debug/net9.0/HPD-RAG.Handlers.Tests.dll" adapterTypeName="executor://xunit/VsTestRunner3/netcore/" className="HPD.RAG.Handlers.Tests.Ingestion.MarkdownReaderHandlerTests" name="ExecuteAsync_Headers_ProduceHeaderElement_WithLevel2" />
    </UnitTest>
    <UnitTest name="HPD.RAG.Handlers.Tests.Evaluation.BLEUEvalHandlerTests.BLEUEvalHandler_DoesNotCallChatClient" storage="/users/ewoof/desktop/hpd-os/dotnet/hpd-rag.framework/test/hpd-rag.handlers.tests/bin/debug/net9.0/hpd-rag.handlers.tests.dll" id="ac774961-c0db-bc59-5b2a-fe54bb87172c">
      <Execution id="6eafda26-b1c9-4bef-926b-c879fd2b7b1e" />
      <TestMethod codeBase="/Users/ewoof/Desktop/HPD-OS/dotnet/HPD-RAG.Framework/test/HPD-RAG.Handlers.Tests/bin/Debug/net9.0/HPD-RAG.Handlers.Tests.dll" adapterTypeName="executor://xunit/VsTestRunner3/netcore/" className="HPD.RAG.Handlers.Tests.Evaluation.BLEUEvalHandlerTests" name="BLEUEvalHandler_DoesNotCallChatClient" />
    </UnitTest>
    <UnitTest name="HPD.RAG.Handlers.Tests.Evaluation.WriteEvalResultHandlerTests.WriteEvalResultHandler_StoresMetrics_ViaMockStore" storage="/users/ewoof/desktop/hpd-os/dotnet/hpd-rag.framework/test/hpd-rag.handlers.tests/bin/debug/net9.0/hpd-rag.handlers.tests.dll" id="ae107458-b523-ec4a-1b2b-f11bad7e83e4">
      <Execution id="7369d0bf-3318-44af-8e5a-23109990360e" />
      <TestMethod codeBase="/Users/ewoof/Desktop/HPD-OS/dotnet/HPD-RAG.Framework/test/HPD-RAG.Handlers.Tests/bin/Debug/net9.0/HPD-RAG.Handlers.Tests.dll" adapterTypeName="executor://xunit/VsTestRunner3/netcore/" className="HPD.RAG.Handlers.Tests.Evaluation.WriteEvalResultHandlerTests" name="WriteEvalResultHandler_StoresMetrics_ViaMockStore" />
    </UnitTest>
    <UnitTest name="HPD.RAG.Handlers.Tests.Ingestion.ChunkerHandlerTests.HeaderChunker_ChunksDoNotExceedMaxTokens" storage="/users/ewoof/desktop/hpd-os/dotnet/hpd-rag.framework/test/hpd-rag.handlers.tests/bin/debug/net9.0/hpd-rag.handlers.tests.dll" id="dd5497a5-1f75-1b20-3b00-99ad1a0a6323">
      <Execution id="91a640e4-453c-497c-bd45-9fba43b17c60" />
      <TestMethod codeBase="/Users/ewoof/Desktop/HPD-OS/dotnet/HPD-RAG.Framework/test/HPD-RAG.Handlers.Tests/bin/Debug/net9.0/HPD-RAG.Handlers.Tests.dll" adapterTypeName="executor://xunit/VsTestRunner3/netcore/" className="HPD.RAG.Handlers.Tests.Ingestion.ChunkerHandlerTests" name="HeaderChunker_ChunksDoNotExceedMaxTokens" />
    </UnitTest>
    <UnitTest name="HPD.RAG.Handlers.Tests.Evaluation.PartitionKeyTests.FromTestSuite_ProducesCorrectPartitionKeys" storage="/users/ewoof/desktop/hpd-os/dotnet/hpd-rag.framework/test/hpd-rag.handlers.tests/bin/debug/net9.0/hpd-rag.handlers.tests.dll" id="87a95342-c615-bbbc-9441-8cfc54b7b9af">
      <Execution id="a4218fe9-41b6-43bd-b209-f8f571a26242" />
      <TestMethod codeBase="/Users/ewoof/Desktop/HPD-OS/dotnet/HPD-RAG.Framework/test/HPD-RAG.Handlers.Tests/bin/Debug/net9.0/HPD-RAG.Handlers.Tests.dll" adapterTypeName="executor://xunit/VsTestRunner3/netcore/" className="HPD.RAG.Handlers.Tests.Evaluation.PartitionKeyTests" name="FromTestSuite_ProducesCorrectPartitionKeys" />
    </UnitTest>
    <UnitTest name="HPD.RAG.Handlers.Tests.Evaluation.BLEUEvalHandlerTests.BLEUEvalHandler_ReturnsScoreBetween0And1" storage="/users/ewoof/desktop/hpd-os/dotnet/hpd-rag.framework/test/hpd-rag.handlers.tests/bin/debug/net9.0/hpd-rag.handlers.tests.dll" id="b92e96a7-8b3a-d855-5493-d400a5129213">
      <Execution id="8b8fe632-8561-4a18-a8b0-688ad11afbdb" />
      <TestMethod codeBase="/Users/ewoof/Desktop/HPD-OS/dotnet/HPD-RAG.Framework/test/HPD-RAG.Handlers.Tests/bin/Debug/net9.0/HPD-RAG.Handlers.Tests.dll" adapterTypeName="executor://xunit/VsTestRunner3/netcore/" className="HPD.RAG.Handlers.Tests.Evaluation.BLEUEvalHandlerTests" name="BLEUEvalHandler_ReturnsScoreBetween0And1" />
    </UnitTest>
    <UnitTest name="HPD.RAG.Handlers.Tests.Evaluation.PartitionKeyTests.PartitionKey_Equals_SameSegments_ReturnsTrue" storage="/users/ewoof/desktop/hpd-os/dotnet/hpd-rag.framework/test/hpd-rag.handlers.tests/bin/debug/net9.0/hpd-rag.handlers.tests.dll" id="b8438cc2-5f24-2f0f-f72f-ff9173d934f5">
      <Execution id="f6c6d246-94c7-43af-9a5e-102d6f0e3bb3" />
      <TestMethod codeBase="/Users/ewoof/Desktop/HPD-OS/dotnet/HPD-RAG.Framework/test/HPD-RAG.Handlers.Tests/bin/Debug/net9.0/HPD-RAG.Handlers.Tests.dll" adapterTypeName="executor://xunit/VsTestRunner3/netcore/" className="HPD.RAG.Handlers.Tests.Evaluation.PartitionKeyTests" name="PartitionKey_Equals_SameSegments_ReturnsTrue" />
    </UnitTest>
  </TestDefinitions>
  <TestEntries>
    <TestEntry testId="e0d314a9-5413-9f52-4c84-7f3cd7fc23a7" executionId="138189ea-4eec-492c-ad2e-d4a7289bd2a1" testListId="8c84fa94-04c1-424b-9868-57a2d4851a1d" />
    <TestEntry testId="64e81d4e-5727-659d-de3d-ac05341f252e" executionId="22492ad6-c800-46b5-9f48-61ee009d5261" testListId="8c84fa94-04c1-424b-9868-57a2d4851a1d" />
    <TestEntry testId="87a95342-c615-bbbc-9441-8cfc54b7b9af" executionId="a4218fe9-41b6-43bd-b209-f8f571a26242" testListId="8c84fa94-04c1-424b-9868-57a2d4851a1d" />
    <TestEntry testId="a739b27d-1d17-218e-09a2-0953a1bef287" executionId="78140d9c-e0d4-4d3a-a4f8-5d167b0d8929" testListId="8c84fa94-04c1-424b-9868-57a2d4851a1d" />
    <TestEntry testId="91e73ade-4142-6db9-0b3e-e74bcee26267" executionId="917b88a8-b8b6-4978-bddc-32f64317d3d2" testListId="8c84fa94-04c1-424b-9868-57a2d4851a1d" />
    <TestEntry testId="857a1136-6be0-9fdd-962b-1d28216c9b6a" executionId="c27e8f0d-9e20-48ed-be0d-e13758f59d7f" testListId="8c84fa94-04c1-424b-9868-57a2d4851a1d" />
    <TestEntry testId="4f6ad6c0-b943-ffcf-98c4-7407c854191c" executionId="48c77b5d-151e-431e-a6f0-81f0a636d0c9" testListId="8c84fa94-04c1-424b-9868-57a2d4851a1d" />
    <TestEntry testId="c9eb3517-c1c0-f76a-d2b3-8620bb4366f2" executionId="0d4b01b3-310e-472a-ada7-c79d75c0805f" testListId="8c84fa94-04c1-424b-9868-57a2d4851a1d" />
    <TestEntry testId="208ab49f-39d4-5da9-493f-2b6e57872c7b" executionId="f695e63b-cc5d-4398-924d-b9e5c125d041" testListId="8c84fa94-04c1-424b-9868-57a2d4851a1d" />
    <TestEntry testId="7b888e67-6c1e-8ee3-1064-ee3df357b3d8" executionId="7e9afff1-6209-4d2e-a10f-43e0026d2721" testListId="8c84fa94-04c1-424b-9868-57a2d4851a1d" />
    <TestEntry testId="015c300c-1fa6-4237-62f9-26660a6c817c" executionId="4ec5c22c-ef4b-4e1f-8c4d-33304724d27d" testListId="8c84fa94-04c1-424b-9868-57a2d4851a1d" />
    <TestEntry testId="dd5497a5-1f75-1b20-3b00-99ad1a0a6323" executionId="91a640e4-453c-497c-bd45-9fba43b17c60" testListId="8c84fa94-04c1-424b-9868-57a2d4851a1d" />
    <TestEntry testId="9b81da94-6145-8833-2ab5-d7a508259bf4" executionId="b411a4ea-027c-4123-a28a-9d31bfdb5394" testListId="8c84fa94-04c1-424b-9868-57a2d4851a1d" />
    <TestEntry testId="8361d999-9407-402c-48fd-1d8684f5ce06" executionId="a769c61c-4a2a-498a-8e24-b8e4a3ac5b73" testListId="8c84fa94-04c1-424b-9868-57a2d4851a1d" />
    <TestEntry testId="b8438cc2-5f24-2f0f-f72f-ff9173d934f5" executionId="f6c6d246-94c7-43af-9a5e-102d6f0e3bb3" testListId="8c84fa94-04c1-424b-9868-57a2d4851a1d" />
    <TestEntry testId="80d39a24-8f35-af24-ae0d-42de126594e3" executionId="1152f38a-0d5c-4266-b69c-cac6418a0d6c" testListId="8c84fa94-04c1-424b-9868-57a2d4851a1d" />
    <TestEntry testId="90389a76-0526-466d-9f15-cb3dc000b35b" executionId="d9977ca8-2a73-45e5-9451-8dda494ac9cb" testListId="8c84fa94-04c1-424b-9868-57a2d4851a1d" />
    <TestEntry testId="e2d4aec2-b400-62c2-bf82-6584530736fa" executionId="1c3bb40b-a513-434d-8b94-addd786e1b43" testListId="8c84fa94-04c1-424b-9868-57a2d4851a1d" />
    <TestEntry testId="b8c505b0-7b4c-5c28-62b8-ff8f89f0f75c" executionId="a016db25-7952-437b-b8b0-20e8775c637c" testListId="8c84fa94-04c1-424b-9868-57a2d4851a1d" />
    <TestEntry testId="0cb707b7-6383-b1a8-3a60-3b0106153a54" executionId="cc9cb0cc-f04e-4969-a8bd-7b81d9480bfe" testListId="8c84fa94-04c1-424b-9868-57a2d4851a1d" />
    <TestEntry testId="ac774961-c0db-bc59-5b2a-fe54bb87172c" executionId="6eafda26-b1c9-4bef-926b-c879fd2b7b1e" testListId="8c84fa94-04c1-424b-9868-57a2d4851a1d" />
    <TestEntry testId="b92e96a7-8b3a-d855-5493-d400a5129213" executionId="8b8fe632-8561-4a18-a8b0-688ad11afbdb" testListId="8c84fa94-04c1-424b-9868-57a2d4851a1d" />
    <TestEntry testId="6c0c64ed-9268-bac7-4051-d896daea9c08" executionId="271d9009-3bae-4f11-bfa1-4a250629e3fa" testListId="8c84fa94-04c1-424b-9868-57a2d4851a1d" />
    <TestEntry testId="46318da5-af1c-72b1-3ec0-695d3e91821b" executionId="8d0c8d39-aef8-4164-9e3e-6830eb24a258" testListId="8c84fa94-04c1-424b-9868-57a2d4851a1d" />
    <TestEntry testId="ae107458-b523-ec4a-1b2b-f11bad7e83e4" executionId="7369d0bf-3318-44af-8e5a-23109990360e" testListId="8c84fa94-04c1-424b-9868-57a2d4851a1d" />
    <TestEntry testId="695810c1-6ee5-3bc1-5289-cd530197613f" executionId="aa608a60-df28-46ce-a2be-8cf4171cc79d" testListId="8c84fa94-04c1-424b-9868-57a2d4851a1d" />
    <TestEntry testId="c39598cf-71de-3a82-5740-8c4edce28ec6" executionId="feb71cc3-227c-430a-bca9-d969c9fbc87b" testListId="8c84fa94-04c1-424b-9868-57a2d4851a1d" />
    <TestEntry testId="27ea125b-780d-0265-f5f1-5f41db9bcda4" executionId="77d3ba1a-9708-4cde-a748-26a3c1efe705" testListId="8c84fa94-04c1-424b-9868-57a2d4851a1d" />
    <TestEntry testId="c7e4f75b-4f9d-3f51-e42e-99f274c81ab4" executionId="3f1b2d14-74f7-4dc0-b9c6-5f38bd4d924e" testListId="8c84fa94-04c1-424b-9868-57a2d4851a1d" />
    <TestEntry testId="61908948-3119-901e-216f-2b2b9516583a" executionId="a3ac3ff3-76a9-4ed9-87e8-a5fadb51779b" testListId="8c84fa94-04c1-424b-9868-57a2d4851a1d" />
    <TestEntry testId="3ac2f072-0d35-720d-b360-b77573c742a3" executionId="a26247fe-51cd-4c76-a52a-8c8e685894e5" testListId="8c84fa94-04c1-424b-9868-57a2d4851a1d" />
    <TestEntry testId="783c9ede-b041-81d6-8377-3ae85a8924d0" executionId="34f205e7-001a-414f-8730-fd1afd79b1a6" testListId="8c84fa94-04c1-424b-9868-57a2d4851a1d" />
    <TestEntry testId="67562aa0-1109-d969-1514-d32010ff65f0" executionId="8b1bdd09-24aa-48a2-826a-a117c8853ea2" testListId="8c84fa94-04c1-424b-9868-57a2d4851a1d" />
    <TestEntry testId="8fd1dee3-1aee-308a-3eef-9e85c4eae3cf" executionId="1d6ddf7f-54e8-49f1-a210-b8bc8f40d62d" testListId="8c84fa94-04c1-424b-9868-57a2d4851a1d" />
    <TestEntry testId="37c1e123-daf4-f732-d732-e2eac12631fb" executionId="6623e380-dc9e-4ebd-ae49-37be2bec73fd" testListId="8c84fa94-04c1-424b-9868-57a2d4851a1d" />
    <TestEntry testId="d48012e8-d3d0-f033-1705-2e203cd2f649" executionId="ef73c022-7300-43b0-bc3f-bf1c1a43314d" testListId="8c84fa94-04c1-424b-9868-57a2d4851a1d" />
    <TestEntry testId="9f930bc3-2f20-4b36-0c37-aceb3844b3b9" executionId="57e4b140-ef62-45ee-8085-2466dcecea60" testListId="8c84fa94-04c1-424b-9868-57a2d4851a1d" />
  </TestEntries>
  <TestLists>
    <TestList name="Results Not in a List" id="8c84fa94-04c1-424b-9868-57a2d4851a1d" />
    <TestList name="All Loaded Results" id="19431567-8539-422a-85d7-44ee4e166bda" />
  </TestLists>
  <ResultSummary outcome="Completed">
    <Counters total="37" executed="37" passed="37" failed="0" error="0" timeout="0" aborted="0" inconclusive="0" passedButRunAborted="0" notRunnable="0" notExecuted="0" disconnected="0" warning="0" completed="0" inProgress="0" pending="0" />
    <Output>
      <StdOut>[xUnit.net 00:00:00.00] xUnit.net VSTest Adapter v3.1.5+1b188a7b0a (64-bit .NET 9.0.15)
[xUnit.net 00:00:00.06]   Discovering: HPD-RAG.Handlers.Tests
[xUnit.net 00:00:00.08]   Discovered:  HPD-RAG.Handlers.Tests
[xUnit.net 00:00:00.09]   Starting:    HPD-RAG.Handlers.Tests
[xUnit.net 00:00:00.16]   Finished:    HPD-RAG.Handlers.Tests
</StdOut>
    </Output>
  </ResultSummary>
</TestRun>