<?xml version="1.0" encoding="utf-8"?>
<TestRun id="024c134a-59e4-4451-8afb-639a43773655" name="@Einsteins-MacBook-Air 2026-06-30 12:26:36" xmlns="http://microsoft.com/schemas/VisualStudio/TeamTest/2010">
  <Times creation="2026-06-30T12:26:36.1726500-05:00" queuing="2026-06-30T12:26:36.1726500-05:00" start="2026-06-30T12:26:35.8658080-05:00" finish="2026-06-30T12:26:36.2170890-05:00" />
  <TestSettings name="default" id="3153f7eb-4f91-4791-ac72-9dbb8130eb33">
    <Deployment runDeploymentRoot="_Einsteins-MacBook-Air_2026-06-30_12_26_36" />
  </TestSettings>
  <Results>
    <UnitTestResult executionId="1d015f1d-7a9b-49f6-be4e-4b4984b4257e" testId="33e6784d-04b5-70ee-b5af-7a26301c9731" testName="HPD.ML.Serialization.Zip.Tests.ZipFormatTests.SupportsContent_AllFlags(content: All)" computerName="Einsteins-MacBook-Air" duration="00:00:00.0000606" startTime="2026-06-30T12:26:36.1509860-05:00" endTime="2026-06-30T12:26:36.1510160-05:00" testType="13cdc9d9-ddb5-4fa4-a97d-d965ccfc6d4b" outcome="Passed" testListId="8c84fa94-04c1-424b-9868-57a2d4851a1d" relativeResultsDirectory="1d015f1d-7a9b-49f6-be4e-4b4984b4257e" />
    <UnitTestResult executionId="42b11b38-92e5-4e65-8429-1cf4970f851b" testId="845f58d9-76d7-75d6-46cd-4c0f3994f69e" testName="HPD.ML.Serialization.Zip.Tests.ZipFormatTests.SupportsContent_AllFlags(content: PipelineTopology)" computerName="Einsteins-MacBook-Air" duration="00:00:00.0000006" startTime="2026-06-30T12:26:36.1512470-05:00" endTime="2026-06-30T12:26:36.1512690-05:00" testType="13cdc9d9-ddb5-4fa4-a97d-d965ccfc6d4b" outcome="Passed" testListId="8c84fa94-04c1-424b-9868-57a2d4851a1d" relativeResultsDirectory="42b11b38-92e5-4e65-8429-1cf4970f851b" />
    <UnitTestResult executionId="50b5b7fa-99cc-4a60-863f-9d0544d738b7" testId="937af836-3908-2c61-0d81-f91d563f9265" testName="HPD.ML.Serialization.Zip.Tests.ParameterWriterRegistryTests.GetWriterByTypeName_Works" computerName="Einsteins-MacBook-Air" duration="00:00:00.0002245" startTime="2026-06-30T12:26:36.1612910-05:00" endTime="2026-06-30T12:26:36.1613110-05:00" testType="13cdc9d9-ddb5-4fa4-a97d-d965ccfc6d4b" outcome="Passed" testListId="8c84fa94-04c1-424b-9868-57a2d4851a1d" relativeResultsDirectory="50b5b7fa-99cc-4a60-863f-9d0544d738b7" />
    <UnitTestResult executionId="44c748db-12e8-49c6-8a6d-483b6b4647a2" testId="4c085c84-e0a9-b438-ba70-87e5730785e2" testName="HPD.ML.Serialization.Zip.Tests.ZipSerializerTests.Save_InferenceState_ManifestHasFlag" computerName="Einsteins-MacBook-Air" duration="00:00:00.0033378" startTime="2026-06-30T12:26:36.1785600-05:00" endTime="2026-06-30T12:26:36.1818880-05:00" testType="13cdc9d9-ddb5-4fa4-a97d-d965ccfc6d4b" outcome="Passed" testListId="8c84fa94-04c1-424b-9868-57a2d4851a1d" relativeResultsDirectory="44c748db-12e8-49c6-8a6d-483b6b4647a2" />
    <UnitTestResult executionId="cf6d85a7-6a56-4a80-8681-d00d9e24743e" testId="a6f44750-cd1e-ee37-f86e-c74c907f516c" testName="HPD.ML.Serialization.Zip.Tests.ZipSerializerTests.SaveAndLoad_TopologyOnly_ReturnsEmptyParams" computerName="Einsteins-MacBook-Air" duration="00:00:00.0021004" startTime="2026-06-30T12:26:36.1738620-05:00" endTime="2026-06-30T12:26:36.1751980-05:00" testType="13cdc9d9-ddb5-4fa4-a97d-d965ccfc6d4b" outcome="Passed" testListId="8c84fa94-04c1-424b-9868-57a2d4851a1d" relativeResultsDirectory="cf6d85a7-6a56-4a80-8681-d00d9e24743e" />
    <UnitTestResult executionId="95fb4a5e-bcc3-44d1-b7f6-9c8f55e40ee4" testId="601eade7-4552-8914-e900-55f88d0f55a9" testName="HPD.ML.Serialization.Zip.Tests.ZipSerializerTests.Save_ParametersOnly_NoTopologyEntries" computerName="Einsteins-MacBook-Air" duration="00:00:00.0001735" startTime="2026-06-30T12:26:36.1780200-05:00" endTime="2026-06-30T12:26:36.1781680-05:00" testType="13cdc9d9-ddb5-4fa4-a97d-d965ccfc6d4b" outcome="Passed" testListId="8c84fa94-04c1-424b-9868-57a2d4851a1d" relativeResultsDirectory="95fb4a5e-bcc3-44d1-b7f6-9c8f55e40ee4" />
    <UnitTestResult executionId="cd70f3d1-e0a3-43a1-ba99-6d52bd74f8d8" testId="6c20cc1b-2519-67eb-c101-977d8fd580e9" testName="HPD.ML.Serialization.Zip.Tests.ZipFormatTests.SupportsContent_AllFlags(content: InferenceState)" computerName="Einsteins-MacBook-Air" duration="00:00:00.0000013" startTime="2026-06-30T12:26:36.1511920-05:00" endTime="2026-06-30T12:26:36.1512110-05:00" testType="13cdc9d9-ddb5-4fa4-a97d-d965ccfc6d4b" outcome="Passed" testListId="8c84fa94-04c1-424b-9868-57a2d4851a1d" relativeResultsDirectory="cd70f3d1-e0a3-43a1-ba99-6d52bd74f8d8" />
    <UnitTestResult executionId="704be066-5da5-49d7-85c9-03d3dbeb0c1b" testId="8ff6c253-f32a-b021-0cfc-855782896260" testName="HPD.ML.Serialization.Zip.Tests.ZipSerializerTests.Load_WrongFormat_Throws" computerName="Einsteins-MacBook-Air" duration="00:00:00.0002718" startTime="2026-06-30T12:26:36.1968120-05:00" endTime="2026-06-30T12:26:36.1970590-05:00" testType="13cdc9d9-ddb5-4fa4-a97d-d965ccfc6d4b" outcome="Passed" testListId="8c84fa94-04c1-424b-9868-57a2d4851a1d" relativeResultsDirectory="704be066-5da5-49d7-85c9-03d3dbeb0c1b" />
    <UnitTestResult executionId="52bee72a-5252-406e-9bd5-915f24e582ff" testId="3581b8f7-8e42-ba7c-646b-c855fed6e5a7" testName="HPD.ML.Serialization.Zip.Tests.ZipSerializerTests.Save_WithoutInferenceState_NoStateEntry" computerName="Einsteins-MacBook-Air" duration="00:00:00.0003905" startTime="2026-06-30T12:26:36.1902370-05:00" endTime="2026-06-30T12:26:36.1902950-05:00" testType="13cdc9d9-ddb5-4fa4-a97d-d965ccfc6d4b" outcome="Passed" testListId="8c84fa94-04c1-424b-9868-57a2d4851a1d" relativeResultsDirectory="52bee72a-5252-406e-9bd5-915f24e582ff" />
    <UnitTestResult executionId="a7861ea9-26c8-4da8-8ac5-d89427b3bb91" testId="f8ddb621-4c1c-1e5e-560c-d19183e90247" testName="HPD.ML.Serialization.Zip.Tests.ManifestTests.InitProperties_SetCorrectly" computerName="Einsteins-MacBook-Air" duration="00:00:00.0023828" startTime="2026-06-30T12:26:36.1618720-05:00" endTime="2026-06-30T12:26:36.1618940-05:00" testType="13cdc9d9-ddb5-4fa4-a97d-d965ccfc6d4b" outcome="Passed" testListId="8c84fa94-04c1-424b-9868-57a2d4851a1d" relativeResultsDirectory="a7861ea9-26c8-4da8-8ac5-d89427b3bb91" />
    <UnitTestResult executionId="14f5886b-d17b-47bd-852f-f592f55d1ef9" testId="c84f374f-d64e-77e3-33fb-9a093f26cccb" testName="HPD.ML.Serialization.Zip.Tests.ZipSerializerTests.SaveAndLoad_FormatIdPreserved" computerName="Einsteins-MacBook-Air" duration="00:00:00.0003363" startTime="2026-06-30T12:26:36.1782100-05:00" endTime="2026-06-30T12:26:36.1785190-05:00" testType="13cdc9d9-ddb5-4fa4-a97d-d965ccfc6d4b" outcome="Passed" testListId="8c84fa94-04c1-424b-9868-57a2d4851a1d" relativeResultsDirectory="14f5886b-d17b-47bd-852f-f592f55d1ef9" />
    <UnitTestResult executionId="dc58e714-46cd-4598-b813-632c7ea734c1" testId="fbebe6db-17db-bc18-0399-227e7840fa58" testName="HPD.ML.Serialization.Zip.Tests.ZipFormatTests.SupportsContent_AllFlags(content: LearnedParameters)" computerName="Einsteins-MacBook-Air" duration="00:00:00.0022461" startTime="2026-06-30T12:26:36.1423530-05:00" endTime="2026-06-30T12:26:36.1468770-05:00" testType="13cdc9d9-ddb5-4fa4-a97d-d965ccfc6d4b" outcome="Passed" testListId="8c84fa94-04c1-424b-9868-57a2d4851a1d" relativeResultsDirectory="dc58e714-46cd-4598-b813-632c7ea734c1" />
    <UnitTestResult executionId="0ed86012-f0ac-47a6-ab79-f31b0c1cd265" testId="587f5fd4-0325-936d-f010-12301678a2f3" testName="HPD.ML.Serialization.Zip.Tests.ZipSerializerTests.Save_NoWriter_UsesJsonFallback" computerName="Einsteins-MacBook-Air" duration="00:00:00.0008943" startTime="2026-06-30T12:26:36.1756560-05:00" endTime="2026-06-30T12:26:36.1765080-05:00" testType="13cdc9d9-ddb5-4fa4-a97d-d965ccfc6d4b" outcome="Passed" testListId="8c84fa94-04c1-424b-9868-57a2d4851a1d" relativeResultsDirectory="0ed86012-f0ac-47a6-ab79-f31b0c1cd265" />
    <UnitTestResult executionId="9f23d357-34ff-485f-a040-f2db879fc346" testId="42aef03f-f56d-9a25-9c70-fc03fed07739" testName="HPD.ML.Serialization.Zip.Tests.ZipSerializerTests.Save_AllContent_ContainsExpectedEntries" computerName="Einsteins-MacBook-Air" duration="00:00:00.0003803" startTime="2026-06-30T12:26:36.1752650-05:00" endTime="2026-06-30T12:26:36.1756050-05:00" testType="13cdc9d9-ddb5-4fa4-a97d-d965ccfc6d4b" outcome="Passed" testListId="8c84fa94-04c1-424b-9868-57a2d4851a1d" relativeResultsDirectory="9f23d357-34ff-485f-a040-f2db879fc346" />
    <UnitTestResult executionId="e2db0bec-c5f0-4a77-bd5d-061af79e6700" testId="4bb78107-ec0e-4b5b-733d-048da288a700" testName="HPD.ML.Serialization.Zip.Tests.ZipSerializerTests.SaveAndLoad_NeuralNetworkParameters_RoundTripsWithoutExplicitRegistration" computerName="Einsteins-MacBook-Air" duration="00:00:00.0073572" startTime="2026-06-30T12:26:36.1825110-05:00" endTime="2026-06-30T12:26:36.1898740-05:00" testType="13cdc9d9-ddb5-4fa4-a97d-d965ccfc6d4b" outcome="Passed" testListId="8c84fa94-04c1-424b-9868-57a2d4851a1d" relativeResultsDirectory="e2db0bec-c5f0-4a77-bd5d-061af79e6700" />
    <UnitTestResult executionId="d4b5860f-3657-409d-af06-251f26e3ea24" testId="13f9805c-6c94-b1fb-7d4d-298308401638" testName="HPD.ML.Serialization.Zip.Tests.ZipFormatTests.FormatId_ReturnsExpected" computerName="Einsteins-MacBook-Air" duration="00:00:00.0000321" startTime="2026-06-30T12:26:36.1610710-05:00" endTime="2026-06-30T12:26:36.1612420-05:00" testType="13cdc9d9-ddb5-4fa4-a97d-d965ccfc6d4b" outcome="Passed" testListId="8c84fa94-04c1-424b-9868-57a2d4851a1d" relativeResultsDirectory="d4b5860f-3657-409d-af06-251f26e3ea24" />
    <UnitTestResult executionId="7d53ccc7-1855-406c-8af7-f811afebc0eb" testId="3973cbbc-bb25-6d4b-6038-72920e08a269" testName="HPD.ML.Serialization.Zip.Tests.ZipSerializerTests.Save_WithInferenceState_CreatesStateEntry" computerName="Einsteins-MacBook-Air" duration="00:00:00.0005736" startTime="2026-06-30T12:26:36.1819330-05:00" endTime="2026-06-30T12:26:36.1824710-05:00" testType="13cdc9d9-ddb5-4fa4-a97d-d965ccfc6d4b" outcome="Passed" testListId="8c84fa94-04c1-424b-9868-57a2d4851a1d" relativeResultsDirectory="7d53ccc7-1855-406c-8af7-f811afebc0eb" />
    <UnitTestResult executionId="3bec03c7-b8cd-4842-8fc9-8ed786e0f4bc" testId="a12bc669-9287-0315-7aee-801ad8c93bef" testName="HPD.ML.Serialization.Zip.Tests.ZipSerializerTests.Save_NestedComposedTransform_FlattensAll" computerName="Einsteins-MacBook-Air" duration="00:00:00.0239687" startTime="2026-06-30T12:26:36.1423640-05:00" endTime="2026-06-30T12:26:36.1675470-05:00" testType="13cdc9d9-ddb5-4fa4-a97d-d965ccfc6d4b" outcome="Passed" testListId="8c84fa94-04c1-424b-9868-57a2d4851a1d" relativeResultsDirectory="3bec03c7-b8cd-4842-8fc9-8ed786e0f4bc" />
    <UnitTestResult executionId="e6a82941-a30e-45fc-b7cb-b5c43416ec40" testId="1035969f-fabc-e9fd-97f1-aca4be491cb8" testName="HPD.ML.Serialization.Zip.Tests.ZipSerializerTests.SaveAndLoad_EmptyWeights_RoundTrips" computerName="Einsteins-MacBook-Air" duration="00:00:00.0008428" startTime="2026-06-30T12:26:36.1959590-05:00" endTime="2026-06-30T12:26:36.1967720-05:00" testType="13cdc9d9-ddb5-4fa4-a97d-d965ccfc6d4b" outcome="Passed" testListId="8c84fa94-04c1-424b-9868-57a2d4851a1d" relativeResultsDirectory="e6a82941-a30e-45fc-b7cb-b5c43416ec40" />
    <UnitTestResult executionId="61776b09-f5e2-424f-987b-66dc9ae423c6" testId="df621f6c-db7d-a2db-8004-6721deea35bf" testName="HPD.ML.Serialization.Zip.Tests.TestParameterWriterTests.WriteAndRead_RoundTrips" computerName="Einsteins-MacBook-Air" duration="00:00:00.0091513" startTime="2026-06-30T12:26:36.1611050-05:00" endTime="2026-06-30T12:26:36.1619310-05:00" testType="13cdc9d9-ddb5-4fa4-a97d-d965ccfc6d4b" outcome="Passed" testListId="8c84fa94-04c1-424b-9868-57a2d4851a1d" relativeResultsDirectory="61776b09-f5e2-424f-987b-66dc9ae423c6" />
    <UnitTestResult executionId="6de37012-4109-4e66-9aeb-ba978618ef53" testId="9bd8a79b-c5cd-36bb-fdc7-e5095657af44" testName="HPD.ML.Serialization.Zip.Tests.ZipSerializerTests.Register_OverwritesPreviousWriter" computerName="Einsteins-MacBook-Air" duration="00:00:00.0001999" startTime="2026-06-30T12:26:36.1912240-05:00" endTime="2026-06-30T12:26:36.1913890-05:00" testType="13cdc9d9-ddb5-4fa4-a97d-d965ccfc6d4b" outcome="Passed" testListId="8c84fa94-04c1-424b-9868-57a2d4851a1d" relativeResultsDirectory="6de37012-4109-4e66-9aeb-ba978618ef53" />
    <UnitTestResult executionId="b6755d71-501e-401b-bb2c-edbb162a9d29" testId="9851da32-08d1-dc1b-c21c-dc7b04cf46b3" testName="HPD.ML.Serialization.Zip.Tests.ZipSerializerTests.Save_ManifestHasCorrectContent" computerName="Einsteins-MacBook-Air" duration="00:00:00.0014513" startTime="2026-06-30T12:26:36.1765530-05:00" endTime="2026-06-30T12:26:36.1779780-05:00" testType="13cdc9d9-ddb5-4fa4-a97d-d965ccfc6d4b" outcome="Passed" testListId="8c84fa94-04c1-424b-9868-57a2d4851a1d" relativeResultsDirectory="b6755d71-501e-401b-bb2c-edbb162a9d29" />
    <UnitTestResult executionId="c22f271e-f434-4e53-9fbe-557b2b974323" testId="36a010ab-f884-4aea-fa7a-d59f9127ff5a" testName="HPD.ML.Serialization.Zip.Tests.ManifestTests.Defaults_AreCorrect" computerName="Einsteins-MacBook-Air" duration="00:00:00.0051736" startTime="2026-06-30T12:26:36.1423380-05:00" endTime="2026-06-30T12:26:36.1618210-05:00" testType="13cdc9d9-ddb5-4fa4-a97d-d965ccfc6d4b" outcome="Passed" testListId="8c84fa94-04c1-424b-9868-57a2d4851a1d" relativeResultsDirectory="c22f271e-f434-4e53-9fbe-557b2b974323" />
    <UnitTestResult executionId="f7fb4a76-8fc1-4cf9-9a67-5adc13358227" testId="378a52a8-852d-afa4-ff1f-25501caab0a7" testName="HPD.ML.Serialization.Zip.Tests.ZipSerializerTests.Load_MissingManifest_Throws" computerName="Einsteins-MacBook-Air" duration="00:00:00.0000950" startTime="2026-06-30T12:26:36.1970980-05:00" endTime="2026-06-30T12:26:36.1971670-05:00" testType="13cdc9d9-ddb5-4fa4-a97d-d965ccfc6d4b" outcome="Passed" testListId="8c84fa94-04c1-424b-9868-57a2d4851a1d" relativeResultsDirectory="f7fb4a76-8fc1-4cf9-9a67-5adc13358227" />
    <UnitTestResult executionId="4f1049d0-32b0-4a46-99cb-2234e84c9957" testId="3789b8eb-cc4e-7ad0-0822-f105b7710edf" testName="HPD.ML.Serialization.Zip.Tests.ZipSerializerTests.SaveAndLoad_LargeWeightArray_RoundTrips" computerName="Einsteins-MacBook-Air" duration="00:00:00.0045085" startTime="2026-06-30T12:26:36.1914300-05:00" endTime="2026-06-30T12:26:36.1959130-05:00" testType="13cdc9d9-ddb5-4fa4-a97d-d965ccfc6d4b" outcome="Passed" testListId="8c84fa94-04c1-424b-9868-57a2d4851a1d" relativeResultsDirectory="4f1049d0-32b0-4a46-99cb-2234e84c9957" />
    <UnitTestResult executionId="8e830837-6dad-4f6e-a764-570e78dffb5c" testId="7d7a38e7-26e5-cdcc-2bb1-e023195b3c67" testName="HPD.ML.Serialization.Zip.Tests.ZipSerializerTests.SaveAndLoad_ParametersOnly_RoundTrips" computerName="Einsteins-MacBook-Air" duration="00:00:00.0001972" startTime="2026-06-30T12:26:36.1977280-05:00" endTime="2026-06-30T12:26:36.1977460-05:00" testType="13cdc9d9-ddb5-4fa4-a97d-d965ccfc6d4b" outcome="Passed" testListId="8c84fa94-04c1-424b-9868-57a2d4851a1d" relativeResultsDirectory="8e830837-6dad-4f6e-a764-570e78dffb5c" />
    <UnitTestResult executionId="b7222cbc-f1d5-4e1f-bc0e-fdcc090432af" testId="0bb532f5-bbdf-a09b-6bb3-62d1b4f2da58" testName="HPD.ML.Serialization.Zip.Tests.ZipSerializerTests.Load_UnregisteredParameterType_Throws" computerName="Einsteins-MacBook-Air" duration="00:00:00.0003916" startTime="2026-06-30T12:26:36.1908130-05:00" endTime="2026-06-30T12:26:36.1911770-05:00" testType="13cdc9d9-ddb5-4fa4-a97d-d965ccfc6d4b" outcome="Passed" testListId="8c84fa94-04c1-424b-9868-57a2d4851a1d" relativeResultsDirectory="b7222cbc-f1d5-4e1f-bc0e-fdcc090432af" />
    <UnitTestResult executionId="47a190da-8035-4571-84fd-44e15a9ac516" testId="75731d63-8ef7-5b54-784f-4575fc507c06" testName="HPD.ML.Serialization.Zip.Tests.TestParameterWriterTests.TypeName_IsCorrect" computerName="Einsteins-MacBook-Air" duration="00:00:00.0031518" startTime="2026-06-30T12:26:36.1418440-05:00" endTime="2026-06-30T12:26:36.1512960-05:00" testType="13cdc9d9-ddb5-4fa4-a97d-d965ccfc6d4b" outcome="Passed" testListId="8c84fa94-04c1-424b-9868-57a2d4851a1d" relativeResultsDirectory="47a190da-8035-4571-84fd-44e15a9ac516" />
    <UnitTestResult executionId="512e4e59-f75a-4b9a-9c98-86762d08e4c1" testId="99cdf2c9-c084-9eb7-2872-9d980bc349ae" testName="HPD.ML.Serialization.Zip.Tests.ParameterWriterRegistryTests.GetWriter_Unregistered_ReturnsNull" computerName="Einsteins-MacBook-Air" duration="00:00:00.0000612" startTime="2026-06-30T12:26:36.1613600-05:00" endTime="2026-06-30T12:26:36.1613790-05:00" testType="13cdc9d9-ddb5-4fa4-a97d-d965ccfc6d4b" outcome="Passed" testListId="8c84fa94-04c1-424b-9868-57a2d4851a1d" relativeResultsDirectory="512e4e59-f75a-4b9a-9c98-86762d08e4c1" />
    <UnitTestResult executionId="5e324f21-1c67-444f-97aa-96dce156b145" testId="dad02b6a-2632-2b5f-c705-b43f983eaacf" testName="HPD.ML.Serialization.Zip.Tests.ZipSerializerTests.Save_ComposedTransform_DecomposesChildren" computerName="Einsteins-MacBook-Air" duration="00:00:00.0054473" startTime="2026-06-30T12:26:36.1676050-05:00" endTime="2026-06-30T12:26:36.1730750-05:00" testType="13cdc9d9-ddb5-4fa4-a97d-d965ccfc6d4b" outcome="Passed" testListId="8c84fa94-04c1-424b-9868-57a2d4851a1d" relativeResultsDirectory="5e324f21-1c67-444f-97aa-96dce156b145" />
    <UnitTestResult executionId="3ade8332-770c-4fe8-9d66-d0276bc33fd2" testId="f1d26853-49a9-a7c3-13b7-36b993f2cc76" testName="HPD.ML.Serialization.Zip.Tests.ZipSerializerTests.SaveAndLoad_AllContent_RoundTrips" computerName="Einsteins-MacBook-Air" duration="00:00:00.0004608" startTime="2026-06-30T12:26:36.1903650-05:00" endTime="2026-06-30T12:26:36.1907650-05:00" testType="13cdc9d9-ddb5-4fa4-a97d-d965ccfc6d4b" outcome="Passed" testListId="8c84fa94-04c1-424b-9868-57a2d4851a1d" relativeResultsDirectory="3ade8332-770c-4fe8-9d66-d0276bc33fd2" />
    <UnitTestResult executionId="51ea5fce-6e4c-465c-97e0-4f1ef4752a01" testId="de40a9e1-1c56-5e02-5bca-6d5fc2e10f44" testName="HPD.ML.Serialization.Zip.Tests.ZipSerializerTests.Load_CorruptedZip_Throws" computerName="Einsteins-MacBook-Air" duration="00:00:00.0002308" startTime="2026-06-30T12:26:36.1972050-05:00" endTime="2026-06-30T12:26:36.1974090-05:00" testType="13cdc9d9-ddb5-4fa4-a97d-d965ccfc6d4b" outcome="Passed" testListId="8c84fa94-04c1-424b-9868-57a2d4851a1d" relativeResultsDirectory="51ea5fce-6e4c-465c-97e0-4f1ef4752a01" />
    <UnitTestResult executionId="6a7d96d9-9578-4757-bf57-d516c845c8f8" testId="35d10cef-b8ff-83ed-b906-b66d1f667af7" testName="HPD.ML.Serialization.Zip.Tests.ParameterWriterRegistryTests.Register_And_GetWriter_ReturnsWriter" computerName="Einsteins-MacBook-Air" duration="00:00:00.0032094" startTime="2026-06-30T12:26:36.1423720-05:00" endTime="2026-06-30T12:26:36.1611270-05:00" testType="13cdc9d9-ddb5-4fa4-a97d-d965ccfc6d4b" outcome="Passed" testListId="8c84fa94-04c1-424b-9868-57a2d4851a1d" relativeResultsDirectory="6a7d96d9-9578-4757-bf57-d516c845c8f8" />
  </Results>
  <TestDefinitions>
    <UnitTest name="HPD.ML.Serialization.Zip.Tests.ParameterWriterRegistryTests.Register_And_GetWriter_ReturnsWriter" storage="/users/ewoof/desktop/hpd-os/dotnet/hpd-ml.framework/test/hpd.ml.serialization.zip.tests/bin/debug/net10.0/hpd.ml.serialization.zip.tests.dll" id="35d10cef-b8ff-83ed-b906-b66d1f667af7">
      <Execution id="6a7d96d9-9578-4757-bf57-d516c845c8f8" />
      <TestMethod codeBase="/Users/ewoof/Desktop/HPD-OS/dotnet/HPD-ML.Framework/test/HPD.ML.Serialization.Zip.Tests/bin/Debug/net10.0/HPD.ML.Serialization.Zip.Tests.dll" adapterTypeName="executor://xunit/VsTestRunner3/netcore/" className="HPD.ML.Serialization.Zip.Tests.ParameterWriterRegistryTests" name="Register_And_GetWriter_ReturnsWriter" />
    </UnitTest>
    <UnitTest name="HPD.ML.Serialization.Zip.Tests.ZipSerializerTests.Save_WithInferenceState_CreatesStateEntry" storage="/users/ewoof/desktop/hpd-os/dotnet/hpd-ml.framework/test/hpd.ml.serialization.zip.tests/bin/debug/net10.0/hpd.ml.serialization.zip.tests.dll" id="3973cbbc-bb25-6d4b-6038-72920e08a269">
      <Execution id="7d53ccc7-1855-406c-8af7-f811afebc0eb" />
      <TestMethod codeBase="/Users/ewoof/Desktop/HPD-OS/dotnet/HPD-ML.Framework/test/HPD.ML.Serialization.Zip.Tests/bin/Debug/net10.0/HPD.ML.Serialization.Zip.Tests.dll" adapterTypeName="executor://xunit/VsTestRunner3/netcore/" className="HPD.ML.Serialization.Zip.Tests.ZipSerializerTests" name="Save_WithInferenceState_CreatesStateEntry" />
    </UnitTest>
    <UnitTest name="HPD.ML.Serialization.Zip.Tests.ZipFormatTests.SupportsContent_AllFlags(content: PipelineTopology)" storage="/users/ewoof/desktop/hpd-os/dotnet/hpd-ml.framework/test/hpd.ml.serialization.zip.tests/bin/debug/net10.0/hpd.ml.serialization.zip.tests.dll" id="845f58d9-76d7-75d6-46cd-4c0f3994f69e">
      <Execution id="42b11b38-92e5-4e65-8429-1cf4970f851b" />
      <TestMethod codeBase="/Users/ewoof/Desktop/HPD-OS/dotnet/HPD-ML.Framework/test/HPD.ML.Serialization.Zip.Tests/bin/Debug/net10.0/HPD.ML.Serialization.Zip.Tests.dll" adapterTypeName="executor://xunit/VsTestRunner3/netcore/" className="HPD.ML.Serialization.Zip.Tests.ZipFormatTests" name="SupportsContent_AllFlags" />
    </UnitTest>
    <UnitTest name="HPD.ML.Serialization.Zip.Tests.ManifestTests.Defaults_AreCorrect" storage="/users/ewoof/desktop/hpd-os/dotnet/hpd-ml.framework/test/hpd.ml.serialization.zip.tests/bin/debug/net10.0/hpd.ml.serialization.zip.tests.dll" id="36a010ab-f884-4aea-fa7a-d59f9127ff5a">
      <Execution id="c22f271e-f434-4e53-9fbe-557b2b974323" />
      <TestMethod codeBase="/Users/ewoof/Desktop/HPD-OS/dotnet/HPD-ML.Framework/test/HPD.ML.Serialization.Zip.Tests/bin/Debug/net10.0/HPD.ML.Serialization.Zip.Tests.dll" adapterTypeName="executor://xunit/VsTestRunner3/netcore/" className="HPD.ML.Serialization.Zip.Tests.ManifestTests" name="Defaults_AreCorrect" />
    </UnitTest>
    <UnitTest name="HPD.ML.Serialization.Zip.Tests.ZipSerializerTests.SaveAndLoad_FormatIdPreserved" storage="/users/ewoof/desktop/hpd-os/dotnet/hpd-ml.framework/test/hpd.ml.serialization.zip.tests/bin/debug/net10.0/hpd.ml.serialization.zip.tests.dll" id="c84f374f-d64e-77e3-33fb-9a093f26cccb">
      <Execution id="14f5886b-d17b-47bd-852f-f592f55d1ef9" />
      <TestMethod codeBase="/Users/ewoof/Desktop/HPD-OS/dotnet/HPD-ML.Framework/test/HPD.ML.Serialization.Zip.Tests/bin/Debug/net10.0/HPD.ML.Serialization.Zip.Tests.dll" adapterTypeName="executor://xunit/VsTestRunner3/netcore/" className="HPD.ML.Serialization.Zip.Tests.ZipSerializerTests" name="SaveAndLoad_FormatIdPreserved" />
    </UnitTest>
    <UnitTest name="HPD.ML.Serialization.Zip.Tests.ZipSerializerTests.Load_MissingManifest_Throws" storage="/users/ewoof/desktop/hpd-os/dotnet/hpd-ml.framework/test/hpd.ml.serialization.zip.tests/bin/debug/net10.0/hpd.ml.serialization.zip.tests.dll" id="378a52a8-852d-afa4-ff1f-25501caab0a7">
      <Execution id="f7fb4a76-8fc1-4cf9-9a67-5adc13358227" />
      <TestMethod codeBase="/Users/ewoof/Desktop/HPD-OS/dotnet/HPD-ML.Framework/test/HPD.ML.Serialization.Zip.Tests/bin/Debug/net10.0/HPD.ML.Serialization.Zip.Tests.dll" adapterTypeName="executor://xunit/VsTestRunner3/netcore/" className="HPD.ML.Serialization.Zip.Tests.ZipSerializerTests" name="Load_MissingManifest_Throws" />
    </UnitTest>
    <UnitTest name="HPD.ML.Serialization.Zip.Tests.ZipFormatTests.SupportsContent_AllFlags(content: LearnedParameters)" storage="/users/ewoof/desktop/hpd-os/dotnet/hpd-ml.framework/test/hpd.ml.serialization.zip.tests/bin/debug/net10.0/hpd.ml.serialization.zip.tests.dll" id="fbebe6db-17db-bc18-0399-227e7840fa58">
      <Execution id="dc58e714-46cd-4598-b813-632c7ea734c1" />
      <TestMethod codeBase="/Users/ewoof/Desktop/HPD-OS/dotnet/HPD-ML.Framework/test/HPD.ML.Serialization.Zip.Tests/bin/Debug/net10.0/HPD.ML.Serialization.Zip.Tests.dll" adapterTypeName="executor://xunit/VsTestRunner3/netcore/" className="HPD.ML.Serialization.Zip.Tests.ZipFormatTests" name="SupportsContent_AllFlags" />
    </UnitTest>
    <UnitTest name="HPD.ML.Serialization.Zip.Tests.ZipSerializerTests.Save_AllContent_ContainsExpectedEntries" storage="/users/ewoof/desktop/hpd-os/dotnet/hpd-ml.framework/test/hpd.ml.serialization.zip.tests/bin/debug/net10.0/hpd.ml.serialization.zip.tests.dll" id="42aef03f-f56d-9a25-9c70-fc03fed07739">
      <Execution id="9f23d357-34ff-485f-a040-f2db879fc346" />
      <TestMethod codeBase="/Users/ewoof/Desktop/HPD-OS/dotnet/HPD-ML.Framework/test/HPD.ML.Serialization.Zip.Tests/bin/Debug/net10.0/HPD.ML.Serialization.Zip.Tests.dll" adapterTypeName="executor://xunit/VsTestRunner3/netcore/" className="HPD.ML.Serialization.Zip.Tests.ZipSerializerTests" name="Save_AllContent_ContainsExpectedEntries" />
    </UnitTest>
    <UnitTest name="HPD.ML.Serialization.Zip.Tests.ZipSerializerTests.SaveAndLoad_EmptyWeights_RoundTrips" storage="/users/ewoof/desktop/hpd-os/dotnet/hpd-ml.framework/test/hpd.ml.serialization.zip.tests/bin/debug/net10.0/hpd.ml.serialization.zip.tests.dll" id="1035969f-fabc-e9fd-97f1-aca4be491cb8">
      <Execution id="e6a82941-a30e-45fc-b7cb-b5c43416ec40" />
      <TestMethod codeBase="/Users/ewoof/Desktop/HPD-OS/dotnet/HPD-ML.Framework/test/HPD.ML.Serialization.Zip.Tests/bin/Debug/net10.0/HPD.ML.Serialization.Zip.Tests.dll" adapterTypeName="executor://xunit/VsTestRunner3/netcore/" className="HPD.ML.Serialization.Zip.Tests.ZipSerializerTests" name="SaveAndLoad_EmptyWeights_RoundTrips" />
    </UnitTest>
    <UnitTest name="HPD.ML.Serialization.Zip.Tests.ZipSerializerTests.Save_ManifestHasCorrectContent" storage="/users/ewoof/desktop/hpd-os/dotnet/hpd-ml.framework/test/hpd.ml.serialization.zip.tests/bin/debug/net10.0/hpd.ml.serialization.zip.tests.dll" id="9851da32-08d1-dc1b-c21c-dc7b04cf46b3">
      <Execution id="b6755d71-501e-401b-bb2c-edbb162a9d29" />
      <TestMethod codeBase="/Users/ewoof/Desktop/HPD-OS/dotnet/HPD-ML.Framework/test/HPD.ML.Serialization.Zip.Tests/bin/Debug/net10.0/HPD.ML.Serialization.Zip.Tests.dll" adapterTypeName="executor://xunit/VsTestRunner3/netcore/" className="HPD.ML.Serialization.Zip.Tests.ZipSerializerTests" name="Save_ManifestHasCorrectContent" />
    </UnitTest>
    <UnitTest name="HPD.ML.Serialization.Zip.Tests.ZipSerializerTests.Save_NestedComposedTransform_FlattensAll" storage="/users/ewoof/desktop/hpd-os/dotnet/hpd-ml.framework/test/hpd.ml.serialization.zip.tests/bin/debug/net10.0/hpd.ml.serialization.zip.tests.dll" id="a12bc669-9287-0315-7aee-801ad8c93bef">
      <Execution id="3bec03c7-b8cd-4842-8fc9-8ed786e0f4bc" />
      <TestMethod codeBase="/Users/ewoof/Desktop/HPD-OS/dotnet/HPD-ML.Framework/test/HPD.ML.Serialization.Zip.Tests/bin/Debug/net10.0/HPD.ML.Serialization.Zip.Tests.dll" adapterTypeName="executor://xunit/VsTestRunner3/netcore/" className="HPD.ML.Serialization.Zip.Tests.ZipSerializerTests" name="Save_NestedComposedTransform_FlattensAll" />
    </UnitTest>
    <UnitTest name="HPD.ML.Serialization.Zip.Tests.ZipFormatTests.FormatId_ReturnsExpected" storage="/users/ewoof/desktop/hpd-os/dotnet/hpd-ml.framework/test/hpd.ml.serialization.zip.tests/bin/debug/net10.0/hpd.ml.serialization.zip.tests.dll" id="13f9805c-6c94-b1fb-7d4d-298308401638">
      <Execution id="d4b5860f-3657-409d-af06-251f26e3ea24" />
      <TestMethod codeBase="/Users/ewoof/Desktop/HPD-OS/dotnet/HPD-ML.Framework/test/HPD.ML.Serialization.Zip.Tests/bin/Debug/net10.0/HPD.ML.Serialization.Zip.Tests.dll" adapterTypeName="executor://xunit/VsTestRunner3/netcore/" className="HPD.ML.Serialization.Zip.Tests.ZipFormatTests" name="FormatId_ReturnsExpected" />
    </UnitTest>
    <UnitTest name="HPD.ML.Serialization.Zip.Tests.ZipSerializerTests.SaveAndLoad_AllContent_RoundTrips" storage="/users/ewoof/desktop/hpd-os/dotnet/hpd-ml.framework/test/hpd.ml.serialization.zip.tests/bin/debug/net10.0/hpd.ml.serialization.zip.tests.dll" id="f1d26853-49a9-a7c3-13b7-36b993f2cc76">
      <Execution id="3ade8332-770c-4fe8-9d66-d0276bc33fd2" />
      <TestMethod codeBase="/Users/ewoof/Desktop/HPD-OS/dotnet/HPD-ML.Framework/test/HPD.ML.Serialization.Zip.Tests/bin/Debug/net10.0/HPD.ML.Serialization.Zip.Tests.dll" adapterTypeName="executor://xunit/VsTestRunner3/netcore/" className="HPD.ML.Serialization.Zip.Tests.ZipSerializerTests" name="SaveAndLoad_AllContent_RoundTrips" />
    </UnitTest>
    <UnitTest name="HPD.ML.Serialization.Zip.Tests.TestParameterWriterTests.WriteAndRead_RoundTrips" storage="/users/ewoof/desktop/hpd-os/dotnet/hpd-ml.framework/test/hpd.ml.serialization.zip.tests/bin/debug/net10.0/hpd.ml.serialization.zip.tests.dll" id="df621f6c-db7d-a2db-8004-6721deea35bf">
      <Execution id="61776b09-f5e2-424f-987b-66dc9ae423c6" />
      <TestMethod codeBase="/Users/ewoof/Desktop/HPD-OS/dotnet/HPD-ML.Framework/test/HPD.ML.Serialization.Zip.Tests/bin/Debug/net10.0/HPD.ML.Serialization.Zip.Tests.dll" adapterTypeName="executor://xunit/VsTestRunner3/netcore/" className="HPD.ML.Serialization.Zip.Tests.TestParameterWriterTests" name="WriteAndRead_RoundTrips" />
    </UnitTest>
    <UnitTest name="HPD.ML.Serialization.Zip.Tests.ZipSerializerTests.Save_NoWriter_UsesJsonFallback" storage="/users/ewoof/desktop/hpd-os/dotnet/hpd-ml.framework/test/hpd.ml.serialization.zip.tests/bin/debug/net10.0/hpd.ml.serialization.zip.tests.dll" id="587f5fd4-0325-936d-f010-12301678a2f3">
      <Execution id="0ed86012-f0ac-47a6-ab79-f31b0c1cd265" />
      <TestMethod codeBase="/Users/ewoof/Desktop/HPD-OS/dotnet/HPD-ML.Framework/test/HPD.ML.Serialization.Zip.Tests/bin/Debug/net10.0/HPD.ML.Serialization.Zip.Tests.dll" adapterTypeName="executor://xunit/VsTestRunner3/netcore/" className="HPD.ML.Serialization.Zip.Tests.ZipSerializerTests" name="Save_NoWriter_UsesJsonFallback" />
    </UnitTest>
    <UnitTest name="HPD.ML.Serialization.Zip.Tests.ZipSerializerTests.SaveAndLoad_ParametersOnly_RoundTrips" storage="/users/ewoof/desktop/hpd-os/dotnet/hpd-ml.framework/test/hpd.ml.serialization.zip.tests/bin/debug/net10.0/hpd.ml.serialization.zip.tests.dll" id="7d7a38e7-26e5-cdcc-2bb1-e023195b3c67">
      <Execution id="8e830837-6dad-4f6e-a764-570e78dffb5c" />
      <TestMethod codeBase="/Users/ewoof/Desktop/HPD-OS/dotnet/HPD-ML.Framework/test/HPD.ML.Serialization.Zip.Tests/bin/Debug/net10.0/HPD.ML.Serialization.Zip.Tests.dll" adapterTypeName="executor://xunit/VsTestRunner3/netcore/" className="HPD.ML.Serialization.Zip.Tests.ZipSerializerTests" name="SaveAndLoad_ParametersOnly_RoundTrips" />
    </UnitTest>
    <UnitTest name="HPD.ML.Serialization.Zip.Tests.ZipSerializerTests.Load_CorruptedZip_Throws" storage="/users/ewoof/desktop/hpd-os/dotnet/hpd-ml.framework/test/hpd.ml.serialization.zip.tests/bin/debug/net10.0/hpd.ml.serialization.zip.tests.dll" id="de40a9e1-1c56-5e02-5bca-6d5fc2e10f44">
      <Execution id="51ea5fce-6e4c-465c-97e0-4f1ef4752a01" />
      <TestMethod codeBase="/Users/ewoof/Desktop/HPD-OS/dotnet/HPD-ML.Framework/test/HPD.ML.Serialization.Zip.Tests/bin/Debug/net10.0/HPD.ML.Serialization.Zip.Tests.dll" adapterTypeName="executor://xunit/VsTestRunner3/netcore/" className="HPD.ML.Serialization.Zip.Tests.ZipSerializerTests" name="Load_CorruptedZip_Throws" />
    </UnitTest>
    <UnitTest name="HPD.ML.Serialization.Zip.Tests.ZipSerializerTests.SaveAndLoad_NeuralNetworkParameters_RoundTripsWithoutExplicitRegistration" storage="/users/ewoof/desktop/hpd-os/dotnet/hpd-ml.framework/test/hpd.ml.serialization.zip.tests/bin/debug/net10.0/hpd.ml.serialization.zip.tests.dll" id="4bb78107-ec0e-4b5b-733d-048da288a700">
      <Execution id="e2db0bec-c5f0-4a77-bd5d-061af79e6700" />
      <TestMethod codeBase="/Users/ewoof/Desktop/HPD-OS/dotnet/HPD-ML.Framework/test/HPD.ML.Serialization.Zip.Tests/bin/Debug/net10.0/HPD.ML.Serialization.Zip.Tests.dll" adapterTypeName="executor://xunit/VsTestRunner3/netcore/" className="HPD.ML.Serialization.Zip.Tests.ZipSerializerTests" name="SaveAndLoad_NeuralNetworkParameters_RoundTripsWithoutExplicitRegistration" />
    </UnitTest>
    <UnitTest name="HPD.ML.Serialization.Zip.Tests.ZipSerializerTests.Load_UnregisteredParameterType_Throws" storage="/users/ewoof/desktop/hpd-os/dotnet/hpd-ml.framework/test/hpd.ml.serialization.zip.tests/bin/debug/net10.0/hpd.ml.serialization.zip.tests.dll" id="0bb532f5-bbdf-a09b-6bb3-62d1b4f2da58">
      <Execution id="b7222cbc-f1d5-4e1f-bc0e-fdcc090432af" />
      <TestMethod codeBase="/Users/ewoof/Desktop/HPD-OS/dotnet/HPD-ML.Framework/test/HPD.ML.Serialization.Zip.Tests/bin/Debug/net10.0/HPD.ML.Serialization.Zip.Tests.dll" adapterTypeName="executor://xunit/VsTestRunner3/netcore/" className="HPD.ML.Serialization.Zip.Tests.ZipSerializerTests" name="Load_UnregisteredParameterType_Throws" />
    </UnitTest>
    <UnitTest name="HPD.ML.Serialization.Zip.Tests.ZipSerializerTests.SaveAndLoad_TopologyOnly_ReturnsEmptyParams" storage="/users/ewoof/desktop/hpd-os/dotnet/hpd-ml.framework/test/hpd.ml.serialization.zip.tests/bin/debug/net10.0/hpd.ml.serialization.zip.tests.dll" id="a6f44750-cd1e-ee37-f86e-c74c907f516c">
      <Execution id="cf6d85a7-6a56-4a80-8681-d00d9e24743e" />
      <TestMethod codeBase="/Users/ewoof/Desktop/HPD-OS/dotnet/HPD-ML.Framework/test/HPD.ML.Serialization.Zip.Tests/bin/Debug/net10.0/HPD.ML.Serialization.Zip.Tests.dll" adapterTypeName="executor://xunit/VsTestRunner3/netcore/" className="HPD.ML.Serialization.Zip.Tests.ZipSerializerTests" name="SaveAndLoad_TopologyOnly_ReturnsEmptyParams" />
    </UnitTest>
    <UnitTest name="HPD.ML.Serialization.Zip.Tests.ZipFormatTests.SupportsContent_AllFlags(content: InferenceState)" storage="/users/ewoof/desktop/hpd-os/dotnet/hpd-ml.framework/test/hpd.ml.serialization.zip.tests/bin/debug/net10.0/hpd.ml.serialization.zip.tests.dll" id="6c20cc1b-2519-67eb-c101-977d8fd580e9">
      <Execution id="cd70f3d1-e0a3-43a1-ba99-6d52bd74f8d8" />
      <TestMethod codeBase="/Users/ewoof/Desktop/HPD-OS/dotnet/HPD-ML.Framework/test/HPD.ML.Serialization.Zip.Tests/bin/Debug/net10.0/HPD.ML.Serialization.Zip.Tests.dll" adapterTypeName="executor://xunit/VsTestRunner3/netcore/" className="HPD.ML.Serialization.Zip.Tests.ZipFormatTests" name="SupportsContent_AllFlags" />
    </UnitTest>
    <UnitTest name="HPD.ML.Serialization.Zip.Tests.ZipSerializerTests.Save_ComposedTransform_DecomposesChildren" storage="/users/ewoof/desktop/hpd-os/dotnet/hpd-ml.framework/test/hpd.ml.serialization.zip.tests/bin/debug/net10.0/hpd.ml.serialization.zip.tests.dll" id="dad02b6a-2632-2b5f-c705-b43f983eaacf">
      <Execution id="5e324f21-1c67-444f-97aa-96dce156b145" />
      <TestMethod codeBase="/Users/ewoof/Desktop/HPD-OS/dotnet/HPD-ML.Framework/test/HPD.ML.Serialization.Zip.Tests/bin/Debug/net10.0/HPD.ML.Serialization.Zip.Tests.dll" adapterTypeName="executor://xunit/VsTestRunner3/netcore/" className="HPD.ML.Serialization.Zip.Tests.ZipSerializerTests" name="Save_ComposedTransform_DecomposesChildren" />
    </UnitTest>
    <UnitTest name="HPD.ML.Serialization.Zip.Tests.ParameterWriterRegistryTests.GetWriterByTypeName_Works" storage="/users/ewoof/desktop/hpd-os/dotnet/hpd-ml.framework/test/hpd.ml.serialization.zip.tests/bin/debug/net10.0/hpd.ml.serialization.zip.tests.dll" id="937af836-3908-2c61-0d81-f91d563f9265">
      <Execution id="50b5b7fa-99cc-4a60-863f-9d0544d738b7" />
      <TestMethod codeBase="/Users/ewoof/Desktop/HPD-OS/dotnet/HPD-ML.Framework/test/HPD.ML.Serialization.Zip.Tests/bin/Debug/net10.0/HPD.ML.Serialization.Zip.Tests.dll" adapterTypeName="executor://xunit/VsTestRunner3/netcore/" className="HPD.ML.Serialization.Zip.Tests.ParameterWriterRegistryTests" name="GetWriterByTypeName_Works" />
    </UnitTest>
    <UnitTest name="HPD.ML.Serialization.Zip.Tests.ZipSerializerTests.Save_ParametersOnly_NoTopologyEntries" storage="/users/ewoof/desktop/hpd-os/dotnet/hpd-ml.framework/test/hpd.ml.serialization.zip.tests/bin/debug/net10.0/hpd.ml.serialization.zip.tests.dll" id="601eade7-4552-8914-e900-55f88d0f55a9">
      <Execution id="95fb4a5e-bcc3-44d1-b7f6-9c8f55e40ee4" />
      <TestMethod codeBase="/Users/ewoof/Desktop/HPD-OS/dotnet/HPD-ML.Framework/test/HPD.ML.Serialization.Zip.Tests/bin/Debug/net10.0/HPD.ML.Serialization.Zip.Tests.dll" adapterTypeName="executor://xunit/VsTestRunner3/netcore/" className="HPD.ML.Serialization.Zip.Tests.ZipSerializerTests" name="Save_ParametersOnly_NoTopologyEntries" />
    </UnitTest>
    <UnitTest name="HPD.ML.Serialization.Zip.Tests.ManifestTests.InitProperties_SetCorrectly" storage="/users/ewoof/desktop/hpd-os/dotnet/hpd-ml.framework/test/hpd.ml.serialization.zip.tests/bin/debug/net10.0/hpd.ml.serialization.zip.tests.dll" id="f8ddb621-4c1c-1e5e-560c-d19183e90247">
      <Execution id="a7861ea9-26c8-4da8-8ac5-d89427b3bb91" />
      <TestMethod codeBase="/Users/ewoof/Desktop/HPD-OS/dotnet/HPD-ML.Framework/test/HPD.ML.Serialization.Zip.Tests/bin/Debug/net10.0/HPD.ML.Serialization.Zip.Tests.dll" adapterTypeName="executor://xunit/VsTestRunner3/netcore/" className="HPD.ML.Serialization.Zip.Tests.ManifestTests" name="InitProperties_SetCorrectly" />
    </UnitTest>
    <UnitTest name="HPD.ML.Serialization.Zip.Tests.ZipSerializerTests.Register_OverwritesPreviousWriter" storage="/users/ewoof/desktop/hpd-os/dotnet/hpd-ml.framework/test/hpd.ml.serialization.zip.tests/bin/debug/net10.0/hpd.ml.serialization.zip.tests.dll" id="9bd8a79b-c5cd-36bb-fdc7-e5095657af44">
      <Execution id="6de37012-4109-4e66-9aeb-ba978618ef53" />
      <TestMethod codeBase="/Users/ewoof/Desktop/HPD-OS/dotnet/HPD-ML.Framework/test/HPD.ML.Serialization.Zip.Tests/bin/Debug/net10.0/HPD.ML.Serialization.Zip.Tests.dll" adapterTypeName="executor://xunit/VsTestRunner3/netcore/" className="HPD.ML.Serialization.Zip.Tests.ZipSerializerTests" name="Register_OverwritesPreviousWriter" />
    </UnitTest>
    <UnitTest name="HPD.ML.Serialization.Zip.Tests.ZipSerializerTests.Save_WithoutInferenceState_NoStateEntry" storage="/users/ewoof/desktop/hpd-os/dotnet/hpd-ml.framework/test/hpd.ml.serialization.zip.tests/bin/debug/net10.0/hpd.ml.serialization.zip.tests.dll" id="3581b8f7-8e42-ba7c-646b-c855fed6e5a7">
      <Execution id="52bee72a-5252-406e-9bd5-915f24e582ff" />
      <TestMethod codeBase="/Users/ewoof/Desktop/HPD-OS/dotnet/HPD-ML.Framework/test/HPD.ML.Serialization.Zip.Tests/bin/Debug/net10.0/HPD.ML.Serialization.Zip.Tests.dll" adapterTypeName="executor://xunit/VsTestRunner3/netcore/" className="HPD.ML.Serialization.Zip.Tests.ZipSerializerTests" name="Save_WithoutInferenceState_NoStateEntry" />
    </UnitTest>
    <UnitTest name="HPD.ML.Serialization.Zip.Tests.ParameterWriterRegistryTests.GetWriter_Unregistered_ReturnsNull" storage="/users/ewoof/desktop/hpd-os/dotnet/hpd-ml.framework/test/hpd.ml.serialization.zip.tests/bin/debug/net10.0/hpd.ml.serialization.zip.tests.dll" id="99cdf2c9-c084-9eb7-2872-9d980bc349ae">
      <Execution id="512e4e59-f75a-4b9a-9c98-86762d08e4c1" />
      <TestMethod codeBase="/Users/ewoof/Desktop/HPD-OS/dotnet/HPD-ML.Framework/test/HPD.ML.Serialization.Zip.Tests/bin/Debug/net10.0/HPD.ML.Serialization.Zip.Tests.dll" adapterTypeName="executor://xunit/VsTestRunner3/netcore/" className="HPD.ML.Serialization.Zip.Tests.ParameterWriterRegistryTests" name="GetWriter_Unregistered_ReturnsNull" />
    </UnitTest>
    <UnitTest name="HPD.ML.Serialization.Zip.Tests.TestParameterWriterTests.TypeName_IsCorrect" storage="/users/ewoof/desktop/hpd-os/dotnet/hpd-ml.framework/test/hpd.ml.serialization.zip.tests/bin/debug/net10.0/hpd.ml.serialization.zip.tests.dll" id="75731d63-8ef7-5b54-784f-4575fc507c06">
      <Execution id="47a190da-8035-4571-84fd-44e15a9ac516" />
      <TestMethod codeBase="/Users/ewoof/Desktop/HPD-OS/dotnet/HPD-ML.Framework/test/HPD.ML.Serialization.Zip.Tests/bin/Debug/net10.0/HPD.ML.Serialization.Zip.Tests.dll" adapterTypeName="executor://xunit/VsTestRunner3/netcore/" className="HPD.ML.Serialization.Zip.Tests.TestParameterWriterTests" name="TypeName_IsCorrect" />
    </UnitTest>
    <UnitTest name="HPD.ML.Serialization.Zip.Tests.ZipSerializerTests.Save_InferenceState_ManifestHasFlag" storage="/users/ewoof/desktop/hpd-os/dotnet/hpd-ml.framework/test/hpd.ml.serialization.zip.tests/bin/debug/net10.0/hpd.ml.serialization.zip.tests.dll" id="4c085c84-e0a9-b438-ba70-87e5730785e2">
      <Execution id="44c748db-12e8-49c6-8a6d-483b6b4647a2" />
      <TestMethod codeBase="/Users/ewoof/Desktop/HPD-OS/dotnet/HPD-ML.Framework/test/HPD.ML.Serialization.Zip.Tests/bin/Debug/net10.0/HPD.ML.Serialization.Zip.Tests.dll" adapterTypeName="executor://xunit/VsTestRunner3/netcore/" className="HPD.ML.Serialization.Zip.Tests.ZipSerializerTests" name="Save_InferenceState_ManifestHasFlag" />
    </UnitTest>
    <UnitTest name="HPD.ML.Serialization.Zip.Tests.ZipFormatTests.SupportsContent_AllFlags(content: All)" storage="/users/ewoof/desktop/hpd-os/dotnet/hpd-ml.framework/test/hpd.ml.serialization.zip.tests/bin/debug/net10.0/hpd.ml.serialization.zip.tests.dll" id="33e6784d-04b5-70ee-b5af-7a26301c9731">
      <Execution id="1d015f1d-7a9b-49f6-be4e-4b4984b4257e" />
      <TestMethod codeBase="/Users/ewoof/Desktop/HPD-OS/dotnet/HPD-ML.Framework/test/HPD.ML.Serialization.Zip.Tests/bin/Debug/net10.0/HPD.ML.Serialization.Zip.Tests.dll" adapterTypeName="executor://xunit/VsTestRunner3/netcore/" className="HPD.ML.Serialization.Zip.Tests.ZipFormatTests" name="SupportsContent_AllFlags" />
    </UnitTest>
    <UnitTest name="HPD.ML.Serialization.Zip.Tests.ZipSerializerTests.SaveAndLoad_LargeWeightArray_RoundTrips" storage="/users/ewoof/desktop/hpd-os/dotnet/hpd-ml.framework/test/hpd.ml.serialization.zip.tests/bin/debug/net10.0/hpd.ml.serialization.zip.tests.dll" id="3789b8eb-cc4e-7ad0-0822-f105b7710edf">
      <Execution id="4f1049d0-32b0-4a46-99cb-2234e84c9957" />
      <TestMethod codeBase="/Users/ewoof/Desktop/HPD-OS/dotnet/HPD-ML.Framework/test/HPD.ML.Serialization.Zip.Tests/bin/Debug/net10.0/HPD.ML.Serialization.Zip.Tests.dll" adapterTypeName="executor://xunit/VsTestRunner3/netcore/" className="HPD.ML.Serialization.Zip.Tests.ZipSerializerTests" name="SaveAndLoad_LargeWeightArray_RoundTrips" />
    </UnitTest>
    <UnitTest name="HPD.ML.Serialization.Zip.Tests.ZipSerializerTests.Load_WrongFormat_Throws" storage="/users/ewoof/desktop/hpd-os/dotnet/hpd-ml.framework/test/hpd.ml.serialization.zip.tests/bin/debug/net10.0/hpd.ml.serialization.zip.tests.dll" id="8ff6c253-f32a-b021-0cfc-855782896260">
      <Execution id="704be066-5da5-49d7-85c9-03d3dbeb0c1b" />
      <TestMethod codeBase="/Users/ewoof/Desktop/HPD-OS/dotnet/HPD-ML.Framework/test/HPD.ML.Serialization.Zip.Tests/bin/Debug/net10.0/HPD.ML.Serialization.Zip.Tests.dll" adapterTypeName="executor://xunit/VsTestRunner3/netcore/" className="HPD.ML.Serialization.Zip.Tests.ZipSerializerTests" name="Load_WrongFormat_Throws" />
    </UnitTest>
  </TestDefinitions>
  <TestEntries>
    <TestEntry testId="33e6784d-04b5-70ee-b5af-7a26301c9731" executionId="1d015f1d-7a9b-49f6-be4e-4b4984b4257e" testListId="8c84fa94-04c1-424b-9868-57a2d4851a1d" />
    <TestEntry testId="845f58d9-76d7-75d6-46cd-4c0f3994f69e" executionId="42b11b38-92e5-4e65-8429-1cf4970f851b" testListId="8c84fa94-04c1-424b-9868-57a2d4851a1d" />
    <TestEntry testId="937af836-3908-2c61-0d81-f91d563f9265" executionId="50b5b7fa-99cc-4a60-863f-9d0544d738b7" testListId="8c84fa94-04c1-424b-9868-57a2d4851a1d" />
    <TestEntry testId="4c085c84-e0a9-b438-ba70-87e5730785e2" executionId="44c748db-12e8-49c6-8a6d-483b6b4647a2" testListId="8c84fa94-04c1-424b-9868-57a2d4851a1d" />
    <TestEntry testId="a6f44750-cd1e-ee37-f86e-c74c907f516c" executionId="cf6d85a7-6a56-4a80-8681-d00d9e24743e" testListId="8c84fa94-04c1-424b-9868-57a2d4851a1d" />
    <TestEntry testId="601eade7-4552-8914-e900-55f88d0f55a9" executionId="95fb4a5e-bcc3-44d1-b7f6-9c8f55e40ee4" testListId="8c84fa94-04c1-424b-9868-57a2d4851a1d" />
    <TestEntry testId="6c20cc1b-2519-67eb-c101-977d8fd580e9" executionId="cd70f3d1-e0a3-43a1-ba99-6d52bd74f8d8" testListId="8c84fa94-04c1-424b-9868-57a2d4851a1d" />
    <TestEntry testId="8ff6c253-f32a-b021-0cfc-855782896260" executionId="704be066-5da5-49d7-85c9-03d3dbeb0c1b" testListId="8c84fa94-04c1-424b-9868-57a2d4851a1d" />
    <TestEntry testId="3581b8f7-8e42-ba7c-646b-c855fed6e5a7" executionId="52bee72a-5252-406e-9bd5-915f24e582ff" testListId="8c84fa94-04c1-424b-9868-57a2d4851a1d" />
    <TestEntry testId="f8ddb621-4c1c-1e5e-560c-d19183e90247" executionId="a7861ea9-26c8-4da8-8ac5-d89427b3bb91" testListId="8c84fa94-04c1-424b-9868-57a2d4851a1d" />
    <TestEntry testId="c84f374f-d64e-77e3-33fb-9a093f26cccb" executionId="14f5886b-d17b-47bd-852f-f592f55d1ef9" testListId="8c84fa94-04c1-424b-9868-57a2d4851a1d" />
    <TestEntry testId="fbebe6db-17db-bc18-0399-227e7840fa58" executionId="dc58e714-46cd-4598-b813-632c7ea734c1" testListId="8c84fa94-04c1-424b-9868-57a2d4851a1d" />
    <TestEntry testId="587f5fd4-0325-936d-f010-12301678a2f3" executionId="0ed86012-f0ac-47a6-ab79-f31b0c1cd265" testListId="8c84fa94-04c1-424b-9868-57a2d4851a1d" />
    <TestEntry testId="42aef03f-f56d-9a25-9c70-fc03fed07739" executionId="9f23d357-34ff-485f-a040-f2db879fc346" testListId="8c84fa94-04c1-424b-9868-57a2d4851a1d" />
    <TestEntry testId="4bb78107-ec0e-4b5b-733d-048da288a700" executionId="e2db0bec-c5f0-4a77-bd5d-061af79e6700" testListId="8c84fa94-04c1-424b-9868-57a2d4851a1d" />
    <TestEntry testId="13f9805c-6c94-b1fb-7d4d-298308401638" executionId="d4b5860f-3657-409d-af06-251f26e3ea24" testListId="8c84fa94-04c1-424b-9868-57a2d4851a1d" />
    <TestEntry testId="3973cbbc-bb25-6d4b-6038-72920e08a269" executionId="7d53ccc7-1855-406c-8af7-f811afebc0eb" testListId="8c84fa94-04c1-424b-9868-57a2d4851a1d" />
    <TestEntry testId="a12bc669-9287-0315-7aee-801ad8c93bef" executionId="3bec03c7-b8cd-4842-8fc9-8ed786e0f4bc" testListId="8c84fa94-04c1-424b-9868-57a2d4851a1d" />
    <TestEntry testId="1035969f-fabc-e9fd-97f1-aca4be491cb8" executionId="e6a82941-a30e-45fc-b7cb-b5c43416ec40" testListId="8c84fa94-04c1-424b-9868-57a2d4851a1d" />
    <TestEntry testId="df621f6c-db7d-a2db-8004-6721deea35bf" executionId="61776b09-f5e2-424f-987b-66dc9ae423c6" testListId="8c84fa94-04c1-424b-9868-57a2d4851a1d" />
    <TestEntry testId="9bd8a79b-c5cd-36bb-fdc7-e5095657af44" executionId="6de37012-4109-4e66-9aeb-ba978618ef53" testListId="8c84fa94-04c1-424b-9868-57a2d4851a1d" />
    <TestEntry testId="9851da32-08d1-dc1b-c21c-dc7b04cf46b3" executionId="b6755d71-501e-401b-bb2c-edbb162a9d29" testListId="8c84fa94-04c1-424b-9868-57a2d4851a1d" />
    <TestEntry testId="36a010ab-f884-4aea-fa7a-d59f9127ff5a" executionId="c22f271e-f434-4e53-9fbe-557b2b974323" testListId="8c84fa94-04c1-424b-9868-57a2d4851a1d" />
    <TestEntry testId="378a52a8-852d-afa4-ff1f-25501caab0a7" executionId="f7fb4a76-8fc1-4cf9-9a67-5adc13358227" testListId="8c84fa94-04c1-424b-9868-57a2d4851a1d" />
    <TestEntry testId="3789b8eb-cc4e-7ad0-0822-f105b7710edf" executionId="4f1049d0-32b0-4a46-99cb-2234e84c9957" testListId="8c84fa94-04c1-424b-9868-57a2d4851a1d" />
    <TestEntry testId="7d7a38e7-26e5-cdcc-2bb1-e023195b3c67" executionId="8e830837-6dad-4f6e-a764-570e78dffb5c" testListId="8c84fa94-04c1-424b-9868-57a2d4851a1d" />
    <TestEntry testId="0bb532f5-bbdf-a09b-6bb3-62d1b4f2da58" executionId="b7222cbc-f1d5-4e1f-bc0e-fdcc090432af" testListId="8c84fa94-04c1-424b-9868-57a2d4851a1d" />
    <TestEntry testId="75731d63-8ef7-5b54-784f-4575fc507c06" executionId="47a190da-8035-4571-84fd-44e15a9ac516" testListId="8c84fa94-04c1-424b-9868-57a2d4851a1d" />
    <TestEntry testId="99cdf2c9-c084-9eb7-2872-9d980bc349ae" executionId="512e4e59-f75a-4b9a-9c98-86762d08e4c1" testListId="8c84fa94-04c1-424b-9868-57a2d4851a1d" />
    <TestEntry testId="dad02b6a-2632-2b5f-c705-b43f983eaacf" executionId="5e324f21-1c67-444f-97aa-96dce156b145" testListId="8c84fa94-04c1-424b-9868-57a2d4851a1d" />
    <TestEntry testId="f1d26853-49a9-a7c3-13b7-36b993f2cc76" executionId="3ade8332-770c-4fe8-9d66-d0276bc33fd2" testListId="8c84fa94-04c1-424b-9868-57a2d4851a1d" />
    <TestEntry testId="de40a9e1-1c56-5e02-5bca-6d5fc2e10f44" executionId="51ea5fce-6e4c-465c-97e0-4f1ef4752a01" testListId="8c84fa94-04c1-424b-9868-57a2d4851a1d" />
    <TestEntry testId="35d10cef-b8ff-83ed-b906-b66d1f667af7" executionId="6a7d96d9-9578-4757-bf57-d516c845c8f8" testListId="8c84fa94-04c1-424b-9868-57a2d4851a1d" />
  </TestEntries>
  <TestLists>
    <TestList name="Results Not in a List" id="8c84fa94-04c1-424b-9868-57a2d4851a1d" />
    <TestList name="All Loaded Results" id="19431567-8539-422a-85d7-44ee4e166bda" />
  </TestLists>
  <ResultSummary outcome="Completed">
    <Counters total="33" executed="33" passed="33" failed="0" error="0" timeout="0" aborted="0" inconclusive="0" passedButRunAborted="0" notRunnable="0" notExecuted="0" disconnected="0" warning="0" completed="0" inProgress="0" pending="0" />
    <Output>
      <StdOut>[xUnit.net 00:00:00.00] xUnit.net VSTest Adapter v3.1.5+1b188a7b0a (64-bit .NET 10.0.9)
[xUnit.net 00:00:00.03]   Discovering: HPD.ML.Serialization.Zip.Tests
[xUnit.net 00:00:00.05]   Discovered:  HPD.ML.Serialization.Zip.Tests
[xUnit.net 00:00:00.06]   Starting:    HPD.ML.Serialization.Zip.Tests
[xUnit.net 00:00:00.13]   Finished:    HPD.ML.Serialization.Zip.Tests
</StdOut>
    </Output>
  </ResultSummary>
</TestRun>