<?xml version="1.0" encoding="utf-8"?>
<TestRun id="4e6078f9-51ce-4022-a722-40c85e86fe45" name="@Einsteins-MacBook-Air 2026-06-30 12:24:03" xmlns="http://microsoft.com/schemas/VisualStudio/TeamTest/2010">
  <Times creation="2026-06-30T12:24:03.4593510-05:00" queuing="2026-06-30T12:24:03.4593510-05:00" start="2026-06-30T12:24:02.3658700-05:00" finish="2026-06-30T12:24:03.4611300-05:00" />
  <TestSettings name="default" id="791b9d80-8442-4fa9-9549-42c1dd0c62e3">
    <Deployment runDeploymentRoot="_Einsteins-MacBook-Air_2026-06-30_12_24_03" />
  </TestSettings>
  <Results>
    <UnitTestResult executionId="df433d01-da06-4584-97f8-51a65c744f62" testId="a0de2e12-c3de-fd4f-9228-c5197900717b" testName="HPD.Base.Files.AspNetCore.Tests.Endpoints.FileRouteTests.GeneratedOpenApiDocumentIncludesMappedFileRoutes" computerName="Einsteins-MacBook-Air" duration="00:00:00.3045668" startTime="2026-06-30T12:24:02.7634880-05:00" endTime="2026-06-30T12:24:03.0681910-05:00" testType="13cdc9d9-ddb5-4fa4-a97d-d965ccfc6d4b" outcome="Passed" testListId="8c84fa94-04c1-424b-9868-57a2d4851a1d" relativeResultsDirectory="df433d01-da06-4584-97f8-51a65c744f62" />
    <UnitTestResult executionId="dadfc975-71e6-4f0d-80d5-deb4e2e39d41" testId="b1b711c7-e1ab-9be0-42a6-1ac8c2b1f6e6" testName="HPD.Base.Files.AspNetCore.Tests.Endpoints.FileRouteTests.DescriptorRoutesAppearOnlyAfterFilesApiIsMappedAndRegistryRebuilt" computerName="Einsteins-MacBook-Air" duration="00:00:00.0740542" startTime="2026-06-30T12:24:03.2625760-05:00" endTime="2026-06-30T12:24:03.3366010-05:00" testType="13cdc9d9-ddb5-4fa4-a97d-d965ccfc6d4b" outcome="Passed" testListId="8c84fa94-04c1-424b-9868-57a2d4851a1d" relativeResultsDirectory="dadfc975-71e6-4f0d-80d5-deb4e2e39d41" />
    <UnitTestResult executionId="db08554a-fe3b-4701-880f-f9813442173f" testId="16e98049-eb8f-1f98-f237-c3bb9b8a5aaa" testName="HPD.Base.Files.AspNetCore.Tests.Endpoints.FileRouteTests.FilesRoutesAppearOnlyWhenMappedAndCarryMetadata" computerName="Einsteins-MacBook-Air" duration="00:00:00.0387908" startTime="2026-06-30T12:24:03.3809440-05:00" endTime="2026-06-30T12:24:03.4197180-05:00" testType="13cdc9d9-ddb5-4fa4-a97d-d965ccfc6d4b" outcome="Passed" testListId="8c84fa94-04c1-424b-9868-57a2d4851a1d" relativeResultsDirectory="db08554a-fe3b-4701-880f-f9813442173f" />
    <UnitTestResult executionId="6a718fd4-8ac6-493d-ac41-de1c9a0a67b6" testId="76c340ef-5e5f-5989-de68-67eba9ff34e5" testName="HPD.Base.Files.AspNetCore.Tests.Endpoints.FileRouteTests.FilesRoutesAreAbsentUntilFilesApiIsMapped" computerName="Einsteins-MacBook-Air" duration="00:00:00.1102680" startTime="2026-06-30T12:24:02.6503780-05:00" endTime="2026-06-30T12:24:02.7630750-05:00" testType="13cdc9d9-ddb5-4fa4-a97d-d965ccfc6d4b" outcome="Passed" testListId="8c84fa94-04c1-424b-9868-57a2d4851a1d" relativeResultsDirectory="6a718fd4-8ac6-493d-ac41-de1c9a0a67b6" />
    <UnitTestResult executionId="e80dfa99-e44a-4e91-b766-8905a8b4ab6e" testId="67701722-003d-00b6-3aaf-4adc924c3ca3" testName="HPD.Base.Files.AspNetCore.Tests.Endpoints.FileRouteTests.InMemoryProviderEnablesUploadMetadataDownloadListAndDeleteRoutes" computerName="Einsteins-MacBook-Air" duration="00:00:00.0441340" startTime="2026-06-30T12:24:03.3366860-05:00" endTime="2026-06-30T12:24:03.3808600-05:00" testType="13cdc9d9-ddb5-4fa4-a97d-d965ccfc6d4b" outcome="Passed" testListId="8c84fa94-04c1-424b-9868-57a2d4851a1d" relativeResultsDirectory="e80dfa99-e44a-4e91-b766-8905a8b4ab6e" />
    <UnitTestResult executionId="84b50b4c-91e3-4f7a-aa5f-515c76a124fa" testId="d4b2cb11-9017-a257-fa0d-2b5226bf78eb" testName="HPD.Base.Files.AspNetCore.Tests.Endpoints.FileRouteTests.MappedRoutesReturnProblemDetailsForUploadValidationFailures" computerName="Einsteins-MacBook-Air" duration="00:00:00.0530990" startTime="2026-06-30T12:24:03.0682900-05:00" endTime="2026-06-30T12:24:03.1214360-05:00" testType="13cdc9d9-ddb5-4fa4-a97d-d965ccfc6d4b" outcome="Passed" testListId="8c84fa94-04c1-424b-9868-57a2d4851a1d" relativeResultsDirectory="84b50b4c-91e3-4f7a-aa5f-515c76a124fa" />
    <UnitTestResult executionId="75d5d411-6237-4b5d-b7e9-604c8fb36c9b" testId="c634b192-17f3-b52e-2827-598c90fad242" testName="HPD.Base.Files.AspNetCore.Tests.Endpoints.FileRouteTests.ListRouteBindsLimitAndCustomPrefixFlowsToLocationAndDescriptors" computerName="Einsteins-MacBook-Air" duration="00:00:00.0977701" startTime="2026-06-30T12:24:03.1215260-05:00" endTime="2026-06-30T12:24:03.2193380-05:00" testType="13cdc9d9-ddb5-4fa4-a97d-d965ccfc6d4b" outcome="Passed" testListId="8c84fa94-04c1-424b-9868-57a2d4851a1d" relativeResultsDirectory="75d5d411-6237-4b5d-b7e9-604c8fb36c9b" />
    <UnitTestResult executionId="164ab53f-e16c-41e7-ae02-9dd2ddf82e64" testId="abd3918f-1ee4-4ec7-b497-9aa9e6da124b" testName="HPD.Base.Files.AspNetCore.Tests.Endpoints.FileRouteTests.MappedRoutesReturnProblemDetailsWhenPolicyFailsClosed" computerName="Einsteins-MacBook-Air" duration="00:00:00.0430305" startTime="2026-06-30T12:24:03.2194420-05:00" endTime="2026-06-30T12:24:03.2624980-05:00" testType="13cdc9d9-ddb5-4fa4-a97d-d965ccfc6d4b" outcome="Passed" testListId="8c84fa94-04c1-424b-9868-57a2d4851a1d" relativeResultsDirectory="164ab53f-e16c-41e7-ae02-9dd2ddf82e64" />
    <UnitTestResult executionId="c4c894f7-88b1-4686-a2cf-ac7ec11b94df" testId="add35319-c797-3a3e-9378-0d20ae3cc262" testName="HPD.Base.Files.AspNetCore.Tests.Contracts.DependencyContractTests.AspNetCoreProjectionDoesNotReferenceProviderSdks" computerName="Einsteins-MacBook-Air" duration="00:00:00.0142507" startTime="2026-06-30T12:24:02.6509390-05:00" endTime="2026-06-30T12:24:02.6670110-05:00" testType="13cdc9d9-ddb5-4fa4-a97d-d965ccfc6d4b" outcome="Passed" testListId="8c84fa94-04c1-424b-9868-57a2d4851a1d" relativeResultsDirectory="c4c894f7-88b1-4686-a2cf-ac7ec11b94df" />
  </Results>
  <TestDefinitions>
    <UnitTest name="HPD.Base.Files.AspNetCore.Tests.Endpoints.FileRouteTests.GeneratedOpenApiDocumentIncludesMappedFileRoutes" storage="/users/ewoof/desktop/hpd-os/dotnet/hpd-base.framework/test/hpd.base.files.aspnetcore.tests/bin/debug/net10.0/hpd.base.files.aspnetcore.tests.dll" id="a0de2e12-c3de-fd4f-9228-c5197900717b">
      <Execution id="df433d01-da06-4584-97f8-51a65c744f62" />
      <TestMethod codeBase="/Users/ewoof/Desktop/HPD-OS/dotnet/HPD-Base.Framework/test/HPD.Base.Files.AspNetCore.Tests/bin/Debug/net10.0/HPD.Base.Files.AspNetCore.Tests.dll" adapterTypeName="executor://xunit/VsTestRunner3/netcore/" className="HPD.Base.Files.AspNetCore.Tests.Endpoints.FileRouteTests" name="GeneratedOpenApiDocumentIncludesMappedFileRoutes" />
    </UnitTest>
    <UnitTest name="HPD.Base.Files.AspNetCore.Tests.Endpoints.FileRouteTests.DescriptorRoutesAppearOnlyAfterFilesApiIsMappedAndRegistryRebuilt" storage="/users/ewoof/desktop/hpd-os/dotnet/hpd-base.framework/test/hpd.base.files.aspnetcore.tests/bin/debug/net10.0/hpd.base.files.aspnetcore.tests.dll" id="b1b711c7-e1ab-9be0-42a6-1ac8c2b1f6e6">
      <Execution id="dadfc975-71e6-4f0d-80d5-deb4e2e39d41" />
      <TestMethod codeBase="/Users/ewoof/Desktop/HPD-OS/dotnet/HPD-Base.Framework/test/HPD.Base.Files.AspNetCore.Tests/bin/Debug/net10.0/HPD.Base.Files.AspNetCore.Tests.dll" adapterTypeName="executor://xunit/VsTestRunner3/netcore/" className="HPD.Base.Files.AspNetCore.Tests.Endpoints.FileRouteTests" name="DescriptorRoutesAppearOnlyAfterFilesApiIsMappedAndRegistryRebuilt" />
    </UnitTest>
    <UnitTest name="HPD.Base.Files.AspNetCore.Tests.Endpoints.FileRouteTests.MappedRoutesReturnProblemDetailsForUploadValidationFailures" storage="/users/ewoof/desktop/hpd-os/dotnet/hpd-base.framework/test/hpd.base.files.aspnetcore.tests/bin/debug/net10.0/hpd.base.files.aspnetcore.tests.dll" id="d4b2cb11-9017-a257-fa0d-2b5226bf78eb">
      <Execution id="84b50b4c-91e3-4f7a-aa5f-515c76a124fa" />
      <TestMethod codeBase="/Users/ewoof/Desktop/HPD-OS/dotnet/HPD-Base.Framework/test/HPD.Base.Files.AspNetCore.Tests/bin/Debug/net10.0/HPD.Base.Files.AspNetCore.Tests.dll" adapterTypeName="executor://xunit/VsTestRunner3/netcore/" className="HPD.Base.Files.AspNetCore.Tests.Endpoints.FileRouteTests" name="MappedRoutesReturnProblemDetailsForUploadValidationFailures" />
    </UnitTest>
    <UnitTest name="HPD.Base.Files.AspNetCore.Tests.Endpoints.FileRouteTests.ListRouteBindsLimitAndCustomPrefixFlowsToLocationAndDescriptors" storage="/users/ewoof/desktop/hpd-os/dotnet/hpd-base.framework/test/hpd.base.files.aspnetcore.tests/bin/debug/net10.0/hpd.base.files.aspnetcore.tests.dll" id="c634b192-17f3-b52e-2827-598c90fad242">
      <Execution id="75d5d411-6237-4b5d-b7e9-604c8fb36c9b" />
      <TestMethod codeBase="/Users/ewoof/Desktop/HPD-OS/dotnet/HPD-Base.Framework/test/HPD.Base.Files.AspNetCore.Tests/bin/Debug/net10.0/HPD.Base.Files.AspNetCore.Tests.dll" adapterTypeName="executor://xunit/VsTestRunner3/netcore/" className="HPD.Base.Files.AspNetCore.Tests.Endpoints.FileRouteTests" name="ListRouteBindsLimitAndCustomPrefixFlowsToLocationAndDescriptors" />
    </UnitTest>
    <UnitTest name="HPD.Base.Files.AspNetCore.Tests.Endpoints.FileRouteTests.FilesRoutesAreAbsentUntilFilesApiIsMapped" storage="/users/ewoof/desktop/hpd-os/dotnet/hpd-base.framework/test/hpd.base.files.aspnetcore.tests/bin/debug/net10.0/hpd.base.files.aspnetcore.tests.dll" id="76c340ef-5e5f-5989-de68-67eba9ff34e5">
      <Execution id="6a718fd4-8ac6-493d-ac41-de1c9a0a67b6" />
      <TestMethod codeBase="/Users/ewoof/Desktop/HPD-OS/dotnet/HPD-Base.Framework/test/HPD.Base.Files.AspNetCore.Tests/bin/Debug/net10.0/HPD.Base.Files.AspNetCore.Tests.dll" adapterTypeName="executor://xunit/VsTestRunner3/netcore/" className="HPD.Base.Files.AspNetCore.Tests.Endpoints.FileRouteTests" name="FilesRoutesAreAbsentUntilFilesApiIsMapped" />
    </UnitTest>
    <UnitTest name="HPD.Base.Files.AspNetCore.Tests.Endpoints.FileRouteTests.FilesRoutesAppearOnlyWhenMappedAndCarryMetadata" storage="/users/ewoof/desktop/hpd-os/dotnet/hpd-base.framework/test/hpd.base.files.aspnetcore.tests/bin/debug/net10.0/hpd.base.files.aspnetcore.tests.dll" id="16e98049-eb8f-1f98-f237-c3bb9b8a5aaa">
      <Execution id="db08554a-fe3b-4701-880f-f9813442173f" />
      <TestMethod codeBase="/Users/ewoof/Desktop/HPD-OS/dotnet/HPD-Base.Framework/test/HPD.Base.Files.AspNetCore.Tests/bin/Debug/net10.0/HPD.Base.Files.AspNetCore.Tests.dll" adapterTypeName="executor://xunit/VsTestRunner3/netcore/" className="HPD.Base.Files.AspNetCore.Tests.Endpoints.FileRouteTests" name="FilesRoutesAppearOnlyWhenMappedAndCarryMetadata" />
    </UnitTest>
    <UnitTest name="HPD.Base.Files.AspNetCore.Tests.Endpoints.FileRouteTests.InMemoryProviderEnablesUploadMetadataDownloadListAndDeleteRoutes" storage="/users/ewoof/desktop/hpd-os/dotnet/hpd-base.framework/test/hpd.base.files.aspnetcore.tests/bin/debug/net10.0/hpd.base.files.aspnetcore.tests.dll" id="67701722-003d-00b6-3aaf-4adc924c3ca3">
      <Execution id="e80dfa99-e44a-4e91-b766-8905a8b4ab6e" />
      <TestMethod codeBase="/Users/ewoof/Desktop/HPD-OS/dotnet/HPD-Base.Framework/test/HPD.Base.Files.AspNetCore.Tests/bin/Debug/net10.0/HPD.Base.Files.AspNetCore.Tests.dll" adapterTypeName="executor://xunit/VsTestRunner3/netcore/" className="HPD.Base.Files.AspNetCore.Tests.Endpoints.FileRouteTests" name="InMemoryProviderEnablesUploadMetadataDownloadListAndDeleteRoutes" />
    </UnitTest>
    <UnitTest name="HPD.Base.Files.AspNetCore.Tests.Endpoints.FileRouteTests.MappedRoutesReturnProblemDetailsWhenPolicyFailsClosed" storage="/users/ewoof/desktop/hpd-os/dotnet/hpd-base.framework/test/hpd.base.files.aspnetcore.tests/bin/debug/net10.0/hpd.base.files.aspnetcore.tests.dll" id="abd3918f-1ee4-4ec7-b497-9aa9e6da124b">
      <Execution id="164ab53f-e16c-41e7-ae02-9dd2ddf82e64" />
      <TestMethod codeBase="/Users/ewoof/Desktop/HPD-OS/dotnet/HPD-Base.Framework/test/HPD.Base.Files.AspNetCore.Tests/bin/Debug/net10.0/HPD.Base.Files.AspNetCore.Tests.dll" adapterTypeName="executor://xunit/VsTestRunner3/netcore/" className="HPD.Base.Files.AspNetCore.Tests.Endpoints.FileRouteTests" name="MappedRoutesReturnProblemDetailsWhenPolicyFailsClosed" />
    </UnitTest>
    <UnitTest name="HPD.Base.Files.AspNetCore.Tests.Contracts.DependencyContractTests.AspNetCoreProjectionDoesNotReferenceProviderSdks" storage="/users/ewoof/desktop/hpd-os/dotnet/hpd-base.framework/test/hpd.base.files.aspnetcore.tests/bin/debug/net10.0/hpd.base.files.aspnetcore.tests.dll" id="add35319-c797-3a3e-9378-0d20ae3cc262">
      <Execution id="c4c894f7-88b1-4686-a2cf-ac7ec11b94df" />
      <TestMethod codeBase="/Users/ewoof/Desktop/HPD-OS/dotnet/HPD-Base.Framework/test/HPD.Base.Files.AspNetCore.Tests/bin/Debug/net10.0/HPD.Base.Files.AspNetCore.Tests.dll" adapterTypeName="executor://xunit/VsTestRunner3/netcore/" className="HPD.Base.Files.AspNetCore.Tests.Contracts.DependencyContractTests" name="AspNetCoreProjectionDoesNotReferenceProviderSdks" />
    </UnitTest>
  </TestDefinitions>
  <TestEntries>
    <TestEntry testId="a0de2e12-c3de-fd4f-9228-c5197900717b" executionId="df433d01-da06-4584-97f8-51a65c744f62" testListId="8c84fa94-04c1-424b-9868-57a2d4851a1d" />
    <TestEntry testId="b1b711c7-e1ab-9be0-42a6-1ac8c2b1f6e6" executionId="dadfc975-71e6-4f0d-80d5-deb4e2e39d41" testListId="8c84fa94-04c1-424b-9868-57a2d4851a1d" />
    <TestEntry testId="16e98049-eb8f-1f98-f237-c3bb9b8a5aaa" executionId="db08554a-fe3b-4701-880f-f9813442173f" testListId="8c84fa94-04c1-424b-9868-57a2d4851a1d" />
    <TestEntry testId="76c340ef-5e5f-5989-de68-67eba9ff34e5" executionId="6a718fd4-8ac6-493d-ac41-de1c9a0a67b6" testListId="8c84fa94-04c1-424b-9868-57a2d4851a1d" />
    <TestEntry testId="67701722-003d-00b6-3aaf-4adc924c3ca3" executionId="e80dfa99-e44a-4e91-b766-8905a8b4ab6e" testListId="8c84fa94-04c1-424b-9868-57a2d4851a1d" />
    <TestEntry testId="d4b2cb11-9017-a257-fa0d-2b5226bf78eb" executionId="84b50b4c-91e3-4f7a-aa5f-515c76a124fa" testListId="8c84fa94-04c1-424b-9868-57a2d4851a1d" />
    <TestEntry testId="c634b192-17f3-b52e-2827-598c90fad242" executionId="75d5d411-6237-4b5d-b7e9-604c8fb36c9b" testListId="8c84fa94-04c1-424b-9868-57a2d4851a1d" />
    <TestEntry testId="abd3918f-1ee4-4ec7-b497-9aa9e6da124b" executionId="164ab53f-e16c-41e7-ae02-9dd2ddf82e64" testListId="8c84fa94-04c1-424b-9868-57a2d4851a1d" />
    <TestEntry testId="add35319-c797-3a3e-9378-0d20ae3cc262" executionId="c4c894f7-88b1-4686-a2cf-ac7ec11b94df" testListId="8c84fa94-04c1-424b-9868-57a2d4851a1d" />
  </TestEntries>
  <TestLists>
    <TestList name="Results Not in a List" id="8c84fa94-04c1-424b-9868-57a2d4851a1d" />
    <TestList name="All Loaded Results" id="19431567-8539-422a-85d7-44ee4e166bda" />
  </TestLists>
  <ResultSummary outcome="Completed">
    <Counters total="9" executed="9" passed="9" failed="0" error="0" timeout="0" aborted="0" inconclusive="0" passedButRunAborted="0" notRunnable="0" notExecuted="0" disconnected="0" warning="0" completed="0" inProgress="0" pending="0" />
    <Output>
      <StdOut>[xUnit.net 00:00:00.00] xUnit.net VSTest Adapter v3.1.5+1b188a7b0a (64-bit .NET 10.0.9)
[xUnit.net 00:00:00.05]   Discovering: HPD.Base.Files.AspNetCore.Tests
[xUnit.net 00:00:00.07]   Discovered:  HPD.Base.Files.AspNetCore.Tests
[xUnit.net 00:00:00.08]   Starting:    HPD.Base.Files.AspNetCore.Tests
     Warning:
     The component "Fluent Assertions" is governed by the rules defined in the Xceed License Agreement and
     the Xceed Fluent Assertions Community License. You may use Fluent Assertions free of charge for
     non-commercial use only. An active subscription is required to use Fluent Assertions for commercial use.
     Please contact Xceed Sales mailto:sales@xceed.com to acquire a subscription at a very low cost.
     A paid commercial license supports the development and continued increasing support of
     Fluent Assertions users under both commercial and community licenses. Help us
     keep Fluent Assertions at the forefront of unit testing.
     For more information, visit https://xceed.com/products/unit-testing/fluent-assertions/
info: Microsoft.AspNetCore.Hosting.Diagnostics[1]
      Request starting HTTP/1.1 GET http://localhost/base/files/assets/objects/obj_1 - - -
info: Microsoft.AspNetCore.Hosting.Diagnostics[2]
      Request finished HTTP/1.1 GET http://localhost/base/files/assets/objects/obj_1 - 404 - - 8.1359ms
info: Microsoft.AspNetCore.Hosting.Diagnostics[16]
      Request reached the end of the middleware pipeline without being handled by application code. Request path: GET http://localhost/base/files/assets/objects/obj_1, Response status code: 404
info: Microsoft.AspNetCore.Hosting.Diagnostics[1]
      Request starting HTTP/1.1 GET http://localhost/base/openapi/base-public.json - - -
info: Microsoft.AspNetCore.Routing.EndpointMiddleware[0]
      Executing endpoint 'HTTP: GET /base/openapi/{documentName}.json'
info: Microsoft.AspNetCore.Mvc.Infrastructure.DefaultActionDescriptorCollectionProvider[1]
      No action descriptors found. This may indicate an incorrectly configured application or missing application parts. To learn more, visit https://aka.ms/aspnet/mvc/app-parts
info: Microsoft.AspNetCore.Routing.EndpointMiddleware[1]
      Executed endpoint 'HTTP: GET /base/openapi/{documentName}.json'
info: Microsoft.AspNetCore.Hosting.Diagnostics[2]
      Request finished HTTP/1.1 GET http://localhost/base/openapi/base-public.json - 200 - application/json;charset=utf-8 250.5899ms
info: Microsoft.AspNetCore.Hosting.Diagnostics[1]
      Request starting HTTP/1.1 POST http://localhost/base/files/assets/objects - text/plain;+charset=utf-8 11
info: Microsoft.AspNetCore.Routing.EndpointMiddleware[0]
      Executing endpoint 'HTTP: POST /base/files/{bucketId}/objects'
info: Microsoft.AspNetCore.Http.HttpResults.ProblemHttpResult[1]
      Setting HTTP status code 400.
info: Microsoft.AspNetCore.Http.HttpResults.ProblemHttpResult[3]
      Writing value of type 'ProblemDetails' as Json.
info: Microsoft.AspNetCore.Routing.EndpointMiddleware[1]
      Executed endpoint 'HTTP: POST /base/files/{bucketId}/objects'
info: Microsoft.AspNetCore.Hosting.Diagnostics[2]
      Request finished HTTP/1.1 POST http://localhost/base/files/assets/objects - 400 - application/problem+json 13.1817ms
info: Microsoft.AspNetCore.Hosting.Diagnostics[1]
      Request starting HTTP/1.1 POST http://localhost/custom/files/assets/objects - text/plain;+charset=utf-8 5
info: Microsoft.AspNetCore.Routing.EndpointMiddleware[0]
      Executing endpoint 'HTTP: POST /custom/files/{bucketId}/objects'
info: Microsoft.AspNetCore.Http.Result.JsonResult[1]
      Setting HTTP status code 201.
info: Microsoft.AspNetCore.Http.Result.JsonResult[3]
      Writing value of type 'FileObjectUploadResult' as Json.
info: Microsoft.AspNetCore.Routing.EndpointMiddleware[1]
      Executed endpoint 'HTTP: POST /custom/files/{bucketId}/objects'
info: Microsoft.AspNetCore.Hosting.Diagnostics[2]
      Request finished HTTP/1.1 POST http://localhost/custom/files/assets/objects - 201 - application/json;+charset=utf-8 30.5567ms
info: Microsoft.AspNetCore.Hosting.Diagnostics[1]
      Request starting HTTP/1.1 POST http://localhost/custom/files/assets/objects - text/plain;+charset=utf-8 6
info: Microsoft.AspNetCore.Routing.EndpointMiddleware[0]
      Executing endpoint 'HTTP: POST /custom/files/{bucketId}/objects'
info: Microsoft.AspNetCore.Http.Result.JsonResult[1]
      Setting HTTP status code 201.
info: Microsoft.AspNetCore.Http.Result.JsonResult[3]
      Writing value of type 'FileObjectUploadResult' as Json.
info: Microsoft.AspNetCore.Routing.EndpointMiddleware[1]
      Executed endpoint 'HTTP: POST /custom/files/{bucketId}/objects'
info: Microsoft.AspNetCore.Hosting.Diagnostics[2]
      Request finished HTTP/1.1 POST http://localhost/custom/files/assets/objects - 201 - application/json;+charset=utf-8 0.4171ms
info: Microsoft.AspNetCore.Hosting.Diagnostics[1]
      Request starting HTTP/1.1 GET http://localhost/custom/files/assets/objects?prefix=docs&amp;limit=1&amp;cursor=ignored - - -
info: Microsoft.AspNetCore.Routing.EndpointMiddleware[0]
      Executing endpoint 'HTTP: GET /custom/files/{bucketId}/objects'
info: Microsoft.AspNetCore.Http.Result.JsonResult[1]
      Setting HTTP status code 200.
info: Microsoft.AspNetCore.Http.Result.JsonResult[3]
      Writing value of type 'FileObjectListResult' as Json.
info: Microsoft.AspNetCore.Routing.EndpointMiddleware[1]
      Executed endpoint 'HTTP: GET /custom/files/{bucketId}/objects'
info: Microsoft.AspNetCore.Hosting.Diagnostics[2]
      Request finished HTTP/1.1 GET http://localhost/custom/files/assets/objects?prefix=docs&amp;limit=1&amp;cursor=ignored - 200 - application/json;+charset=utf-8 3.0947ms
info: Microsoft.AspNetCore.Hosting.Diagnostics[1]
      Request starting HTTP/1.1 GET http://localhost/base/files/assets/objects/obj_1/metadata - - -
info: Microsoft.AspNetCore.Routing.EndpointMiddleware[0]
      Executing endpoint 'HTTP: GET /base/files/{bucketId}/objects/{objectId}/metadata'
info: Microsoft.AspNetCore.Http.HttpResults.ProblemHttpResult[1]
      Setting HTTP status code 403.
info: Microsoft.AspNetCore.Http.HttpResults.ProblemHttpResult[3]
      Writing value of type 'ProblemDetails' as Json.
info: Microsoft.AspNetCore.Routing.EndpointMiddleware[1]
      Executed endpoint 'HTTP: GET /base/files/{bucketId}/objects/{objectId}/metadata'
info: Microsoft.AspNetCore.Hosting.Diagnostics[2]
      Request finished HTTP/1.1 GET http://localhost/base/files/assets/objects/obj_1/metadata - 403 - application/problem+json 1.9482ms
info: Microsoft.AspNetCore.Hosting.Diagnostics[1]
      Request starting HTTP/1.1 POST http://localhost/base/files/assets/objects - text/plain;+charset=utf-8 11
info: Microsoft.AspNetCore.Routing.EndpointMiddleware[0]
      Executing endpoint 'HTTP: POST /base/files/{bucketId}/objects'
info: Microsoft.AspNetCore.Http.Result.JsonResult[1]
      Setting HTTP status code 201.
info: Microsoft.AspNetCore.Http.Result.JsonResult[3]
      Writing value of type 'FileObjectUploadResult' as Json.
info: Microsoft.AspNetCore.Routing.EndpointMiddleware[1]
      Executed endpoint 'HTTP: POST /base/files/{bucketId}/objects'
info: Microsoft.AspNetCore.Hosting.Diagnostics[2]
      Request finished HTTP/1.1 POST http://localhost/base/files/assets/objects - 201 - application/json;+charset=utf-8 0.8962ms
info: Microsoft.AspNetCore.Hosting.Diagnostics[1]
      Request starting HTTP/1.1 GET http://localhost/base/files/assets/objects/mem_1/metadata - - -
info: Microsoft.AspNetCore.Routing.EndpointMiddleware[0]
      Executing endpoint 'HTTP: GET /base/files/{bucketId}/objects/{objectId}/metadata'
info: Microsoft.AspNetCore.Http.Result.JsonResult[1]
      Setting HTTP status code 200.
info: Microsoft.AspNetCore.Http.Result.JsonResult[3]
      Writing value of type 'FileObjectMetadata' as Json.
info: Microsoft.AspNetCore.Routing.EndpointMiddleware[1]
      Executed endpoint 'HTTP: GET /base/files/{bucketId}/objects/{objectId}/metadata'
info: Microsoft.AspNetCore.Hosting.Diagnostics[2]
      Request finished HTTP/1.1 GET http://localhost/base/files/assets/objects/mem_1/metadata - 200 - application/json;+charset=utf-8 0.6734ms
info: Microsoft.AspNetCore.Hosting.Diagnostics[1]
      Request starting HTTP/1.1 GET http://localhost/base/files/assets/objects/mem_1 - - -
info: Microsoft.AspNetCore.Routing.EndpointMiddleware[0]
      Executing endpoint 'HTTP: GET /base/files/{bucketId}/objects/{objectId}'
info: Microsoft.AspNetCore.Routing.EndpointMiddleware[1]
      Executed endpoint 'HTTP: GET /base/files/{bucketId}/objects/{objectId}'
info: Microsoft.AspNetCore.Hosting.Diagnostics[2]
      Request finished HTTP/1.1 GET http://localhost/base/files/assets/objects/mem_1 - 200 11 text/plain;+charset=utf-8 1.8689ms
info: Microsoft.AspNetCore.Hosting.Diagnostics[1]
      Request starting HTTP/1.1 GET http://localhost/base/files/assets/objects?prefix=docs - - -
info: Microsoft.AspNetCore.Routing.EndpointMiddleware[0]
      Executing endpoint 'HTTP: GET /base/files/{bucketId}/objects'
info: Microsoft.AspNetCore.Http.Result.JsonResult[1]
      Setting HTTP status code 200.
info: Microsoft.AspNetCore.Http.Result.JsonResult[3]
      Writing value of type 'FileObjectListResult' as Json.
info: Microsoft.AspNetCore.Routing.EndpointMiddleware[1]
      Executed endpoint 'HTTP: GET /base/files/{bucketId}/objects'
info: Microsoft.AspNetCore.Hosting.Diagnostics[2]
      Request finished HTTP/1.1 GET http://localhost/base/files/assets/objects?prefix=docs - 200 - application/json;+charset=utf-8 0.1661ms
info: Microsoft.AspNetCore.Hosting.Diagnostics[1]
      Request starting HTTP/1.1 DELETE http://localhost/base/files/assets/objects/mem_1 - - -
info: Microsoft.AspNetCore.Routing.EndpointMiddleware[0]
      Executing endpoint 'HTTP: DELETE /base/files/{bucketId}/objects/{objectId}'
info: Microsoft.AspNetCore.Http.Result.NoContentResult[1]
      Setting HTTP status code 204.
info: Microsoft.AspNetCore.Routing.EndpointMiddleware[1]
      Executed endpoint 'HTTP: DELETE /base/files/{bucketId}/objects/{objectId}'
info: Microsoft.AspNetCore.Hosting.Diagnostics[2]
      Request finished HTTP/1.1 DELETE http://localhost/base/files/assets/objects/mem_1 - 204 - - 1.1903ms
[xUnit.net 00:00:00.85]   Finished:    HPD.Base.Files.AspNetCore.Tests
</StdOut>
    </Output>
  </ResultSummary>
</TestRun>